DDS WASD: T takeoff | W/S/A/D move | R/F up/down | Q/E yaw | H hover | L land | O exit Offboard | X twice emergency disarm | Z safe exit
[0m[INFO] [1786347115.731481293] [my_drone_dds_wasd_control]: NED target initialized: N=-0.040 E=-0.035 D=-0.027 yaw=97.4 deg[0m
[0m[INFO] [1786347115.761098475] [my_drone_dds_wasd_control]: local vertical target sign=-1 (target = current + sign * height)[0m
[0m[INFO] [1786347116.080766055] [my_drone_dds_wasd_control]: STATE arm=1 nav=4 NED=(-0.035,-0.043,-0.021) vel=(-0.005,-0.018,0.007) truth_enu=(nan,nan,nan) truth_vel_enu=(nan,nan,nan) control=DISARMED yaw_deg=97.4 failsafe=False age_s=(0.05,0.00) arm_torque_nm=0.000 motors=[0.00,0.00,0.00,0.00,0.00,0.00,0.00,0.00][0m
[0m[INFO] [1786347117.084716440] [my_drone_dds_wasd_control]: STATE arm=1 nav=4 NED=(-0.028,-0.049,-0.014) vel=(0.001,-0.018,0.010) truth_enu=(0.008,0.000,1.000) truth_vel_enu=(0.000,0.000,0.000) control=DISARMED yaw_deg=97.4 failsafe=False age_s=(0.04,0.00) arm_torque_nm=0.000 motors=[0.00,0.00,0.00,0.00,0.00,0.00,0.00,0.00][0m
ARM_FLIGHT_TAKEOFF_ESTIMATOR_READY
[0m[INFO] [1786347118.110961802] [my_drone_dds_wasd_control]: target NED=(-0.01, -0.05, -1.21) yaw=97.4 deg[0m
[0m[INFO] [1786347118.134316093] [my_drone_dds_wasd_control]: Prestreaming Offboard setpoints for 2 seconds[0m
[0m[INFO] [1786347118.164729878] [my_drone_dds_wasd_control]: STATE arm=1 nav=4 NED=(-0.012,-0.049,-0.006) vel=(0.012,-0.015,0.008) truth_enu=(0.008,0.000,1.000) truth_vel_enu=(0.000,0.000,0.000) control=POSITION_HOLD yaw_deg=97.4 failsafe=False age_s=(0.12,0.05) arm_torque_nm=0.000 motors=[0.00,0.00,0.00,0.00,0.00,0.00,0.00,0.00][0m
[0m[INFO] [1786347119.177504669] [my_drone_dds_wasd_control]: STATE arm=1 nav=4 NED=(-0.014,-0.044,-0.008) vel=(0.006,-0.011,0.005) truth_enu=(0.008,0.000,1.000) truth_vel_enu=(0.000,0.000,0.000) control=POSITION_HOLD yaw_deg=97.4 failsafe=False age_s=(0.13,0.00) arm_torque_nm=0.000 motors=[0.00,0.00,0.00,0.00,0.00,0.00,0.00,0.00][0m
[0m[INFO] [1786347120.182311059] [my_drone_dds_wasd_control]: STATE arm=1 nav=4 NED=(-0.032,-0.026,-0.017) vel=(-0.010,0.005,0.003) truth_enu=(0.008,0.000,1.000) truth_vel_enu=(0.000,0.000,0.000) control=POSITION_HOLD yaw_deg=97.4 failsafe=False age_s=(0.13,0.00) arm_torque_nm=0.000 motors=[0.00,0.00,0.00,0.00,0.00,0.00,0.00,0.00][0m
[0m[INFO] [1786347120.212093296] [my_drone_dds_wasd_control]: OFFBOARD mode and ARM commands sent[0m
[0m[INFO] [1786347120.240971854] [my_drone_dds_wasd_control]: PX4 command ack: command=400 result=0[0m
[0m[INFO] [1786347121.178846820] [my_drone_dds_wasd_control]: STATE arm=2 nav=14 NED=(-0.012,-0.022,-0.034) vel=(0.006,0.007,-0.003) truth_enu=(0.008,0.000,1.000) truth_vel_enu=(0.000,0.000,0.000) control=POSITION_HOLD yaw_deg=97.4 failsafe=False age_s=(0.45,0.00) arm_torque_nm=0.000 motors=[2.08,0.00,2.08,0.00,1.97,0.00,1.97,0.00][0m
[0m[INFO] [1786347122.225559803] [my_drone_dds_wasd_control]: STATE arm=2 nav=14 NED=(-0.001,-0.020,-0.025) vel=(0.008,0.004,0.017) truth_enu=(0.008,-0.000,1.000) truth_vel_enu=(0.000,0.000,-0.013) control=POSITION_HOLD yaw_deg=97.4 failsafe=False age_s=(0.50,0.01) arm_torque_nm=0.000 motors=[468.48,493.11,468.48,495.04,466.06,493.12,466.05,495.03][0m
[0m[INFO] [1786347123.228414642] [my_drone_dds_wasd_control]: STATE arm=2 nav=14 NED=(0.080,-0.030,-0.152) vel=(0.146,-0.022,-0.093) truth_enu=(-0.008,0.077,1.124) truth_vel_enu=(-0.040,0.132,0.082) control=POSITION_HOLD yaw_deg=97.2 failsafe=False age_s=(0.49,0.01) arm_torque_nm=0.000 motors=[479.84,500.12,479.83,512.35,468.20,500.11,468.21,512.36][0m
[0m[INFO] [1786347124.232668837] [my_drone_dds_wasd_control]: STATE arm=2 nav=14 NED=(-0.047,-0.085,-0.225) vel=(-0.287,-0.035,-0.073) truth_enu=(-0.043,-0.006,1.203) truth_vel_enu=(-0.000,-0.261,0.085) control=POSITION_HOLD yaw_deg=96.7 failsafe=False age_s=(0.48,0.01) arm_torque_nm=0.000 motors=[468.90,490.31,468.95,493.35,461.68,490.36,461.64,493.30][0m
[0m[INFO] [1786347125.269654735] [my_drone_dds_wasd_control]: STATE arm=2 nav=14 NED=(-0.193,-0.043,-0.317) vel=(0.062,0.053,-0.099) truth_enu=(-0.009,-0.145,1.296) truth_vel_enu=(0.034,0.069,0.103) control=POSITION_HOLD yaw_deg=96.4 failsafe=False age_s=(0.02,0.00) arm_torque_nm=0.000 motors=[465.57,495.57,465.59,494.55,464.51,495.60,464.48,494.52][0m
[0m[INFO] [1786347126.320893786] [my_drone_dds_wasd_control]: STATE arm=2 nav=14 NED=(0.028,-0.017,-0.432) vel=(0.159,-0.014,-0.112) truth_enu=(-0.010,0.024,1.402) truth_vel_enu=(-0.041,0.130,0.107) control=POSITION_HOLD yaw_deg=97.1 failsafe=False age_s=(0.06,0.01) arm_torque_nm=0.000 motors=[470.71,490.71,470.67,501.94,463.34,490.66,463.38,501.99][0m
[0m[INFO] [1786347127.373559284] [my_drone_dds_wasd_control]: STATE arm=2 nav=14 NED=(0.010,-0.066,-0.550) vel=(-0.085,-0.019,-0.100) truth_enu=(-0.047,0.026,1.518) truth_vel_enu=(-0.011,-0.084,0.116) control=POSITION_HOLD yaw_deg=97.2 failsafe=False age_s=(0.10,0.00) arm_torque_nm=0.000 motors=[467.86,491.26,467.85,496.00,464.02,491.25,464.03,496.01][0m
[0m[INFO] [1786347128.428525335] [my_drone_dds_wasd_control]: STATE arm=2 nav=14 NED=(-0.074,-0.039,-0.649) vel=(-0.040,0.033,0.117) truth_enu=(-0.030,-0.050,1.624) truth_vel_enu=(0.033,-0.029,-0.024) control=POSITION_HOLD yaw_deg=97.3 failsafe=False age_s=(0.14,0.01) arm_torque_nm=0.000 motors=[511.92,539.77,511.91,544.89,507.81,539.76,507.82,544.90][0m
[0m[INFO] [1786347129.419809794] [my_drone_dds_wasd_control]: STATE arm=2 nav=14 NED=(-0.037,-0.026,-0.741) vel=(0.056,0.002,0.129) truth_enu=(-0.014,-0.030,1.712) truth_vel_enu=(-0.004,0.048,-0.064) control=POSITION_HOLD yaw_deg=97.4 failsafe=False age_s=(0.14,0.01) arm_torque_nm=0.000 motors=[509.36,535.67,509.36,541.44,503.75,535.67,503.75,541.44][0m
[0m[INFO] [1786347130.425149921] [my_drone_dds_wasd_control]: STATE arm=2 nav=14 NED=(0.010,-0.046,-0.802) vel=(0.009,-0.003,0.152) truth_enu=(-0.018,-0.000,1.778) truth_vel_enu=(0.005,-0.003,-0.080) control=POSITION_HOLD yaw_deg=97.4 failsafe=False age_s=(0.13,0.01) arm_torque_nm=0.000 motors=[511.08,535.13,511.08,541.43,504.69,535.13,504.69,541.42][0m
[0m[INFO] [1786347131.478351799] [my_drone_dds_wasd_control]: STATE arm=2 nav=14 NED=(-0.027,-0.028,-0.848) vel=(-0.040,0.017,-0.068) truth_enu=(0.001,-0.040,1.834) truth_vel_enu=(0.026,-0.049,0.072) control=POSITION_HOLD yaw_deg=97.4 failsafe=False age_s=(0.17,0.00) arm_torque_nm=0.000 motors=[433.64,456.93,433.63,460.72,429.87,456.93,429.87,460.72][0m
[0m[INFO] [1786347132.532968690] [my_drone_dds_wasd_control]: STATE arm=2 nav=14 NED=(-0.075,-0.027,-0.894) vel=(-0.004,-0.008,-0.047) truth_enu=(0.010,-0.075,1.888) truth_vel_enu=(-0.001,-0.011,0.056) control=POSITION_HOLD yaw_deg=97.4 failsafe=False age_s=(0.21,0.01) arm_torque_nm=0.000 motors=[466.53,490.20,466.53,494.89,462.12,490.20,462.13,494.89][0m
[0m[INFO] [1786347133.576177742] [my_drone_dds_wasd_control]: STATE arm=2 nav=14 NED=(-0.060,-0.028,-0.943) vel=(0.071,-0.006,-0.018) truth_enu=(0.004,-0.044,1.932) truth_vel_enu=(-0.013,0.064,0.037) control=POSITION_HOLD yaw_deg=97.4 failsafe=False age_s=(0.25,0.00) arm_torque_nm=0.000 motors=[466.14,490.76,466.14,495.01,461.86,490.76,461.86,495.01][0m
[0m[INFO] [1786347134.580671124] [my_drone_dds_wasd_control]: STATE arm=2 nav=14 NED=(0.027,-0.029,-0.975) vel=(0.046,-0.006,0.008) truth_enu=(-0.007,0.016,1.962) truth_vel_enu=(-0.013,0.025,0.012) control=POSITION_HOLD yaw_deg=97.5 failsafe=False age_s=(0.25,0.00) arm_torque_nm=0.000 motors=[473.54,495.05,473.54,501.60,467.04,495.05,467.04,501.60][0m
[0m[INFO] [1786347135.621088764] [my_drone_dds_wasd_control]: STATE arm=2 nav=14 NED=(-0.021,-0.034,-1.000) vel=(-0.077,-0.009,-0.023) truth_enu=(-0.016,-0.028,1.989) truth_vel_enu=(-0.003,-0.084,0.027) control=POSITION_HOLD yaw_deg=97.5 failsafe=False age_s=(0.29,0.01) arm_torque_nm=0.000 motors=[467.48,492.51,467.48,496.90,463.21,492.51,463.21,496.90][0m
[0m[INFO] [1786347136.619561405] [my_drone_dds_wasd_control]: STATE arm=2 nav=14 NED=(-0.077,-0.040,-1.018) vel=(-0.002,0.004,0.006) truth_enu=(-0.022,-0.084,2.006) truth_vel_enu=(0.002,-0.009,0.014) control=POSITION_HOLD yaw_deg=97.5 failsafe=False age_s=(0.28,0.01) arm_torque_nm=0.000 motors=[468.21,494.07,468.21,497.18,465.21,494.07,465.21,497.18][0m
ARM_FLIGHT_HOVER_READY offboard_elapsed_s=17.3
[0m[INFO] [1786347137.618977008] [my_drone_dds_wasd_control]: STATE arm=2 nav=14 NED=(-0.046,-0.026,-1.038) vel=(0.062,0.014,-0.019) truth_enu=(-0.016,-0.050,2.020) truth_vel_enu=(0.001,0.057,0.021) control=POSITION_HOLD yaw_deg=97.4 failsafe=False age_s=(0.27,0.01) arm_torque_nm=0.000 motors=[466.97,491.55,466.97,496.15,462.07,491.55,462.07,496.15][0m
[0m[INFO] [1786347138.627162022] [my_drone_dds_wasd_control]: STATE arm=2 nav=14 NED=(-0.005,-0.041,-1.061) vel=(0.021,-0.009,-0.021) truth_enu=(-0.017,-0.005,2.032) truth_vel_enu=(-0.005,0.020,0.014) control=POSITION_HOLD yaw_deg=97.3 failsafe=False age_s=(0.26,0.01) arm_torque_nm=0.000 motors=[468.46,491.46,468.48,496.87,462.13,491.47,462.12,496.85][0m
[0m[INFO] [1786347139.669014323] [my_drone_dds_wasd_control]: STATE arm=2 nav=14 NED=(-0.036,-0.037,-1.081) vel=(-0.020,0.029,-0.012) truth_enu=(-0.001,-0.006,2.041) truth_vel_enu=(0.036,0.002,0.010) control=POSITION_HOLD yaw_deg=97.3 failsafe=False age_s=(0.31,0.00) arm_torque_nm=0.000 motors=[468.26,493.10,468.27,496.32,464.89,493.10,464.89,496.32][0m
ARM_FLIGHT_PTY_SENT_H_INITIAL
[0m[INFO] [1786347140.601604985] [my_drone_dds_wasd_control]: HOVER_HOLD_CURRENT NED=(-0.01, -0.01, -1.22) yaw=97.4 deg measured_down=-1.09[0m
[0m[INFO] [1786347140.720135455] [my_drone_dds_wasd_control]: STATE arm=2 nav=14 NED=(-0.009,-0.005,-1.089) vel=(0.014,0.004,-0.009) truth_enu=(0.031,0.010,2.045) truth_vel_enu=(0.010,0.016,0.008) control=POSITION_HOLD yaw_deg=97.4 failsafe=False age_s=(0.35,0.01) arm_torque_nm=0.000 motors=[469.39,492.40,469.39,500.56,461.70,492.40,461.70,500.57][0m
[0m[INFO] [1786347141.778194691] [my_drone_dds_wasd_control]: STATE arm=2 nav=14 NED=(-0.021,-0.008,-1.113) vel=(-0.010,0.001,-0.012) truth_enu=(0.033,0.009,2.047) truth_vel_enu=(0.009,-0.003,0.004) control=POSITION_HOLD yaw_deg=97.3 failsafe=False age_s=(0.39,0.00) arm_torque_nm=0.000 motors=[468.31,491.95,468.31,495.78,464.30,491.95,464.30,495.78][0m
ARM_FLIGHT_SENT_demo_extended
[0m[INFO] [1786347142.774688480] [my_drone_dds_wasd_control]: STATE arm=2 nav=14 NED=(0.001,0.016,-1.106) vel=(0.021,0.002,-0.006) truth_enu=(0.042,0.019,2.039) truth_vel_enu=(-0.004,0.014,-0.005) control=POSITION_HOLD yaw_deg=97.4 failsafe=False age_s=(0.38,0.00) arm_torque_nm=0.000 motors=[467.89,492.46,467.89,497.75,462.83,492.46,462.84,497.75][0m
[0m[INFO] [1786347143.796897342] [my_drone_dds_wasd_control]: STATE arm=2 nav=14 NED=(-0.005,-0.010,-1.085) vel=(-0.021,-0.042,-0.022) truth_enu=(0.015,0.013,2.036) truth_vel_enu=(-0.040,-0.029,0.015) control=POSITION_HOLD yaw_deg=97.3 failsafe=False age_s=(0.38,0.00) arm_torque_nm=0.000 motors=[467.20,491.34,467.20,496.81,461.33,491.34,461.33,496.80][0m
[0m[INFO] [1786347144.818710029] [my_drone_dds_wasd_control]: STATE arm=2 nav=14 NED=(-0.030,-0.027,-1.086) vel=(-0.002,0.013,-0.029) truth_enu=(-0.009,-0.007,2.051) truth_vel_enu=(0.004,0.000,0.028) control=POSITION_HOLD yaw_deg=97.3 failsafe=False age_s=(0.42,0.01) arm_torque_nm=0.000 motors=[466.64,490.73,466.64,494.58,462.85,490.73,462.85,494.58][0m
[0m[INFO] [1786347145.881296827] [my_drone_dds_wasd_control]: STATE arm=2 nav=14 NED=(-0.002,-0.007,-1.096) vel=(0.022,0.019,-0.008) truth_enu=(0.005,0.012,2.066) truth_vel_enu=(0.005,0.025,0.001) control=POSITION_HOLD yaw_deg=97.4 failsafe=False age_s=(0.46,0.00) arm_torque_nm=0.000 motors=[469.93,494.67,469.93,499.62,465.16,494.67,465.16,499.62][0m
[0m[INFO] [1786347146.933594574] [my_drone_dds_wasd_control]: STATE arm=2 nav=14 NED=(-0.002,-0.006,-1.117) vel=(-0.026,0.000,-0.013) truth_enu=(0.001,0.018,2.083) truth_vel_enu=(-0.008,-0.016,0.020) control=POSITION_HOLD yaw_deg=97.4 failsafe=False age_s=(0.50,0.01) arm_torque_nm=0.000 motors=[465.12,487.42,465.13,493.66,458.65,487.43,458.64,493.66][0m
[0m[INFO] [1786347147.975174137] [my_drone_dds_wasd_control]: STATE arm=2 nav=14 NED=(-0.032,-0.018,-1.145) vel=(0.001,-0.002,-0.022) truth_enu=(-0.010,0.011,2.097) truth_vel_enu=(-0.013,0.019,0.014) control=POSITION_HOLD yaw_deg=97.3 failsafe=False age_s=(0.04,0.00) arm_torque_nm=0.000 motors=[463.12,489.35,463.12,492.58,459.91,489.35,459.91,492.58][0m
[0m[INFO] [1786347148.971718402] [my_drone_dds_wasd_control]: STATE arm=2 nav=14 NED=(0.017,-0.034,-1.157) vel=(0.025,0.017,-0.014) truth_enu=(-0.010,0.052,2.103) truth_vel_enu=(0.016,0.042,0.011) control=POSITION_HOLD yaw_deg=97.3 failsafe=False age_s=(0.03,0.00) arm_torque_nm=0.027 motors=[468.65,491.06,468.66,496.30,463.29,491.06,463.29,496.30][0m
ARM_FLIGHT_PTY_SENT_H_ARM_MOVING
[0m[INFO] [1786347149.596564492] [my_drone_dds_wasd_control]: HOVER_HOLD_CURRENT NED=(0.03, -0.02, -1.22) yaw=97.4 deg measured_down=-1.15[0m
[0m[INFO] [1786347149.981599774] [my_drone_dds_wasd_control]: STATE arm=2 nav=14 NED=(0.012,0.000,-1.149) vel=(-0.045,0.037,0.021) truth_enu=(0.031,0.060,2.100) truth_vel_enu=(0.049,-0.014,-0.012) control=POSITION_HOLD yaw_deg=97.5 failsafe=False age_s=(0.02,0.00) arm_torque_nm=0.029 motors=[473.94,496.61,473.93,503.13,467.97,496.61,467.98,503.14][0m
[0m[INFO] [1786347151.020253977] [my_drone_dds_wasd_control]: STATE arm=2 nav=14 NED=(0.021,0.038,-1.167) vel=(0.030,-0.007,-0.013) truth_enu=(0.054,0.070,2.109) truth_vel_enu=(-0.013,0.045,0.009) control=POSITION_HOLD yaw_deg=97.3 failsafe=False age_s=(0.06,0.01) arm_torque_nm=0.026 motors=[469.24,491.98,469.25,495.36,464.92,491.99,464.91,495.35][0m
[0m[INFO] [1786347152.018721364] [my_drone_dds_wasd_control]: STATE arm=2 nav=14 NED=(0.062,0.003,-1.173) vel=(-0.004,-0.043,-0.007) truth_enu=(0.020,0.105,2.108) truth_vel_enu=(-0.040,-0.003,-0.001) control=POSITION_HOLD yaw_deg=97.4 failsafe=False age_s=(0.06,0.01) arm_torque_nm=0.023 motors=[472.62,488.83,472.62,495.29,466.07,488.83,466.07,495.29][0m
[0m[INFO] [1786347153.085343323] [my_drone_dds_wasd_control]: STATE arm=2 nav=14 NED=(0.023,-0.001,-1.164) vel=(-0.045,0.026,0.007) truth_enu=(0.011,0.072,2.098) truth_vel_enu=(0.026,-0.035,-0.007) control=POSITION_HOLD yaw_deg=97.4 failsafe=False age_s=(0.10,0.00) arm_torque_nm=0.022 motors=[467.63,484.22,467.63,487.34,464.73,484.22,464.73,487.34][0m
[0m[INFO] [1786347154.118928953] [my_drone_dds_wasd_control]: STATE arm=2 nav=14 NED=(0.023,0.032,-1.157) vel=(0.007,0.001,-0.018) truth_enu=(0.030,0.056,2.097) truth_vel_enu=(-0.012,-0.001,0.014) control=POSITION_HOLD yaw_deg=97.3 failsafe=False age_s=(0.14,0.01) arm_torque_nm=0.023 motors=[470.84,489.18,470.84,492.67,467.24,489.18,467.24,492.66][0m
[0m[INFO] [1786347155.174163468] [my_drone_dds_wasd_control]: STATE arm=2 nav=14 NED=(0.029,-0.026,-1.159) vel=(-0.013,-0.033,-0.017) truth_enu=(-0.011,0.048,2.103) truth_vel_enu=(-0.035,-0.024,0.016) control=POSITION_HOLD yaw_deg=97.4 failsafe=False age_s=(0.18,0.00) arm_torque_nm=0.026 motors=[474.72,486.73,474.72,491.58,469.89,486.73,469.89,491.58][0m
[INFO] [1786347148.694947629] [arm_preset_control]: Sent preset demo_extended over /arm_controller/joint_trajectory
[INFO] [1786347155.275378864] [arm_preset_control]: ARM_PRESET_REACHED preset=demo_extended max_error=0.059848 rad
[0m[INFO] [1786347156.171486617] [my_drone_dds_wasd_control]: STATE arm=2 nav=14 NED=(0.000,-0.029,-1.159) vel=(-0.003,0.019,-0.017) truth_enu=(-0.019,0.029,2.109) truth_vel_enu=(0.010,-0.003,0.015) control=POSITION_HOLD yaw_deg=97.5 failsafe=False age_s=(0.17,0.00) arm_torque_nm=0.028 motors=[471.19,488.27,471.18,491.45,469.01,488.26,469.02,491.47][0m
[0m[INFO] [1786347157.179728619] [my_drone_dds_wasd_control]: STATE arm=2 nav=14 NED=(0.022,-0.022,-1.158) vel=(0.037,0.006,-0.018) truth_enu=(-0.015,0.048,2.119) truth_vel_enu=(-0.005,0.031,0.019) control=POSITION_HOLD yaw_deg=97.4 failsafe=False age_s=(0.17,0.00) arm_torque_nm=0.000 motors=[473.57,488.76,473.58,492.57,469.02,488.77,469.01,492.56][0m
ARM_FLIGHT_SENT_retracted
[0m[INFO] [1786347158.231492741] [my_drone_dds_wasd_control]: STATE arm=2 nav=14 NED=(0.044,-0.036,-1.151) vel=(-0.000,0.002,-0.019) truth_enu=(-0.017,0.064,2.135) truth_vel_enu=(0.004,-0.006,0.027) control=POSITION_HOLD yaw_deg=97.4 failsafe=False age_s=(0.21,0.01) arm_torque_nm=0.000 motors=[473.58,487.97,473.58,492.41,469.11,487.97,469.11,492.41][0m
[0m[INFO] [1786347159.272416504] [my_drone_dds_wasd_control]: STATE arm=2 nav=14 NED=(0.040,-0.029,-1.176) vel=(-0.018,0.017,-0.004) truth_enu=(-0.000,0.042,2.157) truth_vel_enu=(0.027,-0.026,0.017) control=POSITION_HOLD yaw_deg=97.5 failsafe=False age_s=(0.25,0.00) arm_torque_nm=0.000 motors=[476.70,493.03,476.69,496.62,473.78,493.02,473.79,496.62][0m
[0m[INFO] [1786347160.276826077] [my_drone_dds_wasd_control]: STATE arm=2 nav=14 NED=(0.011,-0.022,-1.196) vel=(-0.028,0.006,-0.012) truth_enu=(0.023,0.009,2.175) truth_vel_enu=(0.023,-0.035,0.017) control=POSITION_HOLD yaw_deg=97.4 failsafe=False age_s=(0.24,0.00) arm_torque_nm=0.000 motors=[472.78,486.74,472.78,491.91,467.13,486.75,467.12,491.91][0m
[0m[INFO] [1786347161.327996550] [my_drone_dds_wasd_control]: STATE arm=2 nav=14 NED=(-0.009,0.006,-1.199) vel=(0.021,0.008,-0.012) truth_enu=(0.037,-0.007,2.183) truth_vel_enu=(0.002,0.017,0.018) control=POSITION_HOLD yaw_deg=97.4 failsafe=False age_s=(0.28,0.01) arm_torque_nm=0.000 motors=[471.94,487.51,471.93,490.79,468.77,487.51,468.77,490.80][0m
[0m[INFO] [1786347162.322206045] [my_drone_dds_wasd_control]: STATE arm=2 nav=14 NED=(0.032,-0.009,-1.217) vel=(0.044,-0.047,-0.006) truth_enu=(0.010,0.030,2.190) truth_vel_enu=(-0.057,0.033,0.008) control=POSITION_HOLD yaw_deg=97.3 failsafe=False age_s=(0.28,0.01) arm_torque_nm=0.000 motors=[472.70,487.55,472.71,491.96,467.18,487.56,467.17,491.94][0m
[0m[INFO] [1786347163.325308590] [my_drone_dds_wasd_control]: STATE arm=2 nav=14 NED=(0.048,-0.067,-1.229) vel=(-0.001,-0.016,-0.000) truth_enu=(-0.035,0.044,2.188) truth_vel_enu=(-0.013,-0.009,-0.003) control=POSITION_HOLD yaw_deg=97.5 failsafe=False age_s=(0.27,0.01) arm_torque_nm=0.000 motors=[472.20,486.15,472.18,490.31,469.42,486.13,469.43,490.33][0m
[0m[INFO] [1786347164.371600985] [my_drone_dds_wasd_control]: STATE arm=2 nav=14 NED=(0.022,-0.030,-1.218) vel=(-0.028,0.063,0.017) truth_enu=(0.002,0.021,2.184) truth_vel_enu=(0.066,-0.024,0.014) control=POSITION_HOLD yaw_deg=97.6 failsafe=False age_s=(0.31,0.00) arm_torque_nm=0.028 motors=[474.93,489.66,474.92,494.21,471.20,489.65,471.21,494.22][0m
[0m[INFO] [1786347165.385596114] [my_drone_dds_wasd_control]: STATE arm=2 nav=14 NED=(0.002,0.023,-1.218) vel=(0.003,0.022,0.016) truth_enu=(0.050,0.004,2.194) truth_vel_enu=(0.019,0.004,0.007) control=POSITION_HOLD yaw_deg=97.4 failsafe=False age_s=(0.30,0.00) arm_torque_nm=0.029 motors=[476.93,492.69,476.95,495.50,472.85,492.70,472.83,495.49][0m
[0m[INFO] [1786347166.383307615] [my_drone_dds_wasd_control]: STATE arm=2 nav=14 NED=(0.020,0.006,-1.232) vel=(0.030,-0.056,-0.028) truth_enu=(0.025,0.024,2.210) truth_vel_enu=(-0.064,0.022,0.036) control=POSITION_HOLD yaw_deg=97.3 failsafe=False age_s=(0.29,0.00) arm_torque_nm=0.026 motors=[465.85,481.56,465.85,485.05,461.71,481.56,461.70,485.05][0m
[0m[INFO] [1786347167.429905140] [my_drone_dds_wasd_control]: STATE arm=2 nav=14 NED=(0.031,-0.053,-1.242) vel=(0.009,-0.044,0.123) truth_enu=(-0.047,0.047,2.232) truth_vel_enu=(-0.054,0.008,-0.116) control=POSITION_HOLD yaw_deg=97.5 failsafe=False age_s=(0.34,0.01) arm_torque_nm=0.023 motors=[490.50,506.83,490.49,512.18,485.80,506.82,485.81,512.19][0m
[0m[INFO] [1786347168.471886049] [my_drone_dds_wasd_control]: STATE arm=2 nav=14 NED=(0.032,-0.066,-1.256) vel=(0.005,0.029,-0.035) truth_enu=(-0.063,0.058,2.270) truth_vel_enu=(0.016,0.015,0.067) control=POSITION_HOLD yaw_deg=97.5 failsafe=False age_s=(0.38,0.00) arm_torque_nm=0.022 motors=[445.26,463.10,445.25,466.11,442.44,463.10,442.44,466.11][0m
[0m[INFO] [1786347169.476676933] [my_drone_dds_wasd_control]: STATE arm=2 nav=14 NED=(0.047,-0.050,-1.277) vel=(-0.008,0.021,-0.046) truth_enu=(-0.038,0.068,2.287) truth_vel_enu=(0.019,-0.001,-0.001) control=POSITION_HOLD yaw_deg=97.5 failsafe=False age_s=(0.37,0.00) arm_torque_nm=0.023 motors=[431.86,451.90,431.85,456.48,427.41,451.89,427.41,456.48][0m
[0m[INFO] [1786347170.476909468] [my_drone_dds_wasd_control]: STATE arm=2 nav=14 NED=(0.043,-0.065,-1.289) vel=(-0.027,0.007,-0.016) truth_enu=(-0.024,0.049,2.292) truth_vel_enu=(0.024,-0.028,0.030) control=POSITION_HOLD yaw_deg=97.4 failsafe=False age_s=(0.36,0.00) arm_torque_nm=0.026 motors=[446.27,467.52,446.28,471.87,441.79,467.52,441.79,471.87][0m
[INFO] [1786347164.016461262] [arm_preset_control]: Sent preset retracted over /arm_controller/joint_trajectory
[INFO] [1786347170.615743605] [arm_preset_control]: ARM_PRESET_REACHED preset=retracted max_error=0.059848 rad
[0m[INFO] [1786347171.531411071] [my_drone_dds_wasd_control]: STATE arm=2 nav=14 NED=(0.018,-0.005,-1.267) vel=(-0.024,0.036,-0.008) truth_enu=(0.013,0.014,2.277) truth_vel_enu=(0.034,-0.028,0.005) control=POSITION_HOLD yaw_deg=97.4 failsafe=False age_s=(0.40,0.01) arm_torque_nm=0.029 motors=[459.22,483.33,459.22,487.91,454.19,483.33,454.19,487.90][0m
[0m[INFO] [1786347172.537569993] [my_drone_dds_wasd_control]: STATE arm=2 nav=14 NED=(0.011,-0.009,-1.214) vel=(0.008,-0.036,0.516) truth_enu=(0.005,-0.005,2.215) truth_vel_enu=(-0.040,-0.010,-0.511) control=POSITION_HOLD yaw_deg=97.4 failsafe=False age_s=(0.40,0.01) arm_torque_nm=0.000 motors=[532.18,560.17,532.19,565.66,526.59,560.18,526.59,565.66][0m
[0m[INFO] [1786347173.574204028] [my_drone_dds_wasd_control]: STATE arm=2 nav=14 NED=(0.006,-0.080,-1.217) vel=(0.017,-0.024,-0.176) truth_enu=(-0.031,-0.001,2.211) truth_vel_enu=(-0.014,0.012,0.168) control=POSITION_HOLD yaw_deg=97.3 failsafe=False age_s=(0.34,0.00) arm_torque_nm=0.000 motors=[426.27,447.58,426.29,451.44,421.41,447.60,421.40,451.43][0m
[0m[INFO] [1786347174.579779848] [my_drone_dds_wasd_control]: STATE arm=2 nav=14 NED=(0.017,-0.002,-1.289) vel=(0.032,0.101,-0.000) truth_enu=(0.021,0.029,2.251) truth_vel_enu=(0.087,0.053,-0.070) control=POSITION_HOLD yaw_deg=97.7 failsafe=False age_s=(0.33,0.01) arm_torque_nm=0.000 motors=[460.60,484.91,460.56,490.95,457.92,484.87,457.96,490.99][0m
[0m[INFO] [1786347175.620926760] [my_drone_dds_wasd_control]: STATE arm=2 nav=14 NED=(0.060,0.036,-1.272) vel=(0.018,-0.032,0.002) truth_enu=(0.061,0.072,2.232) truth_vel_enu=(-0.035,0.019,-0.017) control=POSITION_HOLD yaw_deg=97.3 failsafe=False age_s=(0.37,0.01) arm_torque_nm=0.000 motors=[460.79,486.07,460.83,490.21,453.86,486.10,453.83,490.18][0m
[0m[INFO] [1786347176.623260504] [my_drone_dds_wasd_control]: STATE arm=2 nav=14 NED=(0.033,-0.037,-1.236) vel=(-0.052,-0.049,0.007) truth_enu=(0.007,0.057,2.209) truth_vel_enu=(-0.033,-0.044,-0.009) control=POSITION_HOLD yaw_deg=97.3 failsafe=False age_s=(0.37,0.02) arm_torque_nm=0.000 motors=[465.85,487.36,465.86,492.50,459.97,487.37,459.97,492.49][0m
ARM_FLIGHT_SENT_LAND
[33m[WARN] [1786347177.555026583] [my_drone_dds_wasd_control]: OFFBOARD_LANDING_STARTED; holding XY and descending to the recorded takeoff ground height[0m
[0m[INFO] [1786347177.670240131] [my_drone_dds_wasd_control]: STATE arm=2 nav=14 NED=(-0.014,-0.022,-1.208) vel=(-0.002,0.032,0.019) truth_enu=(0.012,0.036,2.186) truth_vel_enu=(0.027,0.024,-0.013) control=LANDING yaw_deg=97.5 failsafe=False age_s=(0.41,0.00) arm_torque_nm=0.000 motors=[437.20,464.61,437.19,465.38,437.87,464.59,437.89,465.40][0m
[0m[INFO] [1786347178.684335632] [my_drone_dds_wasd_control]: STATE arm=2 nav=14 NED=(0.006,0.007,-1.078) vel=(0.013,0.008,0.371) truth_enu=(0.029,0.070,2.056) truth_vel_enu=(-0.004,0.036,-0.367) control=LANDING yaw_deg=97.4 failsafe=False age_s=(0.25,0.01) arm_torque_nm=0.000 motors=[493.79,517.55,493.79,525.02,486.46,517.55,486.46,525.03][0m
[0m[INFO] [1786347179.694495528] [my_drone_dds_wasd_control]: STATE arm=2 nav=14 NED=(0.015,-0.036,-0.840) vel=(-0.030,-0.042,0.400) truth_enu=(0.006,0.080,1.819) truth_vel_enu=(-0.027,-0.013,-0.392) control=LANDING yaw_deg=97.4 failsafe=False age_s=(0.24,0.01) arm_torque_nm=0.000 motors=[495.93,521.94,495.93,526.18,491.57,521.94,491.57,526.18][0m
[0m[INFO] [1786347180.733528530] [my_drone_dds_wasd_control]: STATE arm=2 nav=14 NED=(0.002,-0.036,-0.580) vel=(-0.045,0.029,0.203) truth_enu=(0.010,0.057,1.564) truth_vel_enu=(0.042,-0.028,-0.202) control=LANDING yaw_deg=97.5 failsafe=False age_s=(0.28,0.00) arm_torque_nm=0.000 motors=[457.86,479.61,457.85,485.32,452.57,479.61,452.57,485.32][0m
[0m[INFO] [1786347181.776688833] [my_drone_dds_wasd_control]: STATE arm=2 nav=14 NED=(-0.022,0.033,-0.379) vel=(-0.031,0.012,0.147) truth_enu=(0.044,0.024,1.356) truth_vel_enu=(-0.002,-0.026,-0.155) control=LANDING yaw_deg=97.4 failsafe=False age_s=(0.32,0.01) arm_torque_nm=0.000 motors=[465.16,491.19,465.16,495.90,459.85,491.20,459.85,495.90][0m
[0m[INFO] [1786347182.823970622] [my_drone_dds_wasd_control]: STATE arm=2 nav=14 NED=(-0.027,-0.031,-0.246) vel=(0.005,-0.074,0.105) truth_enu=(-0.016,0.011,1.212) truth_vel_enu=(-0.082,-0.004,-0.111) control=LANDING yaw_deg=97.4 failsafe=False age_s=(0.37,0.00) arm_torque_nm=0.000 motors=[471.33,495.25,471.33,499.75,466.91,495.25,466.91,499.75][0m
[0m[INFO] [1786347183.882656926] [my_drone_dds_wasd_control]: STATE arm=2 nav=14 NED=(-0.003,-0.072,-0.151) vel=(0.014,0.011,0.060) truth_enu=(-0.062,0.022,1.114) truth_vel_enu=(0.002,0.008,-0.072) control=LANDING yaw_deg=97.5 failsafe=False age_s=(0.41,0.01) arm_torque_nm=0.000 motors=[476.47,501.01,476.47,506.33,471.64,501.01,471.64,506.34][0m
[0m[INFO] [1786347184.876711613] [my_drone_dds_wasd_control]: STATE arm=2 nav=14 NED=(-0.010,-0.046,-0.084) vel=(-0.023,0.065,0.033) truth_enu=(-0.022,0.015,1.057) truth_vel_enu=(0.068,-0.015,-0.036) control=LANDING yaw_deg=97.6 failsafe=False age_s=(0.40,0.01) arm_torque_nm=0.000 motors=[470.49,493.26,470.48,499.52,464.88,493.26,464.89,499.53][0m
[0m[INFO] [1786347185.923473749] [my_drone_dds_wasd_control]: STATE arm=2 nav=14 NED=(-0.038,0.006,-0.061) vel=(0.005,0.029,0.010) truth_enu=(0.041,0.003,1.023) truth_vel_enu=(0.032,0.014,-0.017) control=LANDING yaw_deg=97.3 failsafe=False age_s=(0.44,0.00) arm_torque_nm=0.000 motors=[468.46,494.01,468.50,496.69,462.74,494.05,462.70,496.66][0m
[33m[WARN] [1786347186.070419521] [my_drone_dds_wasd_control]: PX4_TOUCHDOWN_LAND_SENT after stable ground-height hold[0m
[0m[INFO] [1786347186.092358822] [my_drone_dds_wasd_control]: PX4 command ack: command=21 result=0[0m
[33m[WARN] [1786347186.422065036] [my_drone_dds_wasd_control]: PX4_TOUCHDOWN_FORCE_DISARM_SENT after stable ground-height hold[0m
[0m[INFO] [1786347186.444943098] [my_drone_dds_wasd_control]: PX4 command ack: command=400 result=0[0m
[0m[INFO] [1786347186.619043680] [my_drone_dds_wasd_control]: LANDING_DISARMED_CONFIRMED[0m
ARM_FLIGHT_METRICS horizontal_drift_m=0.123 altitude_span_m=0.251 max_arm_torque_nm=0.029 motor_saturation_samples=0/39 motor_saturation_rate=0.000000 rated_motor_output=1000.000 samples=39
DDS_ARM_FLIGHT_PASS
