DDS WASD: T takeoff | W/S/A/D move | R/F up/down | Q/E yaw | L land | O exit Offboard | X twice emergency disarm | Z safe exit
[0m[INFO] [1786147529.835983608] [my_drone_dds_wasd_control]: NED target initialized: N=0.037 E=-0.019 D=-0.058 yaw=94.2 deg[0m
[0m[INFO] [1786147529.886118825] [my_drone_dds_wasd_control]: local vertical target sign=-1 (target = current + sign * height)[0m
[0m[INFO] [1786147529.942772683] [my_drone_dds_wasd_control]: STATE arm=1 nav=4 NED=(0.033,-0.017,-0.059) vel=(0.004,-0.005,-0.013) yaw_deg=94.2 failsafe=False age_s=(0.02,0.02) arm_torque_nm=0.000 motors=[0.00,0.00,0.00,0.00,0.00,0.00,0.00,0.00][0m
[0m[INFO] [1786147531.007804469] [my_drone_dds_wasd_control]: STATE arm=1 nav=4 NED=(0.013,-0.016,-0.050) vel=(-0.005,-0.001,-0.010) yaw_deg=94.2 failsafe=False age_s=(0.31,0.00) arm_torque_nm=0.000 motors=[0.00,0.00,0.00,0.00,0.00,0.00,0.00,0.00][0m
[0m[INFO] [1786147531.991118237] [my_drone_dds_wasd_control]: STATE arm=1 nav=4 NED=(0.009,-0.022,-0.040) vel=(-0.005,-0.004,-0.007) yaw_deg=94.2 failsafe=False age_s=(0.31,0.00) arm_torque_nm=0.000 motors=[0.00,0.00,0.00,0.00,0.00,0.00,0.00,0.00][0m
[0m[INFO] [1786147532.030466770] [my_drone_dds_wasd_control]: target NED=(0.01, -0.02, -1.24) yaw=94.2 deg[0m
[0m[INFO] [1786147532.096746405] [my_drone_dds_wasd_control]: Prestreaming Offboard setpoints for 2 seconds[0m
[0m[INFO] [1786147532.988399202] [my_drone_dds_wasd_control]: STATE arm=1 nav=4 NED=(0.003,-0.008,-0.038) vel=(-0.006,0.009,-0.005) yaw_deg=94.2 failsafe=False age_s=(0.32,0.01) arm_torque_nm=0.000 motors=[0.00,0.00,0.00,0.00,0.00,0.00,0.00,0.00][0m
[0m[INFO] [1786147533.994732749] [my_drone_dds_wasd_control]: STATE arm=1 nav=4 NED=(-0.002,-0.018,-0.026) vel=(-0.008,0.001,-0.001) yaw_deg=94.2 failsafe=False age_s=(0.32,0.01) arm_torque_nm=0.000 motors=[0.00,0.00,0.00,0.00,0.00,0.00,0.00,0.00][0m
[0m[INFO] [1786147534.116394598] [my_drone_dds_wasd_control]: OFFBOARD mode and ARM commands sent[0m
[0m[INFO] [1786147534.157098265] [my_drone_dds_wasd_control]: PX4 command ack: command=400 result=0[0m
[0m[INFO] [1786147535.039962258] [my_drone_dds_wasd_control]: STATE arm=2 nav=14 NED=(0.008,-0.030,-0.018) vel=(-0.003,-0.008,0.000) yaw_deg=94.2 failsafe=False age_s=(0.43,0.02) arm_torque_nm=0.000 motors=[0.00,5.12,0.00,0.00,2.18,5.12,2.18,0.00][0m
[0m[INFO] [1786147536.085814507] [my_drone_dds_wasd_control]: STATE arm=2 nav=14 NED=(0.009,-0.025,-0.038) vel=(-0.002,-0.003,-0.006) yaw_deg=94.2 failsafe=False age_s=(0.47,0.01) arm_torque_nm=0.000 motors=[221.91,240.13,221.90,238.50,223.76,240.13,223.76,238.50][0m
[0m[INFO] [1786147537.100164220] [my_drone_dds_wasd_control]: STATE arm=2 nav=14 NED=(0.025,-0.022,-0.050) vel=(0.008,0.002,-0.010) yaw_deg=94.2 failsafe=False age_s=(0.46,0.01) arm_torque_nm=0.000 motors=[492.39,526.68,492.39,525.73,493.70,526.67,493.70,525.73][0m
[0m[INFO] [1786147538.097453993] [my_drone_dds_wasd_control]: STATE arm=2 nav=14 NED=(0.042,-0.014,-0.054) vel=(0.014,0.008,-0.009) yaw_deg=94.2 failsafe=False age_s=(0.45,0.01) arm_torque_nm=0.000 motors=[786.22,848.09,786.21,839.91,795.08,848.09,795.08,839.91][0m
[0m[INFO] [1786147539.152127891] [my_drone_dds_wasd_control]: STATE arm=2 nav=14 NED=(0.053,0.006,-0.062) vel=(0.006,0.022,-0.235) yaw_deg=94.4 failsafe=False age_s=(0.49,0.02) arm_torque_nm=0.000 motors=[762.08,795.97,761.98,795.86,771.12,795.87,771.23,795.97][0m
[0m[INFO] [1786147540.142354973] [my_drone_dds_wasd_control]: STATE arm=2 nav=14 NED=(0.044,0.012,-0.058) vel=(0.001,0.018,-0.197) yaw_deg=94.4 failsafe=False age_s=(0.49,0.02) arm_torque_nm=0.007 motors=[781.00,820.81,780.86,818.43,795.46,820.66,795.60,818.57][0m
[0m[INFO] [1786147541.138840131] [my_drone_dds_wasd_control]: STATE arm=2 nav=14 NED=(0.033,-0.007,-0.080) vel=(-0.007,0.001,-0.187) yaw_deg=94.3 failsafe=False age_s=(0.48,0.02) arm_torque_nm=0.000 motors=[786.60,823.77,786.48,821.83,798.29,823.66,798.40,821.94][0m
[0m[INFO] [1786147542.144532506] [my_drone_dds_wasd_control]: STATE arm=2 nav=14 NED=(0.013,-0.011,-0.078) vel=(-0.011,-0.002,-0.189) yaw_deg=94.2 failsafe=False age_s=(0.47,0.02) arm_torque_nm=0.015 motors=[800.06,832.05,800.03,829.00,805.68,832.02,805.71,829.03][0m
[0m[INFO] [1786147543.197031595] [my_drone_dds_wasd_control]: STATE arm=2 nav=14 NED=(-0.009,0.012,-0.083) vel=(-0.015,0.012,-0.156) yaw_deg=94.2 failsafe=False age_s=(0.01,0.01) arm_torque_nm=0.000 motors=[809.18,826.52,809.16,829.45,807.66,826.50,807.68,829.46][0m
[0m[INFO] [1786147544.248007787] [my_drone_dds_wasd_control]: STATE arm=2 nav=14 NED=(-0.017,0.018,-0.114) vel=(-0.013,0.011,-0.246) yaw_deg=94.3 failsafe=False age_s=(0.05,0.02) arm_torque_nm=0.000 motors=[801.87,813.19,801.83,822.86,795.36,813.15,795.39,822.89][0m
[0m[INFO] [1786147545.301480962] [my_drone_dds_wasd_control]: STATE arm=2 nav=14 NED=(-0.048,0.018,-0.141) vel=(-0.026,0.002,-0.255) yaw_deg=93.6 failsafe=False age_s=(0.09,0.01) arm_torque_nm=0.104 motors=[813.13,811.92,813.33,835.33,772.75,812.12,772.54,835.12][0m
[0m[INFO] [1786147546.320689781] [my_drone_dds_wasd_control]: STATE arm=2 nav=14 NED=(-0.029,0.024,-0.118) vel=(0.026,0.044,-0.514) yaw_deg=92.3 failsafe=False age_s=(0.08,0.01) arm_torque_nm=0.017 motors=[799.47,807.84,800.74,719.70,781.31,809.11,780.04,718.43][0m
[0m[INFO] [1786147547.313984962] [my_drone_dds_wasd_control]: STATE arm=2 nav=14 NED=(-0.042,0.115,-0.063) vel=(0.103,-0.082,-0.375) yaw_deg=96.8 failsafe=False age_s=(0.07,0.01) arm_torque_nm=0.030 motors=[621.51,953.82,620.18,854.49,831.97,952.50,833.30,855.81][0m
[0m[INFO] [1786147548.369028321] [my_drone_dds_wasd_control]: STATE arm=2 nav=14 NED=(0.028,-0.006,-0.021) vel=(-0.059,0.038,-0.008) yaw_deg=92.9 failsafe=False age_s=(0.11,0.02) arm_torque_nm=0.000 motors=[943.52,845.71,944.42,875.95,837.67,846.61,836.77,875.05][0m
[0m[INFO] [1786147549.480744808] [my_drone_dds_wasd_control]: STATE arm=2 nav=14 NED=(-0.001,-0.010,-0.016) vel=(-0.041,-0.005,0.565) yaw_deg=96.2 failsafe=False age_s=(0.05,0.00) arm_torque_nm=0.049 motors=[935.55,960.22,934.17,1000.00,978.62,958.84,980.00,1000.00][0m
[0m[INFO] [1786147550.361581232] [my_drone_dds_wasd_control]: STATE arm=2 nav=14 NED=(0.025,-0.027,-0.021) vel=(0.076,0.012,-0.154) yaw_deg=93.6 failsafe=False age_s=(0.04,0.00) arm_torque_nm=0.109 motors=[877.43,889.44,877.87,897.61,831.97,889.89,831.53,897.16][0m
[0m[INFO] [1786147551.416394237] [my_drone_dds_wasd_control]: STATE arm=2 nav=14 NED=(-0.029,0.015,-0.226) vel=(-0.029,0.017,-0.269) yaw_deg=94.7 failsafe=False age_s=(0.08,0.01) arm_torque_nm=0.000 motors=[815.00,860.02,814.97,871.74,805.91,859.99,805.95,871.77][0m
[0m[INFO] [1786147552.499731534] [my_drone_dds_wasd_control]: STATE arm=2 nav=14 NED=(-0.126,-0.012,-0.153) vel=(-0.051,-0.012,1.167) yaw_deg=94.1 failsafe=False age_s=(0.11,0.03) arm_torque_nm=0.000 motors=[965.79,1000.00,965.86,1000.00,952.19,1000.00,952.12,1000.00][0m
[31m[ERROR] [1786147555.181979850] [my_drone_dds_wasd_control]: Arm reaction-torque safety gate exceeded; requesting LAND norm=2.185 N m limit=0.800[0m
[33m[WARN] [1786147555.261414715] [my_drone_dds_wasd_control]: LAND requested; Offboard setpoint stream stopped[0m
[0m[INFO] [1786147555.316210912] [my_drone_dds_wasd_control]: PX4 command ack: command=21 result=0[0m
[0m[INFO] [1786147555.718990786] [my_drone_dds_wasd_control]: STATE arm=2 nav=18 NED=(-0.107,-0.067,-0.541) vel=(0.014,0.303,-1.055) yaw_deg=90.0 failsafe=False age_s=(0.13,0.01) arm_torque_nm=0.150 motors=[521.29,611.05,524.46,203.33,664.33,614.21,661.17,200.17][0m
[0m[INFO] [1786147556.747185175] [my_drone_dds_wasd_control]: STATE arm=2 nav=18 NED=(-0.126,-0.127,-0.704) vel=(0.004,0.029,-0.629) yaw_deg=88.8 failsafe=False age_s=(0.23,0.02) arm_torque_nm=0.016 motors=[419.42,711.05,419.68,506.20,602.32,711.31,602.05,505.94][0m
[0m[INFO] [1786147557.790379665] [my_drone_dds_wasd_control]: STATE arm=2 nav=18 NED=(-0.118,-0.186,-0.628) vel=(-0.029,-0.056,-0.330) yaw_deg=89.2 failsafe=False age_s=(0.27,0.01) arm_torque_nm=0.000 motors=[0.00,137.77,0.00,0.00,103.25,137.89,103.14,0.00][0m
[0m[INFO] [1786147558.858858620] [my_drone_dds_wasd_control]: STATE arm=2 nav=18 NED=(-0.031,-0.207,-0.541) vel=(-0.064,-0.051,-0.302) yaw_deg=89.7 failsafe=False age_s=(0.32,0.02) arm_torque_nm=0.003 motors=[0.00,280.12,0.00,0.00,305.57,280.62,305.07,0.00][0m
[0m[INFO] [1786147559.859340314] [my_drone_dds_wasd_control]: STATE arm=2 nav=18 NED=(-0.027,-0.197,-0.486) vel=(-0.010,-0.040,-0.172) yaw_deg=89.2 failsafe=False age_s=(0.31,0.02) arm_torque_nm=0.000 motors=[0.00,313.27,0.00,0.00,345.53,313.74,345.07,0.00][0m
[0m[INFO] [1786147560.903329973] [my_drone_dds_wasd_control]: STATE arm=2 nav=18 NED=(-0.008,-0.182,-0.398) vel=(-0.009,-0.025,-0.108) yaw_deg=89.2 failsafe=False age_s=(0.35,0.01) arm_torque_nm=0.000 motors=[0.00,298.37,0.00,0.00,329.06,298.84,328.59,0.00][0m
[0m[INFO] [1786147561.159958375] [my_drone_dds_wasd_control]: LANDING_DISARMED_CONFIRMED[0m
DDS_ARM_FLIGHT_FAIL missing=['arm:work_a', 'arm:retracted'] climbed=False no_failsafe=True stable=False internal_land=True hover_ready=False
ARM_FLIGHT_METRICS horizontal_drift_m=inf altitude_span_m=inf samples=0
ARM_FLIGHT_INTERNAL_LAND_DETECTED
