DDS WASD: T takeoff | W/S/A/D move | R/F up/down | Q/E yaw | L land | O exit Offboard | X twice emergency disarm | Z safe exit
[0m[INFO] [1786173666.990758023] [my_drone_dds_wasd_control]: NED target initialized: N=0.032 E=-0.014 D=0.026 yaw=99.9 deg[0m
[0m[INFO] [1786173667.009262431] [my_drone_dds_wasd_control]: local vertical target sign=-1 (target = current + sign * height)[0m
[0m[INFO] [1786173667.029700429] [my_drone_dds_wasd_control]: STATE arm=1 nav=4 NED=(0.032,-0.014,0.026) vel=(-0.005,0.007,0.002) yaw_deg=99.9 failsafe=False age_s=(0.11,0.11) arm_torque_nm=0.000 motors=[0.00,0.00,0.00,0.00,0.00,0.00,0.00,0.00][0m
[0m[INFO] [1786173668.067601417] [my_drone_dds_wasd_control]: STATE arm=1 nav=4 NED=(0.057,-0.016,0.011) vel=(0.010,0.004,-0.003) yaw_deg=99.9 failsafe=False age_s=(0.15,0.00) arm_torque_nm=0.000 motors=[0.00,0.00,0.00,0.00,0.00,0.00,0.00,0.00][0m
[0m[INFO] [1786173669.062791219] [my_drone_dds_wasd_control]: STATE arm=1 nav=4 NED=(0.063,0.006,0.004) vel=(0.013,0.017,-0.004) yaw_deg=99.9 failsafe=False age_s=(0.14,0.00) arm_torque_nm=0.000 motors=[0.00,0.00,0.00,0.00,0.00,0.00,0.00,0.00][0m
[0m[INFO] [1786173669.080157229] [my_drone_dds_wasd_control]: target NED=(0.06, 0.01, -1.20) yaw=99.9 deg[0m
[0m[INFO] [1786173669.098633922] [my_drone_dds_wasd_control]: Prestreaming Offboard setpoints for 2 seconds[0m
[0m[INFO] [1786173670.111518452] [my_drone_dds_wasd_control]: STATE arm=1 nav=4 NED=(0.051,0.011,0.001) vel=(0.006,0.011,-0.005) yaw_deg=99.9 failsafe=False age_s=(0.48,0.01) arm_torque_nm=0.000 motors=[0.00,0.00,0.00,0.00,0.00,0.00,0.00,0.00][0m
[0m[INFO] [1786173671.117583565] [my_drone_dds_wasd_control]: STATE arm=1 nav=4 NED=(0.047,-0.002,-0.008) vel=(0.007,0.001,-0.006) yaw_deg=99.9 failsafe=False age_s=(0.47,0.01) arm_torque_nm=0.000 motors=[0.00,0.00,0.00,0.00,0.00,0.00,0.00,0.00][0m
[0m[INFO] [1786173671.136953169] [my_drone_dds_wasd_control]: OFFBOARD mode and ARM commands sent[0m
[0m[INFO] [1786173671.156662489] [my_drone_dds_wasd_control]: PX4 command ack: command=400 result=0[0m
[0m[INFO] [1786173672.162139424] [my_drone_dds_wasd_control]: STATE arm=2 nav=14 NED=(0.050,-0.006,-0.010) vel=(0.011,-0.006,-0.005) yaw_deg=99.9 failsafe=False age_s=(0.01,0.00) arm_torque_nm=0.000 motors=[1.53,0.42,1.52,0.50,1.55,0.42,1.56,0.50][0m
[0m[INFO] [1786173676.013626318] [my_drone_dds_wasd_control]: STATE arm=2 nav=14 NED=(0.059,0.004,-0.004) vel=(0.010,0.002,0.002) yaw_deg=99.9 failsafe=False age_s=(0.01,0.01) arm_torque_nm=0.000 motors=[736.01,772.26,736.01,780.56,727.71,772.26,727.71,780.56][0m
[0m[INFO] [1786173677.064839955] [my_drone_dds_wasd_control]: STATE arm=2 nav=14 NED=(0.045,0.007,0.004) vel=(-0.007,0.000,0.004) yaw_deg=99.8 failsafe=False age_s=(0.05,0.02) arm_torque_nm=0.079 motors=[748.54,783.82,748.55,792.42,739.65,783.82,739.65,792.41][0m
[0m[INFO] [1786173678.110848391] [my_drone_dds_wasd_control]: STATE arm=2 nav=14 NED=(0.046,0.016,0.009) vel=(-0.001,-0.010,0.019) yaw_deg=99.9 failsafe=False age_s=(0.09,0.01) arm_torque_nm=0.000 motors=[754.43,811.71,754.42,818.16,748.21,811.70,748.21,818.16][0m
[0m[INFO] [1786173679.115788410] [my_drone_dds_wasd_control]: STATE arm=2 nav=14 NED=(0.038,0.010,0.021) vel=(-0.031,0.016,0.122) yaw_deg=99.9 failsafe=False age_s=(0.08,0.01) arm_torque_nm=0.000 motors=[816.38,824.01,816.38,848.26,791.86,824.02,791.86,848.26][0m
[0m[INFO] [1786173680.117843129] [my_drone_dds_wasd_control]: STATE arm=2 nav=14 NED=(0.041,0.010,0.015) vel=(0.006,-0.010,0.109) yaw_deg=99.9 failsafe=False age_s=(0.07,0.01) arm_torque_nm=0.000 motors=[802.02,844.22,802.02,851.89,794.28,844.22,794.28,851.89][0m
[0m[INFO] [1786173681.164252846] [my_drone_dds_wasd_control]: STATE arm=2 nav=14 NED=(0.060,-0.037,0.110) vel=(0.011,-0.090,0.129) yaw_deg=100.0 failsafe=False age_s=(0.02,0.02) arm_torque_nm=0.000 motors=[825.37,870.71,825.34,882.07,816.08,870.68,816.11,882.09][0m
[0m[INFO] [1786173682.216952249] [my_drone_dds_wasd_control]: STATE arm=2 nav=14 NED=(0.070,-0.203,0.204) vel=(0.052,-0.167,0.041) yaw_deg=99.7 failsafe=False age_s=(0.06,0.01) arm_torque_nm=0.000 motors=[835.49,877.94,835.51,884.30,827.50,877.96,827.48,884.28][0m
[0m[INFO] [1786173683.264414013] [my_drone_dds_wasd_control]: STATE arm=2 nav=14 NED=(0.104,-0.314,0.187) vel=(0.047,-0.026,-0.057) yaw_deg=100.2 failsafe=False age_s=(0.10,0.02) arm_torque_nm=0.000 motors=[832.94,872.11,832.90,883.82,824.67,872.07,824.72,883.86][0m
[0m[INFO] [1786173684.318116702] [my_drone_dds_wasd_control]: STATE arm=2 nav=14 NED=(0.091,-0.326,0.080) vel=(0.000,-0.040,-0.094) yaw_deg=100.1 failsafe=False age_s=(0.14,0.01) arm_torque_nm=0.000 motors=[827.00,873.15,826.99,882.27,818.78,873.14,818.79,882.28][0m
[0m[INFO] [1786173685.317023697] [my_drone_dds_wasd_control]: STATE arm=2 nav=14 NED=(0.094,-0.390,-0.060) vel=(0.035,-0.067,-0.128) yaw_deg=99.6 failsafe=False age_s=(0.14,0.01) arm_torque_nm=0.000 motors=[828.97,870.50,829.03,875.41,819.26,870.56,819.20,875.35][0m
[0m[INFO] [1786173686.362574070] [my_drone_dds_wasd_control]: STATE arm=2 nav=14 NED=(0.135,-0.395,-0.181) vel=(0.024,0.033,-0.122) yaw_deg=99.9 failsafe=False age_s=(0.18,0.02) arm_torque_nm=0.000 motors=[829.12,868.74,829.11,879.29,819.48,868.73,819.50,879.30][0m
[0m[INFO] [1786173687.368118419] [my_drone_dds_wasd_control]: STATE arm=2 nav=14 NED=(0.166,-0.372,-0.275) vel=(0.007,-0.008,-0.120) yaw_deg=99.9 failsafe=False age_s=(0.17,0.02) arm_torque_nm=0.000 motors=[826.42,871.84,826.42,880.63,818.03,871.83,818.03,880.63][0m
[0m[INFO] [1786173688.414185538] [my_drone_dds_wasd_control]: STATE arm=2 nav=14 NED=(0.205,-0.420,-0.390) vel=(0.025,-0.038,-0.114) yaw_deg=99.9 failsafe=False age_s=(0.21,0.01) arm_torque_nm=0.000 motors=[827.98,869.00,827.98,877.20,819.74,869.00,819.74,877.20][0m
[0m[INFO] [1786173689.409979156] [my_drone_dds_wasd_control]: STATE arm=2 nav=14 NED=(0.224,-0.405,-0.513) vel=(-0.003,0.039,-0.102) yaw_deg=100.0 failsafe=False age_s=(0.20,0.01) arm_torque_nm=0.000 motors=[827.02,867.92,827.01,878.20,817.80,867.91,817.82,878.21][0m
[0m[INFO] [1786173690.462549454] [my_drone_dds_wasd_control]: STATE arm=2 nav=14 NED=(0.213,-0.365,-0.619) vel=(-0.011,-0.005,-0.086) yaw_deg=99.9 failsafe=False age_s=(0.25,0.02) arm_torque_nm=0.000 motors=[825.43,871.07,825.43,879.05,817.31,871.07,817.30,879.05][0m
[0m[INFO] [1786173691.514336472] [my_drone_dds_wasd_control]: STATE arm=2 nav=14 NED=(0.222,-0.402,-0.689) vel=(0.007,-0.025,-0.070) yaw_deg=99.6 failsafe=False age_s=(0.29,0.01) arm_torque_nm=0.000 motors=[830.08,870.42,830.11,877.93,819.52,870.45,819.49,877.89][0m
[0m[INFO] [1786173692.520672848] [my_drone_dds_wasd_control]: STATE arm=2 nav=14 NED=(0.213,-0.411,-0.754) vel=(-0.019,0.022,-0.064) yaw_deg=99.7 failsafe=False age_s=(0.28,0.01) arm_torque_nm=0.000 motors=[828.34,870.38,828.35,879.29,819.04,870.39,819.03,879.28][0m
[0m[INFO] [1786173693.560928664] [my_drone_dds_wasd_control]: STATE arm=2 nav=14 NED=(0.204,-0.376,-0.824) vel=(-0.002,0.000,-0.055) yaw_deg=100.0 failsafe=False age_s=(0.32,0.02) arm_torque_nm=0.000 motors=[826.44,870.98,826.41,880.50,819.08,870.96,819.11,880.52][0m
[0m[INFO] [1786173694.564064525] [my_drone_dds_wasd_control]: STATE arm=2 nav=14 NED=(0.186,-0.407,-0.871) vel=(-0.005,-0.021,-0.050) yaw_deg=99.9 failsafe=False age_s=(0.31,0.02) arm_torque_nm=0.000 motors=[828.69,869.46,828.69,878.48,819.78,869.46,819.78,878.48][0m
[0m[INFO] [1786173695.572637918] [my_drone_dds_wasd_control]: STATE arm=2 nav=14 NED=(0.184,-0.405,-0.910) vel=(-0.009,0.022,-0.043) yaw_deg=99.9 failsafe=False age_s=(0.30,0.02) arm_torque_nm=0.000 motors=[827.89,870.89,827.88,879.08,820.12,870.88,820.13,879.08][0m
[0m[INFO] [1786173696.620883300] [my_drone_dds_wasd_control]: STATE arm=2 nav=14 NED=(0.198,-0.419,-0.960) vel=(0.006,-0.018,-0.036) yaw_deg=99.8 failsafe=False age_s=(0.35,0.01) arm_torque_nm=0.000 motors=[828.13,871.61,828.15,879.85,818.39,871.63,818.38,879.83][0m
[0m[INFO] [1786173697.662534439] [my_drone_dds_wasd_control]: STATE arm=2 nav=14 NED=(0.184,-0.431,-0.986) vel=(-0.006,-0.002,-0.033) yaw_deg=99.9 failsafe=False age_s=(0.39,0.02) arm_torque_nm=0.000 motors=[829.04,869.61,829.03,878.70,820.46,869.61,820.46,878.70][0m
[0m[INFO] [1786173698.664413424] [my_drone_dds_wasd_control]: STATE arm=2 nav=14 NED=(0.156,-0.401,-1.024) vel=(-0.007,0.032,-0.025) yaw_deg=99.9 failsafe=False age_s=(0.38,0.02) arm_torque_nm=0.000 motors=[826.62,870.41,826.61,879.10,818.79,870.40,818.80,879.11][0m
[0m[INFO] [1786173699.664012120] [my_drone_dds_wasd_control]: STATE arm=2 nav=14 NED=(0.180,-0.383,-1.030) vel=(0.020,-0.011,-0.018) yaw_deg=99.7 failsafe=False age_s=(0.37,0.02) arm_torque_nm=0.000 motors=[829.53,873.08,829.55,881.26,819.61,873.10,819.59,881.24][0m
ARM_FLIGHT_HOVER_READY offboard_elapsed_s=26.6
[0m[INFO] [1786173700.712908519] [my_drone_dds_wasd_control]: STATE arm=2 nav=14 NED=(0.162,-0.395,-1.036) vel=(-0.021,-0.001,0.138) yaw_deg=99.7 failsafe=False age_s=(0.42,0.01) arm_torque_nm=0.000 motors=[837.64,878.05,837.65,886.87,827.96,878.06,827.95,886.86][0m
[0m[INFO] [1786173701.764064588] [my_drone_dds_wasd_control]: STATE arm=2 nav=14 NED=(0.138,-0.383,-1.040) vel=(-0.002,0.020,-0.016) yaw_deg=100.0 failsafe=False age_s=(0.46,0.02) arm_torque_nm=0.000 motors=[828.63,875.05,828.61,883.10,822.55,875.03,822.58,883.12][0m
[0m[INFO] [1786173702.812914082] [my_drone_dds_wasd_control]: STATE arm=2 nav=14 NED=(0.151,-0.432,-1.066) vel=(0.014,-0.040,-0.100) yaw_deg=99.8 failsafe=False age_s=(0.50,0.01) arm_torque_nm=0.000 motors=[816.65,857.84,816.65,866.93,807.27,857.84,807.26,866.92][0m
[0m[INFO] [1786173703.813756471] [my_drone_dds_wasd_control]: STATE arm=2 nav=14 NED=(0.143,-0.465,-1.106) vel=(-0.013,0.006,-0.047) yaw_deg=99.9 failsafe=False age_s=(0.49,0.01) arm_torque_nm=0.000 motors=[823.55,863.09,823.56,871.65,814.81,863.09,814.81,871.65][0m
[0m[INFO] [1786173704.819359960] [my_drone_dds_wasd_control]: STATE arm=2 nav=14 NED=(0.132,-0.415,-1.078) vel=(0.007,0.032,-0.033) yaw_deg=99.8 failsafe=False age_s=(0.48,0.01) arm_torque_nm=0.000 motors=[824.41,869.98,824.41,877.50,816.70,869.98,816.70,877.50][0m
ARM_FLIGHT_SENT_work_b
[0m[INFO] [1786173705.861770794] [my_drone_dds_wasd_control]: STATE arm=2 nav=14 NED=(0.177,-0.435,-1.058) vel=(0.025,-0.039,-0.017) yaw_deg=99.7 failsafe=False age_s=(0.02,0.02) arm_torque_nm=0.000 motors=[829.09,870.89,829.10,879.70,819.06,870.91,819.04,879.68][0m
[0m[INFO] [1786173706.916855996] [my_drone_dds_wasd_control]: STATE arm=2 nav=14 NED=(0.176,-0.433,-1.006) vel=(-0.018,0.027,-0.021) yaw_deg=99.8 failsafe=False age_s=(0.06,0.01) arm_torque_nm=0.000 motors=[830.14,870.61,830.13,879.45,822.01,870.60,822.01,879.46][0m
[0m[INFO] [1786173707.914694117] [my_drone_dds_wasd_control]: STATE arm=2 nav=14 NED=(0.175,-0.357,-0.952) vel=(0.009,0.041,0.006) yaw_deg=99.9 failsafe=False age_s=(0.06,0.01) arm_torque_nm=0.000 motors=[836.27,882.70,836.25,891.47,829.02,882.68,829.04,891.49][0m
[0m[INFO] [1786173711.461766080] [my_drone_dds_wasd_control]: STATE arm=2 nav=14 NED=(0.222,-0.384,-0.958) vel=(0.024,-0.053,-0.038) yaw_deg=99.7 failsafe=False age_s=(0.08,0.02) arm_torque_nm=0.105 motors=[831.11,872.25,831.13,881.23,820.25,872.28,820.23,881.20][0m
[0m[INFO] [1786173712.463614060] [my_drone_dds_wasd_control]: STATE arm=2 nav=14 NED=(0.205,-0.401,-1.763) vel=(-0.028,0.015,-1.691) yaw_deg=99.8 failsafe=False age_s=(0.07,0.01) arm_torque_nm=0.031 motors=[501.94,525.58,501.94,530.37,497.36,525.57,497.36,530.37][0m
[31m[ERROR] [1786173713.411618167] [my_drone_dds_wasd_control]: Arm reaction-torque safety gate exceeded; requesting LAND norm=0.821 N m limit=0.800[0m
[33m[WARN] [1786173713.426804391] [my_drone_dds_wasd_control]: LAND requested; Offboard setpoint stream stopped[0m
[0m[INFO] [1786173713.444595157] [my_drone_dds_wasd_control]: PX4 command ack: command=21 result=0[0m
[0m[INFO] [1786173713.523122610] [my_drone_dds_wasd_control]: STATE arm=2 nav=14 NED=(0.156,-0.438,-3.501) vel=(0.072,-0.048,-3.322) yaw_deg=101.0 failsafe=False age_s=(0.07,0.01) arm_torque_nm=0.821 motors=[446.02,542.50,445.75,537.26,474.22,542.23,474.50,537.53][0m
ARM_FLIGHT_SAFETY_ABORT drift=0.445m altitude_delta=3.491m
ARM_FLIGHT_SAFETY_LAND
[0m[INFO] [1786173714.522749124] [my_drone_dds_wasd_control]: STATE arm=2 nav=18 NED=(0.143,-0.407,-2.666) vel=(-0.041,0.059,-1.438) yaw_deg=97.8 failsafe=False age_s=(0.29,0.01) arm_torque_nm=0.104 motors=[455.73,544.47,455.74,551.53,448.26,544.48,448.26,551.53][0m
[0m[INFO] [1786173715.572836757] [my_drone_dds_wasd_control]: STATE arm=2 nav=18 NED=(0.141,-0.423,-1.379) vel=(0.007,0.037,-0.504) yaw_deg=96.6 failsafe=False age_s=(0.34,0.02) arm_torque_nm=0.102 motors=[447.78,552.37,447.78,565.04,434.81,552.37,434.81,565.04][0m
[0m[INFO] [1786173716.628834246] [my_drone_dds_wasd_control]: STATE arm=2 nav=18 NED=(0.127,-0.406,-0.698) vel=(-0.009,0.020,-0.250) yaw_deg=95.5 failsafe=False age_s=(0.38,0.01) arm_torque_nm=0.034 motors=[432.37,567.77,432.37,579.35,420.51,567.77,420.51,579.35][0m
[0m[INFO] [1786173717.665711250] [my_drone_dds_wasd_control]: STATE arm=2 nav=18 NED=(0.131,-0.386,-0.261) vel=(0.032,0.023,0.035) yaw_deg=94.4 failsafe=False age_s=(0.42,0.02) arm_torque_nm=0.021 motors=[423.27,606.49,423.29,601.24,427.52,606.50,427.51,601.23][0m
[0m[INFO] [1786173718.715131237] [my_drone_dds_wasd_control]: STATE arm=2 nav=18 NED=(0.154,-0.399,0.036) vel=(0.044,0.014,0.063) yaw_deg=93.1 failsafe=False age_s=(0.46,0.01) arm_torque_nm=0.025 motors=[447.35,634.81,447.37,644.59,435.80,634.83,435.78,644.57][0m
[0m[INFO] [1786173719.716934893] [my_drone_dds_wasd_control]: STATE arm=2 nav=18 NED=(0.145,-0.391,0.286) vel=(0.049,0.006,0.200) yaw_deg=91.8 failsafe=False age_s=(0.45,0.01) arm_torque_nm=0.019 motors=[482.42,695.52,482.46,704.83,470.23,695.55,470.19,704.80][0m
[0m[INFO] [1786173720.766149258] [my_drone_dds_wasd_control]: STATE arm=2 nav=18 NED=(0.140,-0.394,0.474) vel=(0.017,0.004,0.218) yaw_deg=90.2 failsafe=False age_s=(0.50,0.02) arm_torque_nm=0.057 motors=[503.05,742.05,503.11,750.90,488.92,742.11,488.86,750.84][0m
[0m[INFO] [1786173721.813785495] [my_drone_dds_wasd_control]: STATE arm=2 nav=18 NED=(0.118,-0.427,0.606) vel=(-0.006,-0.044,0.235) yaw_deg=88.5 failsafe=False age_s=(0.03,0.01) arm_torque_nm=0.068 motors=[520.29,790.84,520.35,800.70,505.18,790.90,505.11,800.64][0m
[0m[INFO] [1786173722.813470100] [my_drone_dds_wasd_control]: STATE arm=2 nav=18 NED=(0.098,-0.432,0.703) vel=(-0.048,-0.007,0.249) yaw_deg=87.2 failsafe=False age_s=(0.03,0.01) arm_torque_nm=0.078 motors=[525.03,833.45,524.72,867.34,517.39,833.14,517.70,867.65][0m
[0m[INFO] [1786173723.866359882] [my_drone_dds_wasd_control]: STATE arm=2 nav=18 NED=(0.070,-0.453,0.755) vel=(-0.069,-0.005,0.168) yaw_deg=78.3 failsafe=False age_s=(0.07,0.02) arm_torque_nm=0.098 motors=[601.72,926.29,604.76,813.98,459.80,929.33,456.76,810.94][0m
[0m[INFO] [1786173724.865295605] [my_drone_dds_wasd_control]: STATE arm=2 nav=18 NED=(0.056,-0.490,0.755) vel=(-0.017,0.013,0.107) yaw_deg=68.7 failsafe=False age_s=(0.06,0.02) arm_torque_nm=0.085 motors=[579.44,937.16,581.69,852.50,476.01,939.41,473.76,850.25][0m
[INFO] [1786173719.416421087] [arm_preset_control]: Sent preset retracted over /arm_controller/joint_trajectory
[INFO] [1786173725.049930029] [arm_preset_control]: ARM_PRESET_REACHED preset=retracted max_error=0.079924 rad
[0m[INFO] [1786173725.915124607] [my_drone_dds_wasd_control]: STATE arm=2 nav=18 NED=(0.096,-0.594,0.775) vel=(0.070,-0.009,0.061) yaw_deg=68.9 failsafe=False age_s=(0.10,0.01) arm_torque_nm=0.083 motors=[566.70,895.89,566.99,878.21,559.75,896.19,559.46,877.92][0m
[0m[INFO] [1786173726.914003552] [my_drone_dds_wasd_control]: STATE arm=2 nav=18 NED=(0.238,-0.481,0.711) vel=(0.289,0.322,0.000) yaw_deg=113.1 failsafe=False age_s=(0.09,0.01) arm_torque_nm=0.073 motors=[427.14,691.17,419.08,923.11,869.43,683.12,877.48,931.16][0m
[0m[INFO] [1786173727.974221917] [my_drone_dds_wasd_control]: STATE arm=2 nav=18 NED=(0.435,-0.004,0.714) vel=(0.155,0.138,-0.082) yaw_deg=-116.2 failsafe=False age_s=(0.14,0.02) arm_torque_nm=0.418 motors=[388.45,651.54,378.57,1000.00,794.35,641.66,804.24,1000.00][0m
[0m[INFO] [1786173728.967364444] [my_drone_dds_wasd_control]: STATE arm=2 nav=18 NED=(0.534,0.133,0.637) vel=(0.133,0.061,-0.125) yaw_deg=-140.8 failsafe=False age_s=(0.13,0.02) arm_torque_nm=0.096 motors=[517.58,907.35,516.91,926.68,554.08,906.68,554.75,927.34][0m
[0m[INFO] [1786173729.990821056] [my_drone_dds_wasd_control]: STATE arm=2 nav=18 NED=(0.708,0.100,0.604) vel=(0.185,0.006,-0.043) yaw_deg=-145.2 failsafe=False age_s=(0.12,0.02) arm_torque_nm=0.003 motors=[558.15,952.47,558.63,903.95,566.73,952.95,566.26,903.48][0m
[0m[INFO] [1786173731.011159846] [my_drone_dds_wasd_control]: STATE arm=2 nav=18 NED=(1.000,0.157,0.697) vel=(0.646,0.107,0.029) yaw_deg=-143.7 failsafe=False age_s=(0.16,0.01) arm_torque_nm=0.072 motors=[500.50,941.04,497.73,1000.00,624.06,938.27,626.83,1000.00][0m
[0m[INFO] [1786173732.014620250] [my_drone_dds_wasd_control]: STATE arm=2 nav=18 NED=(1.668,0.137,0.652) vel=(0.376,-0.085,-0.037) yaw_deg=-147.6 failsafe=False age_s=(0.15,0.01) arm_torque_nm=0.213 motors=[648.12,948.62,649.09,890.14,624.77,949.60,623.79,889.16][0m
[0m[INFO] [1786173733.062254511] [my_drone_dds_wasd_control]: STATE arm=2 nav=18 NED=(0.956,-0.525,0.566) vel=(-1.732,-0.937,-0.235) yaw_deg=161.6 failsafe=False age_s=(0.20,0.02) arm_torque_nm=0.000 motors=[913.87,789.66,918.25,720.96,616.00,794.04,611.63,716.59][0m
[0m[INFO] [1786173734.063348465] [my_drone_dds_wasd_control]: STATE arm=2 nav=18 NED=(-2.424,-1.161,0.542) vel=(-3.108,-0.123,-0.545) yaw_deg=52.9 failsafe=False age_s=(0.19,0.02) arm_torque_nm=0.705 motors=[702.29,966.55,708.33,684.29,478.93,972.59,472.89,678.25][0m
[0m[INFO] [1786173735.063211598] [my_drone_dds_wasd_control]: STATE arm=2 nav=18 NED=(-4.880,-1.703,0.363) vel=(-1.680,-0.842,-0.409) yaw_deg=84.6 failsafe=False age_s=(0.18,0.02) arm_torque_nm=0.000 motors=[733.04,934.46,738.50,788.22,421.33,939.93,415.87,782.75][0m
[0m[INFO] [1786173736.114660717] [my_drone_dds_wasd_control]: STATE arm=2 nav=18 NED=(-6.024,-2.972,0.285) vel=(-0.724,-1.218,-0.323) yaw_deg=49.1 failsafe=False age_s=(0.22,0.01) arm_torque_nm=0.000 motors=[657.81,956.01,662.18,823.50,423.99,960.38,419.61,819.12][0m
[0m[INFO] [1786173737.123531788] [my_drone_dds_wasd_control]: STATE arm=2 nav=18 NED=(-6.564,-4.242,0.380) vel=(-0.426,-1.561,-0.125) yaw_deg=59.4 failsafe=False age_s=(0.21,0.01) arm_torque_nm=0.000 motors=[562.63,943.71,562.71,986.02,513.42,943.79,513.34,985.93][0m
[0m[INFO] [1786173738.167161499] [my_drone_dds_wasd_control]: STATE arm=2 nav=18 NED=(-6.591,-5.991,0.424) vel=(0.099,-2.049,-0.074) yaw_deg=58.4 failsafe=False age_s=(0.26,0.02) arm_torque_nm=0.000 motors=[533.84,978.17,533.39,962.98,587.08,977.71,587.53,963.43][0m
[0m[INFO] [1786173739.166749050] [my_drone_dds_wasd_control]: STATE arm=2 nav=18 NED=(-6.544,-7.823,0.407) vel=(0.083,-1.244,-0.086) yaw_deg=78.9 failsafe=False age_s=(0.25,0.02) arm_torque_nm=0.000 motors=[624.08,907.82,624.52,896.90,598.67,908.26,598.24,896.47][0m
[0m[INFO] [1786173740.218776703] [my_drone_dds_wasd_control]: STATE arm=2 nav=18 NED=(-6.284,-7.916,0.512) vel=(0.236,0.425,0.146) yaw_deg=145.1 failsafe=False age_s=(0.29,0.01) arm_torque_nm=0.000 motors=[325.10,749.83,311.79,1000.00,1000.00,736.53,1000.00,1000.00][0m
[0m[INFO] [1786173741.210560853] [my_drone_dds_wasd_control]: STATE arm=2 nav=18 NED=(-6.183,-7.765,0.520) vel=(0.010,-0.181,-0.076) yaw_deg=-139.1 failsafe=False age_s=(0.28,0.01) arm_torque_nm=0.234 motors=[778.95,1000.00,786.74,797.80,446.28,1000.00,438.49,790.01][0m
[0m[INFO] [1786173742.269781326] [my_drone_dds_wasd_control]: STATE arm=2 nav=18 NED=(-5.810,-7.491,0.550) vel=(0.169,0.535,-0.029) yaw_deg=-129.6 failsafe=False age_s=(0.32,0.02) arm_torque_nm=0.002 motors=[447.88,870.67,439.65,1000.00,813.51,862.44,821.73,1000.00][0m
[0m[INFO] [1786173746.211905268] [my_drone_dds_wasd_control]: STATE arm=2 nav=18 NED=(-5.483,-7.278,0.582) vel=(0.287,-0.088,-0.040) yaw_deg=169.5 failsafe=False age_s=(0.35,0.01) arm_torque_nm=0.073 motors=[866.42,1000.00,878.76,688.79,404.86,1000.00,392.53,676.45][0m
[0m[INFO] [1786173747.214984966] [my_drone_dds_wasd_control]: STATE arm=2 nav=18 NED=(-4.982,-6.884,0.632) vel=(0.461,1.121,-0.066) yaw_deg=-146.9 failsafe=False age_s=(0.35,0.02) arm_torque_nm=0.000 motors=[419.46,807.41,409.14,1000.00,938.66,797.09,948.98,1000.00][0m
[0m[INFO] [1786173748.267926731] [my_drone_dds_wasd_control]: STATE arm=2 nav=18 NED=(-4.369,-5.745,0.640) vel=(1.043,0.209,-0.121) yaw_deg=-143.5 failsafe=False age_s=(0.39,0.01) arm_torque_nm=0.468 motors=[898.85,1000.00,908.65,755.88,496.49,1000.00,486.69,746.08][0m
[0m[INFO] [1786173749.266197785] [my_drone_dds_wasd_control]: STATE arm=2 nav=18 NED=(-3.040,-5.505,0.752) vel=(1.780,1.419,0.204) yaw_deg=149.1 failsafe=False age_s=(0.38,0.01) arm_torque_nm=0.000 motors=[680.19,1000.00,677.40,1000.00,917.28,1000.00,920.07,1000.00][0m
[0m[INFO] [1786173750.270560697] [my_drone_dds_wasd_control]: STATE arm=2 nav=18 NED=(-1.755,-3.128,0.905) vel=(0.812,2.683,0.185) yaw_deg=-83.0 failsafe=False age_s=(0.37,0.00) arm_torque_nm=0.255 motors=[661.48,851.13,652.51,1000.00,905.78,842.16,914.75,1000.00][0m
[0m[INFO] [1786173751.319541472] [my_drone_dds_wasd_control]: STATE arm=2 nav=18 NED=(1.248,-0.830,1.002) vel=(4.467,0.157,0.235) yaw_deg=-156.1 failsafe=False age_s=(0.42,0.01) arm_torque_nm=0.000 motors=[1000.00,1000.00,1000.00,726.61,783.76,1000.00,772.45,715.29][0m
[0m[INFO] [1786173752.363772782] [my_drone_dds_wasd_control]: STATE arm=2 nav=18 NED=(3.790,-1.578,0.951) vel=(0.625,-1.078,0.128) yaw_deg=-18.1 failsafe=False age_s=(0.46,0.00) arm_torque_nm=0.000 motors=[876.86,1000.00,886.36,847.28,738.20,1000.00,728.70,837.78][0m
[0m[INFO] [1786173753.366322414] [my_drone_dds_wasd_control]: STATE arm=2 nav=18 NED=(2.906,-3.566,0.974) vel=(-1.390,-0.785,0.123) yaw_deg=165.2 failsafe=False age_s=(0.45,0.01) arm_torque_nm=0.001 motors=[1000.00,1000.00,1000.00,722.57,375.17,1000.00,353.62,701.01][0m
[0m[INFO] [1786173754.414183355] [my_drone_dds_wasd_control]: STATE arm=2 nav=18 NED=(3.242,-4.283,0.842) vel=(1.229,-1.571,-0.164) yaw_deg=59.9 failsafe=False age_s=(0.49,0.02) arm_torque_nm=0.000 motors=[871.25,1000.00,877.21,902.36,792.33,1000.00,786.38,896.41][0m
[0m[INFO] [1786173755.420556395] [my_drone_dds_wasd_control]: STATE arm=2 nav=18 NED=(5.642,-7.300,0.707) vel=(3.202,-4.505,-0.142) yaw_deg=21.2 failsafe=False age_s=(0.48,0.01) arm_torque_nm=0.010 motors=[821.15,1000.00,823.44,948.19,897.57,1000.00,895.28,945.89][0m
[0m[INFO] [1786173756.472595301] [my_drone_dds_wasd_control]: STATE arm=2 nav=18 NED=(9.616,-12.914,0.488) vel=(3.604,-5.238,-0.333) yaw_deg=3.9 failsafe=False age_s=(0.02,0.00) arm_torque_nm=0.000 motors=[903.37,1000.00,904.81,1000.00,745.87,1000.00,744.43,1000.00][0m
[0m[INFO] [1786173757.513859294] [my_drone_dds_wasd_control]: STATE arm=2 nav=18 NED=(12.258,-14.995,0.637) vel=(1.152,0.388,-0.317) yaw_deg=12.0 failsafe=False age_s=(0.06,0.01) arm_torque_nm=0.660 motors=[712.93,944.88,707.70,1000.00,1000.00,939.65,1000.00,1000.00][0m
[0m[INFO] [1786173758.526001328] [my_drone_dds_wasd_control]: STATE arm=2 nav=18 NED=(14.780,-14.358,0.629) vel=(4.385,-0.092,-0.130) yaw_deg=-7.2 failsafe=False age_s=(0.05,0.02) arm_torque_nm=0.314 motors=[941.01,1000.00,943.88,930.03,950.13,1000.00,947.26,927.17][0m
[0m[INFO] [1786173759.566974583] [my_drone_dds_wasd_control]: STATE arm=2 nav=18 NED=(20.648,-16.952,0.559) vel=(5.141,-3.828,-0.223) yaw_deg=16.4 failsafe=False age_s=(0.10,0.01) arm_torque_nm=0.518 motors=[750.99,1000.00,747.03,1000.00,904.22,1000.00,908.18,1000.00][0m
[0m[INFO] [1786173760.613747871] [my_drone_dds_wasd_control]: STATE arm=2 nav=18 NED=(23.313,-20.131,0.667) vel=(0.706,-1.229,-0.175) yaw_deg=-0.9 failsafe=False age_s=(0.14,0.02) arm_torque_nm=0.000 motors=[769.85,1000.00,766.82,1000.00,1000.00,1000.00,1000.00,1000.00][0m
[0m[INFO] [1786173761.617321599] [my_drone_dds_wasd_control]: STATE arm=2 nav=18 NED=(25.375,-21.236,0.648) vel=(4.451,-1.441,0.492) yaw_deg=77.2 failsafe=False age_s=(0.13,0.02) arm_torque_nm=0.000 motors=[813.80,952.26,808.21,1000.00,1000.00,946.67,1000.00,1000.00][0m
[0m[INFO] [1786173762.669348415] [my_drone_dds_wasd_control]: STATE arm=2 nav=18 NED=(31.116,-22.287,0.653) vel=(4.968,-2.189,-0.055) yaw_deg=151.0 failsafe=False age_s=(0.17,0.01) arm_torque_nm=0.001 motors=[1000.00,982.18,1000.00,1000.00,824.99,982.98,824.20,1000.00][0m
[0m[INFO] [1786173763.674487832] [my_drone_dds_wasd_control]: STATE arm=2 nav=18 NED=(33.430,-25.779,0.615) vel=(0.839,-3.982,-0.086) yaw_deg=31.0 failsafe=False age_s=(0.17,0.00) arm_torque_nm=0.001 motors=[1000.00,1000.00,1000.00,668.53,814.74,1000.00,802.51,656.29][0m
[0m[INFO] [1786173764.713956998] [my_drone_dds_wasd_control]: STATE arm=2 nav=18 NED=(33.779,-32.169,0.627) vel=(-0.874,-6.775,-0.094) yaw_deg=-105.9 failsafe=False age_s=(0.21,0.02) arm_torque_nm=0.000 motors=[1000.00,1000.00,1000.00,705.09,493.88,1000.00,474.75,685.95][0m
[0m[INFO] [1786173765.717995777] [my_drone_dds_wasd_control]: STATE arm=2 nav=18 NED=(33.700,-37.162,0.661) vel=(0.541,-4.306,-0.024) yaw_deg=72.4 failsafe=False age_s=(0.20,0.01) arm_torque_nm=0.000 motors=[1000.00,1000.00,1000.00,909.90,686.15,1000.00,676.50,900.25][0m
[0m[INFO] [1786173766.776745723] [my_drone_dds_wasd_control]: STATE arm=2 nav=18 NED=(34.328,-42.937,0.539) vel=(0.405,-6.334,-0.442) yaw_deg=-0.6 failsafe=False age_s=(0.24,0.01) arm_torque_nm=0.000 motors=[981.86,1000.00,987.53,873.83,780.88,1000.00,775.22,868.17][0m
[0m[INFO] [1786173767.762749761] [my_drone_dds_wasd_control]: STATE arm=2 nav=18 NED=(34.693,-48.777,0.094) vel=(0.883,-4.747,-0.456) yaw_deg=-39.6 failsafe=False age_s=(0.23,0.01) arm_torque_nm=0.000 motors=[998.37,965.52,1000.00,957.87,757.85,968.49,754.89,954.90][0m
[0m[INFO] [1786173768.814890916] [my_drone_dds_wasd_control]: STATE arm=2 nav=18 NED=(36.649,-51.462,-0.017) vel=(3.001,-0.853,0.064) yaw_deg=-54.4 failsafe=False age_s=(0.27,0.02) arm_torque_nm=0.000 motors=[996.26,1000.00,998.00,1000.00,837.73,1000.00,835.98,1000.00][0m
[0m[INFO] [1786173769.815348121] [my_drone_dds_wasd_control]: STATE arm=2 nav=18 NED=(39.019,-50.420,0.211) vel=(1.251,2.572,0.519) yaw_deg=-57.3 failsafe=False age_s=(0.27,0.02) arm_torque_nm=0.000 motors=[819.57,1000.00,819.81,1000.00,886.20,1000.00,885.96,1000.00][0m
[0m[INFO] [1786173770.813811727] [my_drone_dds_wasd_control]: STATE arm=2 nav=18 NED=(37.491,-47.507,0.737) vel=(-2.763,2.969,0.046) yaw_deg=6.6 failsafe=False age_s=(0.26,0.02) arm_torque_nm=0.000 motors=[867.88,945.98,863.43,1000.00,983.96,941.53,988.41,1000.00][0m
[0m[INFO] [1786173771.861411324] [my_drone_dds_wasd_control]: STATE arm=2 nav=18 NED=(33.786,-44.615,0.331) vel=(-3.859,2.124,-0.426) yaw_deg=-28.3 failsafe=False age_s=(0.30,0.00) arm_torque_nm=0.000 motors=[893.64,1000.00,896.85,826.60,877.32,1000.00,874.10,823.38][0m
[0m[INFO] [1786173772.867593651] [my_drone_dds_wasd_control]: STATE arm=2 nav=18 NED=(29.803,-45.097,0.201) vel=(-4.421,-2.818,0.212) yaw_deg=-46.2 failsafe=False age_s=(0.29,0.01) arm_torque_nm=0.000 motors=[978.27,1000.00,980.82,941.64,951.74,1000.00,949.20,939.09][0m
[0m[INFO] [1786173773.861833721] [my_drone_dds_wasd_control]: STATE arm=2 nav=18 NED=(24.757,-48.912,0.371) vel=(-5.150,-3.170,0.225) yaw_deg=-61.9 failsafe=False age_s=(0.28,0.01) arm_torque_nm=0.000 motors=[994.40,1000.00,996.34,1000.00,751.51,1000.00,749.58,1000.00][0m
[0m[INFO] [1786173774.869867411] [my_drone_dds_wasd_control]: STATE arm=2 nav=18 NED=(21.278,-49.378,0.740) vel=(-1.778,-0.038,-0.427) yaw_deg=-130.9 failsafe=False age_s=(0.28,0.00) arm_torque_nm=2.051 motors=[925.78,935.55,926.24,879.07,944.37,936.00,943.92,878.62][0m
[0m[INFO] [1786173775.866146019] [my_drone_dds_wasd_control]: STATE arm=2 nav=18 NED=(18.187,-49.801,0.189) vel=(-3.948,-0.811,-0.552) yaw_deg=-95.9 failsafe=False age_s=(0.27,0.01) arm_torque_nm=0.000 motors=[812.75,844.74,810.35,962.17,896.04,842.34,898.44,964.57][0m
[0m[INFO] [1786173776.913168235] [my_drone_dds_wasd_control]: STATE arm=2 nav=18 NED=(14.883,-50.213,-0.245) vel=(-1.340,0.695,0.114) yaw_deg=-73.1 failsafe=False age_s=(0.31,0.02) arm_torque_nm=0.000 motors=[963.47,949.18,962.34,1000.00,823.47,948.05,824.60,1000.00][0m
[0m[INFO] [1786173777.966132323] [my_drone_dds_wasd_control]: STATE arm=2 nav=18 NED=(16.328,-46.873,0.837) vel=(1.726,4.290,-0.053) yaw_deg=-13.9 failsafe=False age_s=(0.35,0.01) arm_torque_nm=0.000 motors=[664.28,613.64,649.21,1000.00,1000.00,598.58,1000.00,1000.00][0m
[0m[INFO] [1786173781.670585837] [my_drone_dds_wasd_control]: STATE arm=2 nav=18 NED=(17.080,-40.472,0.807) vel=(-0.352,6.877,0.077) yaw_deg=88.3 failsafe=False age_s=(0.38,0.02) arm_torque_nm=0.059 motors=[583.64,843.11,569.95,1000.00,1000.00,829.42,1000.00,1000.00][0m
[0m[INFO] [1786173782.711341718] [my_drone_dds_wasd_control]: STATE arm=2 nav=18 NED=(17.396,-34.653,0.789) vel=(1.549,5.109,-0.036) yaw_deg=-130.6 failsafe=False age_s=(0.42,0.01) arm_torque_nm=0.013 motors=[721.71,825.29,711.04,1000.00,1000.00,814.63,1000.00,1000.00][0m
[0m[INFO] [1786173783.763527121] [my_drone_dds_wasd_control]: STATE arm=2 nav=18 NED=(21.126,-29.923,0.805) vel=(5.792,3.419,0.078) yaw_deg=-106.5 failsafe=False age_s=(0.46,0.02) arm_torque_nm=0.215 motors=[1000.00,1000.00,1000.00,949.28,855.01,1000.00,850.34,944.61][0m
[0m[INFO] [1786173784.811008433] [my_drone_dds_wasd_control]: STATE arm=2 nav=18 NED=(28.202,-28.691,0.859) vel=(7.776,1.003,0.283) yaw_deg=133.6 failsafe=False age_s=(0.50,0.01) arm_torque_nm=0.000 motors=[923.95,1000.00,928.82,834.38,961.94,1000.00,957.08,829.52][0m
[0m[INFO] [1786173785.863159707] [my_drone_dds_wasd_control]: STATE arm=2 nav=18 NED=(38.100,-26.598,0.833) vel=(10.564,1.719,-0.126) yaw_deg=116.5 failsafe=False age_s=(0.04,0.02) arm_torque_nm=0.406 motors=[771.11,815.43,761.63,1000.00,1000.00,805.95,1000.00,1000.00][0m
[0m[INFO] [1786173786.866744801] [my_drone_dds_wasd_control]: STATE arm=2 nav=18 NED=(47.580,-25.048,0.779) vel=(7.950,0.638,0.268) yaw_deg=-112.2 failsafe=False age_s=(0.03,0.02) arm_torque_nm=0.147 motors=[551.76,735.68,534.74,1000.00,1000.00,718.66,1000.00,1000.00][0m
[0m[INFO] [1786173787.916798152] [my_drone_dds_wasd_control]: STATE arm=2 nav=18 NED=(53.946,-24.172,0.835) vel=(4.413,0.792,0.049) yaw_deg=24.9 failsafe=False age_s=(0.07,0.01) arm_torque_nm=0.000 motors=[723.34,852.20,713.20,1000.00,1000.00,842.06,1000.00,1000.00][0m
[0m[INFO] [1786173788.915153853] [my_drone_dds_wasd_control]: STATE arm=2 nav=18 NED=(56.709,-24.024,0.813) vel=(1.620,-0.700,0.131) yaw_deg=139.6 failsafe=False age_s=(0.07,0.01) arm_torque_nm=0.000 motors=[728.53,779.94,716.79,1000.00,1000.00,768.20,1000.00,1000.00][0m
[0m[INFO] [1786173789.915567901] [my_drone_dds_wasd_control]: STATE arm=2 nav=18 NED=(58.273,-25.955,0.835) vel=(2.190,-3.701,0.053) yaw_deg=-149.9 failsafe=False age_s=(0.06,0.01) arm_torque_nm=0.000 motors=[828.21,862.34,820.82,1000.00,1000.00,854.95,1000.00,1000.00][0m
[0m[INFO] [1786173790.961719680] [my_drone_dds_wasd_control]: STATE arm=2 nav=18 NED=(62.918,-30.195,0.859) vel=(6.093,-2.477,0.037) yaw_deg=-45.7 failsafe=False age_s=(0.10,0.02) arm_torque_nm=0.000 motors=[537.18,945.38,524.82,1000.00,1000.00,933.02,1000.00,1000.00][0m
[0m[INFO] [1786173791.964804442] [my_drone_dds_wasd_control]: STATE arm=2 nav=18 NED=(67.884,-30.893,0.854) vel=(4.797,-0.704,-0.049) yaw_deg=111.8 failsafe=False age_s=(0.09,0.02) arm_torque_nm=0.000 motors=[828.73,1000.00,825.95,987.33,1000.00,1000.00,1000.00,990.11][0m
[0m[INFO] [1786173793.015924612] [my_drone_dds_wasd_control]: STATE arm=2 nav=18 NED=(74.130,-30.628,0.589) vel=(5.662,1.834,-0.277) yaw_deg=141.0 failsafe=False age_s=(0.13,0.01) arm_torque_nm=0.000 motors=[943.88,917.04,941.82,987.82,1000.00,914.98,1000.00,989.88][0m
[0m[INFO] [1786173794.013361221] [my_drone_dds_wasd_control]: STATE arm=2 nav=18 NED=(77.290,-28.584,0.680) vel=(0.562,0.820,0.994) yaw_deg=163.5 failsafe=False age_s=(0.13,0.01) arm_torque_nm=0.000 motors=[1000.00,839.28,1000.00,1000.00,970.68,836.52,973.44,1000.00][0m
[0m[INFO] [1786173795.026140425] [my_drone_dds_wasd_control]: STATE arm=2 nav=18 NED=(78.060,-29.652,0.809) vel=(2.453,-1.586,0.229) yaw_deg=-142.0 failsafe=False age_s=(0.12,0.01) arm_torque_nm=0.000 motors=[727.18,1000.00,723.64,1000.00,1000.00,1000.00,1000.00,1000.00][0m
[0m[INFO] [1786173796.015337121] [my_drone_dds_wasd_control]: STATE arm=2 nav=18 NED=(80.974,-29.376,0.764) vel=(2.096,1.405,-0.270) yaw_deg=-46.0 failsafe=False age_s=(0.11,0.01) arm_torque_nm=0.609 motors=[858.65,970.85,855.54,1000.00,926.86,967.75,929.97,1000.00][0m
[0m[INFO] [1786173797.064264216] [my_drone_dds_wasd_control]: STATE arm=2 nav=18 NED=(82.044,-25.096,0.802) vel=(-0.181,6.573,0.377) yaw_deg=17.2 failsafe=False age_s=(0.15,0.02) arm_torque_nm=0.001 motors=[738.64,770.73,726.92,1000.00,1000.00,759.01,1000.00,1000.00][0m
[0m[INFO] [1786173798.113196475] [my_drone_dds_wasd_control]: STATE arm=2 nav=18 NED=(80.555,-17.592,0.769) vel=(-2.966,5.972,0.354) yaw_deg=39.7 failsafe=False age_s=(0.19,0.01) arm_torque_nm=0.000 motors=[738.05,1000.00,736.37,1000.00,998.14,1000.00,999.81,1000.00][0m
[0m[INFO] [1786173799.115087071] [my_drone_dds_wasd_control]: STATE arm=2 nav=18 NED=(78.397,-14.469,0.765) vel=(-1.468,2.677,-0.023) yaw_deg=-151.0 failsafe=False age_s=(0.19,0.01) arm_torque_nm=0.410 motors=[507.80,754.74,490.19,1000.00,1000.00,737.13,1000.00,1000.00][0m
[0m[INFO] [1786173800.164393123] [my_drone_dds_wasd_control]: STATE arm=2 nav=18 NED=(76.674,-10.775,0.789) vel=(-2.006,4.080,-0.038) yaw_deg=-0.7 failsafe=False age_s=(0.23,0.02) arm_torque_nm=0.000 motors=[793.76,841.97,785.06,1000.00,1000.00,833.27,1000.00,1000.00][0m
[0m[INFO] [1786173801.212003665] [my_drone_dds_wasd_control]: STATE arm=2 nav=18 NED=(74.282,-5.932,0.499) vel=(-1.872,4.580,-0.432) yaw_deg=63.2 failsafe=False age_s=(0.27,0.01) arm_torque_nm=0.001 motors=[785.22,889.32,780.00,1000.00,1000.00,884.10,1000.00,1000.00][0m
[0m[INFO] [1786173802.262552875] [my_drone_dds_wasd_control]: STATE arm=2 nav=18 NED=(73.170,-2.188,-0.025) vel=(-0.550,2.333,-0.411) yaw_deg=96.5 failsafe=False age_s=(0.31,0.02) arm_torque_nm=0.000 motors=[805.84,906.86,802.88,1000.00,898.43,903.90,901.39,1000.00][0m
[0m[INFO] [1786173803.315807099] [my_drone_dds_wasd_control]: STATE arm=2 nav=18 NED=(71.075,-2.909,0.348) vel=(-3.641,-3.915,1.928) yaw_deg=132.4 failsafe=False age_s=(0.35,0.01) arm_torque_nm=0.000 motors=[915.29,1000.00,914.01,1000.00,846.07,1000.00,847.35,1000.00][0m
[0m[INFO] [1786173804.362646858] [my_drone_dds_wasd_control]: STATE arm=2 nav=18 NED=(69.654,-6.140,0.959) vel=(0.266,-1.412,-0.105) yaw_deg=-140.8 failsafe=False age_s=(0.04,0.02) arm_torque_nm=0.000 motors=[297.75,242.06,264.64,1000.00,1000.00,208.95,1000.00,1000.00][0m
[0m[INFO] [1786173805.364625696] [my_drone_dds_wasd_control]: STATE arm=2 nav=18 NED=(69.985,-7.077,1.076) vel=(-0.401,-0.658,0.116) yaw_deg=147.0 failsafe=False age_s=(0.08,0.02) arm_torque_nm=0.002 motors=[1000.00,890.92,1000.00,1000.00,1000.00,890.85,1000.00,1000.00][0m
[0m[INFO] [1786173806.414536017] [my_drone_dds_wasd_control]: STATE arm=2 nav=18 NED=(69.816,-7.171,0.960) vel=(-0.080,0.038,0.026) yaw_deg=135.7 failsafe=False age_s=(0.12,0.01) arm_torque_nm=0.000 motors=[1000.00,939.34,1000.00,1000.00,923.14,938.98,923.51,1000.00][0m
[0m[INFO] [1786173807.466360712] [my_drone_dds_wasd_control]: STATE arm=2 nav=18 NED=(69.810,-7.176,0.918) vel=(-0.040,0.033,0.007) yaw_deg=136.1 failsafe=False age_s=(0.16,0.02) arm_torque_nm=0.000 motors=[1000.00,955.26,1000.00,1000.00,937.38,954.92,937.72,1000.00][0m
[0m[INFO] [1786173808.464225398] [my_drone_dds_wasd_control]: STATE arm=2 nav=18 NED=(69.846,-7.193,0.880) vel=(-0.011,0.013,-0.008) yaw_deg=136.3 failsafe=False age_s=(0.15,0.02) arm_torque_nm=0.000 motors=[1000.00,956.39,1000.00,1000.00,936.43,956.09,936.72,1000.00][0m
[0m[INFO] [1786173809.514135249] [my_drone_dds_wasd_control]: STATE arm=2 nav=18 NED=(69.837,-7.197,0.867) vel=(-0.012,0.016,-0.009) yaw_deg=136.6 failsafe=False age_s=(0.19,0.01) arm_torque_nm=0.000 motors=[1000.00,956.54,1000.00,1000.00,936.07,956.25,936.36,1000.00][0m
[0m[INFO] [1786173810.564782964] [my_drone_dds_wasd_control]: STATE arm=2 nav=18 NED=(69.829,-7.209,0.849) vel=(-0.008,0.015,-0.012) yaw_deg=136.9 failsafe=False age_s=(0.24,0.02) arm_torque_nm=0.000 motors=[1000.00,957.17,1000.00,1000.00,935.95,956.91,936.22,1000.00][0m
[0m[INFO] [1786173811.577278570] [my_drone_dds_wasd_control]: STATE arm=2 nav=18 NED=(69.813,-7.215,0.834) vel=(-0.009,0.021,-0.016) yaw_deg=137.3 failsafe=False age_s=(0.23,0.02) arm_torque_nm=0.000 motors=[1000.00,956.80,1000.00,1000.00,935.84,956.55,936.10,1000.00][0m
[0m[INFO] [1786173812.616152366] [my_drone_dds_wasd_control]: STATE arm=2 nav=18 NED=(69.764,-7.216,0.844) vel=(-0.023,0.034,-0.009) yaw_deg=137.9 failsafe=False age_s=(0.27,0.01) arm_torque_nm=0.000 motors=[1000.00,957.05,1000.00,1000.00,935.87,956.80,936.12,1000.00][0m
[0m[INFO] [1786173813.664416071] [my_drone_dds_wasd_control]: STATE arm=2 nav=18 NED=(69.726,-7.235,0.834) vel=(-0.030,0.034,-0.011) yaw_deg=138.7 failsafe=False age_s=(0.31,0.02) arm_torque_nm=0.000 motors=[1000.00,957.07,1000.00,1000.00,935.39,956.83,935.63,1000.00][0m
[0m[INFO] [1786173817.566096038] [my_drone_dds_wasd_control]: STATE arm=2 nav=18 NED=(69.724,-7.247,0.813) vel=(-0.025,0.034,-0.015) yaw_deg=139.1 failsafe=False age_s=(0.33,0.02) arm_torque_nm=0.000 motors=[1000.00,957.39,1000.00,1000.00,935.37,957.18,935.59,1000.00][0m
[0m[INFO] [1786173818.563171651] [my_drone_dds_wasd_control]: STATE arm=2 nav=18 NED=(69.709,-7.243,0.809) vel=(-0.025,0.041,-0.013) yaw_deg=139.4 failsafe=False age_s=(0.32,0.02) arm_torque_nm=0.000 motors=[1000.00,957.61,1000.00,1000.00,934.80,957.40,935.01,1000.00][0m
[0m[INFO] [1786173819.617129612] [my_drone_dds_wasd_control]: STATE arm=2 nav=18 NED=(69.713,-7.265,0.813) vel=(-0.012,0.032,-0.010) yaw_deg=139.9 failsafe=False age_s=(0.36,0.01) arm_torque_nm=0.000 motors=[1000.00,958.65,1000.00,1000.00,933.60,958.48,933.77,1000.00][0m
[0m[INFO] [1786173820.624872362] [my_drone_dds_wasd_control]: STATE arm=2 nav=18 NED=(69.733,-7.287,0.823) vel=(0.003,0.031,-0.006) yaw_deg=140.7 failsafe=False age_s=(0.35,0.01) arm_torque_nm=0.000 motors=[1000.00,959.45,1000.00,1000.00,933.45,959.31,933.59,1000.00][0m
[0m[INFO] [1786173821.664220082] [my_drone_dds_wasd_control]: STATE arm=2 nav=18 NED=(69.722,-7.328,0.813) vel=(-0.004,0.027,-0.009) yaw_deg=141.9 failsafe=False age_s=(0.39,0.02) arm_torque_nm=0.000 motors=[1000.00,959.67,1000.00,1000.00,933.37,959.56,933.48,1000.00][0m
[0m[INFO] [1786173822.711505757] [my_drone_dds_wasd_control]: STATE arm=2 nav=18 NED=(69.727,-7.329,0.812) vel=(-0.048,-0.050,0.008) yaw_deg=142.4 failsafe=False age_s=(0.44,0.01) arm_torque_nm=0.000 motors=[1000.00,943.49,1000.00,1000.00,898.92,943.39,899.01,1000.00][0m
[0m[INFO] [1786173823.713036012] [my_drone_dds_wasd_control]: STATE arm=2 nav=18 NED=(69.741,-7.346,0.812) vel=(-0.027,-0.024,-0.008) yaw_deg=143.1 failsafe=False age_s=(0.43,0.01) arm_torque_nm=0.000 motors=[1000.00,962.14,1000.00,1000.00,925.30,962.09,925.34,1000.00][0m
[0m[INFO] [1786173824.766798848] [my_drone_dds_wasd_control]: STATE arm=2 nav=18 NED=(69.732,-7.395,0.818) vel=(-0.102,-0.267,-0.004) yaw_deg=143.5 failsafe=False age_s=(0.47,0.02) arm_torque_nm=0.000 motors=[1000.00,973.83,1000.00,1000.00,904.67,973.80,904.70,1000.00][0m
[0m[INFO] [1786173825.819065404] [my_drone_dds_wasd_control]: STATE arm=2 nav=18 NED=(69.706,-7.466,0.813) vel=(-0.008,-0.220,-0.004) yaw_deg=145.5 failsafe=False age_s=(0.01,0.01) arm_torque_nm=0.000 motors=[1000.00,970.67,1000.00,1000.00,921.61,970.81,921.47,1000.00][0m
[0m[INFO] [1786173826.811432177] [my_drone_dds_wasd_control]: STATE arm=2 nav=18 NED=(69.679,-7.510,0.800) vel=(-0.025,-0.092,-0.006) yaw_deg=145.9 failsafe=False age_s=(0.50,0.01) arm_torque_nm=0.000 motors=[1000.00,967.64,1000.00,1000.00,925.37,967.78,925.23,1000.00][0m
[0m[INFO] [1786173827.864374010] [my_drone_dds_wasd_control]: STATE arm=2 nav=18 NED=(69.689,-7.527,0.796) vel=(-0.012,-0.099,-0.006) yaw_deg=146.7 failsafe=False age_s=(0.04,0.02) arm_torque_nm=0.000 motors=[1000.00,966.28,1000.00,1000.00,926.65,966.46,926.47,1000.00][0m
[0m[INFO] [1786173828.917682696] [my_drone_dds_wasd_control]: STATE arm=2 nav=18 NED=(69.686,-7.589,0.796) vel=(-0.008,-0.133,-0.005) yaw_deg=147.7 failsafe=False age_s=(0.08,0.01) arm_torque_nm=0.000 motors=[1000.00,965.21,1000.00,1000.00,927.47,965.38,927.29,1000.00][0m
[0m[INFO] [1786173829.972674362] [my_drone_dds_wasd_control]: STATE arm=2 nav=18 NED=(69.685,-7.666,0.806) vel=(-0.006,-0.122,-0.001) yaw_deg=148.4 failsafe=False age_s=(0.12,0.02) arm_torque_nm=0.000 motors=[1000.00,965.57,1000.00,1000.00,927.40,965.75,927.22,1000.00][0m
[0m[INFO] [1786173830.969958599] [my_drone_dds_wasd_control]: STATE arm=2 nav=18 NED=(69.687,-7.748,0.825) vel=(-0.002,-0.148,0.005) yaw_deg=149.1 failsafe=False age_s=(0.12,0.02) arm_torque_nm=0.000 motors=[1000.00,967.20,1000.00,1000.00,925.50,967.43,925.27,1000.00][0m
[0m[INFO] [1786173832.018053830] [my_drone_dds_wasd_control]: STATE arm=2 nav=18 NED=(69.708,-7.832,0.821) vel=(0.009,-0.131,0.002) yaw_deg=149.7 failsafe=False age_s=(0.16,0.01) arm_torque_nm=0.000 motors=[1000.00,967.18,1000.00,1000.00,925.45,967.42,925.21,1000.00][0m
[0m[INFO] [1786173833.062407560] [my_drone_dds_wasd_control]: STATE arm=2 nav=18 NED=(69.706,-7.947,0.806) vel=(0.008,-0.198,-0.004) yaw_deg=150.8 failsafe=False age_s=(0.20,0.02) arm_torque_nm=0.000 motors=[1000.00,969.20,1000.00,1000.00,923.26,969.50,922.96,1000.00][0m
[0m[INFO] [1786173834.066157585] [my_drone_dds_wasd_control]: STATE arm=2 nav=18 NED=(69.704,-8.110,0.786) vel=(0.009,-0.179,-0.010) yaw_deg=151.2 failsafe=False age_s=(0.19,0.02) arm_torque_nm=0.000 motors=[1000.00,970.09,1000.00,1000.00,922.85,970.43,922.51,1000.00][0m
[0m[INFO] [1786173835.113519318] [my_drone_dds_wasd_control]: STATE arm=2 nav=18 NED=(69.685,-8.296,0.806) vel=(-0.002,-0.196,0.001) yaw_deg=151.7 failsafe=False age_s=(0.23,0.01) arm_torque_nm=0.000 motors=[1000.00,971.30,1000.00,1000.00,921.67,971.69,921.28,1000.00][0m
[0m[INFO] [1786173836.112310814] [my_drone_dds_wasd_control]: STATE arm=2 nav=18 NED=(69.683,-8.495,0.804) vel=(0.000,-0.186,0.000) yaw_deg=152.0 failsafe=False age_s=(0.23,0.01) arm_torque_nm=0.000 motors=[1000.00,972.31,1000.00,1000.00,920.37,972.75,919.94,1000.00][0m
[0m[INFO] [1786173837.169963229] [my_drone_dds_wasd_control]: STATE arm=2 nav=18 NED=(69.690,-8.678,0.811) vel=(0.001,-0.155,0.003) yaw_deg=152.2 failsafe=False age_s=(0.27,0.02) arm_torque_nm=0.000 motors=[1000.00,972.91,1000.00,1000.00,919.75,973.39,919.27,1000.00][0m
[0m[INFO] [1786173838.213495463] [my_drone_dds_wasd_control]: STATE arm=2 nav=18 NED=(69.691,-8.846,0.816) vel=(0.000,-0.166,0.003) yaw_deg=152.5 failsafe=False age_s=(0.31,0.01) arm_torque_nm=0.000 motors=[1000.00,974.34,1000.00,1000.00,918.35,974.88,917.82,1000.00][0m
[0m[INFO] [1786173839.265853890] [my_drone_dds_wasd_control]: STATE arm=2 nav=18 NED=(69.683,-9.064,0.828) vel=(-0.005,-0.261,0.006) yaw_deg=153.0 failsafe=False age_s=(0.35,0.02) arm_torque_nm=0.000 motors=[1000.00,976.58,1000.00,1000.00,916.20,977.19,915.59,1000.00][0m
[0m[INFO] [1786173840.265673511] [my_drone_dds_wasd_control]: STATE arm=2 nav=18 NED=(69.680,-9.321,0.825) vel=(-0.005,-0.239,0.003) yaw_deg=153.1 failsafe=False age_s=(0.35,0.02) arm_torque_nm=0.000 motors=[1000.00,977.18,1000.00,1000.00,915.52,977.84,914.86,1000.00][0m
[0m[INFO] [1786173841.265046075] [my_drone_dds_wasd_control]: STATE arm=2 nav=18 NED=(69.670,-9.579,0.801) vel=(-0.007,-0.280,-0.003) yaw_deg=153.4 failsafe=False age_s=(0.34,0.02) arm_torque_nm=0.000 motors=[1000.00,979.14,1000.00,1000.00,913.20,979.86,912.47,1000.00][0m
[0m[INFO] [1786173842.320796232] [my_drone_dds_wasd_control]: STATE arm=2 nav=18 NED=(69.662,-9.884,0.817) vel=(-0.012,-0.252,0.002) yaw_deg=153.4 failsafe=False age_s=(0.38,0.01) arm_torque_nm=0.000 motors=[1000.00,981.70,1000.00,1000.00,910.91,982.48,910.13,1000.00][0m
[0m[INFO] [1786173843.318387993] [my_drone_dds_wasd_control]: STATE arm=2 nav=18 NED=(69.656,-10.144,0.812) vel=(-0.011,-0.256,-0.001) yaw_deg=153.4 failsafe=False age_s=(0.37,0.01) arm_torque_nm=0.000 motors=[1000.00,983.77,1000.00,1000.00,909.01,984.61,908.17,1000.00][0m
[0m[INFO] [1786173844.373820589] [my_drone_dds_wasd_control]: STATE arm=2 nav=18 NED=(69.667,-10.387,0.828) vel=(-0.002,-0.216,0.003) yaw_deg=153.5 failsafe=False age_s=(0.41,0.02) arm_torque_nm=0.000 motors=[1000.00,986.31,1000.00,1000.00,906.22,987.21,905.32,1000.00][0m
[0m[INFO] [1786173845.412788772] [my_drone_dds_wasd_control]: STATE arm=2 nav=18 NED=(69.681,-10.639,0.827) vel=(0.005,-0.230,0.000) yaw_deg=153.5 failsafe=False age_s=(0.46,0.01) arm_torque_nm=0.000 motors=[1000.00,988.57,1000.00,1000.00,904.03,989.53,903.07,1000.00][0m
[0m[INFO] [1786173846.415382943] [my_drone_dds_wasd_control]: STATE arm=2 nav=18 NED=(69.683,-10.838,0.826) vel=(0.003,-0.204,-0.000) yaw_deg=153.6 failsafe=False age_s=(0.45,0.01) arm_torque_nm=0.000 motors=[1000.00,990.57,1000.00,1000.00,901.78,991.58,900.78,1000.00][0m
[0m[INFO] [1786173847.463198055] [my_drone_dds_wasd_control]: STATE arm=2 nav=18 NED=(69.668,-11.113,0.819) vel=(-0.013,-0.303,-0.003) yaw_deg=154.1 failsafe=False age_s=(0.49,0.02) arm_torque_nm=0.000 motors=[1000.00,993.77,1000.00,1000.00,898.71,994.85,897.63,1000.00][0m
[0m[INFO] [1786173848.466651820] [my_drone_dds_wasd_control]: STATE arm=2 nav=18 NED=(69.654,-11.459,0.824) vel=(-0.014,-0.340,-0.001) yaw_deg=154.0 failsafe=False age_s=(0.48,0.02) arm_torque_nm=0.000 motors=[1000.00,996.72,1000.00,1000.00,895.76,997.88,894.61,1000.00][0m
[0m[INFO] [1786173852.113681141] [my_drone_dds_wasd_control]: STATE arm=2 nav=18 NED=(69.673,-11.837,0.819) vel=(0.002,-0.368,-0.001) yaw_deg=154.1 failsafe=False age_s=(0.01,0.02) arm_torque_nm=0.000 motors=[1000.00,1000.00,1000.00,1000.00,892.19,1000.00,890.95,1000.00][0m
[0m[INFO] [1786173853.167031973] [my_drone_dds_wasd_control]: STATE arm=2 nav=18 NED=(69.673,-12.232,0.814) vel=(0.000,-0.385,-0.003) yaw_deg=154.1 failsafe=False age_s=(0.05,0.01) arm_torque_nm=0.000 motors=[1000.00,1000.00,1000.00,1000.00,890.88,1000.00,889.60,1000.00][0m
[0m[INFO] [1786173854.214129963] [my_drone_dds_wasd_control]: STATE arm=2 nav=18 NED=(69.677,-12.644,0.807) vel=(0.003,-0.411,-0.003) yaw_deg=154.1 failsafe=False age_s=(0.10,0.02) arm_torque_nm=0.000 motors=[1000.00,1000.00,1000.00,1000.00,890.17,1000.00,888.87,1000.00][0m
[0m[INFO] [1786173855.263185466] [my_drone_dds_wasd_control]: STATE arm=2 nav=18 NED=(69.657,-13.090,0.820) vel=(-0.008,-0.439,0.003) yaw_deg=154.1 failsafe=False age_s=(0.14,0.01) arm_torque_nm=0.000 motors=[1000.00,1000.00,1000.00,1000.00,890.53,1000.00,889.23,1000.00][0m
[0m[INFO] [1786173856.315568177] [my_drone_dds_wasd_control]: STATE arm=2 nav=18 NED=(69.643,-13.562,0.817) vel=(-0.012,-0.336,0.002) yaw_deg=154.1 failsafe=False age_s=(0.18,0.02) arm_torque_nm=0.000 motors=[1000.00,1000.00,1000.00,1000.00,890.01,1000.00,888.69,1000.00][0m
[0m[INFO] [1786173857.368952477] [my_drone_dds_wasd_control]: STATE arm=2 nav=18 NED=(69.650,-14.040,0.840) vel=(-0.008,-0.491,0.007) yaw_deg=154.2 failsafe=False age_s=(0.22,0.01) arm_torque_nm=0.000 motors=[1000.00,1000.00,1000.00,1000.00,890.65,1000.00,889.37,1000.00][0m
[0m[INFO] [1786173858.365394246] [my_drone_dds_wasd_control]: STATE arm=2 nav=18 NED=(69.655,-14.501,0.837) vel=(-0.003,-0.511,0.003) yaw_deg=154.2 failsafe=False age_s=(0.21,0.01) arm_torque_nm=0.000 motors=[1000.00,998.64,1000.00,1000.00,894.07,999.86,892.85,1000.00][0m
[0m[INFO] [1786173859.418179719] [my_drone_dds_wasd_control]: STATE arm=2 nav=18 NED=(69.662,-15.023,0.837) vel=(-0.002,-0.533,0.001) yaw_deg=154.2 failsafe=False age_s=(0.26,0.02) arm_torque_nm=0.000 motors=[1000.00,1000.00,1000.00,1000.00,887.13,1000.00,885.81,1000.00][0m
[0m[INFO] [1786173860.474355401] [my_drone_dds_wasd_control]: STATE arm=2 nav=18 NED=(69.660,-15.629,0.843) vel=(-0.002,-0.580,0.001) yaw_deg=154.2 failsafe=False age_s=(0.30,0.01) arm_torque_nm=0.000 motors=[1000.00,1000.00,1000.00,1000.00,887.00,1000.00,885.63,1000.00][0m
[0m[INFO] [1786173861.511576707] [my_drone_dds_wasd_control]: STATE arm=2 nav=18 NED=(69.661,-16.273,0.840) vel=(-0.003,-0.626,0.001) yaw_deg=154.2 failsafe=False age_s=(0.34,0.02) arm_torque_nm=0.000 motors=[1000.00,1000.00,1000.00,1000.00,887.00,1000.00,885.62,1000.00][0m
[0m[INFO] [1786173862.510420851] [my_drone_dds_wasd_control]: STATE arm=2 nav=18 NED=(69.647,-16.927,0.839) vel=(-0.009,-0.669,0.001) yaw_deg=154.2 failsafe=False age_s=(0.33,0.02) arm_torque_nm=0.000 motors=[1000.00,1000.00,1000.00,1000.00,886.10,1000.00,884.71,1000.00][0m
[0m[INFO] [1786173863.562328714] [my_drone_dds_wasd_control]: STATE arm=2 nav=18 NED=(69.664,-17.651,0.834) vel=(0.000,-0.710,0.000) yaw_deg=154.2 failsafe=False age_s=(0.37,0.01) arm_torque_nm=0.000 motors=[1000.00,1000.00,1000.00,1000.00,885.69,1000.00,884.29,1000.00][0m
[0m[INFO] [1786173864.565813281] [my_drone_dds_wasd_control]: STATE arm=2 nav=18 NED=(69.687,-18.388,0.832) vel=(0.012,-0.754,-0.000) yaw_deg=154.3 failsafe=False age_s=(0.37,0.01) arm_torque_nm=0.000 motors=[1000.00,1000.00,1000.00,1000.00,885.21,1000.00,883.79,1000.00][0m
[0m[INFO] [1786173865.621210658] [my_drone_dds_wasd_control]: STATE arm=2 nav=18 NED=(69.687,-19.211,0.832) vel=(0.009,-0.812,-0.001) yaw_deg=154.3 failsafe=False age_s=(0.41,0.02) arm_torque_nm=0.000 motors=[1000.00,1000.00,1000.00,1000.00,884.52,1000.00,883.09,1000.00][0m
[0m[INFO] [1786173866.619104464] [my_drone_dds_wasd_control]: STATE arm=2 nav=18 NED=(69.695,-20.053,0.822) vel=(0.009,-0.864,-0.004) yaw_deg=154.3 failsafe=False age_s=(0.40,0.02) arm_torque_nm=0.000 motors=[1000.00,1000.00,1000.00,1000.00,884.07,1000.00,882.64,1000.00][0m
[0m[INFO] [1786173867.668123465] [my_drone_dds_wasd_control]: STATE arm=2 nav=18 NED=(69.676,-21.001,0.806) vel=(-0.005,-0.917,-0.008) yaw_deg=154.3 failsafe=False age_s=(0.44,0.01) arm_torque_nm=0.000 motors=[1000.00,1000.00,1000.00,1000.00,883.89,1000.00,882.45,1000.00][0m
[0m[INFO] [1786173868.667199627] [my_drone_dds_wasd_control]: STATE arm=2 nav=18 NED=(69.690,-21.935,0.797) vel=(0.002,-0.969,-0.008) yaw_deg=154.3 failsafe=False age_s=(0.43,0.01) arm_torque_nm=0.000 motors=[1000.00,1000.00,1000.00,1000.00,883.16,1000.00,881.70,1000.00][0m
[0m[INFO] [1786173869.713603387] [my_drone_dds_wasd_control]: STATE arm=2 nav=18 NED=(69.693,-22.958,0.796) vel=(0.003,-1.025,-0.007) yaw_deg=154.3 failsafe=False age_s=(0.48,0.02) arm_torque_nm=0.000 motors=[1000.00,1000.00,1000.00,1000.00,882.08,1000.00,880.61,1000.00][0m
[0m[INFO] [1786173870.770311544] [my_drone_dds_wasd_control]: STATE arm=2 nav=18 NED=(69.704,-24.035,0.793) vel=(0.007,-1.070,-0.006) yaw_deg=154.3 failsafe=False age_s=(0.01,0.01) arm_torque_nm=0.000 motors=[1000.00,1000.00,1000.00,1000.00,881.83,1000.00,880.35,1000.00][0m
[0m[INFO] [1786173871.768952844] [my_drone_dds_wasd_control]: STATE arm=2 nav=18 NED=(69.696,-25.137,0.783) vel=(0.001,-1.111,-0.009) yaw_deg=154.3 failsafe=False age_s=(0.01,0.01) arm_torque_nm=0.000 motors=[1000.00,1000.00,1000.00,1000.00,881.13,1000.00,879.64,1000.00][0m
[0m[INFO] [1786173872.764658365] [my_drone_dds_wasd_control]: STATE arm=2 nav=18 NED=(69.676,-26.282,0.781) vel=(-0.007,-1.189,-0.007) yaw_deg=154.3 failsafe=False age_s=(0.50,0.01) arm_torque_nm=0.000 motors=[1000.00,1000.00,1000.00,1000.00,881.07,1000.00,879.58,1000.00][0m
[0m[INFO] [1786173873.813046193] [my_drone_dds_wasd_control]: STATE arm=2 nav=18 NED=(69.653,-27.528,0.786) vel=(-0.021,-1.245,-0.003) yaw_deg=154.3 failsafe=False age_s=(0.04,0.02) arm_torque_nm=0.000 motors=[1000.00,1000.00,1000.00,1000.00,880.88,1000.00,879.39,1000.00][0m
[0m[INFO] [1786173874.865108645] [my_drone_dds_wasd_control]: STATE arm=2 nav=18 NED=(69.651,-28.865,0.795) vel=(-0.014,-1.299,-0.000) yaw_deg=154.3 failsafe=False age_s=(0.08,0.01) arm_torque_nm=0.000 motors=[1000.00,1000.00,1000.00,1000.00,879.62,1000.00,878.10,1000.00][0m
[0m[INFO] [1786173875.870614518] [my_drone_dds_wasd_control]: STATE arm=2 nav=18 NED=(69.652,-30.176,0.796) vel=(-0.009,-1.354,0.001) yaw_deg=154.3 failsafe=False age_s=(0.07,0.01) arm_torque_nm=0.000 motors=[1000.00,1000.00,1000.00,1000.00,879.01,1000.00,877.48,1000.00][0m
[0m[INFO] [1786173876.913151528] [my_drone_dds_wasd_control]: STATE arm=2 nav=18 NED=(69.660,-31.633,0.799) vel=(0.005,-1.432,0.001) yaw_deg=154.3 failsafe=False age_s=(0.12,0.02) arm_torque_nm=0.000 motors=[1000.00,1000.00,1000.00,1000.00,877.56,1000.00,876.01,1000.00][0m
[0m[INFO] [1786173877.913355637] [my_drone_dds_wasd_control]: STATE arm=2 nav=18 NED=(69.660,-33.059,0.789) vel=(0.000,-1.478,-0.002) yaw_deg=154.3 failsafe=False age_s=(0.11,0.02) arm_torque_nm=0.000 motors=[1000.00,1000.00,1000.00,1000.00,877.65,1000.00,876.09,1000.00][0m
[0m[INFO] [1786173878.916465811] [my_drone_dds_wasd_control]: STATE arm=2 nav=18 NED=(69.665,-34.517,0.794) vel=(0.003,-1.517,-0.001) yaw_deg=154.3 failsafe=False age_s=(0.10,0.02) arm_torque_nm=0.000 motors=[1000.00,1000.00,1000.00,1000.00,877.22,1000.00,875.65,1000.00][0m
[0m[INFO] [1786173879.915382155] [my_drone_dds_wasd_control]: STATE arm=2 nav=18 NED=(69.673,-36.037,0.800) vel=(0.008,-1.565,0.003) yaw_deg=154.3 failsafe=False age_s=(0.09,0.02) arm_torque_nm=0.000 motors=[1000.00,1000.00,1000.00,1000.00,876.39,1000.00,874.81,1000.00][0m
[0m[INFO] [1786173880.921176356] [my_drone_dds_wasd_control]: STATE arm=2 nav=18 NED=(69.672,-37.628,0.803) vel=(0.011,-1.624,0.005) yaw_deg=154.3 failsafe=False age_s=(0.08,0.02) arm_torque_nm=0.000 motors=[1000.00,1000.00,1000.00,1000.00,875.59,1000.00,873.99,1000.00][0m
[0m[INFO] [1786173881.964296128] [my_drone_dds_wasd_control]: STATE arm=2 nav=18 NED=(69.669,-39.361,0.800) vel=(0.005,-1.678,0.002) yaw_deg=154.3 failsafe=False age_s=(0.13,0.01) arm_torque_nm=0.000 motors=[1000.00,1000.00,1000.00,1000.00,875.52,1000.00,873.92,1000.00][0m
[0m[INFO] [1786173882.966607060] [my_drone_dds_wasd_control]: STATE arm=2 nav=18 NED=(69.673,-41.064,0.810) vel=(0.006,-1.734,0.003) yaw_deg=154.3 failsafe=False age_s=(0.12,0.01) arm_torque_nm=0.000 motors=[1000.00,1000.00,1000.00,1000.00,874.81,1000.00,873.20,1000.00][0m
[0m[INFO] [1786173884.013047842] [my_drone_dds_wasd_control]: STATE arm=2 nav=18 NED=(69.681,-42.914,0.810) vel=(0.008,-1.782,-0.000) yaw_deg=154.3 failsafe=False age_s=(0.16,0.02) arm_torque_nm=0.000 motors=[1000.00,1000.00,1000.00,1000.00,874.10,1000.00,872.48,1000.00][0m
[0m[INFO] [1786173888.012070073] [my_drone_dds_wasd_control]: STATE arm=2 nav=18 NED=(69.684,-44.843,0.806) vel=(0.012,-1.854,-0.002) yaw_deg=154.3 failsafe=False age_s=(0.20,0.01) arm_torque_nm=0.000 motors=[1000.00,1000.00,1000.00,1000.00,874.36,1000.00,872.74,1000.00][0m
[0m[INFO] [1786173889.017200806] [my_drone_dds_wasd_control]: STATE arm=2 nav=18 NED=(69.672,-46.732,0.801) vel=(0.002,-1.916,-0.004) yaw_deg=154.3 failsafe=False age_s=(0.19,0.01) arm_torque_nm=0.000 motors=[1000.00,1000.00,1000.00,1000.00,875.26,1000.00,873.64,1000.00][0m
[0m[INFO] [1786173890.064575717] [my_drone_dds_wasd_control]: STATE arm=2 nav=18 NED=(69.680,-48.722,0.790) vel=(0.006,-1.963,-0.007) yaw_deg=154.3 failsafe=False age_s=(0.23,0.02) arm_torque_nm=0.000 motors=[1000.00,1000.00,1000.00,1000.00,874.37,1000.00,872.76,1000.00][0m
[0m[INFO] [1786173891.065010948] [my_drone_dds_wasd_control]: STATE arm=2 nav=18 NED=(69.679,-50.674,0.794) vel=(0.001,-2.003,-0.004) yaw_deg=154.3 failsafe=False age_s=(0.22,0.02) arm_torque_nm=0.000 motors=[1000.00,1000.00,1000.00,1000.00,874.92,1000.00,873.32,1000.00][0m
[0m[INFO] [1786173892.065225413] [my_drone_dds_wasd_control]: STATE arm=2 nav=18 NED=(69.676,-52.712,0.803) vel=(-0.002,-2.064,-0.001) yaw_deg=154.4 failsafe=False age_s=(0.22,0.02) arm_torque_nm=0.000 motors=[1000.00,1000.00,1000.00,1000.00,874.81,1000.00,873.20,1000.00][0m
[0m[INFO] [1786173893.114404807] [my_drone_dds_wasd_control]: STATE arm=2 nav=18 NED=(69.676,-54.943,0.789) vel=(-0.001,-2.137,-0.004) yaw_deg=154.3 failsafe=False age_s=(0.26,0.01) arm_torque_nm=0.000 motors=[1000.00,1000.00,1000.00,1000.00,875.02,1000.00,873.42,1000.00][0m
[0m[INFO] [1786173894.161478796] [my_drone_dds_wasd_control]: STATE arm=2 nav=18 NED=(69.668,-57.208,0.806) vel=(-0.004,-2.208,0.001) yaw_deg=154.3 failsafe=False age_s=(0.30,0.02) arm_torque_nm=0.000 motors=[1000.00,1000.00,1000.00,1000.00,875.33,1000.00,873.73,1000.00][0m
[0m[INFO] [1786173895.163831569] [my_drone_dds_wasd_control]: STATE arm=2 nav=18 NED=(69.664,-59.444,0.818) vel=(-0.001,-2.271,0.004) yaw_deg=154.3 failsafe=False age_s=(0.29,0.02) arm_torque_nm=0.000 motors=[1000.00,1000.00,1000.00,1000.00,875.11,1000.00,873.51,1000.00][0m
[0m[INFO] [1786173896.213813988] [my_drone_dds_wasd_control]: STATE arm=2 nav=18 NED=(69.667,-61.858,0.821) vel=(0.001,-2.322,0.001) yaw_deg=154.3 failsafe=False age_s=(0.33,0.01) arm_torque_nm=0.000 motors=[1000.00,1000.00,1000.00,1000.00,875.47,1000.00,873.87,1000.00][0m
[0m[INFO] [1786173897.210603881] [my_drone_dds_wasd_control]: STATE arm=2 nav=18 NED=(69.673,-64.185,0.819) vel=(0.003,-2.374,0.002) yaw_deg=154.3 failsafe=False age_s=(0.33,0.01) arm_torque_nm=0.000 motors=[1000.00,1000.00,1000.00,1000.00,875.31,1000.00,873.71,1000.00][0m
[0m[INFO] [1786173898.212323634] [my_drone_dds_wasd_control]: STATE arm=2 nav=18 NED=(69.686,-66.575,0.836) vel=(0.007,-2.429,0.006) yaw_deg=154.3 failsafe=False age_s=(0.32,0.01) arm_torque_nm=0.000 motors=[1000.00,1000.00,1000.00,1000.00,875.24,1000.00,873.64,1000.00][0m
[0m[INFO] [1786173899.215233952] [my_drone_dds_wasd_control]: STATE arm=2 nav=18 NED=(69.700,-69.041,0.831) vel=(0.009,-2.491,-0.001) yaw_deg=154.3 failsafe=False age_s=(0.31,0.01) arm_torque_nm=0.000 motors=[1000.00,1000.00,1000.00,1000.00,875.43,1000.00,873.83,1000.00][0m
[0m[INFO] [1786173900.268646516] [my_drone_dds_wasd_control]: STATE arm=2 nav=18 NED=(69.692,-71.649,0.817) vel=(0.013,-2.406,-0.003) yaw_deg=154.3 failsafe=False age_s=(0.35,0.02) arm_torque_nm=0.000 motors=[1000.00,1000.00,1000.00,1000.00,875.41,1000.00,873.81,1000.00][0m
[0m[INFO] [1786173901.315755695] [my_drone_dds_wasd_control]: STATE arm=2 nav=18 NED=(69.676,-74.370,0.819) vel=(-0.003,-2.604,0.000) yaw_deg=154.3 failsafe=False age_s=(0.39,0.01) arm_torque_nm=0.000 motors=[1000.00,1000.00,1000.00,1000.00,876.61,1000.00,875.04,1000.00][0m
[0m[INFO] [1786173902.318739211] [my_drone_dds_wasd_control]: STATE arm=2 nav=18 NED=(69.676,-76.991,0.819) vel=(-0.004,-2.656,-0.003) yaw_deg=154.3 failsafe=False age_s=(0.39,0.01) arm_torque_nm=0.000 motors=[1000.00,1000.00,1000.00,1000.00,877.15,1000.00,875.58,1000.00][0m
[0m[INFO] [1786173903.362710554] [my_drone_dds_wasd_control]: STATE arm=2 nav=18 NED=(69.673,-79.793,0.806) vel=(-0.005,-2.727,-0.004) yaw_deg=154.3 failsafe=False age_s=(0.43,0.02) arm_torque_nm=0.000 motors=[1000.00,1000.00,1000.00,1000.00,876.72,1000.00,875.15,1000.00][0m
[0m[INFO] [1786173904.411252698] [my_drone_dds_wasd_control]: STATE arm=2 nav=18 NED=(69.676,-82.700,0.797) vel=(-0.001,-2.775,-0.004) yaw_deg=154.3 failsafe=False age_s=(0.47,0.01) arm_torque_nm=0.050 motors=[1000.00,1000.00,1000.00,1000.00,875.96,1000.00,874.38,1000.00][0m
[0m[INFO] [1786173905.462953988] [my_drone_dds_wasd_control]: STATE arm=2 nav=18 NED=(69.671,-85.604,0.792) vel=(-0.000,-2.826,-0.005) yaw_deg=154.3 failsafe=False age_s=(0.01,0.02) arm_torque_nm=0.048 motors=[1000.00,1000.00,1000.00,1000.00,876.11,1000.00,874.53,1000.00][0m
[0m[INFO] [1786173906.517941524] [my_drone_dds_wasd_control]: STATE arm=2 nav=18 NED=(69.668,-88.600,0.799) vel=(0.003,-2.867,0.000) yaw_deg=154.3 failsafe=False age_s=(0.05,0.01) arm_torque_nm=0.000 motors=[1000.00,1000.00,1000.00,1000.00,876.23,1000.00,874.65,1000.00][0m
[0m[INFO] [1786173907.514254005] [my_drone_dds_wasd_control]: STATE arm=2 nav=18 NED=(69.656,-91.489,0.809) vel=(-0.015,-2.958,0.003) yaw_deg=154.3 failsafe=False age_s=(0.04,0.01) arm_torque_nm=0.000 motors=[1000.00,1000.00,1000.00,1000.00,876.35,1000.00,874.78,1000.00][0m
[0m[INFO] [1786173908.512076465] [my_drone_dds_wasd_control]: STATE arm=2 nav=18 NED=(69.651,-94.403,0.816) vel=(0.001,-2.919,0.006) yaw_deg=154.2 failsafe=False age_s=(0.03,0.01) arm_torque_nm=0.000 motors=[1000.00,1000.00,1000.00,1000.00,875.95,1000.00,874.37,1000.00][0m
[0m[INFO] [1786173909.561676865] [my_drone_dds_wasd_control]: STATE arm=2 nav=18 NED=(69.643,-97.521,0.827) vel=(-0.006,-2.968,0.011) yaw_deg=154.2 failsafe=False age_s=(0.08,0.02) arm_torque_nm=0.053 motors=[1000.00,1000.00,1000.00,1000.00,876.08,1000.00,874.50,1000.00][0m
[0m[INFO] [1786173910.615126930] [my_drone_dds_wasd_control]: STATE arm=2 nav=18 NED=(69.655,-100.739,0.827) vel=(0.003,-3.058,0.008) yaw_deg=154.2 failsafe=False age_s=(0.12,0.01) arm_torque_nm=0.000 motors=[1000.00,1000.00,1000.00,1000.00,875.73,1000.00,874.15,1000.00][0m
[0m[INFO] [1786173911.668068300] [my_drone_dds_wasd_control]: STATE arm=2 nav=18 NED=(69.664,-103.917,0.812) vel=(0.015,-3.086,0.001) yaw_deg=154.2 failsafe=False age_s=(0.16,0.02) arm_torque_nm=0.048 motors=[1000.00,1000.00,1000.00,1000.00,875.63,1000.00,874.05,1000.00][0m
[0m[INFO] [1786173912.675760369] [my_drone_dds_wasd_control]: STATE arm=2 nav=18 NED=(69.636,-107.075,0.821) vel=(-0.022,-3.205,0.004) yaw_deg=154.2 failsafe=False age_s=(0.15,0.02) arm_torque_nm=0.050 motors=[1000.00,1000.00,1000.00,1000.00,876.49,1000.00,874.91,1000.00][0m
[0m[INFO] [1786173913.666176717] [my_drone_dds_wasd_control]: STATE arm=2 nav=18 NED=(69.659,-110.277,0.813) vel=(0.015,-3.260,0.000) yaw_deg=154.2 failsafe=False age_s=(0.14,0.02) arm_torque_nm=0.042 motors=[1000.00,1000.00,1000.00,1000.00,875.83,1000.00,874.24,1000.00][0m
[0m[INFO] [1786173914.665745128] [my_drone_dds_wasd_control]: STATE arm=2 nav=18 NED=(69.677,-112.973,0.367) vel=(0.027,-3.135,-1.579) yaw_deg=154.2 failsafe=False age_s=(0.14,0.02) arm_torque_nm=0.053 motors=[794.63,729.81,796.24,788.65,600.37,731.42,598.75,787.03][0m
[0m[INFO] [1786173915.710830072] [my_drone_dds_wasd_control]: STATE arm=2 nav=18 NED=(69.686,-114.584,-0.779) vel=(0.057,0.053,-1.652) yaw_deg=155.4 failsafe=False age_s=(0.18,0.01) arm_torque_nm=0.000 motors=[699.33,512.27,700.42,680.55,439.96,513.36,438.87,679.46][0m
[0m[INFO] [1786173916.763190860] [my_drone_dds_wasd_control]: STATE arm=2 nav=18 NED=(69.662,-114.606,-0.759) vel=(-0.002,0.126,-1.084) yaw_deg=155.9 failsafe=False age_s=(0.22,0.02) arm_torque_nm=0.000 motors=[752.76,489.54,754.07,736.97,395.81,490.85,394.50,735.67][0m
[0m[INFO] [1786173917.760046503] [my_drone_dds_wasd_control]: STATE arm=2 nav=18 NED=(69.647,-114.730,-0.558) vel=(-0.013,0.062,-0.691) yaw_deg=155.9 failsafe=False age_s=(0.21,0.02) arm_torque_nm=0.000 motors=[815.37,470.30,816.71,801.10,373.02,471.63,371.69,799.77][0m
[0m[INFO] [1786173918.764371872] [my_drone_dds_wasd_control]: STATE arm=2 nav=18 NED=(69.652,-114.822,-0.332) vel=(-0.014,0.026,-0.410) yaw_deg=156.0 failsafe=False age_s=(0.20,0.02) arm_torque_nm=0.000 motors=[881.21,455.28,882.57,869.80,352.75,456.64,351.39,868.44][0m
[0m[INFO] [1786173922.387549949] [my_drone_dds_wasd_control]: STATE arm=2 nav=18 NED=(69.656,-114.907,-0.098) vel=(-0.005,-0.002,-0.226) yaw_deg=156.0 failsafe=False age_s=(0.20,0.02) arm_torque_nm=0.000 motors=[946.87,439.21,948.27,936.87,331.85,440.61,330.45,935.47][0m
[0m[INFO] [1786173923.412399568] [my_drone_dds_wasd_control]: STATE arm=2 nav=18 NED=(69.667,-114.950,0.112) vel=(-0.007,-0.058,-0.074) yaw_deg=156.1 failsafe=False age_s=(0.22,0.01) arm_torque_nm=0.000 motors=[982.43,466.69,983.88,975.48,352.47,468.13,351.02,974.03][0m
[0m[INFO] [1786173924.462714256] [my_drone_dds_wasd_control]: STATE arm=2 nav=18 NED=(69.675,-115.000,0.281) vel=(-0.004,-0.048,-0.005) yaw_deg=156.1 failsafe=False age_s=(0.27,0.00) arm_torque_nm=0.000 motors=[1000.00,492.32,1000.00,1000.00,374.02,493.79,372.55,999.28][0m
[0m[INFO] [1786173925.463742933] [my_drone_dds_wasd_control]: STATE arm=2 nav=18 NED=(69.683,-115.012,0.407) vel=(-0.001,-0.035,0.030) yaw_deg=156.1 failsafe=False age_s=(0.26,0.00) arm_torque_nm=0.000 motors=[1000.00,515.04,1000.00,1000.00,393.31,516.51,391.84,1000.00][0m
[0m[INFO] [1786173926.474401383] [my_drone_dds_wasd_control]: STATE arm=2 nav=18 NED=(69.671,-115.034,0.511) vel=(-0.004,-0.032,0.050) yaw_deg=156.1 failsafe=False age_s=(0.25,0.00) arm_torque_nm=0.000 motors=[1000.00,536.14,1000.00,1000.00,411.80,537.61,410.33,1000.00][0m
[0m[INFO] [1786173927.511480631] [my_drone_dds_wasd_control]: STATE arm=2 nav=18 NED=(69.662,-115.025,0.608) vel=(-0.017,0.013,0.093) yaw_deg=156.1 failsafe=False age_s=(0.29,0.01) arm_torque_nm=0.000 motors=[1000.00,564.68,1000.00,1000.00,438.43,566.15,436.96,1000.00][0m
[0m[INFO] [1786173928.563602301] [my_drone_dds_wasd_control]: STATE arm=2 nav=18 NED=(69.639,-115.022,0.694) vel=(-0.024,0.023,0.089) yaw_deg=156.1 failsafe=False age_s=(0.33,0.00) arm_torque_nm=0.000 motors=[1000.00,586.83,1000.00,1000.00,456.86,588.32,455.37,1000.00][0m
[0m[INFO] [1786173929.565484776] [my_drone_dds_wasd_control]: STATE arm=2 nav=18 NED=(69.629,-115.027,0.754) vel=(-0.017,0.035,0.071) yaw_deg=156.1 failsafe=False age_s=(0.33,0.00) arm_torque_nm=0.000 motors=[1000.00,604.36,1000.00,1000.00,471.22,605.88,469.70,1000.00][0m
[0m[INFO] [1786173930.613627147] [my_drone_dds_wasd_control]: STATE arm=2 nav=18 NED=(69.644,-115.025,0.789) vel=(0.005,0.047,0.066) yaw_deg=156.1 failsafe=False age_s=(0.37,0.01) arm_torque_nm=0.000 motors=[1000.00,625.76,1000.00,1000.00,487.34,627.31,485.79,1000.00][0m
[0m[INFO] [1786173931.668307610] [my_drone_dds_wasd_control]: STATE arm=2 nav=18 NED=(69.671,-115.029,0.790) vel=(0.021,0.033,0.048) yaw_deg=156.1 failsafe=False age_s=(0.41,0.00) arm_torque_nm=0.000 motors=[1000.00,643.75,1000.00,1000.00,500.06,645.35,498.45,1000.00][0m
[0m[INFO] [1786173932.681666859] [my_drone_dds_wasd_control]: STATE arm=2 nav=18 NED=(69.661,-115.069,0.825) vel=(-0.006,-0.040,0.075) yaw_deg=156.1 failsafe=False age_s=(0.40,0.00) arm_torque_nm=0.000 motors=[1000.00,669.12,1000.00,1000.00,521.08,670.76,519.45,1000.00][0m
[0m[INFO] [1786173933.665494525] [my_drone_dds_wasd_control]: STATE arm=2 nav=18 NED=(69.664,-115.081,0.853) vel=(-0.002,-0.046,0.069) yaw_deg=156.1 failsafe=False age_s=(0.39,0.00) arm_torque_nm=0.000 motors=[1000.00,689.38,1000.00,1000.00,536.81,691.05,535.14,1000.00][0m
[0m[INFO] [1786173934.713006998] [my_drone_dds_wasd_control]: STATE arm=2 nav=18 NED=(69.665,-115.078,0.869) vel=(0.004,0.007,0.060) yaw_deg=156.2 failsafe=False age_s=(0.44,0.01) arm_torque_nm=0.000 motors=[1000.00,707.97,1000.00,1000.00,552.39,709.66,550.70,1000.00][0m
[0m[INFO] [1786173935.768352641] [my_drone_dds_wasd_control]: STATE arm=2 nav=18 NED=(69.650,-115.095,0.879) vel=(-0.001,-0.026,0.052) yaw_deg=156.2 failsafe=False age_s=(0.48,0.00) arm_torque_nm=0.000 motors=[1000.00,727.57,1000.00,1000.00,567.80,729.30,566.07,1000.00][0m
[0m[INFO] [1786173936.764119925] [my_drone_dds_wasd_control]: STATE arm=2 nav=18 NED=(69.622,-115.137,0.887) vel=(-0.014,-0.064,0.044) yaw_deg=156.2 failsafe=False age_s=(0.47,0.00) arm_torque_nm=0.000 motors=[1000.00,744.16,1000.00,1000.00,581.94,745.91,580.19,1000.00][0m
[0m[INFO] [1786173937.769544781] [my_drone_dds_wasd_control]: STATE arm=2 nav=18 NED=(69.620,-115.148,0.920) vel=(-0.026,-0.011,0.081) yaw_deg=156.3 failsafe=False age_s=(0.46,0.00) arm_torque_nm=0.000 motors=[1000.00,770.95,1000.00,1000.00,606.30,772.71,604.55,1000.00][0m
[0m[INFO] [1786173938.817902043] [my_drone_dds_wasd_control]: STATE arm=2 nav=18 NED=(69.629,-115.188,0.953) vel=(-0.030,-0.013,0.102) yaw_deg=156.4 failsafe=False age_s=(0.00,0.01) arm_torque_nm=0.000 motors=[1000.00,797.89,1000.00,1000.00,629.55,799.67,627.77,1000.00][0m
[0m[INFO] [1786173939.863981828] [my_drone_dds_wasd_control]: STATE arm=2 nav=18 NED=(69.671,-115.175,0.933) vel=(0.028,0.110,0.046) yaw_deg=156.4 failsafe=False age_s=(0.04,0.00) arm_torque_nm=0.000 motors=[1000.00,801.80,1000.00,1000.00,630.82,803.62,629.00,1000.00][0m
[0m[INFO] [1786173940.861358783] [my_drone_dds_wasd_control]: STATE arm=2 nav=18 NED=(69.678,-115.207,0.893) vel=(0.035,0.050,0.027) yaw_deg=156.5 failsafe=False age_s=(0.03,0.00) arm_torque_nm=0.000 motors=[1000.00,805.36,1000.00,1000.00,630.06,807.23,628.19,1000.00][0m
[0m[INFO] [1786173941.912288070] [my_drone_dds_wasd_control]: STATE arm=2 nav=18 NED=(69.667,-115.237,0.876) vel=(0.018,-0.159,0.025) yaw_deg=156.7 failsafe=False age_s=(0.08,0.01) arm_torque_nm=0.000 motors=[1000.00,810.07,1000.00,1000.00,626.53,811.97,624.63,1000.00][0m
[0m[INFO] [1786173942.964204023] [my_drone_dds_wasd_control]: STATE arm=2 nav=18 NED=(69.662,-115.266,0.875) vel=(0.000,-0.123,0.029) yaw_deg=156.7 failsafe=False age_s=(0.12,0.00) arm_torque_nm=0.000 motors=[1000.00,808.78,1000.00,1000.00,618.57,810.77,616.58,1000.00][0m
[0m[INFO] [1786173943.965402121] [my_drone_dds_wasd_control]: STATE arm=2 nav=18 NED=(69.676,-115.305,0.864) vel=(0.024,-0.072,-0.011) yaw_deg=156.8 failsafe=False age_s=(0.11,0.00) arm_torque_nm=0.000 motors=[1000.00,804.77,1000.00,1000.00,613.43,806.79,611.41,1000.00][0m
[0m[INFO] [1786173945.010482014] [my_drone_dds_wasd_control]: STATE arm=2 nav=18 NED=(69.685,-115.295,0.843) vel=(0.045,-0.048,-0.043) yaw_deg=156.9 failsafe=False age_s=(0.15,0.01) arm_torque_nm=0.000 motors=[1000.00,807.13,1000.00,1000.00,611.23,809.23,609.13,1000.00][0m
[0m[INFO] [1786173946.016216254] [my_drone_dds_wasd_control]: STATE arm=2 nav=18 NED=(69.680,-115.371,0.814) vel=(0.008,-0.060,-0.041) yaw_deg=157.0 failsafe=False age_s=(0.14,0.01) arm_torque_nm=0.000 motors=[1000.00,809.74,1000.00,1000.00,617.86,811.82,615.78,1000.00][0m
[0m[INFO] [1786173947.064033995] [my_drone_dds_wasd_control]: STATE arm=2 nav=18 NED=(69.655,-115.448,0.794) vel=(-0.006,-0.153,-0.021) yaw_deg=157.0 failsafe=False age_s=(0.19,0.00) arm_torque_nm=0.000 motors=[1000.00,811.29,1000.00,1000.00,615.95,813.41,613.83,1000.00][0m
[0m[INFO] [1786173948.064895522] [my_drone_dds_wasd_control]: STATE arm=2 nav=18 NED=(69.650,-115.501,0.786) vel=(-0.008,-0.093,-0.007) yaw_deg=157.0 failsafe=False age_s=(0.18,0.00) arm_torque_nm=0.000 motors=[1000.00,810.97,1000.00,1000.00,616.72,813.10,614.59,1000.00][0m
[0m[INFO] [1786173949.112990132] [my_drone_dds_wasd_control]: STATE arm=2 nav=18 NED=(69.655,-115.515,0.790) vel=(0.017,-0.109,-0.033) yaw_deg=157.1 failsafe=False age_s=(0.22,0.01) arm_torque_nm=0.001 motors=[1000.00,813.70,1000.00,1000.00,613.58,815.89,611.39,1000.00][0m
[0m[INFO] [1786173950.165764490] [my_drone_dds_wasd_control]: STATE arm=2 nav=18 NED=(69.681,-115.574,0.797) vel=(0.010,-0.048,-0.009) yaw_deg=157.2 failsafe=False age_s=(0.26,0.00) arm_torque_nm=0.000 motors=[1000.00,812.82,1000.00,1000.00,614.49,814.98,612.34,1000.00][0m
[0m[INFO] [1786173951.171807329] [my_drone_dds_wasd_control]: STATE arm=2 nav=18 NED=(69.674,-115.591,0.824) vel=(0.003,-0.021,0.012) yaw_deg=157.2 failsafe=False age_s=(0.25,0.00) arm_torque_nm=0.000 motors=[1000.00,813.53,1000.00,1000.00,613.62,815.70,611.44,1000.00][0m
[0m[INFO] [1786173952.220162595] [my_drone_dds_wasd_control]: STATE arm=2 nav=18 NED=(69.647,-115.618,0.848) vel=(-0.026,-0.019,0.024) yaw_deg=157.3 failsafe=False age_s=(0.30,0.01) arm_torque_nm=0.000 motors=[1000.00,813.49,1000.00,1000.00,613.60,815.67,611.43,1000.00][0m
[0m[INFO] [1786173953.212583340] [my_drone_dds_wasd_control]: STATE arm=2 nav=18 NED=(69.643,-115.669,0.858) vel=(-0.042,-0.043,0.065) yaw_deg=157.4 failsafe=False age_s=(0.29,0.01) arm_torque_nm=0.000 motors=[1000.00,815.05,1000.00,1000.00,611.95,817.25,609.75,1000.00][0m
[0m[INFO] [1786173954.213514318] [my_drone_dds_wasd_control]: STATE arm=2 nav=18 NED=(69.632,-115.681,0.876) vel=(-0.027,0.049,0.056) yaw_deg=157.4 failsafe=False age_s=(0.28,0.01) arm_torque_nm=0.000 motors=[1000.00,815.23,1000.00,1000.00,612.09,817.44,609.88,1000.00][0m
[0m[INFO] [1786173958.061494152] [my_drone_dds_wasd_control]: STATE arm=2 nav=18 NED=(69.627,-115.726,0.893) vel=(-0.033,-0.013,0.087) yaw_deg=157.5 failsafe=False age_s=(0.31,0.01) arm_torque_nm=0.000 motors=[1000.00,817.23,1000.00,1000.00,609.83,819.48,607.57,1000.00][0m
[0m[INFO] [1786173959.112751813] [my_drone_dds_wasd_control]: STATE arm=2 nav=18 NED=(69.646,-115.824,0.889) vel=(0.007,-0.101,0.068) yaw_deg=157.5 failsafe=False age_s=(0.35,0.02) arm_torque_nm=0.000 motors=[1000.00,821.65,1000.00,1000.00,605.21,824.00,602.85,1000.00][0m
[0m[INFO] [1786173960.112188266] [my_drone_dds_wasd_control]: STATE arm=2 nav=18 NED=(69.667,-115.859,0.900) vel=(0.044,-0.013,0.056) yaw_deg=157.6 failsafe=False age_s=(0.34,0.02) arm_torque_nm=0.000 motors=[1000.00,822.97,1000.00,1000.00,604.09,825.35,601.71,1000.00][0m
[0m[INFO] [1786173961.119191104] [my_drone_dds_wasd_control]: STATE arm=2 nav=18 NED=(69.666,-115.870,0.902) vel=(0.016,-0.025,0.067) yaw_deg=157.6 failsafe=False age_s=(0.34,0.02) arm_torque_nm=0.000 motors=[1000.00,823.69,1000.00,1000.00,603.16,826.09,600.76,1000.00][0m
[0m[INFO] [1786173962.165138175] [my_drone_dds_wasd_control]: STATE arm=2 nav=18 NED=(69.661,-115.925,0.910) vel=(0.009,-0.066,0.061) yaw_deg=157.6 failsafe=False age_s=(0.38,0.01) arm_torque_nm=0.000 motors=[1000.00,825.85,1000.00,1000.00,601.37,828.29,598.93,1000.00][0m
[0m[INFO] [1786173963.212272879] [my_drone_dds_wasd_control]: STATE arm=2 nav=18 NED=(69.646,-115.952,0.926) vel=(-0.029,-0.058,0.090) yaw_deg=157.6 failsafe=False age_s=(0.42,0.02) arm_torque_nm=0.000 motors=[1000.00,826.84,1000.00,1000.00,600.45,829.30,597.99,1000.00][0m
[0m[INFO] [1786173964.214553577] [my_drone_dds_wasd_control]: STATE arm=2 nav=18 NED=(69.665,-116.001,0.890) vel=(0.015,0.015,0.014) yaw_deg=157.7 failsafe=False age_s=(0.41,0.02) arm_torque_nm=0.000 motors=[1000.00,827.30,1000.00,1000.00,599.99,829.78,597.51,1000.00][0m
[0m[INFO] [1786173965.267072155] [my_drone_dds_wasd_control]: STATE arm=2 nav=18 NED=(69.666,-116.011,0.867) vel=(-0.007,0.005,-0.003) yaw_deg=157.7 failsafe=False age_s=(0.45,0.01) arm_torque_nm=0.000 motors=[1000.00,829.25,1000.00,1000.00,598.10,831.77,595.58,1000.00][0m
[0m[INFO] [1786173966.261912530] [my_drone_dds_wasd_control]: STATE arm=2 nav=18 NED=(69.660,-116.072,0.842) vel=(0.010,0.006,-0.050) yaw_deg=157.8 failsafe=False age_s=(0.45,0.01) arm_torque_nm=0.000 motors=[1000.00,830.10,1000.00,1000.00,597.02,832.64,594.48,1000.00][0m
[0m[INFO] [1786173967.322226931] [my_drone_dds_wasd_control]: STATE arm=2 nav=18 NED=(69.647,-116.088,0.841) vel=(-0.015,0.051,-0.006) yaw_deg=157.8 failsafe=False age_s=(0.49,0.02) arm_torque_nm=0.000 motors=[1000.00,830.40,1000.00,1000.00,596.61,832.96,594.05,1000.00][0m
[0m[INFO] [1786173968.314987591] [my_drone_dds_wasd_control]: STATE arm=2 nav=18 NED=(69.647,-116.146,0.814) vel=(-0.009,-0.008,-0.034) yaw_deg=158.0 failsafe=False age_s=(0.48,0.02) arm_torque_nm=0.000 motors=[1000.00,832.68,1000.00,1000.00,594.53,835.28,591.93,1000.00][0m
[0m[INFO] [1786173969.366403123] [my_drone_dds_wasd_control]: STATE arm=2 nav=18 NED=(69.678,-116.241,0.778) vel=(0.030,-0.089,-0.056) yaw_deg=158.0 failsafe=False age_s=(0.02,0.01) arm_torque_nm=0.000 motors=[1000.00,835.96,1000.00,1000.00,591.23,838.64,588.55,1000.00][0m
[0m[INFO] [1786173970.417904086] [my_drone_dds_wasd_control]: STATE arm=2 nav=18 NED=(69.686,-116.317,0.789) vel=(-0.005,-0.093,0.008) yaw_deg=158.1 failsafe=False age_s=(0.06,0.02) arm_torque_nm=0.000 motors=[1000.00,836.56,1000.00,1000.00,590.18,839.25,587.49,1000.00][0m
[0m[INFO] [1786173971.461799049] [my_drone_dds_wasd_control]: STATE arm=2 nav=18 NED=(69.713,-116.312,0.809) vel=(0.032,-0.001,0.022) yaw_deg=158.1 failsafe=False age_s=(0.10,0.01) arm_torque_nm=0.000 motors=[1000.00,838.24,1000.00,1000.00,588.79,840.97,586.05,1000.00][0m
[0m[INFO] [1786173972.462354770] [my_drone_dds_wasd_control]: STATE arm=2 nav=18 NED=(69.693,-116.358,0.848) vel=(-0.002,-0.025,0.066) yaw_deg=158.1 failsafe=False age_s=(0.09,0.01) arm_torque_nm=0.000 motors=[1000.00,839.28,1000.00,1000.00,587.87,842.03,585.12,1000.00][0m
[0m[INFO] [1786173973.516091233] [my_drone_dds_wasd_control]: STATE arm=2 nav=18 NED=(69.666,-116.374,0.844) vel=(-0.007,0.073,0.026) yaw_deg=158.3 failsafe=False age_s=(0.14,0.02) arm_torque_nm=0.000 motors=[1000.00,838.20,1000.00,1000.00,588.92,840.93,586.19,1000.00][0m
[0m[INFO] [1786173974.516530055] [my_drone_dds_wasd_control]: STATE arm=2 nav=18 NED=(69.666,-116.402,0.841) vel=(0.005,0.074,0.025) yaw_deg=158.3 failsafe=False age_s=(0.13,0.02) arm_torque_nm=0.000 motors=[1000.00,839.46,1000.00,1000.00,587.70,842.23,584.93,1000.00][0m
[0m[INFO] [1786173975.562551707] [my_drone_dds_wasd_control]: STATE arm=2 nav=18 NED=(69.633,-116.443,0.841) vel=(-0.020,0.087,0.016) yaw_deg=158.3 failsafe=False age_s=(0.17,0.01) arm_torque_nm=0.000 motors=[1000.00,839.40,1000.00,1000.00,587.91,842.17,585.14,1000.00][0m
[0m[INFO] [1786173976.620821436] [my_drone_dds_wasd_control]: STATE arm=2 nav=18 NED=(69.628,-116.500,0.805) vel=(-0.013,0.100,-0.018) yaw_deg=158.4 failsafe=False age_s=(0.21,0.02) arm_torque_nm=0.000 motors=[1000.00,840.78,1000.00,1000.00,586.54,843.58,583.74,1000.00][0m
