DDS WASD: T takeoff | W/S/A/D move | R/F up/down | Q/E yaw | L land | O exit Offboard | X twice emergency disarm | Z safe exit
[0m[INFO] [1786148374.873969073] [my_drone_dds_wasd_control]: NED target initialized: N=-0.008 E=-0.014 D=0.004 yaw=94.8 deg[0m
[0m[INFO] [1786148374.918745041] [my_drone_dds_wasd_control]: local vertical target sign=-1 (target = current + sign * height)[0m
[0m[INFO] [1786148375.008152447] [my_drone_dds_wasd_control]: STATE arm=1 nav=4 NED=(-0.011,-0.014,-0.002) vel=(-0.010,0.004,0.001) yaw_deg=94.8 failsafe=False age_s=(0.03,0.02) arm_torque_nm=0.000 motors=[0.00,0.00,0.00,0.00,0.00,0.00,0.00,0.00][0m
[0m[INFO] [1786148375.992304479] [my_drone_dds_wasd_control]: STATE arm=1 nav=4 NED=(-0.020,-0.016,-0.006) vel=(-0.013,0.002,-0.002) yaw_deg=94.8 failsafe=False age_s=(0.16,0.02) arm_torque_nm=0.000 motors=[0.00,0.00,0.00,0.00,0.00,0.00,0.00,0.00][0m
[0m[INFO] [1786148377.065726064] [my_drone_dds_wasd_control]: STATE arm=1 nav=4 NED=(-0.019,-0.025,-0.003) vel=(-0.008,-0.001,-0.002) yaw_deg=94.8 failsafe=False age_s=(0.20,0.01) arm_torque_nm=0.000 motors=[0.00,0.00,0.00,0.00,0.00,0.00,0.00,0.00][0m
[0m[INFO] [1786148377.533577995] [my_drone_dds_wasd_control]: target NED=(-0.02, -0.02, -1.20) yaw=94.8 deg[0m
[0m[INFO] [1786148377.708793478] [my_drone_dds_wasd_control]: Prestreaming Offboard setpoints for 2 seconds[0m
[0m[INFO] [1786148378.178608161] [my_drone_dds_wasd_control]: STATE arm=1 nav=4 NED=(-0.011,-0.038,0.003) vel=(0.001,-0.008,-0.000) yaw_deg=94.8 failsafe=False age_s=(0.28,0.00) arm_torque_nm=0.000 motors=[0.00,0.00,0.00,0.00,0.00,0.00,0.00,0.00][0m
[0m[INFO] [1786148379.113691404] [my_drone_dds_wasd_control]: STATE arm=1 nav=4 NED=(0.014,-0.043,0.015) vel=(0.015,-0.003,0.003) yaw_deg=94.8 failsafe=False age_s=(0.29,0.01) arm_torque_nm=0.000 motors=[0.00,0.00,0.00,0.00,0.00,0.00,0.00,0.00][0m
[0m[INFO] [1786148379.663051869] [my_drone_dds_wasd_control]: OFFBOARD mode and ARM commands sent[0m
[0m[INFO] [1786148379.710947429] [my_drone_dds_wasd_control]: PX4 command ack: command=400 result=0[0m
[0m[INFO] [1786148381.561314105] [my_drone_dds_wasd_control]: STATE arm=2 nav=14 NED=(0.003,-0.044,0.019) vel=(0.007,-0.005,0.003) yaw_deg=94.8 failsafe=False age_s=(0.02,0.02) arm_torque_nm=0.000 motors=[0.00,4.51,0.00,0.16,1.87,4.51,1.87,0.16][0m
[0m[INFO] [1786148382.605865355] [my_drone_dds_wasd_control]: STATE arm=2 nav=14 NED=(0.000,-0.025,0.021) vel=(0.008,0.008,0.004) yaw_deg=94.8 failsafe=False age_s=(0.06,0.01) arm_torque_nm=0.000 motors=[121.56,136.05,121.54,131.11,127.68,136.04,127.70,131.12][0m
[0m[INFO] [1786148383.599452257] [my_drone_dds_wasd_control]: STATE arm=2 nav=14 NED=(0.014,-0.014,-0.010) vel=(0.018,0.012,-0.008) yaw_deg=94.8 failsafe=False age_s=(0.05,0.00) arm_torque_nm=0.000 motors=[379.43,408.88,379.41,405.09,384.71,408.87,384.72,405.11][0m
[0m[INFO] [1786148384.641078585] [my_drone_dds_wasd_control]: STATE arm=2 nav=14 NED=(0.032,-0.006,-0.007) vel=(0.026,0.012,-0.010) yaw_deg=94.8 failsafe=False age_s=(0.09,0.01) arm_torque_nm=0.000 motors=[678.81,733.39,678.79,724.22,689.18,733.37,689.20,724.23][0m
[0m[INFO] [1786148385.645219064] [my_drone_dds_wasd_control]: STATE arm=2 nav=14 NED=(-0.008,-0.000,-0.018) vel=(0.078,-0.055,0.116) yaw_deg=94.9 failsafe=False age_s=(0.08,0.01) arm_torque_nm=0.000 motors=[736.16,947.23,736.06,860.14,831.92,947.13,832.03,860.24][0m
[0m[INFO] [1786148386.706861302] [my_drone_dds_wasd_control]: STATE arm=2 nav=14 NED=(-0.021,0.009,-0.014) vel=(0.074,-0.056,0.091) yaw_deg=94.8 failsafe=False age_s=(0.12,0.00) arm_torque_nm=0.002 motors=[733.11,955.86,733.06,857.38,835.39,955.82,835.43,857.43][0m
[0m[INFO] [1786148387.750462051] [my_drone_dds_wasd_control]: STATE arm=2 nav=14 NED=(-0.009,0.013,-0.016) vel=(-0.007,0.013,-0.019) yaw_deg=94.8 failsafe=False age_s=(0.16,0.01) arm_torque_nm=0.003 motors=[824.54,842.65,824.51,847.54,822.49,842.61,822.53,847.57][0m
[0m[INFO] [1786148388.801446095] [my_drone_dds_wasd_control]: STATE arm=2 nav=14 NED=(-0.014,0.017,-0.005) vel=(-0.052,0.045,0.098) yaw_deg=94.7 failsafe=False age_s=(0.20,0.02) arm_torque_nm=0.001 motors=[856.72,865.64,856.78,870.32,846.74,865.70,846.67,870.25][0m
[0m[INFO] [1786148389.856891608] [my_drone_dds_wasd_control]: STATE arm=2 nav=14 NED=(-0.030,0.018,-0.033) vel=(-0.046,0.018,0.204) yaw_deg=94.8 failsafe=False age_s=(0.24,0.01) arm_torque_nm=0.037 motors=[876.73,891.57,876.74,897.00,870.18,891.59,870.17,896.99][0m
[0m[INFO] [1786148390.894113350] [my_drone_dds_wasd_control]: STATE arm=2 nav=14 NED=(-0.073,0.033,-0.053) vel=(-0.052,0.033,0.105) yaw_deg=94.8 failsafe=False age_s=(0.29,0.02) arm_torque_nm=0.031 motors=[862.15,883.70,862.12,888.16,860.80,883.66,860.84,888.20][0m
[0m[INFO] [1786148391.903412208] [my_drone_dds_wasd_control]: STATE arm=2 nav=14 NED=(-0.072,0.047,-0.117) vel=(-0.044,0.139,-0.185) yaw_deg=94.7 failsafe=False age_s=(0.28,0.02) arm_torque_nm=0.048 motors=[803.87,874.45,803.91,871.32,803.67,874.49,803.63,871.28][0m
[0m[INFO] [1786148392.983668847] [my_drone_dds_wasd_control]: STATE arm=2 nav=14 NED=(-0.038,0.061,-0.188) vel=(0.020,0.042,-0.213) yaw_deg=94.5 failsafe=False age_s=(0.32,0.01) arm_torque_nm=0.069 motors=[863.39,788.79,863.51,802.86,839.04,788.91,838.91,802.74][0m
[0m[INFO] [1786148393.948003379] [my_drone_dds_wasd_control]: STATE arm=2 nav=14 NED=(-0.053,0.038,-0.153) vel=(-0.010,0.044,0.055) yaw_deg=94.6 failsafe=False age_s=(0.27,0.00) arm_torque_nm=0.000 motors=[870.46,861.72,870.49,881.66,847.99,861.75,847.96,881.63][0m
[0m[INFO] [1786148394.986151799] [my_drone_dds_wasd_control]: STATE arm=2 nav=14 NED=(-0.028,-0.043,-0.160) vel=(0.086,-0.160,-0.218) yaw_deg=94.2 failsafe=False age_s=(0.27,0.02) arm_torque_nm=0.000 motors=[838.15,810.81,838.46,827.42,795.47,811.13,795.16,827.10][0m
[0m[INFO] [1786148396.002662562] [my_drone_dds_wasd_control]: STATE arm=2 nav=14 NED=(0.019,-0.013,0.003) vel=(-0.155,-0.137,-0.269) yaw_deg=98.0 failsafe=False age_s=(0.31,0.00) arm_torque_nm=0.000 motors=[814.38,822.86,813.40,924.75,794.63,821.88,795.61,925.73][0m
[0m[INFO] [1786148397.067280177] [my_drone_dds_wasd_control]: STATE arm=2 nav=14 NED=(-0.089,0.016,-0.228) vel=(0.065,-0.032,-0.074) yaw_deg=91.7 failsafe=False age_s=(0.35,0.01) arm_torque_nm=0.000 motors=[881.80,852.65,882.40,870.63,814.03,853.24,813.43,870.04][0m
[0m[INFO] [1786148398.098548535] [my_drone_dds_wasd_control]: STATE arm=2 nav=14 NED=(-0.090,0.036,-0.175) vel=(-0.035,-0.041,0.018) yaw_deg=96.6 failsafe=False age_s=(0.39,0.00) arm_torque_nm=0.000 motors=[858.92,900.26,858.75,939.85,833.48,900.10,833.65,940.02][0m
[0m[INFO] [1786148399.145933375] [my_drone_dds_wasd_control]: STATE arm=2 nav=14 NED=(0.075,-0.237,-0.028) vel=(0.305,-0.192,0.237) yaw_deg=99.5 failsafe=False age_s=(0.43,0.01) arm_torque_nm=0.014 motors=[774.46,785.86,766.86,913.00,1000.00,778.26,1000.00,920.60][0m
[0m[INFO] [1786148400.192919410] [my_drone_dds_wasd_control]: STATE arm=2 nav=14 NED=(0.010,-0.280,-0.044) vel=(0.023,-0.194,-0.032) yaw_deg=89.1 failsafe=False age_s=(0.48,0.00) arm_torque_nm=0.008 motors=[874.57,1000.00,876.99,830.97,856.75,1000.00,854.33,828.55][0m
[0m[INFO] [1786148401.250361401] [my_drone_dds_wasd_control]: STATE arm=2 nav=14 NED=(0.021,-0.120,-0.129) vel=(-0.044,-0.020,-0.407) yaw_deg=91.5 failsafe=False age_s=(0.01,0.01) arm_torque_nm=0.000 motors=[879.01,859.09,880.87,796.99,784.98,860.96,783.12,795.12][0m
[0m[INFO] [1786148402.302394136] [my_drone_dds_wasd_control]: STATE arm=2 nav=14 NED=(-0.024,-0.110,-0.180) vel=(0.164,0.219,0.076) yaw_deg=98.7 failsafe=False age_s=(0.04,0.01) arm_torque_nm=0.002 motors=[804.29,983.46,803.56,781.89,1000.00,982.73,1000.00,782.62][0m
[0m[INFO] [1786148403.322471896] [my_drone_dds_wasd_control]: STATE arm=2 nav=14 NED=(-0.016,-0.126,-0.302) vel=(-0.065,-0.016,0.298) yaw_deg=96.6 failsafe=False age_s=(0.04,0.01) arm_torque_nm=0.000 motors=[917.32,944.78,917.25,959.36,908.63,944.71,908.70,959.43][0m
[0m[INFO] [1786148404.352211830] [my_drone_dds_wasd_control]: STATE arm=2 nav=14 NED=(-0.130,-0.318,-0.430) vel=(-0.047,-0.039,0.211) yaw_deg=95.5 failsafe=False age_s=(0.07,0.02) arm_torque_nm=0.047 motors=[917.41,939.35,917.46,944.19,908.11,939.40,908.06,944.13][0m
[0m[INFO] [1786148405.344210876] [my_drone_dds_wasd_control]: STATE arm=2 nav=14 NED=(-0.137,-0.366,-0.589) vel=(-0.002,0.044,0.642) yaw_deg=95.0 failsafe=False age_s=(0.06,0.02) arm_torque_nm=0.000 motors=[983.25,1000.00,983.31,1000.00,974.78,1000.00,974.71,1000.00][0m
[0m[INFO] [1786148406.404240227] [my_drone_dds_wasd_control]: STATE arm=2 nav=14 NED=(-0.031,-0.364,-0.651) vel=(0.025,0.079,-0.188) yaw_deg=94.9 failsafe=False age_s=(0.11,0.01) arm_torque_nm=0.000 motors=[860.10,884.99,860.05,891.72,857.57,884.94,857.62,891.77][0m
[0m[INFO] [1786148407.445157488] [my_drone_dds_wasd_control]: STATE arm=2 nav=14 NED=(0.051,-0.311,-0.829) vel=(-0.009,0.092,-0.020) yaw_deg=94.9 failsafe=False age_s=(0.14,0.01) arm_torque_nm=0.033 motors=[855.57,877.21,855.54,883.86,851.23,877.18,851.26,883.88][0m
[0m[INFO] [1786148408.729960690] [my_drone_dds_wasd_control]: STATE arm=2 nav=14 NED=(0.084,-0.223,-0.693) vel=(-0.032,0.094,0.587) yaw_deg=94.9 failsafe=False age_s=(0.13,0.01) arm_torque_nm=0.000 motors=[983.72,1000.00,983.75,1000.00,977.12,1000.00,977.09,1000.00][0m
[0m[INFO] [1786148409.511669183] [my_drone_dds_wasd_control]: STATE arm=2 nav=14 NED=(0.063,-0.329,-0.307) vel=(-0.060,-0.545,0.567) yaw_deg=95.5 failsafe=False age_s=(0.15,0.02) arm_torque_nm=0.001 motors=[870.61,1000.00,870.09,1000.00,868.46,1000.00,868.97,1000.00][0m
[0m[INFO] [1786148410.535093746] [my_drone_dds_wasd_control]: STATE arm=2 nav=14 NED=(-0.205,-1.404,-0.216) vel=(-0.349,-1.075,0.631) yaw_deg=93.8 failsafe=False age_s=(0.13,0.01) arm_torque_nm=0.000 motors=[1000.00,948.24,1000.00,1000.00,963.53,948.02,963.76,1000.00][0m
[0m[INFO] [1786148411.520115789] [my_drone_dds_wasd_control]: STATE arm=2 nav=14 NED=(-0.705,-1.463,0.040) vel=(-0.432,0.420,0.375) yaw_deg=94.3 failsafe=False age_s=(0.11,0.01) arm_torque_nm=0.009 motors=[946.93,1000.00,946.86,1000.00,990.32,1000.00,990.39,1000.00][0m
[0m[INFO] [1786148412.564552160] [my_drone_dds_wasd_control]: STATE arm=2 nav=14 NED=(-0.295,-1.293,0.321) vel=(0.683,-0.145,-0.138) yaw_deg=89.7 failsafe=False age_s=(0.10,0.01) arm_torque_nm=0.003 motors=[760.90,1000.00,762.02,1000.00,849.43,1000.00,848.32,999.62][0m
[0m[INFO] [1786148414.669651414] [my_drone_dds_wasd_control]: STATE arm=2 nav=14 NED=(0.039,-2.189,0.333) vel=(0.274,-0.964,-0.575) yaw_deg=91.2 failsafe=False age_s=(0.12,0.00) arm_torque_nm=0.163 motors=[717.22,1000.00,720.86,829.08,790.72,1000.00,787.08,825.44][0m
[31m[ERROR] [1786148415.493702177] [my_drone_dds_wasd_control]: Position safety gate exceeded; requesting LAND horizontal=3.00 m vertical=1.32 m[0m
[33m[WARN] [1786148415.533914070] [my_drone_dds_wasd_control]: LAND requested; Offboard setpoint stream stopped[0m
[0m[INFO] [1786148415.596101521] [my_drone_dds_wasd_control]: PX4 command ack: command=21 result=0[0m
[0m[INFO] [1786148415.708399422] [my_drone_dds_wasd_control]: STATE arm=2 nav=18 NED=(0.570,-3.074,0.143) vel=(0.430,-0.352,-0.313) yaw_deg=93.5 failsafe=False age_s=(0.12,0.01) arm_torque_nm=0.052 motors=[985.04,1000.00,984.74,1000.00,921.78,1000.00,922.08,1000.00][0m
[0m[INFO] [1786148416.693178755] [my_drone_dds_wasd_control]: STATE arm=2 nav=18 NED=(0.097,-2.807,0.272) vel=(-0.548,0.070,0.390) yaw_deg=94.2 failsafe=False age_s=(0.37,0.01) arm_torque_nm=0.000 motors=[813.22,1000.00,813.92,878.31,915.98,1000.00,915.27,877.60][0m
[0m[INFO] [1786148417.752387351] [my_drone_dds_wasd_control]: STATE arm=2 nav=18 NED=(0.091,-2.915,0.344) vel=(0.136,-0.150,-0.337) yaw_deg=100.3 failsafe=False age_s=(0.41,0.02) arm_torque_nm=0.039 motors=[597.72,911.57,597.82,838.85,662.67,911.66,662.58,838.76][0m
[0m[INFO] [1786148418.799774270] [my_drone_dds_wasd_control]: STATE arm=2 nav=18 NED=(0.147,-3.021,0.348) vel=(-0.008,0.031,-0.188) yaw_deg=108.2 failsafe=False age_s=(0.45,0.01) arm_torque_nm=0.144 motors=[579.21,896.84,579.00,867.34,626.15,896.63,626.36,867.54][0m
[0m[INFO] [1786148419.799749340] [my_drone_dds_wasd_control]: STATE arm=2 nav=18 NED=(0.138,-3.024,0.408) vel=(-0.000,0.030,0.044) yaw_deg=107.0 failsafe=False age_s=(0.44,0.01) arm_torque_nm=0.011 motors=[625.65,847.33,624.82,866.70,675.23,846.51,676.05,867.52][0m
[0m[INFO] [1786148420.836707280] [my_drone_dds_wasd_control]: STATE arm=2 nav=18 NED=(0.151,-3.008,0.445) vel=(0.035,0.002,-0.080) yaw_deg=112.6 failsafe=False age_s=(0.48,0.02) arm_torque_nm=0.053 motors=[472.18,860.03,469.35,918.53,650.47,857.20,653.30,921.35][0m
[0m[INFO] [1786148421.839697193] [my_drone_dds_wasd_control]: STATE arm=2 nav=18 NED=(0.190,-3.045,0.480) vel=(-0.034,-0.089,0.008) yaw_deg=123.4 failsafe=False age_s=(0.48,0.02) arm_torque_nm=0.022 motors=[446.85,932.47,444.97,1000.00,471.49,930.59,473.37,1000.00][0m
[0m[INFO] [1786148422.845036343] [my_drone_dds_wasd_control]: STATE arm=2 nav=18 NED=(0.167,-3.056,0.532) vel=(-0.076,0.026,-0.097) yaw_deg=112.2 failsafe=False age_s=(0.47,0.02) arm_torque_nm=0.019 motors=[516.97,941.12,518.42,962.54,374.62,942.56,373.18,961.09][0m
[0m[INFO] [1786148423.857978595] [my_drone_dds_wasd_control]: STATE arm=2 nav=18 NED=(0.158,-3.052,0.583) vel=(0.031,0.074,-0.031) yaw_deg=100.0 failsafe=False age_s=(0.46,0.02) arm_torque_nm=0.020 motors=[437.20,784.31,432.99,969.33,604.48,780.10,608.68,973.53][0m
[0m[INFO] [1786148424.895260596] [my_drone_dds_wasd_control]: STATE arm=2 nav=18 NED=(0.180,-3.065,0.593) vel=(0.011,-0.029,0.029) yaw_deg=113.1 failsafe=False age_s=(0.50,0.01) arm_torque_nm=0.075 motors=[352.93,857.03,348.52,1000.00,537.65,852.62,542.06,1000.00][0m
[0m[INFO] [1786148425.913289957] [my_drone_dds_wasd_control]: STATE arm=2 nav=18 NED=(0.153,-3.074,0.619) vel=(-0.043,0.012,-0.190) yaw_deg=111.3 failsafe=False age_s=(0.50,0.00) arm_torque_nm=0.133 motors=[407.11,805.64,405.22,867.53,503.27,803.75,505.15,869.42][0m
[0m[INFO] [1786148426.989574549] [my_drone_dds_wasd_control]: STATE arm=2 nav=18 NED=(0.148,-3.073,0.623) vel=(-0.023,0.004,-0.158) yaw_deg=109.5 failsafe=False age_s=(0.02,0.01) arm_torque_nm=0.086 motors=[384.17,806.36,382.26,875.50,474.63,804.45,476.54,877.41][0m
[0m[INFO] [1786148427.999985465] [my_drone_dds_wasd_control]: STATE arm=2 nav=18 NED=(0.188,-3.059,0.597) vel=(0.093,-0.022,-0.114) yaw_deg=107.4 failsafe=False age_s=(0.06,0.01) arm_torque_nm=0.321 motors=[415.48,798.45,414.17,820.25,503.57,797.13,504.89,821.57][0m
[0m[INFO] [1786148429.008749903] [my_drone_dds_wasd_control]: STATE arm=2 nav=18 NED=(0.188,-3.085,0.693) vel=(0.034,-0.004,0.026) yaw_deg=105.3 failsafe=False age_s=(0.05,0.01) arm_torque_nm=0.118 motors=[400.56,866.23,399.81,869.61,459.68,865.48,460.43,870.35][0m
[0m[INFO] [1786148430.051649111] [my_drone_dds_wasd_control]: STATE arm=2 nav=18 NED=(0.146,-3.040,0.736) vel=(-0.009,-0.113,0.169) yaw_deg=104.7 failsafe=False age_s=(0.09,0.01) arm_torque_nm=0.264 motors=[423.02,826.73,421.30,876.11,518.11,825.00,519.84,877.83][0m
[0m[INFO] [1786148431.049595120] [my_drone_dds_wasd_control]: STATE arm=2 nav=18 NED=(0.130,-3.077,0.804) vel=(-0.021,-0.104,0.058) yaw_deg=104.5 failsafe=False age_s=(0.08,0.01) arm_torque_nm=0.053 motors=[403.50,816.90,402.00,882.42,463.72,815.40,465.23,883.92][0m
[0m[INFO] [1786148432.111051133] [my_drone_dds_wasd_control]: STATE arm=2 nav=18 NED=(0.135,-3.053,0.808) vel=(-0.018,-0.001,0.011) yaw_deg=102.3 failsafe=False age_s=(0.12,0.02) arm_torque_nm=0.101 motors=[454.36,732.29,453.13,830.93,458.44,731.07,459.67,832.15][0m
[0m[INFO] [1786148433.110568844] [my_drone_dds_wasd_control]: STATE arm=2 nav=18 NED=(0.132,-3.048,0.827) vel=(-0.043,0.034,0.137) yaw_deg=101.6 failsafe=False age_s=(0.10,0.02) arm_torque_nm=0.110 motors=[314.39,632.71,313.13,702.10,350.80,631.44,352.06,703.37][0m
[0m[INFO] [1786148434.155504138] [my_drone_dds_wasd_control]: STATE arm=2 nav=18 NED=(0.120,-3.034,0.900) vel=(-0.012,0.028,0.122) yaw_deg=101.6 failsafe=False age_s=(0.14,0.02) arm_torque_nm=0.013 motors=[0.00,123.11,0.00,187.45,0.00,121.83,0.00,188.73][0m
[0m[INFO] [1786148435.204251959] [my_drone_dds_wasd_control]: STATE arm=2 nav=18 NED=(0.114,-3.047,0.920) vel=(-0.002,0.008,0.097) yaw_deg=101.6 failsafe=False age_s=(0.18,0.01) arm_torque_nm=0.001 motors=[0.00,123.18,0.00,187.64,0.00,121.90,0.00,188.92][0m
[0m[INFO] [1786148435.692603226] [my_drone_dds_wasd_control]: LANDING_DISARMED_CONFIRMED[0m
DDS_ARM_FLIGHT_FAIL missing=['arm:work_a', 'arm:retracted'] climbed=True no_failsafe=True stable=False internal_land=True hover_ready=False
ARM_FLIGHT_METRICS horizontal_drift_m=inf altitude_span_m=inf samples=0
ARM_FLIGHT_INTERNAL_LAND_DETECTED
