DDS WASD: T takeoff | W/S/A/D move | R/F up/down | Q/E yaw | L land | O exit Offboard | X twice emergency disarm | Z safe exit
[0m[INFO] [1786148623.951053944] [my_drone_dds_wasd_control]: NED target initialized: N=0.006 E=0.016 D=0.027 yaw=94.6 deg[0m
[0m[INFO] [1786148623.988650147] [my_drone_dds_wasd_control]: local vertical target sign=-1 (target = current + sign * height)[0m
[0m[INFO] [1786148624.083054252] [my_drone_dds_wasd_control]: STATE arm=1 nav=4 NED=(0.012,0.021,0.026) vel=(-0.005,0.014,0.005) yaw_deg=94.6 failsafe=False age_s=(0.05,0.01) arm_torque_nm=0.000 motors=[0.00,0.00,0.00,0.00,0.00,0.00,0.00,0.00][0m
[0m[INFO] [1786148625.075517240] [my_drone_dds_wasd_control]: STATE arm=1 nav=4 NED=(0.013,0.016,0.030) vel=(-0.006,0.006,0.006) yaw_deg=94.6 failsafe=False age_s=(0.17,0.01) arm_torque_nm=0.000 motors=[0.00,0.00,0.00,0.00,0.00,0.00,0.00,0.00][0m
[0m[INFO] [1786148626.165806391] [my_drone_dds_wasd_control]: STATE arm=1 nav=4 NED=(0.006,0.007,0.022) vel=(-0.011,0.001,0.003) yaw_deg=94.6 failsafe=False age_s=(0.21,0.00) arm_torque_nm=0.000 motors=[0.00,0.00,0.00,0.00,0.00,0.00,0.00,0.00][0m
[0m[INFO] [1786148626.213685606] [my_drone_dds_wasd_control]: target NED=(0.01, 0.01, -0.58) yaw=94.6 deg[0m
[0m[INFO] [1786148626.255215049] [my_drone_dds_wasd_control]: Prestreaming Offboard setpoints for 2 seconds[0m
[0m[INFO] [1786148627.193462516] [my_drone_dds_wasd_control]: STATE arm=1 nav=4 NED=(0.022,0.019,0.006) vel=(-0.001,0.006,-0.000) yaw_deg=94.6 failsafe=False age_s=(0.36,0.01) arm_torque_nm=0.000 motors=[0.00,0.00,0.00,0.00,0.00,0.00,0.00,0.00][0m
[0m[INFO] [1786148628.233829728] [my_drone_dds_wasd_control]: STATE arm=1 nav=4 NED=(0.025,0.023,0.008) vel=(0.001,0.006,0.003) yaw_deg=94.6 failsafe=False age_s=(0.41,0.00) arm_torque_nm=0.000 motors=[0.00,0.00,0.00,0.00,0.00,0.00,0.00,0.00][0m
[0m[INFO] [1786148628.271450907] [my_drone_dds_wasd_control]: OFFBOARD mode and ARM commands sent[0m
[0m[INFO] [1786148628.316783850] [my_drone_dds_wasd_control]: PX4 command ack: command=400 result=0[0m
[0m[INFO] [1786148629.244344678] [my_drone_dds_wasd_control]: STATE arm=2 nav=14 NED=(0.026,0.021,0.024) vel=(0.001,0.005,0.006) yaw_deg=94.6 failsafe=False age_s=(0.43,0.00) arm_torque_nm=0.000 motors=[0.00,5.10,0.00,0.22,1.80,5.10,1.80,0.22][0m
[0m[INFO] [1786148630.284055452] [my_drone_dds_wasd_control]: STATE arm=2 nav=14 NED=(0.014,0.009,0.031) vel=(-0.008,-0.001,0.007) yaw_deg=94.6 failsafe=False age_s=(0.48,0.01) arm_torque_nm=0.000 motors=[221.33,240.01,221.34,237.96,222.55,240.01,222.54,237.95][0m
[0m[INFO] [1786148631.275737583] [my_drone_dds_wasd_control]: STATE arm=2 nav=14 NED=(0.013,-0.013,0.015) vel=(-0.005,-0.012,0.004) yaw_deg=94.6 failsafe=False age_s=(0.47,0.01) arm_torque_nm=0.000 motors=[492.85,527.95,492.86,528.28,491.47,527.96,491.45,528.27][0m
[0m[INFO] [1786148632.333475555] [my_drone_dds_wasd_control]: STATE arm=2 nav=14 NED=(-0.007,-0.016,0.004) vel=(-0.013,-0.005,-0.001) yaw_deg=94.6 failsafe=False age_s=(0.01,0.00) arm_torque_nm=0.000 motors=[759.29,815.27,759.30,815.71,757.92,815.28,757.91,815.69][0m
[0m[INFO] [1786148633.382504944] [my_drone_dds_wasd_control]: STATE arm=2 nav=14 NED=(-0.002,-0.000,-0.010) vel=(-0.030,0.022,0.021) yaw_deg=94.6 failsafe=False age_s=(0.05,0.01) arm_torque_nm=0.000 motors=[785.60,789.43,785.56,816.42,761.38,789.40,761.42,816.45][0m
[0m[INFO] [1786148634.387655938] [my_drone_dds_wasd_control]: STATE arm=2 nav=14 NED=(0.019,0.028,-0.006) vel=(0.067,-0.046,0.139) yaw_deg=94.7 failsafe=False age_s=(0.04,0.01) arm_torque_nm=0.018 motors=[694.03,937.89,693.97,863.28,773.90,937.83,773.97,863.34][0m
[0m[INFO] [1786148635.388050795] [my_drone_dds_wasd_control]: STATE arm=2 nav=14 NED=(0.032,0.038,-0.028) vel=(-0.010,0.033,0.125) yaw_deg=94.7 failsafe=False age_s=(0.02,0.02) arm_torque_nm=0.001 motors=[802.08,828.04,801.98,837.78,800.87,827.94,800.97,837.88][0m
[0m[INFO] [1786148636.440161034] [my_drone_dds_wasd_control]: STATE arm=2 nav=14 NED=(0.038,0.027,-0.014) vel=(0.020,0.014,-0.026) yaw_deg=94.7 failsafe=False age_s=(0.06,0.01) arm_torque_nm=0.006 motors=[756.61,833.63,756.58,798.16,794.77,833.60,794.80,798.19][0m
[0m[INFO] [1786148637.487958998] [my_drone_dds_wasd_control]: STATE arm=2 nav=14 NED=(0.032,0.025,-0.021) vel=(0.010,-0.001,0.009) yaw_deg=94.7 failsafe=False age_s=(0.10,0.02) arm_torque_nm=0.008 motors=[762.74,840.95,762.65,817.22,793.49,840.87,793.57,817.30][0m
[0m[INFO] [1786148638.476983476] [my_drone_dds_wasd_control]: STATE arm=2 nav=14 NED=(0.025,0.006,-0.036) vel=(0.008,-0.051,0.027) yaw_deg=94.7 failsafe=False age_s=(0.10,0.02) arm_torque_nm=0.000 motors=[728.82,883.38,728.72,858.73,761.40,883.28,761.49,858.82][0m
[0m[INFO] [1786148639.536816410] [my_drone_dds_wasd_control]: STATE arm=2 nav=14 NED=(-0.016,0.012,-0.058) vel=(-0.075,0.041,0.201) yaw_deg=94.7 failsafe=False age_s=(0.14,0.01) arm_torque_nm=0.005 motors=[843.24,825.03,843.17,857.82,816.40,824.96,816.48,857.89][0m
[0m[INFO] [1786148640.605189664] [my_drone_dds_wasd_control]: STATE arm=2 nav=14 NED=(-0.015,0.011,-0.011) vel=(-0.009,-0.007,0.005) yaw_deg=94.7 failsafe=False age_s=(0.18,0.02) arm_torque_nm=0.012 motors=[778.23,838.44,778.07,826.38,803.73,838.28,803.89,826.54][0m
[0m[INFO] [1786148641.588535779] [my_drone_dds_wasd_control]: STATE arm=2 nav=14 NED=(0.008,0.026,-0.018) vel=(0.001,0.037,0.040) yaw_deg=94.6 failsafe=False age_s=(0.17,0.01) arm_torque_nm=0.000 motors=[801.75,846.85,801.59,829.33,832.15,846.70,832.31,829.49][0m
[0m[INFO] [1786148642.630333785] [my_drone_dds_wasd_control]: STATE arm=2 nav=14 NED=(-0.008,0.062,0.027) vel=(-0.081,0.064,0.275) yaw_deg=94.4 failsafe=False age_s=(0.16,0.01) arm_torque_nm=0.000 motors=[872.20,873.02,872.34,884.40,849.46,873.16,849.32,884.27][0m
[0m[INFO] [1786148643.629218301] [my_drone_dds_wasd_control]: STATE arm=2 nav=14 NED=(-0.111,0.087,0.071) vel=(-0.120,0.066,0.276) yaw_deg=90.4 failsafe=False age_s=(0.19,0.01) arm_torque_nm=0.181 motors=[992.69,944.30,996.97,804.44,774.00,948.58,769.72,800.16][0m
[0m[INFO] [1786148644.640523503] [my_drone_dds_wasd_control]: STATE arm=2 nav=14 NED=(-0.059,-0.042,0.198) vel=(-0.159,-0.050,0.381) yaw_deg=95.3 failsafe=False age_s=(0.18,0.01) arm_torque_nm=0.041 motors=[819.31,868.95,816.05,1000.00,946.71,865.69,949.97,1000.00][0m
[0m[INFO] [1786148645.694720462] [my_drone_dds_wasd_control]: STATE arm=2 nav=14 NED=(-0.043,-0.003,0.264) vel=(0.021,0.096,0.188) yaw_deg=97.4 failsafe=False age_s=(0.22,0.00) arm_torque_nm=0.015 motors=[888.94,875.03,887.77,938.50,923.24,873.86,924.40,939.67][0m
[0m[INFO] [1786148646.734252389] [my_drone_dds_wasd_control]: STATE arm=2 nav=14 NED=(0.084,0.006,0.102) vel=(0.274,0.112,-0.008) yaw_deg=96.0 failsafe=False age_s=(0.26,0.01) arm_torque_nm=0.000 motors=[863.08,842.72,862.97,917.33,797.90,842.61,798.02,917.45][0m
[0m[INFO] [1786148647.752876270] [my_drone_dds_wasd_control]: STATE arm=2 nav=14 NED=(0.059,0.032,-0.018) vel=(-0.125,-0.023,0.083) yaw_deg=94.3 failsafe=False age_s=(0.25,0.01) arm_torque_nm=0.042 motors=[849.39,864.99,848.83,886.82,874.12,864.44,874.68,887.37][0m
[0m[INFO] [1786148648.726731444] [my_drone_dds_wasd_control]: STATE arm=2 nav=14 NED=(-0.077,0.123,0.116) vel=(-0.088,-0.009,0.033) yaw_deg=94.1 failsafe=False age_s=(0.24,0.01) arm_torque_nm=0.000 motors=[866.52,872.62,866.40,876.84,872.89,872.50,873.02,876.97][0m
[0m[INFO] [1786148651.336353953] [my_drone_dds_wasd_control]: STATE arm=2 nav=14 NED=(0.029,0.161,-0.084) vel=(0.177,-0.062,-0.222) yaw_deg=95.6 failsafe=False age_s=(0.27,0.01) arm_torque_nm=0.604 motors=[709.40,895.57,708.75,714.87,944.33,894.93,944.98,715.52][0m
[0m[INFO] [1786148652.375939125] [my_drone_dds_wasd_control]: STATE arm=2 nav=14 NED=(-0.008,0.196,-0.244) vel=(-0.036,-0.051,-0.394) yaw_deg=97.1 failsafe=False age_s=(0.32,0.02) arm_torque_nm=0.003 motors=[759.25,712.12,757.46,754.61,866.58,710.33,868.37,756.40][0m
[0m[INFO] [1786148653.381603083] [my_drone_dds_wasd_control]: STATE arm=2 nav=14 NED=(-0.015,0.241,-0.344) vel=(-0.016,0.011,-0.316) yaw_deg=97.3 failsafe=False age_s=(0.30,0.02) arm_torque_nm=0.000 motors=[769.19,682.13,766.79,747.60,905.26,679.72,907.66,750.01][0m
[0m[INFO] [1786148654.428100558] [my_drone_dds_wasd_control]: STATE arm=2 nav=14 NED=(-0.014,0.261,-0.333) vel=(-0.018,-0.015,-0.186) yaw_deg=96.5 failsafe=False age_s=(0.35,0.01) arm_torque_nm=0.000 motors=[803.64,676.71,801.18,789.17,897.65,674.25,900.11,791.63][0m
[0m[INFO] [1786148655.436880992] [my_drone_dds_wasd_control]: STATE arm=2 nav=14 NED=(-0.016,0.254,-0.330) vel=(-0.060,-0.076,-0.184) yaw_deg=94.7 failsafe=False age_s=(0.34,0.01) arm_torque_nm=0.000 motors=[803.21,712.27,801.47,767.05,894.12,710.53,895.86,768.79][0m
[0m[INFO] [1786148656.447746048] [my_drone_dds_wasd_control]: STATE arm=2 nav=14 NED=(-0.024,0.259,-0.323) vel=(-0.065,-0.037,-0.200) yaw_deg=93.5 failsafe=False age_s=(0.33,0.01) arm_torque_nm=0.000 motors=[817.54,721.43,816.56,745.79,875.54,720.45,876.53,746.77][0m
[0m[INFO] [1786148657.478983829] [my_drone_dds_wasd_control]: STATE arm=2 nav=14 NED=(-0.016,0.315,-0.291) vel=(-0.025,0.092,-0.084) yaw_deg=92.9 failsafe=False age_s=(0.37,0.02) arm_torque_nm=0.000 motors=[865.11,736.56,864.70,734.83,901.48,736.15,901.89,735.25][0m
[0m[INFO] [1786148658.566343464] [my_drone_dds_wasd_control]: STATE arm=2 nav=14 NED=(-0.005,0.345,-0.293) vel=(-0.036,0.087,-0.134) yaw_deg=93.0 failsafe=False age_s=(0.36,0.02) arm_torque_nm=0.001 motors=[878.79,706.87,878.65,683.39,913.39,706.73,913.53,683.52][0m
[0m[INFO] [1786148659.487061741] [my_drone_dds_wasd_control]: STATE arm=2 nav=14 NED=(0.013,0.404,-0.287) vel=(-0.015,0.060,-0.202) yaw_deg=95.2 failsafe=False age_s=(0.35,0.01) arm_torque_nm=0.051 motors=[700.77,818.24,698.92,892.05,781.92,816.39,783.77,893.90][0m
[0m[INFO] [1786148660.523656878] [my_drone_dds_wasd_control]: STATE arm=2 nav=14 NED=(0.039,0.499,0.078) vel=(0.106,0.144,0.104) yaw_deg=95.8 failsafe=False age_s=(0.38,0.02) arm_torque_nm=0.000 motors=[807.64,875.06,806.14,984.84,823.66,873.56,825.16,986.35][0m
[0m[INFO] [1786148661.568971904] [my_drone_dds_wasd_control]: STATE arm=2 nav=14 NED=(0.056,0.451,0.409) vel=(0.073,-0.167,-0.212) yaw_deg=96.7 failsafe=False age_s=(0.43,0.01) arm_torque_nm=0.000 motors=[689.11,897.04,687.20,956.40,790.05,895.12,791.97,958.31][0m
[0m[INFO] [1786148662.642809515] [my_drone_dds_wasd_control]: STATE arm=2 nav=14 NED=(-0.013,0.425,0.415) vel=(-0.115,-0.003,0.049) yaw_deg=95.0 failsafe=False age_s=(0.45,0.02) arm_torque_nm=0.000 motors=[854.03,891.88,853.28,937.85,871.01,891.12,871.76,938.60][0m
[0m[INFO] [1786148663.692503655] [my_drone_dds_wasd_control]: STATE arm=2 nav=14 NED=(-0.025,0.404,0.397) vel=(0.019,-0.019,-0.369) yaw_deg=92.3 failsafe=False age_s=(0.49,0.01) arm_torque_nm=0.056 motors=[757.60,907.65,758.45,861.82,732.41,908.50,731.56,860.97][0m
[0m[INFO] [1786148664.727223192] [my_drone_dds_wasd_control]: STATE arm=2 nav=14 NED=(-0.082,0.395,0.440) vel=(0.015,-0.069,-0.048) yaw_deg=93.8 failsafe=False age_s=(0.03,0.02) arm_torque_nm=0.000 motors=[837.56,954.35,838.48,896.93,818.24,955.27,817.33,896.01][0m
[0m[INFO] [1786148665.771984324] [my_drone_dds_wasd_control]: STATE arm=2 nav=14 NED=(-0.055,0.420,0.341) vel=(-0.021,0.073,-0.153) yaw_deg=96.5 failsafe=False age_s=(0.07,0.01) arm_torque_nm=0.000 motors=[836.23,849.21,835.68,885.28,846.34,848.66,846.89,885.83][0m
[0m[INFO] [1786148666.786682991] [my_drone_dds_wasd_control]: STATE arm=2 nav=14 NED=(-0.137,0.530,0.221) vel=(-0.079,0.005,-0.012) yaw_deg=95.1 failsafe=False age_s=(0.06,0.01) arm_torque_nm=0.000 motors=[868.99,908.10,869.08,914.38,855.56,908.19,855.47,914.30][0m
[0m[INFO] [1786148667.786045773] [my_drone_dds_wasd_control]: STATE arm=2 nav=14 NED=(-0.184,0.475,-0.009) vel=(-0.028,-0.083,0.049) yaw_deg=95.1 failsafe=False age_s=(0.05,0.01) arm_torque_nm=0.000 motors=[860.96,897.65,861.01,901.60,852.48,897.70,852.43,901.55][0m
[0m[INFO] [1786148668.832187783] [my_drone_dds_wasd_control]: STATE arm=2 nav=14 NED=(-0.176,0.399,-0.336) vel=(-0.002,-0.086,-0.090) yaw_deg=94.9 failsafe=False age_s=(0.09,0.02) arm_torque_nm=0.000 motors=[826.06,862.18,826.04,869.63,819.77,862.17,819.79,869.64][0m
[0m[INFO] [1786148669.892538968] [my_drone_dds_wasd_control]: STATE arm=2 nav=14 NED=(-0.178,0.327,-0.488) vel=(-0.007,-0.077,-0.070) yaw_deg=94.8 failsafe=False age_s=(0.11,0.00) arm_torque_nm=0.000 motors=[831.12,867.22,831.11,876.28,822.12,867.22,822.12,876.28][0m
[0m[INFO] [1786148670.950412262] [my_drone_dds_wasd_control]: STATE arm=2 nav=14 NED=(-0.195,0.253,-0.526) vel=(-0.000,-0.059,0.092) yaw_deg=94.7 failsafe=False age_s=(0.15,0.01) arm_torque_nm=0.000 motors=[850.10,882.78,850.07,892.54,842.95,882.75,842.98,892.57][0m
[0m[INFO] [1786148671.983107759] [my_drone_dds_wasd_control]: STATE arm=2 nav=14 NED=(-0.175,0.177,-0.528) vel=(0.006,-0.049,-0.051) yaw_deg=94.6 failsafe=False age_s=(0.18,0.01) arm_torque_nm=0.000 motors=[828.76,864.57,828.75,873.09,820.77,864.57,820.78,873.10][0m
[0m[INFO] [1786148672.990373677] [my_drone_dds_wasd_control]: STATE arm=2 nav=14 NED=(-0.166,0.142,-0.535) vel=(0.005,-0.003,0.027) yaw_deg=94.6 failsafe=False age_s=(0.17,0.01) arm_torque_nm=0.000 motors=[853.72,876.70,853.71,882.10,848.91,876.70,848.92,882.10][0m
[0m[INFO] [1786148674.045346680] [my_drone_dds_wasd_control]: STATE arm=2 nav=14 NED=(-0.148,0.157,-0.411) vel=(0.008,-0.007,-0.061) yaw_deg=94.6 failsafe=False age_s=(0.20,0.02) arm_torque_nm=0.000 motors=[833.90,869.09,833.87,878.27,826.99,869.06,827.01,878.30][0m
[0m[INFO] [1786148675.037737212] [my_drone_dds_wasd_control]: STATE arm=2 nav=14 NED=(-0.149,0.154,-0.270) vel=(-0.005,0.006,0.000) yaw_deg=94.6 failsafe=False age_s=(0.20,0.02) arm_torque_nm=0.000 motors=[862.39,887.41,862.35,894.79,858.07,887.38,858.10,894.82][0m
[0m[INFO] [1786148676.034235365] [my_drone_dds_wasd_control]: STATE arm=2 nav=14 NED=(-0.148,0.120,-0.264) vel=(0.015,-0.069,-0.476) yaw_deg=94.6 failsafe=False age_s=(0.19,0.02) arm_torque_nm=0.000 motors=[798.53,806.41,798.52,814.39,790.76,806.41,790.76,814.39][0m
[0m[INFO] [1786148677.080593569] [my_drone_dds_wasd_control]: STATE arm=2 nav=14 NED=(-0.139,0.047,-0.316) vel=(-0.001,0.064,-0.273) yaw_deg=94.2 failsafe=False age_s=(0.23,0.01) arm_torque_nm=0.000 motors=[748.85,902.42,748.95,926.70,716.58,902.51,716.48,926.61][0m
[0m[INFO] [1786148678.089711361] [my_drone_dds_wasd_control]: STATE arm=2 nav=14 NED=(-0.165,0.187,-0.180) vel=(-0.000,0.254,0.152) yaw_deg=94.4 failsafe=False age_s=(0.21,0.02) arm_torque_nm=0.011 motors=[863.06,948.45,863.19,946.03,854.56,948.59,854.43,945.89][0m
[0m[INFO] [1786148679.143831091] [my_drone_dds_wasd_control]: STATE arm=2 nav=14 NED=(-0.141,0.321,-0.291) vel=(0.006,0.194,-0.062) yaw_deg=94.7 failsafe=False age_s=(0.24,0.02) arm_torque_nm=0.000 motors=[847.48,876.53,847.55,878.23,840.00,876.60,839.93,878.16][0m
[0m[INFO] [1786148680.177515202] [my_drone_dds_wasd_control]: STATE arm=2 nav=14 NED=(-0.137,0.387,-0.358) vel=(-0.013,0.030,0.064) yaw_deg=94.8 failsafe=False age_s=(0.29,0.01) arm_torque_nm=0.000 motors=[872.68,887.89,872.61,894.08,872.23,887.82,872.30,894.15][0m
[0m[INFO] [1786148681.230925305] [my_drone_dds_wasd_control]: STATE arm=2 nav=14 NED=(-0.172,0.367,-0.441) vel=(-0.017,-0.027,0.032) yaw_deg=94.6 failsafe=False age_s=(0.33,0.01) arm_torque_nm=0.051 motors=[862.45,880.66,862.40,886.11,860.70,880.62,860.74,886.16][0m
[0m[INFO] [1786148682.263269448] [my_drone_dds_wasd_control]: STATE arm=2 nav=14 NED=(-0.159,0.321,-0.339) vel=(-0.004,-0.092,-0.158) yaw_deg=95.0 failsafe=False age_s=(0.31,0.01) arm_torque_nm=0.000 motors=[828.84,849.07,828.68,859.07,832.33,848.91,832.50,859.23][0m
[0m[INFO] [1786148684.990733956] [my_drone_dds_wasd_control]: STATE arm=2 nav=14 NED=(-0.164,0.292,-0.323) vel=(0.001,-0.017,0.192) yaw_deg=94.6 failsafe=False age_s=(0.35,0.01) arm_torque_nm=0.000 motors=[899.29,919.16,899.21,930.06,894.86,919.08,894.94,930.14][0m
[0m[INFO] [1786148685.984763164] [my_drone_dds_wasd_control]: STATE arm=2 nav=14 NED=(-0.179,0.230,-0.119) vel=(-0.079,-0.197,-0.045) yaw_deg=96.2 failsafe=False age_s=(0.33,0.02) arm_torque_nm=0.051 motors=[866.11,865.61,864.91,964.71,867.22,864.41,868.42,965.91][0m
[0m[INFO] [1786148686.990782268] [my_drone_dds_wasd_control]: STATE arm=2 nav=14 NED=(-0.246,0.121,-0.155) vel=(0.026,0.019,-0.224) yaw_deg=93.5 failsafe=False age_s=(0.32,0.00) arm_torque_nm=0.000 motors=[846.52,875.87,847.13,839.50,831.69,876.48,831.08,838.89][0m
[0m[INFO] [1786148687.987502236] [my_drone_dds_wasd_control]: STATE arm=2 nav=14 NED=(-0.153,0.179,-0.293) vel=(0.046,0.041,0.010) yaw_deg=95.0 failsafe=False age_s=(0.31,0.00) arm_torque_nm=0.000 motors=[858.22,874.04,857.54,931.49,857.73,873.36,858.42,932.16][0m
[0m[INFO] [1786148688.979368714] [my_drone_dds_wasd_control]: STATE arm=2 nav=14 NED=(-0.171,0.164,-0.500) vel=(0.012,0.023,-0.081) yaw_deg=93.9 failsafe=False age_s=(0.31,0.00) arm_torque_nm=0.021 motors=[861.54,877.86,861.86,866.45,845.77,878.19,845.44,866.12][0m
[0m[INFO] [1786148690.025063463] [my_drone_dds_wasd_control]: STATE arm=2 nav=14 NED=(-0.176,0.189,-0.613) vel=(0.019,0.023,0.065) yaw_deg=94.5 failsafe=False age_s=(0.30,0.00) arm_torque_nm=0.000 motors=[866.31,884.48,866.27,890.97,863.20,884.44,863.24,891.01][0m
[0m[INFO] [1786148691.044807999] [my_drone_dds_wasd_control]: STATE arm=2 nav=14 NED=(-0.190,0.158,-0.454) vel=(-0.004,-0.094,0.082) yaw_deg=94.6 failsafe=False age_s=(0.33,0.01) arm_torque_nm=0.001 motors=[900.87,898.15,900.77,902.48,904.92,898.05,905.03,902.58][0m
[0m[INFO] [1786148692.066916537] [my_drone_dds_wasd_control]: STATE arm=2 nav=14 NED=(-0.197,0.141,0.070) vel=(0.004,-0.083,0.794) yaw_deg=94.2 failsafe=False age_s=(0.32,0.01) arm_torque_nm=0.000 motors=[942.54,1000.00,942.75,1000.00,911.80,1000.00,911.60,1000.00][0m
[0m[INFO] [1786148693.198017382] [my_drone_dds_wasd_control]: STATE arm=2 nav=14 NED=(-0.176,-0.043,0.483) vel=(-0.005,-0.154,0.246) yaw_deg=95.2 failsafe=False age_s=(0.28,0.00) arm_torque_nm=0.080 motors=[827.08,1000.00,826.52,1000.00,843.28,1000.00,843.84,1000.00][0m
[0m[INFO] [1786148694.129737681] [my_drone_dds_wasd_control]: STATE arm=2 nav=14 NED=(-0.198,-0.026,0.429) vel=(-0.118,-0.035,0.229) yaw_deg=104.5 failsafe=False age_s=(0.27,0.02) arm_torque_nm=0.051 motors=[781.81,855.39,774.23,1000.00,988.91,847.82,996.49,1000.00][0m
[0m[INFO] [1786148695.126429589] [my_drone_dds_wasd_control]: STATE arm=2 nav=14 NED=(-0.534,-0.208,1.087) vel=(-1.172,-1.259,1.872) yaw_deg=139.3 failsafe=False age_s=(0.29,0.01) arm_torque_nm=0.039 motors=[728.56,573.98,711.90,1000.00,826.10,557.32,842.76,1000.00][0m
[0m[INFO] [1786148696.090180563] [my_drone_dds_wasd_control]: STATE arm=2 nav=14 NED=(-0.794,-0.626,1.192) vel=(0.338,-0.399,0.092) yaw_deg=165.7 failsafe=False age_s=(0.25,0.01) arm_torque_nm=0.695 motors=[263.58,681.68,238.55,1000.00,1000.00,656.64,1000.00,1000.00][0m
[0m[INFO] [1786148697.208943398] [my_drone_dds_wasd_control]: STATE arm=2 nav=14 NED=(-0.679,-0.583,0.937) vel=(0.141,-0.100,-0.355) yaw_deg=146.6 failsafe=False age_s=(0.26,0.02) arm_torque_nm=0.125 motors=[454.74,583.13,435.56,1000.00,1000.00,563.96,1000.00,1000.00][0m
[0m[INFO] [1786148698.141386354] [my_drone_dds_wasd_control]: STATE arm=2 nav=14 NED=(-0.581,-0.814,0.652) vel=(0.091,-0.796,-0.254) yaw_deg=110.3 failsafe=False age_s=(0.22,0.00) arm_torque_nm=0.400 motors=[833.98,906.59,831.24,1000.00,785.63,903.85,788.37,1000.00][0m
[0m[INFO] [1786148699.136866385] [my_drone_dds_wasd_control]: STATE arm=2 nav=14 NED=(-0.611,-1.941,0.501) vel=(-0.465,-0.219,-0.197) yaw_deg=86.2 failsafe=False age_s=(0.20,0.01) arm_torque_nm=0.020 motors=[1000.00,837.01,1000.00,817.59,836.86,841.54,832.33,813.07][0m
[0m[INFO] [1786148700.151728014] [my_drone_dds_wasd_control]: STATE arm=2 nav=14 NED=(-1.279,-1.060,0.499) vel=(-0.642,1.124,-0.255) yaw_deg=87.1 failsafe=False age_s=(0.19,0.00) arm_torque_nm=0.100 motors=[871.23,1000.00,874.17,879.49,839.68,1000.00,836.74,876.55][0m
[0m[INFO] [1786148701.180142459] [my_drone_dds_wasd_control]: STATE arm=2 nav=14 NED=(-0.909,-1.064,0.557) vel=(1.153,-0.800,0.019) yaw_deg=88.2 failsafe=False age_s=(0.23,0.01) arm_torque_nm=0.000 motors=[918.45,1000.00,921.85,961.04,866.76,1000.00,863.35,957.63][0m
[0m[INFO] [1786148702.294886399] [my_drone_dds_wasd_control]: STATE arm=2 nav=14 NED=(0.445,-2.362,0.213) vel=(1.116,-0.868,-0.418) yaw_deg=92.1 failsafe=False age_s=(0.27,0.00) arm_torque_nm=0.003 motors=[910.00,865.52,909.91,902.43,881.26,865.42,881.35,902.53][0m
[0m[INFO] [1786148703.228955164] [my_drone_dds_wasd_control]: STATE arm=2 nav=14 NED=(0.855,-2.561,-0.003) vel=(0.068,0.188,-0.367) yaw_deg=94.7 failsafe=False age_s=(0.26,0.00) arm_torque_nm=0.000 motors=[870.48,906.96,871.36,859.99,843.76,907.84,842.88,859.11][0m
[0m[INFO] [1786148704.286213762] [my_drone_dds_wasd_control]: STATE arm=2 nav=14 NED=(0.772,-2.232,0.107) vel=(-0.092,0.399,-0.333) yaw_deg=94.5 failsafe=False age_s=(0.30,0.01) arm_torque_nm=0.000 motors=[865.36,858.03,865.12,883.12,860.75,857.79,861.00,883.37][0m
[0m[INFO] [1786148705.327191297] [my_drone_dds_wasd_control]: STATE arm=2 nav=14 NED=(0.586,-1.751,0.170) vel=(-0.230,0.487,-0.349) yaw_deg=94.8 failsafe=False age_s=(0.34,0.00) arm_torque_nm=0.000 motors=[866.62,882.04,866.67,878.20,865.63,882.10,865.58,878.15][0m
[0m[INFO] [1786148706.392679241] [my_drone_dds_wasd_control]: STATE arm=2 nav=14 NED=(0.343,-1.203,-0.021) vel=(-0.196,0.502,-0.350) yaw_deg=94.6 failsafe=False age_s=(0.38,0.01) arm_torque_nm=0.000 motors=[850.64,866.63,850.57,872.21,850.65,866.56,850.72,872.28][0m
[0m[INFO] [1786148707.426401876] [my_drone_dds_wasd_control]: STATE arm=2 nav=14 NED=(0.173,-0.722,-0.088) vel=(-0.126,0.379,-0.256) yaw_deg=94.6 failsafe=False age_s=(0.43,0.00) arm_torque_nm=0.000 motors=[863.16,880.58,863.18,882.86,859.05,880.60,859.03,882.84][0m
[0m[INFO] [1786148708.816632422] [my_drone_dds_wasd_control]: STATE arm=2 nav=14 NED=(0.055,-0.404,-0.167) vel=(-0.099,0.234,-0.182) yaw_deg=94.7 failsafe=False age_s=(0.42,0.00) arm_torque_nm=0.000 motors=[872.32,885.71,872.29,887.40,872.94,885.68,872.97,887.42][0m
[0m[INFO] [1786148709.567202673] [my_drone_dds_wasd_control]: STATE arm=2 nav=14 NED=(0.341,-1.156,0.873) vel=(1.041,-2.092,0.090) yaw_deg=95.4 failsafe=False age_s=(0.39,0.02) arm_torque_nm=0.011 motors=[722.52,1000.00,719.33,1000.00,943.07,1000.00,946.25,1000.00][0m
[0m[INFO] [1786148710.641239613] [my_drone_dds_wasd_control]: STATE arm=2 nav=14 NED=(0.359,-1.038,0.882) vel=(0.581,-0.771,-0.019) yaw_deg=90.4 failsafe=False age_s=(0.36,0.02) arm_torque_nm=1.080 motors=[952.85,1000.00,956.30,962.05,850.80,1000.00,847.36,958.60][0m
[0m[INFO] [1786148711.530476816] [my_drone_dds_wasd_control]: STATE arm=2 nav=14 NED=(-0.059,-0.770,0.277) vel=(0.019,-0.330,-0.457) yaw_deg=90.2 failsafe=False age_s=(0.38,0.00) arm_torque_nm=0.013 motors=[826.94,909.26,827.32,865.63,839.01,909.63,838.64,865.25][0m
[0m[INFO] [1786148712.541367278] [my_drone_dds_wasd_control]: STATE arm=2 nav=14 NED=(-0.509,-0.945,-0.113) vel=(-0.292,-0.024,-0.289) yaw_deg=95.7 failsafe=False age_s=(0.36,0.00) arm_torque_nm=0.000 motors=[858.27,897.08,858.12,899.89,868.16,896.93,868.31,900.04][0m
[0m[INFO] [1786148713.595856051] [my_drone_dds_wasd_control]: STATE arm=2 nav=14 NED=(-0.646,-1.190,-0.302) vel=(0.101,0.110,-0.208) yaw_deg=93.3 failsafe=False age_s=(0.40,0.01) arm_torque_nm=0.000 motors=[866.30,865.96,866.02,891.84,863.87,865.68,864.15,892.12][0m
[0m[INFO] [1786148714.589136223] [my_drone_dds_wasd_control]: STATE arm=2 nav=14 NED=(-0.503,-1.407,-0.426) vel=(0.080,0.162,-0.184) yaw_deg=94.7 failsafe=False age_s=(0.39,0.01) arm_torque_nm=0.000 motors=[870.46,887.82,870.82,867.14,861.13,888.17,860.77,866.78][0m
[0m[INFO] [1786148715.582020077] [my_drone_dds_wasd_control]: STATE arm=2 nav=14 NED=(-0.277,-1.554,-0.508) vel=(0.163,0.265,-0.139) yaw_deg=94.7 failsafe=False age_s=(0.39,0.01) arm_torque_nm=0.000 motors=[852.99,868.68,852.55,891.19,867.48,868.24,867.92,891.63][0m
[0m[INFO] [1786148716.632264674] [my_drone_dds_wasd_control]: STATE arm=2 nav=14 NED=(0.014,-1.592,-0.610) vel=(0.108,0.307,-0.089) yaw_deg=94.4 failsafe=False age_s=(0.43,0.00) arm_torque_nm=0.000 motors=[863.91,881.47,863.95,882.68,859.20,881.51,859.15,882.64][0m
[0m[INFO] [1786148719.336193644] [my_drone_dds_wasd_control]: STATE arm=2 nav=14 NED=(0.213,-1.494,-0.687) vel=(0.036,0.347,-0.064) yaw_deg=94.5 failsafe=False age_s=(0.42,0.00) arm_torque_nm=0.001 motors=[866.48,883.34,866.52,885.12,861.25,883.38,861.21,885.08][0m
[0m[INFO] [1786148720.336219263] [my_drone_dds_wasd_control]: STATE arm=2 nav=14 NED=(0.369,-1.314,-0.686) vel=(-0.013,0.318,-0.013) yaw_deg=94.7 failsafe=False age_s=(0.41,0.00) arm_torque_nm=0.000 motors=[867.92,875.90,867.91,878.09,866.43,875.89,866.43,878.09][0m
[0m[INFO] [1786148721.345709929] [my_drone_dds_wasd_control]: STATE arm=2 nav=14 NED=(0.440,-1.067,-0.712) vel=(-0.070,0.351,-0.045) yaw_deg=94.6 failsafe=False age_s=(0.39,0.01) arm_torque_nm=0.000 motors=[862.10,879.22,862.09,882.04,860.10,879.21,860.11,882.04][0m
[0m[INFO] [1786148722.372202630] [my_drone_dds_wasd_control]: STATE arm=2 nav=14 NED=(0.500,-0.817,-0.715) vel=(-0.086,0.269,-0.047) yaw_deg=94.6 failsafe=False age_s=(0.43,0.02) arm_torque_nm=0.000 motors=[861.87,872.69,861.91,872.60,858.50,872.73,858.46,872.56][0m
[0m[INFO] [1786148723.373795973] [my_drone_dds_wasd_control]: STATE arm=2 nav=14 NED=(0.510,-0.571,-0.733) vel=(-0.115,0.256,-0.020) yaw_deg=94.6 failsafe=False age_s=(0.42,0.02) arm_torque_nm=0.000 motors=[867.01,884.65,866.99,888.46,864.38,884.63,864.39,888.47][0m
[0m[INFO] [1786148724.431759549] [my_drone_dds_wasd_control]: STATE arm=2 nav=14 NED=(0.475,-0.371,-0.753) vel=(-0.127,0.184,0.383) yaw_deg=94.6 failsafe=False age_s=(0.47,0.01) arm_torque_nm=0.000 motors=[932.17,952.75,932.17,957.34,927.56,952.75,927.56,957.33][0m
[0m[INFO] [1786148725.484156557] [my_drone_dds_wasd_control]: STATE arm=2 nav=14 NED=(0.426,-0.240,-0.754) vel=(-0.127,0.123,0.161) yaw_deg=94.6 failsafe=False age_s=(0.00,0.02) arm_torque_nm=0.000 motors=[897.36,916.01,897.36,920.54,892.18,916.02,892.17,920.53][0m
[0m[INFO] [1786148726.528365323] [my_drone_dds_wasd_control]: STATE arm=2 nav=14 NED=(0.358,-0.170,-0.752) vel=(-0.114,0.082,-0.032) yaw_deg=94.6 failsafe=False age_s=(0.04,0.00) arm_torque_nm=0.000 motors=[860.07,881.18,860.06,885.57,856.18,881.18,856.18,885.57][0m
[0m[INFO] [1786148727.535359829] [my_drone_dds_wasd_control]: STATE arm=2 nav=14 NED=(0.323,-0.112,-0.755) vel=(-0.103,0.063,-0.033) yaw_deg=94.6 failsafe=False age_s=(0.03,0.00) arm_torque_nm=0.000 motors=[853.06,880.01,853.05,885.04,848.77,880.00,848.77,885.05][0m
[0m[INFO] [1786148728.582683611] [my_drone_dds_wasd_control]: STATE arm=2 nav=14 NED=(0.258,-0.039,-0.739) vel=(-0.107,0.042,-0.067) yaw_deg=94.6 failsafe=False age_s=(0.07,0.01) arm_torque_nm=0.000 motors=[848.47,890.34,848.48,898.66,839.38,890.35,839.37,898.65][0m
[0m[INFO] [1786148729.584518792] [my_drone_dds_wasd_control]: STATE arm=2 nav=14 NED=(0.196,-0.023,-0.709) vel=(-0.090,0.019,0.031) yaw_deg=94.6 failsafe=False age_s=(0.07,0.01) arm_torque_nm=0.000 motors=[864.92,903.83,864.92,911.47,857.41,903.83,857.41,911.48][0m
[0m[INFO] [1786148730.649993743] [my_drone_dds_wasd_control]: STATE arm=2 nav=14 NED=(0.191,-0.018,-0.683) vel=(-0.062,0.017,-0.075) yaw_deg=94.6 failsafe=False age_s=(0.11,0.00) arm_torque_nm=0.000 motors=[836.66,879.60,836.65,888.28,828.94,879.59,828.95,888.29][0m
[0m[INFO] [1786148731.694480724] [my_drone_dds_wasd_control]: STATE arm=2 nav=14 NED=(0.206,-0.019,-0.658) vel=(-0.061,0.014,-0.079) yaw_deg=94.6 failsafe=False age_s=(0.15,0.01) arm_torque_nm=0.000 motors=[845.39,877.27,845.38,884.44,838.73,877.26,838.74,884.45][0m
[0m[INFO] [1786148732.670377376] [my_drone_dds_wasd_control]: STATE arm=2 nav=14 NED=(0.194,-0.007,-0.645) vel=(-0.069,0.039,-0.031) yaw_deg=94.6 failsafe=False age_s=(0.14,0.01) arm_torque_nm=0.000 motors=[856.22,876.60,856.20,881.59,852.95,876.58,852.97,881.61][0m
ARM_FLIGHT_HOVER_READY offboard_elapsed_s=100.3
[0m[INFO] [1786148733.732609985] [my_drone_dds_wasd_control]: STATE arm=2 nav=14 NED=(0.149,0.019,-0.635) vel=(-0.076,0.021,-0.056) yaw_deg=94.6 failsafe=False age_s=(0.18,0.00) arm_torque_nm=0.033 motors=[855.88,875.34,855.86,879.75,852.63,875.33,852.64,879.77][0m
[0m[INFO] [1786148734.729258385] [my_drone_dds_wasd_control]: STATE arm=2 nav=14 NED=(0.116,0.022,-0.653) vel=(-0.065,0.022,-0.028) yaw_deg=94.6 failsafe=False age_s=(0.17,0.00) arm_torque_nm=0.046 motors=[860.17,878.30,860.16,882.26,857.10,878.29,857.12,882.27][0m
[0m[INFO] [1786148735.788915459] [my_drone_dds_wasd_control]: STATE arm=2 nav=14 NED=(0.091,0.015,-0.641) vel=(-0.058,-0.006,-0.081) yaw_deg=94.6 failsafe=False age_s=(0.21,0.01) arm_torque_nm=0.000 motors=[844.57,868.36,844.54,874.91,839.93,868.34,839.96,874.94][0m
[0m[INFO] [1786148736.789862835] [my_drone_dds_wasd_control]: STATE arm=2 nav=14 NED=(0.099,0.020,-0.653) vel=(-0.039,0.025,-0.018) yaw_deg=94.6 failsafe=False age_s=(0.21,0.01) arm_torque_nm=0.009 motors=[860.59,880.28,860.58,884.52,857.20,880.27,857.21,884.53][0m
[0m[INFO] [1786148737.833686322] [my_drone_dds_wasd_control]: STATE arm=2 nav=14 NED=(0.099,0.019,-0.547) vel=(-0.049,-0.050,-0.193) yaw_deg=94.6 failsafe=False age_s=(0.25,0.00) arm_torque_nm=0.000 motors=[809.25,897.24,809.20,914.28,796.25,897.19,796.30,914.33][0m
ARM_FLIGHT_SENT_work_a
[0m[INFO] [1786148738.826147324] [my_drone_dds_wasd_control]: STATE arm=2 nav=14 NED=(0.063,-0.022,-0.556) vel=(-0.059,0.041,-0.072) yaw_deg=94.5 failsafe=False age_s=(0.23,0.01) arm_torque_nm=0.000 motors=[857.74,889.43,857.81,892.34,848.69,889.50,848.62,892.27][0m
[0m[INFO] [1786148739.845253935] [my_drone_dds_wasd_control]: STATE arm=2 nav=14 NED=(0.029,0.038,-0.599) vel=(-0.049,0.039,-0.106) yaw_deg=94.7 failsafe=False age_s=(0.22,0.01) arm_torque_nm=0.000 motors=[847.01,866.75,846.99,871.62,844.31,866.72,844.33,871.65][0m
[0m[INFO] [1786148740.946837334] [my_drone_dds_wasd_control]: STATE arm=2 nav=14 NED=(0.018,0.059,-0.450) vel=(-0.029,-0.027,0.388) yaw_deg=94.6 failsafe=False age_s=(0.26,0.02) arm_torque_nm=0.000 motors=[900.15,1000.00,900.07,1000.00,891.30,1000.00,891.38,1000.00][0m
[0m[INFO] [1786148741.947415079] [my_drone_dds_wasd_control]: STATE arm=2 nav=14 NED=(-0.001,0.023,0.021) vel=(-0.099,0.081,0.041) yaw_deg=93.1 failsafe=False age_s=(0.29,0.01) arm_torque_nm=0.095 motors=[1000.00,886.12,1000.00,804.01,990.38,887.74,988.76,802.39][0m
[0m[INFO] [1786148742.983888047] [my_drone_dds_wasd_control]: STATE arm=2 nav=14 NED=(0.008,-0.020,-0.044) vel=(-0.050,-0.014,-0.014) yaw_deg=92.4 failsafe=False age_s=(0.33,0.01) arm_torque_nm=0.000 motors=[1000.00,832.90,1000.00,905.99,886.05,833.79,885.16,905.10][0m
[0m[INFO] [1786148744.033837621] [my_drone_dds_wasd_control]: STATE arm=2 nav=14 NED=(-0.022,-0.127,-0.121) vel=(0.085,-0.279,-0.094) yaw_deg=92.5 failsafe=False age_s=(0.38,0.00) arm_torque_nm=0.000 motors=[845.85,1000.00,847.16,891.71,858.21,1000.00,856.90,890.39][0m
[0m[INFO] [1786148745.042173161] [my_drone_dds_wasd_control]: STATE arm=2 nav=14 NED=(0.226,-0.610,-0.233) vel=(0.176,-0.447,-0.220) yaw_deg=94.4 failsafe=False age_s=(0.37,0.00) arm_torque_nm=0.000 motors=[886.97,858.66,886.80,887.26,872.88,858.49,873.05,887.43][0m
[0m[INFO] [1786148746.026931140] [my_drone_dds_wasd_control]: STATE arm=2 nav=14 NED=(0.176,-0.680,-0.423) vel=(-0.147,0.100,-0.110) yaw_deg=94.9 failsafe=False age_s=(0.36,0.00) arm_torque_nm=0.000 motors=[877.15,899.85,877.50,884.80,863.40,900.19,863.06,884.45][0m
[0m[INFO] [1786148747.088520443] [my_drone_dds_wasd_control]: STATE arm=2 nav=14 NED=(0.073,-0.445,-0.559) vel=(-0.104,0.200,-0.114) yaw_deg=95.1 failsafe=False age_s=(0.40,0.01) arm_torque_nm=0.000 motors=[863.26,878.59,863.21,883.87,862.67,878.54,862.73,883.93][0m
[0m[INFO] [1786148748.163193117] [my_drone_dds_wasd_control]: STATE arm=2 nav=14 NED=(0.001,-0.269,-0.657) vel=(-0.069,0.115,-0.083) yaw_deg=94.8 failsafe=False age_s=(0.44,0.00) arm_torque_nm=0.002 motors=[862.63,869.72,862.57,874.63,862.41,869.66,862.46,874.69][0m
[0m[INFO] [1786148749.125272172] [my_drone_dds_wasd_control]: STATE arm=2 nav=14 NED=(-0.059,-0.166,-0.718) vel=(-0.050,0.110,-0.028) yaw_deg=94.7 failsafe=False age_s=(0.43,0.00) arm_torque_nm=0.008 motors=[866.43,880.69,866.46,882.12,862.73,880.72,862.71,882.09][0m
[0m[INFO] [1786148750.148841733] [my_drone_dds_wasd_control]: STATE arm=2 nav=14 NED=(-0.069,-0.066,-0.732) vel=(-0.017,0.078,-0.017) yaw_deg=94.7 failsafe=False age_s=(0.43,0.00) arm_torque_nm=0.016 motors=[878.09,892.70,878.09,895.96,874.34,892.70,874.34,895.96][0m
[0m[INFO] [1786148751.206402266] [my_drone_dds_wasd_control]: STATE arm=2 nav=14 NED=(-0.072,-0.015,-0.767) vel=(-0.015,0.043,-0.022) yaw_deg=94.7 failsafe=False age_s=(0.47,0.01) arm_torque_nm=0.026 motors=[869.02,884.53,869.02,887.51,865.94,884.53,865.94,887.51][0m
[0m[INFO] [1786148752.188320264] [my_drone_dds_wasd_control]: STATE arm=2 nav=14 NED=(-0.095,0.019,-0.802) vel=(-0.022,0.032,0.004) yaw_deg=94.6 failsafe=False age_s=(0.46,0.01) arm_torque_nm=0.038 motors=[859.84,876.52,859.85,879.09,856.97,876.53,856.96,879.08][0m
[0m[INFO] [1786148753.243396399] [my_drone_dds_wasd_control]: STATE arm=2 nav=14 NED=(-0.127,0.031,-0.784) vel=(-0.021,0.002,-0.002) yaw_deg=94.6 failsafe=False age_s=(0.50,0.00) arm_torque_nm=0.050 motors=[864.22,877.80,864.23,880.09,860.97,877.81,860.96,880.07][0m
[0m[INFO] [1786148754.302261483] [my_drone_dds_wasd_control]: STATE arm=2 nav=14 NED=(-0.134,-0.005,-0.762) vel=(-0.006,-0.016,0.224) yaw_deg=94.6 failsafe=False age_s=(0.04,0.01) arm_torque_nm=0.058 motors=[896.59,907.09,896.61,908.69,893.61,907.10,893.60,908.67][0m
[0m[INFO] [1786148755.293789368] [my_drone_dds_wasd_control]: STATE arm=2 nav=14 NED=(-0.112,0.015,-0.755) vel=(0.001,0.018,-0.018) yaw_deg=94.6 failsafe=False age_s=(0.03,0.01) arm_torque_nm=0.071 motors=[870.15,880.98,870.14,883.73,867.99,880.97,868.00,883.73][0m
[0m[INFO] [1786148756.355764483] [my_drone_dds_wasd_control]: STATE arm=2 nav=14 NED=(-0.088,0.048,-0.731) vel=(-0.001,0.018,-0.008) yaw_deg=94.6 failsafe=False age_s=(0.07,0.00) arm_torque_nm=0.078 motors=[863.66,874.29,863.69,875.35,859.96,874.32,859.93,875.32][0m
[0m[INFO] [1786148757.379147132] [my_drone_dds_wasd_control]: STATE arm=2 nav=14 NED=(-0.095,0.031,-0.705) vel=(-0.019,0.007,-0.026) yaw_deg=94.6 failsafe=False age_s=(0.11,0.01) arm_torque_nm=0.084 motors=[862.97,876.56,862.97,879.10,860.94,876.55,860.95,879.11][0m
[0m[INFO] [1786148758.434573042] [my_drone_dds_wasd_control]: STATE arm=2 nav=14 NED=(-0.109,0.003,-0.698) vel=(-0.016,-0.001,0.201) yaw_deg=94.6 failsafe=False age_s=(0.15,0.00) arm_torque_nm=0.088 motors=[891.71,901.49,891.75,902.42,886.95,901.54,886.91,902.38][0m
[0m[INFO] [1786148759.486729351] [my_drone_dds_wasd_control]: STATE arm=2 nav=14 NED=(-0.076,0.026,-0.585) vel=(-0.001,0.038,0.166) yaw_deg=94.6 failsafe=False age_s=(0.19,0.01) arm_torque_nm=0.089 motors=[910.92,929.15,910.92,934.10,906.16,929.14,906.16,934.11][0m
[0m[INFO] [1786148760.530866746] [my_drone_dds_wasd_control]: STATE arm=2 nav=14 NED=(-0.077,0.042,-0.496) vel=(-0.017,0.012,-0.073) yaw_deg=94.6 failsafe=False age_s=(0.23,0.00) arm_torque_nm=0.091 motors=[869.30,898.25,869.30,905.74,861.45,898.25,861.44,905.73][0m
[0m[INFO] [1786148761.582906017] [my_drone_dds_wasd_control]: STATE arm=2 nav=14 NED=(-0.096,0.047,-0.470) vel=(-0.017,0.000,-0.146) yaw_deg=94.6 failsafe=False age_s=(0.27,0.01) arm_torque_nm=0.092 motors=[842.06,877.24,842.06,883.79,835.24,877.24,835.24,883.79][0m
[0m[INFO] [1786148762.658771857] [my_drone_dds_wasd_control]: STATE arm=2 nav=14 NED=(-0.084,0.049,-0.474) vel=(-0.008,0.013,-0.083) yaw_deg=94.6 failsafe=False age_s=(0.32,0.00) arm_torque_nm=0.092 motors=[859.15,879.56,859.14,884.67,855.00,879.55,855.02,884.68][0m
[0m[INFO] [1786148763.623348437] [my_drone_dds_wasd_control]: STATE arm=2 nav=14 NED=(-0.091,0.071,-0.475) vel=(-0.015,0.012,-0.119) yaw_deg=94.6 failsafe=False age_s=(0.31,0.00) arm_torque_nm=0.093 motors=[855.58,876.57,855.57,883.05,850.12,876.56,850.13,883.06][0m
[0m[INFO] [1786148764.730215506] [my_drone_dds_wasd_control]: STATE arm=2 nav=14 NED=(-0.127,0.082,-0.457) vel=(-0.022,-0.013,-0.137) yaw_deg=94.6 failsafe=False age_s=(0.35,0.01) arm_torque_nm=0.093 motors=[837.54,876.88,837.52,887.90,828.10,876.86,828.12,887.92][0m
[0m[INFO] [1786148765.741498728] [my_drone_dds_wasd_control]: STATE arm=2 nav=14 NED=(-0.167,0.053,-0.500) vel=(-0.017,0.008,-0.029) yaw_deg=94.6 failsafe=False age_s=(0.39,0.00) arm_torque_nm=0.093 motors=[863.45,882.95,863.44,888.50,858.94,882.93,858.95,888.51][0m
[0m[INFO] [1786148766.782962004] [my_drone_dds_wasd_control]: STATE arm=2 nav=14 NED=(-0.139,0.046,-0.520) vel=(0.006,0.005,-0.055) yaw_deg=94.6 failsafe=False age_s=(0.43,0.01) arm_torque_nm=0.093 motors=[862.70,878.72,862.69,884.19,858.31,878.70,858.32,884.20][0m
[0m[INFO] [1786148767.854101010] [my_drone_dds_wasd_control]: STATE arm=2 nav=14 NED=(-0.107,0.040,-0.541) vel=(0.004,-0.000,-0.083) yaw_deg=94.6 failsafe=False age_s=(0.47,0.02) arm_torque_nm=0.093 motors=[849.47,865.34,849.45,871.38,844.86,865.32,844.88,871.40][0m
[0m[INFO] [1786148768.830676853] [my_drone_dds_wasd_control]: STATE arm=2 nav=14 NED=(-0.084,0.012,-0.475) vel=(-0.008,-0.027,-0.181) yaw_deg=94.6 failsafe=False age_s=(0.45,0.02) arm_torque_nm=0.094 motors=[828.33,871.45,828.27,891.96,813.08,871.38,813.14,892.02][0m
[0m[INFO] [1786148769.888868379] [my_drone_dds_wasd_control]: STATE arm=2 nav=14 NED=(-0.107,-0.012,-0.504) vel=(-0.021,0.027,-0.083) yaw_deg=94.6 failsafe=False age_s=(0.50,0.01) arm_torque_nm=0.151 motors=[858.27,876.34,858.29,884.13,849.05,876.36,849.03,884.11][0m
[0m[INFO] [1786148770.931934064] [my_drone_dds_wasd_control]: STATE arm=2 nav=14 NED=(-0.141,0.014,-0.520) vel=(-0.015,0.023,-0.116) yaw_deg=94.7 failsafe=False age_s=(0.03,0.02) arm_torque_nm=0.094 motors=[852.42,867.01,852.39,874.49,847.16,866.98,847.19,874.52][0m
[0m[INFO] [1786148771.939336825] [my_drone_dds_wasd_control]: STATE arm=2 nav=14 NED=(-0.160,0.046,-0.571) vel=(-0.002,0.039,-0.064) yaw_deg=94.6 failsafe=False age_s=(0.03,0.02) arm_torque_nm=0.164 motors=[862.35,877.21,862.34,883.72,857.39,877.20,857.41,883.74][0m
[0m[INFO] [1786148772.985000853] [my_drone_dds_wasd_control]: STATE arm=2 nav=14 NED=(-0.153,0.071,-0.465) vel=(-0.015,-0.076,-0.255) yaw_deg=94.8 failsafe=False age_s=(0.07,0.00) arm_torque_nm=0.094 motors=[810.33,859.13,810.05,897.30,795.65,858.85,795.93,897.58][0m
[0m[INFO] [1786148774.009374331] [my_drone_dds_wasd_control]: STATE arm=2 nav=14 NED=(-0.145,0.041,-0.498) vel=(0.016,0.076,-0.130) yaw_deg=94.2 failsafe=False age_s=(0.06,0.00) arm_torque_nm=0.094 motors=[854.65,875.73,854.83,879.91,834.67,875.92,834.48,879.72][0m
[0m[INFO] [1786148775.044841617] [my_drone_dds_wasd_control]: STATE arm=2 nav=14 NED=(-0.145,0.101,-0.537) vel=(-0.007,0.004,-0.156) yaw_deg=95.1 failsafe=False age_s=(0.10,0.01) arm_torque_nm=0.094 motors=[844.17,854.41,843.81,880.22,848.51,854.05,848.87,880.58][0m
[0m[INFO] [1786148776.124200581] [my_drone_dds_wasd_control]: STATE arm=2 nav=14 NED=(-0.158,0.060,-0.076) vel=(0.013,-0.223,0.320) yaw_deg=93.6 failsafe=False age_s=(0.14,0.02) arm_torque_nm=0.095 motors=[809.12,1000.00,809.78,1000.00,761.39,1000.00,760.74,1000.00][0m
[0m[INFO] [1786148777.139494902] [my_drone_dds_wasd_control]: STATE arm=2 nav=14 NED=(-0.108,-0.332,0.018) vel=(0.061,-0.151,0.038) yaw_deg=92.3 failsafe=False age_s=(0.17,0.02) arm_torque_nm=0.682 motors=[595.61,1000.00,594.86,1000.00,744.93,1000.00,745.68,1000.00][0m
[0m[INFO] [1786148778.164227037] [my_drone_dds_wasd_control]: STATE arm=2 nav=14 NED=(-0.210,-0.337,0.028) vel=(-0.076,0.028,0.019) yaw_deg=79.1 failsafe=False age_s=(0.16,0.00) arm_torque_nm=0.277 motors=[1000.00,1000.00,1000.00,811.52,454.69,1000.00,440.56,797.39][0m
[0m[INFO] [1786148779.211502130] [my_drone_dds_wasd_control]: STATE arm=2 nav=14 NED=(0.026,-0.452,0.183) vel=(-0.026,-0.111,0.371) yaw_deg=109.4 failsafe=False age_s=(0.20,0.01) arm_torque_nm=0.072 motors=[235.12,1000.00,220.37,1000.00,829.72,1000.00,844.47,1000.00][0m
[0m[INFO] [1786148780.207119060] [my_drone_dds_wasd_control]: STATE arm=2 nav=14 NED=(-0.136,-0.590,0.710) vel=(-0.174,0.092,0.078) yaw_deg=76.1 failsafe=False age_s=(0.04,0.01) arm_torque_nm=0.153 motors=[725.85,1000.00,730.03,1000.00,367.26,1000.00,363.08,1000.00][0m
[0m[INFO] [1786148781.207117263] [my_drone_dds_wasd_control]: STATE arm=2 nav=14 NED=(-0.141,-0.564,0.675) vel=(-0.028,0.053,-0.017) yaw_deg=71.5 failsafe=False age_s=(0.04,0.01) arm_torque_nm=0.137 motors=[768.45,1000.00,775.97,1000.00,395.44,1000.00,387.93,1000.00][0m
[0m[INFO] [1786148782.382932827] [my_drone_dds_wasd_control]: STATE arm=2 nav=14 NED=(-0.106,-0.507,0.638) vel=(0.058,-0.023,-0.070) yaw_deg=59.7 failsafe=False age_s=(0.07,0.01) arm_torque_nm=0.444 motors=[846.07,1000.00,859.08,925.49,456.42,1000.00,443.41,912.48][0m
[0m[INFO] [1786148783.286498839] [my_drone_dds_wasd_control]: STATE arm=2 nav=14 NED=(-0.065,-0.498,0.648) vel=(0.080,-0.027,-0.021) yaw_deg=59.3 failsafe=False age_s=(0.12,0.00) arm_torque_nm=0.649 motors=[765.70,1000.00,776.88,884.61,607.84,1000.00,596.65,873.43][0m
[0m[INFO] [1786148784.294918693] [my_drone_dds_wasd_control]: STATE arm=2 nav=14 NED=(-0.020,-0.514,0.642) vel=(0.043,-0.017,-0.027) yaw_deg=58.6 failsafe=False age_s=(0.11,0.00) arm_torque_nm=0.097 motors=[786.66,1000.00,797.78,838.17,661.14,1000.00,650.02,827.06][0m
[0m[INFO] [1786148785.302866108] [my_drone_dds_wasd_control]: STATE arm=2 nav=14 NED=(0.036,-0.505,0.647) vel=(0.052,-0.029,-0.041) yaw_deg=61.5 failsafe=False age_s=(0.10,0.00) arm_torque_nm=0.248 motors=[766.45,1000.00,776.50,841.01,710.61,1000.00,700.57,830.97][0m
[0m[INFO] [1786148786.347000085] [my_drone_dds_wasd_control]: STATE arm=2 nav=14 NED=(0.058,-0.506,0.639) vel=(0.068,-0.023,-0.020) yaw_deg=62.8 failsafe=False age_s=(0.14,0.01) arm_torque_nm=0.091 motors=[736.60,1000.00,746.06,833.43,752.04,1000.00,742.59,823.98][0m
[0m[INFO] [1786148787.386090390] [my_drone_dds_wasd_control]: STATE arm=2 nav=14 NED=(0.093,-0.516,0.643) vel=(0.049,-0.048,-0.048) yaw_deg=65.5 failsafe=False age_s=(0.18,0.00) arm_torque_nm=0.411 motors=[719.76,1000.00,728.06,844.28,800.66,1000.00,792.36,835.98][0m
[0m[INFO] [1786148788.421564035] [my_drone_dds_wasd_control]: STATE arm=2 nav=14 NED=(0.104,-0.475,0.625) vel=(0.004,-0.038,-0.051) yaw_deg=69.0 failsafe=False age_s=(0.16,0.01) arm_torque_nm=0.271 motors=[718.35,1000.00,725.62,818.94,873.40,1000.00,866.13,811.67][0m
[0m[INFO] [1786148789.443565502] [my_drone_dds_wasd_control]: STATE arm=2 nav=14 NED=(0.069,-0.492,0.611) vel=(-0.020,-0.032,-0.058) yaw_deg=67.9 failsafe=False age_s=(0.21,0.00) arm_torque_nm=0.080 motors=[722.22,1000.00,729.53,861.92,832.22,1000.00,824.92,854.61][0m
[0m[INFO] [1786148790.478589289] [my_drone_dds_wasd_control]: STATE arm=2 nav=14 NED=(0.056,-0.473,0.638) vel=(-0.024,0.026,-0.035) yaw_deg=67.9 failsafe=False age_s=(0.25,0.01) arm_torque_nm=0.110 motors=[739.98,1000.00,747.22,859.32,837.69,1000.00,830.45,852.08][0m
[0m[INFO] [1786148791.502275206] [my_drone_dds_wasd_control]: STATE arm=2 nav=14 NED=(0.058,-0.459,0.632) vel=(-0.020,0.022,-0.039) yaw_deg=67.7 failsafe=False age_s=(0.24,0.01) arm_torque_nm=0.073 motors=[743.31,1000.00,750.75,867.76,820.86,1000.00,813.42,860.32][0m
[0m[INFO] [1786148792.541921546] [my_drone_dds_wasd_control]: STATE arm=2 nav=14 NED=(0.062,-0.458,0.641) vel=(-0.059,-0.048,-0.004) yaw_deg=67.1 failsafe=False age_s=(0.28,0.00) arm_torque_nm=0.213 motors=[708.81,1000.00,716.37,918.21,765.34,1000.00,757.78,910.65][0m
[0m[INFO] [1786148793.538222356] [my_drone_dds_wasd_control]: STATE arm=2 nav=14 NED=(0.067,-0.462,0.624) vel=(-0.006,0.000,-0.014) yaw_deg=67.5 failsafe=False age_s=(0.27,0.02) arm_torque_nm=0.076 motors=[737.74,1000.00,745.40,876.04,803.31,1000.00,795.66,868.38][0m
[0m[INFO] [1786148794.529102850] [my_drone_dds_wasd_control]: STATE arm=2 nav=14 NED=(0.058,-0.467,0.613) vel=(-0.067,-0.050,-0.034) yaw_deg=67.5 failsafe=False age_s=(0.26,0.02) arm_torque_nm=0.165 motors=[680.26,1000.00,687.22,975.85,732.74,1000.00,725.78,968.89][0m
[0m[INFO] [1786148795.617045563] [my_drone_dds_wasd_control]: STATE arm=2 nav=14 NED=(0.051,-0.471,0.611) vel=(-0.173,-0.037,-0.049) yaw_deg=67.1 failsafe=False age_s=(0.30,0.03) arm_torque_nm=0.342 motors=[845.83,1000.00,853.50,994.99,683.86,1000.00,676.19,987.32][0m
[0m[INFO] [1786148796.652393479] [my_drone_dds_wasd_control]: STATE arm=2 nav=14 NED=(0.061,-0.489,0.625) vel=(0.022,-0.249,-0.030) yaw_deg=67.4 failsafe=False age_s=(0.33,0.01) arm_torque_nm=0.116 motors=[826.96,1000.00,833.52,978.06,747.11,1000.00,740.54,971.49][0m
[0m[INFO] [1786148799.071397211] [my_drone_dds_wasd_control]: STATE arm=2 nav=14 NED=(1.287,-2.403,0.689) vel=(1.451,-2.114,0.257) yaw_deg=107.9 failsafe=False age_s=(0.35,0.01) arm_torque_nm=0.376 motors=[269.38,1000.00,257.77,1000.00,1000.00,1000.00,1000.00,1000.00][0m
ARM_FLIGHT_SAFETY_ABORT drift=2.732m altitude_delta=0.665m
ARM_FLIGHT_SAFETY_LAND
[31m[ERROR] [1786148799.174599298] [my_drone_dds_wasd_control]: Position safety gate exceeded; requesting LAND horizontal=3.07 m vertical=1.28 m[0m
[33m[WARN] [1786148799.244918640] [my_drone_dds_wasd_control]: LAND requested; Offboard setpoint stream stopped[0m
[0m[INFO] [1786148799.300648980] [my_drone_dds_wasd_control]: PX4 command ack: command=21 result=0[0m
[0m[INFO] [1786148800.005683959] [my_drone_dds_wasd_control]: STATE arm=2 nav=18 NED=(1.499,-3.785,0.638) vel=(0.044,-1.509,-0.243) yaw_deg=79.3 failsafe=False age_s=(0.48,0.01) arm_torque_nm=0.111 motors=[541.09,1000.00,540.54,977.07,839.96,1000.00,840.52,977.62][0m
[0m[INFO] [1786148801.069567233] [my_drone_dds_wasd_control]: STATE arm=2 nav=18 NED=(1.791,-5.189,0.572) vel=(0.135,-0.868,-0.111) yaw_deg=94.2 failsafe=False age_s=(0.50,0.01) arm_torque_nm=0.199 motors=[416.62,935.29,409.97,1000.00,786.92,928.65,793.57,1000.00][0m
[0m[INFO] [1786148802.023991576] [my_drone_dds_wasd_control]: STATE arm=2 nav=18 NED=(1.577,-5.592,0.663) vel=(0.068,-0.226,-0.095) yaw_deg=46.1 failsafe=False age_s=(0.48,0.01) arm_torque_nm=0.161 motors=[1000.00,1000.00,1000.00,516.57,257.26,1000.00,236.40,495.70][0m
[0m[INFO] [1786148803.089903251] [my_drone_dds_wasd_control]: STATE arm=2 nav=18 NED=(1.524,-5.678,0.699) vel=(-0.081,-0.104,-0.090) yaw_deg=46.9 failsafe=False age_s=(0.01,0.01) arm_torque_nm=0.060 motors=[405.67,1000.00,402.09,1000.00,726.43,1000.00,730.02,1000.00][0m
[0m[INFO] [1786148804.168214044] [my_drone_dds_wasd_control]: STATE arm=2 nav=18 NED=(1.411,-5.920,0.676) vel=(-0.064,-0.229,0.080) yaw_deg=26.5 failsafe=False age_s=(0.04,0.02) arm_torque_nm=0.087 motors=[502.12,1000.00,501.03,858.95,814.91,1000.00,816.01,860.05][0m
[0m[INFO] [1786148805.223739045] [my_drone_dds_wasd_control]: STATE arm=2 nav=18 NED=(1.383,-6.148,0.656) vel=(-0.048,-0.103,-0.209) yaw_deg=26.5 failsafe=False age_s=(0.03,0.00) arm_torque_nm=0.083 motors=[478.61,1000.00,478.88,789.87,720.48,1000.00,720.21,789.60][0m
[0m[INFO] [1786148806.286516207] [my_drone_dds_wasd_control]: STATE arm=2 nav=18 NED=(1.313,-6.330,0.675) vel=(-0.121,-0.181,0.025) yaw_deg=18.8 failsafe=False age_s=(0.05,0.02) arm_torque_nm=0.167 motors=[539.19,1000.00,540.04,803.13,731.99,1000.00,731.14,802.28][0m
[0m[INFO] [1786148807.300211566] [my_drone_dds_wasd_control]: STATE arm=2 nav=18 NED=(1.289,-6.341,0.756) vel=(-0.160,-0.045,-0.193) yaw_deg=16.9 failsafe=False age_s=(0.01,0.01) arm_torque_nm=0.066 motors=[364.13,1000.00,361.75,898.85,690.87,1000.00,693.25,901.23][0m
[INFO] [1786148807.892831138] [arm_preset_control]: Sent preset retracted over /arm_controller/joint_trajectory
[INFO] [1786148807.935693236] [arm_preset_control]: ARM_PRESET_REACHED preset=retracted max_error=0.072940 rad
[0m[INFO] [1786148808.306391414] [my_drone_dds_wasd_control]: STATE arm=2 nav=18 NED=(1.244,-6.232,0.819) vel=(-0.181,0.264,-0.053) yaw_deg=7.2 failsafe=False age_s=(0.00,0.01) arm_torque_nm=0.758 motors=[513.44,801.65,509.17,1000.00,572.57,797.38,576.84,1000.00][0m
[0m[INFO] [1786148809.347966242] [my_drone_dds_wasd_control]: STATE arm=2 nav=18 NED=(1.166,-6.081,0.829) vel=(-0.062,0.151,-0.252) yaw_deg=-32.4 failsafe=False age_s=(0.04,0.02) arm_torque_nm=0.440 motors=[504.93,864.24,503.89,817.61,638.40,863.20,639.44,818.64][0m
[0m[INFO] [1786148810.393419306] [my_drone_dds_wasd_control]: STATE arm=2 nav=18 NED=(1.049,-5.951,0.868) vel=(-0.212,0.148,-0.107) yaw_deg=-52.3 failsafe=False age_s=(0.52,0.00) arm_torque_nm=0.136 motors=[466.27,1000.00,468.94,757.86,597.02,1000.00,594.35,755.19][0m
[0m[INFO] [1786148811.340200274] [my_drone_dds_wasd_control]: STATE arm=2 nav=18 NED=(1.050,-5.945,0.785) vel=(0.098,0.082,-0.414) yaw_deg=-50.0 failsafe=False age_s=(0.49,0.00) arm_torque_nm=0.108 motors=[486.69,845.09,486.93,814.61,497.45,845.33,497.21,814.37][0m
[0m[INFO] [1786148812.382015613] [my_drone_dds_wasd_control]: STATE arm=2 nav=18 NED=(1.028,-5.862,0.761) vel=(0.003,0.016,-0.068) yaw_deg=-69.4 failsafe=False age_s=(0.51,0.01) arm_torque_nm=0.077 motors=[490.02,908.74,489.31,814.39,644.25,908.02,644.97,815.10][0m
[0m[INFO] [1786148813.516326181] [my_drone_dds_wasd_control]: STATE arm=2 nav=18 NED=(1.038,-5.866,0.702) vel=(0.069,0.023,-0.106) yaw_deg=-63.9 failsafe=False age_s=(0.02,0.01) arm_torque_nm=0.458 motors=[534.74,823.65,534.24,818.42,581.80,823.15,582.30,818.92][0m
[0m[INFO] [1786148814.451985908] [my_drone_dds_wasd_control]: STATE arm=2 nav=18 NED=(1.096,-5.854,0.694) vel=(0.150,-0.100,-0.427) yaw_deg=-78.9 failsafe=False age_s=(0.51,0.01) arm_torque_nm=0.425 motors=[423.15,850.94,423.72,805.00,421.51,851.51,420.94,804.43][0m
[0m[INFO] [1786148815.537693980] [my_drone_dds_wasd_control]: STATE arm=2 nav=18 NED=(1.132,-5.902,0.547) vel=(0.081,-0.120,-0.231) yaw_deg=-80.6 failsafe=False age_s=(0.01,0.00) arm_torque_nm=0.633 motors=[449.35,858.32,449.98,798.64,456.11,858.96,455.47,798.01][0m
[0m[INFO] [1786148816.480846541] [my_drone_dds_wasd_control]: STATE arm=2 nav=18 NED=(1.085,-5.915,0.558) vel=(0.034,-0.066,-0.321) yaw_deg=-82.8 failsafe=False age_s=(0.01,0.00) arm_torque_nm=0.036 motors=[448.21,771.03,448.15,733.44,490.40,770.97,490.45,733.49][0m
[0m[INFO] [1786148817.532624816] [my_drone_dds_wasd_control]: STATE arm=2 nav=18 NED=(1.032,-5.897,0.548) vel=(-0.090,-0.028,-0.306) yaw_deg=-83.2 failsafe=False age_s=(0.04,0.00) arm_torque_nm=0.283 motors=[415.51,778.46,414.99,787.63,449.64,777.94,450.16,788.15][0m
[0m[INFO] [1786148818.649590206] [my_drone_dds_wasd_control]: STATE arm=2 nav=18 NED=(1.030,-5.901,0.569) vel=(-0.118,-0.038,-0.049) yaw_deg=-85.5 failsafe=False age_s=(0.06,0.01) arm_torque_nm=0.071 motors=[403.34,902.51,403.95,747.92,506.88,903.12,506.28,747.31][0m
[0m[INFO] [1786148819.632362958] [my_drone_dds_wasd_control]: STATE arm=2 nav=18 NED=(1.048,-5.882,0.600) vel=(-0.035,0.018,-0.043) yaw_deg=-84.9 failsafe=False age_s=(0.08,0.01) arm_torque_nm=0.072 motors=[408.68,859.43,408.95,770.26,475.24,859.70,474.97,769.99][0m
[0m[INFO] [1786148820.634851244] [my_drone_dds_wasd_control]: STATE arm=2 nav=18 NED=(1.052,-5.861,0.645) vel=(-0.041,0.032,0.016) yaw_deg=-85.4 failsafe=False age_s=(0.08,0.00) arm_torque_nm=0.055 motors=[403.81,875.61,404.57,738.97,476.43,876.37,475.66,738.21][0m
[0m[INFO] [1786148821.694978574] [my_drone_dds_wasd_control]: STATE arm=2 nav=18 NED=(1.052,-5.837,0.686) vel=(-0.051,0.036,0.053) yaw_deg=-85.4 failsafe=False age_s=(0.11,0.01) arm_torque_nm=0.060 motors=[356.91,904.30,357.53,694.00,515.80,904.91,515.19,693.39][0m
[0m[INFO] [1786148822.682115781] [my_drone_dds_wasd_control]: STATE arm=2 nav=18 NED=(1.067,-5.846,0.712) vel=(0.031,0.016,0.021) yaw_deg=-85.4 failsafe=False age_s=(0.10,0.01) arm_torque_nm=0.002 motors=[411.49,819.26,411.98,694.11,495.14,819.75,494.65,693.61][0m
[0m[INFO] [1786148823.691163576] [my_drone_dds_wasd_control]: STATE arm=2 nav=18 NED=(1.081,-5.866,0.735) vel=(0.052,0.011,0.008) yaw_deg=-85.3 failsafe=False age_s=(0.09,0.02) arm_torque_nm=0.167 motors=[0.00,188.84,0.00,79.24,0.00,189.32,0.00,78.76][0m
[0m[INFO] [1786148824.796064554] [my_drone_dds_wasd_control]: STATE arm=2 nav=18 NED=(1.091,-5.879,0.766) vel=(0.050,-0.008,0.019) yaw_deg=-85.3 failsafe=False age_s=(0.10,0.02) arm_torque_nm=0.023 motors=[0.00,189.43,0.00,79.76,0.00,189.91,0.00,79.28][0m
[0m[INFO] [1786148825.707474931] [my_drone_dds_wasd_control]: LANDING_DISARMED_CONFIRMED[0m
DDS_ARM_FLIGHT_FAIL missing=['arm:work_a'] climbed=True no_failsafe=True stable=False internal_land=True hover_ready=True
ARM_FLIGHT_METRICS horizontal_drift_m=6.461 altitude_span_m=1.670 samples=88
ARM_FLIGHT_ABORTED reason=drift=2.732m altitude_delta=0.665m
ARM_FLIGHT_INTERNAL_LAND_DETECTED
