DDS WASD: T takeoff | W/S/A/D move | R/F up/down | Q/E yaw | L land | O exit Offboard | X twice emergency disarm | Z safe exit
[0m[INFO] [1786146383.807887385] [my_drone_dds_wasd_control]: NED target initialized: N=-0.045 E=-0.034 D=0.052 yaw=94.1 deg[0m
[0m[INFO] [1786146383.846428861] [my_drone_dds_wasd_control]: local vertical target sign=-1 (target = current + sign * height)[0m
[0m[INFO] [1786146383.882571456] [my_drone_dds_wasd_control]: STATE arm=1 nav=4 NED=(-0.045,-0.034,0.052) vel=(-0.006,-0.020,0.001) yaw_deg=94.1 failsafe=False age_s=(0.22,0.22) arm_torque_nm=0.000 motors=[0.00,0.00,0.00,0.00,0.00,0.00,0.00,0.00][0m
[0m[INFO] [1786146384.924551299] [my_drone_dds_wasd_control]: STATE arm=1 nav=4 NED=(-0.024,-0.010,0.050) vel=(0.003,0.002,0.001) yaw_deg=94.1 failsafe=False age_s=(0.29,0.02) arm_torque_nm=0.000 motors=[0.00,0.00,0.00,0.00,0.00,0.00,0.00,0.00][0m
[0m[INFO] [1786146385.925065471] [my_drone_dds_wasd_control]: STATE arm=1 nav=4 NED=(-0.008,0.000,0.070) vel=(0.011,0.005,0.006) yaw_deg=94.1 failsafe=False age_s=(0.28,0.02) arm_torque_nm=0.000 motors=[0.00,0.00,0.00,0.00,0.00,0.00,0.00,0.00][0m
[0m[INFO] [1786146385.964133532] [my_drone_dds_wasd_control]: target NED=(-0.01, 0.00, -1.13) yaw=94.1 deg[0m
[0m[INFO] [1786146385.997056562] [my_drone_dds_wasd_control]: Prestreaming Offboard setpoints for 2 seconds[0m
[0m[INFO] [1786146386.918895469] [my_drone_dds_wasd_control]: STATE arm=1 nav=4 NED=(-0.003,0.002,0.058) vel=(0.012,0.006,0.001) yaw_deg=94.1 failsafe=False age_s=(0.37,0.02) arm_torque_nm=0.000 motors=[0.00,0.00,0.00,0.00,0.00,0.00,0.00,0.00][0m
[0m[INFO] [1786146387.925108484] [my_drone_dds_wasd_control]: STATE arm=1 nav=4 NED=(-0.009,-0.029,0.053) vel=(0.007,-0.014,0.001) yaw_deg=94.0 failsafe=False age_s=(0.36,0.02) arm_torque_nm=0.000 motors=[0.00,0.00,0.00,0.00,0.00,0.00,0.00,0.00][0m
[0m[INFO] [1786146388.017309391] [my_drone_dds_wasd_control]: OFFBOARD mode and ARM commands sent[0m
[0m[INFO] [1786146388.055653920] [my_drone_dds_wasd_control]: PX4 command ack: command=400 result=0[0m
[0m[INFO] [1786146388.918700860] [my_drone_dds_wasd_control]: STATE arm=2 nav=14 NED=(-0.013,-0.051,0.044) vel=(0.003,-0.021,-0.001) yaw_deg=94.0 failsafe=False age_s=(0.39,0.02) arm_torque_nm=0.000 motors=[0.00,5.36,0.00,0.25,1.72,5.36,1.72,0.25][0m
[0m[INFO] [1786146389.963483117] [my_drone_dds_wasd_control]: STATE arm=2 nav=14 NED=(-0.012,-0.043,0.049) vel=(0.004,-0.018,0.001) yaw_deg=94.0 failsafe=False age_s=(0.43,0.01) arm_torque_nm=0.000 motors=[220.79,243.50,220.82,240.03,222.27,243.52,222.25,240.00][0m
[0m[INFO] [1786146391.019021474] [my_drone_dds_wasd_control]: STATE arm=2 nav=14 NED=(-0.018,-0.018,0.052) vel=(0.002,-0.005,0.002) yaw_deg=94.1 failsafe=False age_s=(0.47,0.02) arm_torque_nm=0.000 motors=[504.51,539.49,504.53,539.17,503.47,539.51,503.46,539.16][0m
[0m[INFO] [1786146392.059826333] [my_drone_dds_wasd_control]: STATE arm=2 nav=14 NED=(-0.013,-0.001,0.027) vel=(0.014,-0.020,-0.082) yaw_deg=94.1 failsafe=False age_s=(0.01,0.01) arm_torque_nm=0.006 motors=[762.00,847.59,762.01,829.40,778.70,847.61,778.68,829.38][0m
[0m[INFO] [1786146393.060751696] [my_drone_dds_wasd_control]: STATE arm=2 nav=14 NED=(-0.043,0.025,-0.085) vel=(-0.084,0.031,-0.229) yaw_deg=94.1 failsafe=False age_s=(0.00,0.01) arm_torque_nm=0.000 motors=[757.68,798.03,757.70,803.24,751.32,798.05,751.30,803.22][0m
[0m[INFO] [1786146394.061156985] [my_drone_dds_wasd_control]: STATE arm=2 nav=14 NED=(-0.055,0.004,-0.166) vel=(-0.061,-0.061,-0.171) yaw_deg=94.0 failsafe=False age_s=(0.50,0.01) arm_torque_nm=0.222 motors=[757.65,811.58,757.74,816.53,745.45,811.66,745.37,816.44][0m
[0m[INFO] [1786146395.108511739] [my_drone_dds_wasd_control]: STATE arm=2 nav=14 NED=(-0.043,-0.023,-0.175) vel=(-0.026,-0.059,-0.129) yaw_deg=94.2 failsafe=False age_s=(0.04,0.02) arm_torque_nm=0.012 motors=[760.05,825.00,760.05,829.52,755.88,824.99,755.88,829.52][0m
[0m[INFO] [1786146396.122055078] [my_drone_dds_wasd_control]: STATE arm=2 nav=14 NED=(-0.025,0.001,-0.150) vel=(-0.045,0.001,-0.000) yaw_deg=94.4 failsafe=False age_s=(0.03,0.02) arm_torque_nm=0.000 motors=[784.85,849.88,784.69,865.05,782.88,849.72,783.04,865.21][0m
[0m[INFO] [1786146397.166410728] [my_drone_dds_wasd_control]: STATE arm=2 nav=14 NED=(-0.018,0.062,-0.071) vel=(-0.038,0.107,0.036) yaw_deg=94.0 failsafe=False age_s=(0.07,0.01) arm_torque_nm=0.000 motors=[804.14,869.68,804.12,866.23,808.78,869.66,808.80,866.24][0m
[0m[INFO] [1786146398.215083301] [my_drone_dds_wasd_control]: STATE arm=2 nav=14 NED=(-0.031,0.097,0.001) vel=(0.060,0.024,0.158) yaw_deg=93.7 failsafe=False age_s=(0.11,0.02) arm_torque_nm=0.000 motors=[851.08,886.45,851.02,881.99,860.58,886.39,860.64,882.05][0m
[0m[INFO] [1786146399.256710643] [my_drone_dds_wasd_control]: STATE arm=2 nav=14 NED=(-0.031,0.058,-0.007) vel=(-0.030,0.023,0.007) yaw_deg=94.0 failsafe=False age_s=(0.16,0.01) arm_torque_nm=0.000 motors=[844.76,860.78,844.67,867.42,845.10,860.70,845.19,867.50][0m
[0m[INFO] [1786146400.263314989] [my_drone_dds_wasd_control]: STATE arm=2 nav=14 NED=(-0.049,0.023,0.060) vel=(0.025,-0.013,0.154) yaw_deg=93.2 failsafe=False age_s=(0.15,0.01) arm_torque_nm=0.000 motors=[889.99,900.98,890.28,895.56,870.56,901.28,870.26,895.26][0m
[0m[INFO] [1786146401.319635985] [my_drone_dds_wasd_control]: STATE arm=2 nav=14 NED=(-0.074,0.076,0.073) vel=(0.005,0.033,0.086) yaw_deg=93.7 failsafe=False age_s=(0.19,0.02) arm_torque_nm=0.014 motors=[912.90,888.63,913.62,882.42,858.99,889.35,858.27,881.70][0m
[0m[INFO] [1786146402.326401189] [my_drone_dds_wasd_control]: STATE arm=2 nav=14 NED=(-0.098,0.102,-0.009) vel=(-0.001,-0.030,-0.112) yaw_deg=94.9 failsafe=False age_s=(0.18,0.02) arm_torque_nm=0.000 motors=[851.39,860.31,851.42,864.93,844.24,860.34,844.21,864.90][0m
[0m[INFO] [1786146406.460637619] [my_drone_dds_wasd_control]: STATE arm=2 nav=14 NED=(-0.100,0.050,-0.068) vel=(0.003,-0.066,-0.026) yaw_deg=94.3 failsafe=False age_s=(0.20,0.00) arm_torque_nm=0.000 motors=[867.03,867.64,866.97,874.85,864.97,867.58,865.03,874.91][0m
[0m[INFO] [1786146407.519651798] [my_drone_dds_wasd_control]: STATE arm=2 nav=14 NED=(-0.094,0.067,-0.340) vel=(-0.021,0.035,0.031) yaw_deg=94.3 failsafe=False age_s=(0.24,0.01) arm_torque_nm=0.000 motors=[855.45,878.64,855.57,876.02,847.28,878.77,847.15,875.89][0m
[0m[INFO] [1786146408.566684317] [my_drone_dds_wasd_control]: STATE arm=2 nav=14 NED=(-0.092,0.118,-0.338) vel=(-0.027,0.019,0.212) yaw_deg=94.4 failsafe=False age_s=(0.28,0.00) arm_torque_nm=0.000 motors=[889.43,911.20,889.30,929.19,882.78,911.06,882.91,929.33][0m
[0m[INFO] [1786146409.571571270] [my_drone_dds_wasd_control]: STATE arm=2 nav=14 NED=(-0.165,-0.038,-0.284) vel=(-0.130,-0.215,0.050) yaw_deg=95.8 failsafe=False age_s=(0.27,0.00) arm_torque_nm=0.000 motors=[867.22,863.17,865.96,960.38,875.49,861.91,876.75,961.64][0m
[0m[INFO] [1786146410.613640731] [my_drone_dds_wasd_control]: STATE arm=2 nav=14 NED=(-0.240,-0.092,-0.488) vel=(0.047,0.126,0.037) yaw_deg=93.4 failsafe=False age_s=(0.32,0.01) arm_torque_nm=0.000 motors=[868.70,887.16,868.70,896.50,859.28,887.16,859.28,896.50][0m
[0m[INFO] [1786146411.658145276] [my_drone_dds_wasd_control]: STATE arm=2 nav=14 NED=(-0.145,0.035,-0.638) vel=(0.060,0.096,0.148) yaw_deg=93.3 failsafe=False age_s=(0.36,0.00) arm_torque_nm=0.000 motors=[890.33,909.87,890.56,905.70,875.36,910.10,875.14,905.47][0m
[0m[INFO] [1786146412.711360160] [my_drone_dds_wasd_control]: STATE arm=2 nav=14 NED=(-0.102,0.078,-0.650) vel=(0.006,0.034,0.038) yaw_deg=94.0 failsafe=False age_s=(0.40,0.01) arm_torque_nm=0.000 motors=[870.64,891.02,870.67,894.37,864.95,891.05,864.93,894.34][0m
[0m[INFO] [1786146413.712363881] [my_drone_dds_wasd_control]: STATE arm=2 nav=14 NED=(-0.133,0.085,-0.688) vel=(-0.022,0.006,0.055) yaw_deg=94.0 failsafe=False age_s=(0.39,0.01) arm_torque_nm=0.000 motors=[877.05,894.93,877.01,900.24,875.09,894.89,875.13,900.28][0m
[0m[INFO] [1786146414.764015750] [my_drone_dds_wasd_control]: STATE arm=2 nav=14 NED=(-0.153,0.087,-0.737) vel=(-0.009,-0.001,0.044) yaw_deg=94.1 failsafe=False age_s=(0.44,0.00) arm_torque_nm=0.000 motors=[881.79,899.73,881.77,904.62,878.01,899.71,878.02,904.64][0m
[0m[INFO] [1786146415.807728573] [my_drone_dds_wasd_control]: STATE arm=2 nav=14 NED=(-0.189,0.097,-0.685) vel=(-0.021,-0.008,-0.012) yaw_deg=94.0 failsafe=False age_s=(0.48,0.01) arm_torque_nm=0.000 motors=[862.44,890.70,862.43,898.32,855.89,890.68,855.91,898.33][0m
[0m[INFO] [1786146416.859826243] [my_drone_dds_wasd_control]: STATE arm=2 nav=14 NED=(-0.190,0.105,-0.783) vel=(0.002,0.002,-0.043) yaw_deg=94.0 failsafe=False age_s=(0.02,0.00) arm_torque_nm=0.000 motors=[853.87,873.30,853.87,877.85,849.14,873.30,849.14,877.85][0m
[0m[INFO] [1786146417.922481960] [my_drone_dds_wasd_control]: STATE arm=2 nav=14 NED=(-0.181,0.100,-0.867) vel=(0.004,-0.004,-0.050) yaw_deg=94.1 failsafe=False age_s=(0.01,0.00) arm_torque_nm=0.000 motors=[856.93,874.42,856.91,879.51,853.40,874.40,853.42,879.53][0m
[0m[INFO] [1786146418.920430128] [my_drone_dds_wasd_control]: STATE arm=2 nav=14 NED=(-0.162,0.106,-0.889) vel=(0.006,-0.002,-0.025) yaw_deg=94.1 failsafe=False age_s=(0.04,0.00) arm_torque_nm=0.000 motors=[856.15,878.93,856.14,884.07,851.88,878.92,851.89,884.08][0m
[0m[INFO] [1786146419.966476970] [my_drone_dds_wasd_control]: STATE arm=2 nav=14 NED=(-0.137,0.106,-0.895) vel=(0.004,-0.006,-0.004) yaw_deg=94.1 failsafe=False age_s=(0.08,0.01) arm_torque_nm=0.000 motors=[864.16,882.32,864.17,885.76,859.78,882.33,859.77,885.75][0m
[0m[INFO] [1786146420.973796772] [my_drone_dds_wasd_control]: STATE arm=2 nav=14 NED=(-0.128,0.095,-0.999) vel=(-0.007,-0.005,0.034) yaw_deg=94.1 failsafe=False age_s=(0.07,0.01) arm_torque_nm=0.015 motors=[870.08,888.12,870.07,892.08,867.05,888.11,867.06,892.10][0m
[0m[INFO] [1786146422.014340313] [my_drone_dds_wasd_control]: STATE arm=2 nav=14 NED=(-0.142,0.092,-1.134) vel=(-0.011,-0.019,-0.000) yaw_deg=94.1 failsafe=False age_s=(0.11,0.00) arm_torque_nm=0.041 motors=[849.66,873.45,849.66,878.15,845.30,873.45,845.30,878.15][0m
[0m[INFO] [1786146423.058566366] [my_drone_dds_wasd_control]: STATE arm=2 nav=14 NED=(-0.161,0.070,-1.037) vel=(-0.016,-0.005,0.109) yaw_deg=94.1 failsafe=False age_s=(0.16,0.01) arm_torque_nm=0.049 motors=[876.89,902.63,876.87,910.42,871.03,902.60,871.05,910.45][0m
[0m[INFO] [1786146424.058139682] [my_drone_dds_wasd_control]: STATE arm=2 nav=14 NED=(-0.184,0.074,-1.101) vel=(-0.011,0.008,0.056) yaw_deg=94.0 failsafe=False age_s=(0.15,0.01) arm_torque_nm=0.000 motors=[869.52,887.23,869.56,889.78,863.29,887.28,863.24,889.74][0m
[0m[INFO] [1786146425.110091955] [my_drone_dds_wasd_control]: STATE arm=2 nav=14 NED=(-0.198,0.099,-1.172) vel=(0.003,0.010,0.042) yaw_deg=94.1 failsafe=False age_s=(0.19,0.00) arm_torque_nm=0.000 motors=[862.36,880.27,862.37,883.73,857.92,880.29,857.91,883.72][0m
[0m[INFO] [1786146426.167365743] [my_drone_dds_wasd_control]: STATE arm=2 nav=14 NED=(-0.167,0.107,-1.223) vel=(0.017,-0.006,0.037) yaw_deg=94.1 failsafe=False age_s=(0.23,0.01) arm_torque_nm=0.057 motors=[859.83,876.05,859.82,879.87,856.79,876.04,856.80,879.88][0m
[0m[INFO] [1786146427.212316002] [my_drone_dds_wasd_control]: STATE arm=2 nav=14 NED=(-0.170,0.069,-1.237) vel=(-0.002,-0.019,-0.125) yaw_deg=94.1 failsafe=False age_s=(0.28,0.00) arm_torque_nm=0.058 motors=[822.88,839.62,822.88,842.89,820.04,839.62,820.05,842.89][0m
[0m[INFO] [1786146428.257128735] [my_drone_dds_wasd_control]: STATE arm=2 nav=14 NED=(-0.157,0.063,-1.134) vel=(0.006,-0.003,-0.023) yaw_deg=94.1 failsafe=False age_s=(0.32,0.01) arm_torque_nm=0.000 motors=[855.17,870.72,855.16,874.51,851.89,870.71,851.89,874.51][0m
[0m[INFO] [1786146429.309948835] [my_drone_dds_wasd_control]: STATE arm=2 nav=14 NED=(-0.198,0.067,-0.918) vel=(-0.037,-0.057,-0.022) yaw_deg=94.6 failsafe=False age_s=(0.36,0.00) arm_torque_nm=0.000 motors=[864.24,871.95,863.81,904.75,867.59,871.51,868.03,905.18][0m
[0m[INFO] [1786146430.331669166] [my_drone_dds_wasd_control]: STATE arm=2 nav=14 NED=(-0.239,0.063,-0.910) vel=(0.010,0.045,-0.037) yaw_deg=93.9 failsafe=False age_s=(0.35,0.00) arm_torque_nm=0.000 motors=[866.64,884.96,866.60,892.16,862.91,884.92,862.95,892.20][0m
[0m[INFO] [1786146431.376467163] [my_drone_dds_wasd_control]: STATE arm=2 nav=14 NED=(-0.206,0.083,-1.017) vel=(0.026,0.016,-0.073) yaw_deg=93.8 failsafe=False age_s=(0.39,0.01) arm_torque_nm=0.000 motors=[857.43,874.85,857.54,873.73,849.41,874.96,849.31,873.62][0m
[0m[INFO] [1786146432.359767430] [my_drone_dds_wasd_control]: STATE arm=2 nav=14 NED=(-0.190,0.073,-1.037) vel=(0.011,-0.000,-0.049) yaw_deg=94.1 failsafe=False age_s=(0.38,0.01) arm_torque_nm=0.000 motors=[859.13,875.32,859.10,880.33,857.27,875.29,857.31,880.37][0m
[0m[INFO] [1786146433.360993742] [my_drone_dds_wasd_control]: STATE arm=2 nav=14 NED=(-0.193,0.075,-1.184) vel=(0.004,-0.003,0.002) yaw_deg=94.1 failsafe=False age_s=(0.38,0.01) arm_torque_nm=0.000 motors=[861.83,877.67,861.81,881.36,859.93,877.65,859.95,881.38][0m
[0m[INFO] [1786146434.361458610] [my_drone_dds_wasd_control]: STATE arm=2 nav=14 NED=(-0.172,0.082,-1.436) vel=(0.009,0.007,-0.015) yaw_deg=94.1 failsafe=False age_s=(0.37,0.01) arm_torque_nm=0.000 motors=[844.60,862.00,844.61,865.75,840.46,862.00,840.46,865.75][0m
[0m[INFO] [1786146435.406076459] [my_drone_dds_wasd_control]: STATE arm=2 nav=14 NED=(-0.147,0.072,-1.604) vel=(0.010,-0.007,-0.071) yaw_deg=94.1 failsafe=False age_s=(0.41,0.00) arm_torque_nm=0.000 motors=[825.61,840.60,825.63,843.44,821.88,840.62,821.87,843.43][0m
[0m[INFO] [1786146436.423476218] [my_drone_dds_wasd_control]: STATE arm=2 nav=14 NED=(-0.140,0.054,-1.544) vel=(-0.002,-0.004,0.166) yaw_deg=94.1 failsafe=False age_s=(0.40,0.00) arm_torque_nm=0.000 motors=[872.92,890.86,872.90,894.89,869.92,890.85,869.94,894.91][0m
[0m[INFO] [1786146437.409697753] [my_drone_dds_wasd_control]: STATE arm=2 nav=14 NED=(-0.159,0.057,-1.402) vel=(-0.012,0.003,0.070) yaw_deg=94.1 failsafe=False age_s=(0.40,0.00) arm_torque_nm=0.000 motors=[860.31,877.35,860.32,879.80,857.12,877.36,857.11,879.79][0m
[0m[INFO] [1786146438.459487776] [my_drone_dds_wasd_control]: STATE arm=2 nav=14 NED=(-0.192,0.082,-1.149) vel=(-0.012,0.011,-0.029) yaw_deg=94.1 failsafe=False age_s=(0.44,0.01) arm_torque_nm=0.000 motors=[864.52,880.95,864.54,882.40,861.19,880.97,861.17,882.38][0m
[0m[INFO] [1786146441.562026102] [my_drone_dds_wasd_control]: STATE arm=2 nav=14 NED=(-0.210,0.121,-0.928) vel=(-0.002,0.009,-0.034) yaw_deg=94.1 failsafe=False age_s=(0.44,0.02) arm_torque_nm=0.000 motors=[875.70,893.84,875.68,899.79,871.35,893.82,871.37,899.81][0m
[0m[INFO] [1786146442.562882076] [my_drone_dds_wasd_control]: STATE arm=2 nav=14 NED=(-0.199,0.121,-0.840) vel=(0.014,-0.005,-0.068) yaw_deg=94.1 failsafe=False age_s=(0.43,0.02) arm_torque_nm=0.000 motors=[867.04,884.50,867.05,888.29,862.82,884.50,862.81,888.29][0m
[0m[INFO] [1786146443.609231908] [my_drone_dds_wasd_control]: STATE arm=2 nav=14 NED=(-0.176,0.112,-0.748) vel=(0.011,-0.012,-0.082) yaw_deg=94.1 failsafe=False age_s=(0.47,0.01) arm_torque_nm=0.000 motors=[870.24,887.59,870.26,890.86,865.52,887.61,865.50,890.84][0m
[0m[INFO] [1786146444.659442462] [my_drone_dds_wasd_control]: STATE arm=2 nav=14 NED=(-0.180,0.094,-0.713) vel=(0.006,-0.010,-0.157) yaw_deg=94.1 failsafe=False age_s=(0.01,0.02) arm_torque_nm=0.000 motors=[857.29,874.72,857.29,878.39,854.04,874.72,854.04,878.40][0m
[0m[INFO] [1786146445.659351878] [my_drone_dds_wasd_control]: STATE arm=2 nav=14 NED=(-0.175,0.075,-0.523) vel=(-0.003,-0.039,-0.070) yaw_deg=94.2 failsafe=False age_s=(0.50,0.02) arm_torque_nm=0.000 motors=[872.77,917.94,872.63,935.77,866.84,917.79,866.98,935.91][0m
[0m[INFO] [1786146446.660056521] [my_drone_dds_wasd_control]: STATE arm=2 nav=14 NED=(-0.213,0.013,-0.549) vel=(-0.038,-0.043,0.013) yaw_deg=94.1 failsafe=False age_s=(0.49,0.02) arm_torque_nm=0.000 motors=[902.47,925.99,902.67,909.75,901.97,926.19,901.77,909.55][0m
[0m[INFO] [1786146447.703644543] [my_drone_dds_wasd_control]: STATE arm=2 nav=14 NED=(-0.191,0.043,-0.705) vel=(0.042,0.041,-0.073) yaw_deg=94.3 failsafe=False age_s=(0.03,0.01) arm_torque_nm=0.000 motors=[874.05,882.76,873.64,910.08,881.10,882.35,881.51,910.49][0m
[0m[INFO] [1786146448.710667860] [my_drone_dds_wasd_control]: STATE arm=2 nav=14 NED=(-0.179,0.096,-0.994) vel=(0.000,0.047,-0.067) yaw_deg=93.9 failsafe=False age_s=(0.02,0.01) arm_torque_nm=0.000 motors=[859.23,875.19,859.39,873.75,847.72,875.35,847.56,873.60][0m
[0m[INFO] [1786146449.764498603] [my_drone_dds_wasd_control]: STATE arm=2 nav=14 NED=(-0.176,0.129,-1.140) vel=(-0.001,0.015,0.247) yaw_deg=94.1 failsafe=False age_s=(0.07,0.02) arm_torque_nm=0.000 motors=[888.68,906.55,888.69,909.40,884.82,906.56,884.81,909.39][0m
[0m[INFO] [1786146450.818243320] [my_drone_dds_wasd_control]: STATE arm=2 nav=14 NED=(-0.164,0.118,-1.204) vel=(0.007,-0.010,0.120) yaw_deg=94.1 failsafe=False age_s=(0.10,0.02) arm_torque_nm=0.000 motors=[886.35,906.75,886.34,912.03,882.30,906.73,882.31,912.04][0m
[0m[INFO] [1786146451.823172647] [my_drone_dds_wasd_control]: STATE arm=2 nav=14 NED=(-0.174,0.091,-1.133) vel=(-0.005,-0.009,0.558) yaw_deg=94.1 failsafe=False age_s=(0.09,0.02) arm_torque_nm=0.000 motors=[942.01,962.46,942.00,967.50,937.44,962.46,937.45,967.51][0m
[0m[INFO] [1786146452.881186827] [my_drone_dds_wasd_control]: STATE arm=2 nav=14 NED=(-0.153,0.054,-0.973) vel=(0.010,-0.027,0.032) yaw_deg=94.1 failsafe=False age_s=(0.12,0.02) arm_torque_nm=0.032 motors=[898.51,917.73,898.56,920.10,891.83,917.78,891.78,920.05][0m
[0m[INFO] [1786146453.895839288] [my_drone_dds_wasd_control]: STATE arm=2 nav=14 NED=(-0.139,0.089,-1.085) vel=(0.001,0.029,-0.215) yaw_deg=94.1 failsafe=False age_s=(0.11,0.02) arm_torque_nm=0.000 motors=[835.60,851.95,835.60,855.55,831.74,851.95,831.74,855.54][0m
[0m[INFO] [1786146454.860249969] [my_drone_dds_wasd_control]: STATE arm=2 nav=14 NED=(-0.181,0.086,-1.106) vel=(-0.018,-0.002,0.042) yaw_deg=94.1 failsafe=False age_s=(0.10,0.02) arm_torque_nm=0.000 motors=[888.69,912.72,888.66,919.65,884.65,912.68,884.69,919.68][0m
[0m[INFO] [1786146455.926994040] [my_drone_dds_wasd_control]: STATE arm=2 nav=14 NED=(-0.221,0.063,-1.141) vel=(-0.007,-0.004,0.090) yaw_deg=94.1 failsafe=False age_s=(0.14,0.01) arm_torque_nm=0.000 motors=[874.52,895.27,874.51,900.37,870.57,895.26,870.58,900.39][0m
[0m[INFO] [1786146456.963781221] [my_drone_dds_wasd_control]: STATE arm=2 nav=14 NED=(-0.259,0.070,-1.276) vel=(-0.000,0.009,-0.030) yaw_deg=94.0 failsafe=False age_s=(0.19,0.02) arm_torque_nm=0.000 motors=[855.86,874.01,855.91,875.66,850.18,874.06,850.13,875.61][0m
[0m[INFO] [1786146457.971911183] [my_drone_dds_wasd_control]: STATE arm=2 nav=14 NED=(-0.250,0.078,-1.527) vel=(0.033,0.007,0.055) yaw_deg=94.1 failsafe=False age_s=(0.18,0.02) arm_torque_nm=0.000 motors=[855.04,873.11,855.04,876.11,852.08,873.11,852.08,876.11][0m
[0m[INFO] [1786146458.966800131] [my_drone_dds_wasd_control]: STATE arm=2 nav=14 NED=(-0.202,0.076,-1.595) vel=(0.026,-0.004,0.062) yaw_deg=94.1 failsafe=False age_s=(0.17,0.02) arm_torque_nm=0.000 motors=[850.25,871.15,850.23,876.07,846.81,871.13,846.83,876.09][0m
[0m[INFO] [1786146460.011979869] [my_drone_dds_wasd_control]: STATE arm=2 nav=14 NED=(-0.181,0.081,-1.621) vel=(0.009,0.010,0.109) yaw_deg=94.1 failsafe=False age_s=(0.21,0.01) arm_torque_nm=0.000 motors=[859.33,876.37,859.33,880.40,855.18,876.37,855.18,880.40][0m
[0m[INFO] [1786146461.023688016] [my_drone_dds_wasd_control]: STATE arm=2 nav=14 NED=(-0.183,0.077,-1.588) vel=(0.004,-0.005,0.099) yaw_deg=94.1 failsafe=False age_s=(0.20,0.01) arm_torque_nm=0.000 motors=[858.11,876.53,858.10,880.33,855.21,876.52,855.22,880.34][0m
[0m[INFO] [1786146462.067181250] [my_drone_dds_wasd_control]: STATE arm=2 nav=14 NED=(-0.173,0.088,-1.534) vel=(0.006,0.002,0.117) yaw_deg=94.1 failsafe=False age_s=(0.25,0.02) arm_torque_nm=0.000 motors=[861.10,878.14,861.08,883.45,857.28,878.12,857.30,883.46][0m
[0m[INFO] [1786146463.075837103] [my_drone_dds_wasd_control]: STATE arm=2 nav=14 NED=(-0.198,0.091,-1.445) vel=(-0.006,-0.002,0.076) yaw_deg=94.1 failsafe=False age_s=(0.24,0.02) arm_torque_nm=0.000 motors=[853.42,873.98,853.40,878.31,850.45,873.96,850.47,878.32][0m
[0m[INFO] [1786146464.116946477] [my_drone_dds_wasd_control]: STATE arm=2 nav=14 NED=(-0.196,0.085,-1.368) vel=(0.006,-0.002,0.054) yaw_deg=94.1 failsafe=False age_s=(0.28,0.01) arm_torque_nm=0.000 motors=[862.16,880.09,862.15,884.15,859.09,880.08,859.11,884.16][0m
[0m[INFO] [1786146465.110393551] [my_drone_dds_wasd_control]: STATE arm=2 nav=14 NED=(-0.159,0.067,-1.301) vel=(0.014,-0.009,0.029) yaw_deg=94.1 failsafe=False age_s=(0.27,0.01) arm_torque_nm=0.000 motors=[857.48,875.76,857.46,879.96,854.23,875.75,854.24,879.97][0m
[0m[INFO] [1786146466.159497087] [my_drone_dds_wasd_control]: STATE arm=2 nav=14 NED=(-0.171,0.073,-1.262) vel=(-0.003,0.008,0.020) yaw_deg=94.1 failsafe=False age_s=(0.31,0.02) arm_torque_nm=0.000 motors=[861.49,879.55,861.48,883.44,858.64,879.54,858.65,883.45][0m
[0m[INFO] [1786146467.164442959] [my_drone_dds_wasd_control]: STATE arm=2 nav=14 NED=(-0.192,0.069,-1.213) vel=(-0.005,0.002,-0.000) yaw_deg=94.1 failsafe=False age_s=(0.30,0.02) arm_torque_nm=0.000 motors=[861.01,878.44,861.00,882.02,858.01,878.43,858.02,882.03][0m
[0m[INFO] [1786146468.161075588] [my_drone_dds_wasd_control]: STATE arm=2 nav=14 NED=(-0.211,0.091,-1.177) vel=(0.002,0.009,0.000) yaw_deg=94.1 failsafe=False age_s=(0.30,0.02) arm_torque_nm=0.000 motors=[862.78,880.97,862.78,884.40,859.76,880.97,859.76,884.41][0m
[0m[INFO] [1786146469.215470126] [my_drone_dds_wasd_control]: STATE arm=2 nav=14 NED=(-0.216,0.078,-1.147) vel=(0.008,-0.009,-0.007) yaw_deg=94.1 failsafe=False age_s=(0.34,0.01) arm_torque_nm=0.000 motors=[863.44,880.48,863.43,884.26,860.53,880.47,860.54,884.27][0m
[0m[INFO] [1786146470.270394678] [my_drone_dds_wasd_control]: STATE arm=2 nav=14 NED=(-0.204,0.055,-1.112) vel=(0.019,-0.005,-0.013) yaw_deg=94.1 failsafe=False age_s=(0.38,0.02) arm_torque_nm=0.000 motors=[867.51,885.01,867.50,888.79,864.44,885.00,864.45,888.80][0m
ARM_FLIGHT_HOVER_READY offboard_elapsed_s=77.9
[0m[INFO] [1786146471.307323989] [my_drone_dds_wasd_control]: STATE arm=2 nav=14 NED=(-0.201,0.089,-1.106) vel=(0.003,0.013,-0.019) yaw_deg=94.1 failsafe=False age_s=(0.42,0.01) arm_torque_nm=0.000 motors=[863.36,881.24,863.36,884.04,860.28,881.24,860.28,884.04][0m
[0m[INFO] [1786146472.359940748] [my_drone_dds_wasd_control]: STATE arm=2 nav=14 NED=(-0.205,0.107,-1.096) vel=(0.011,0.001,-0.021) yaw_deg=94.1 failsafe=False age_s=(0.47,0.02) arm_torque_nm=0.000 motors=[863.80,880.91,863.80,884.66,860.43,880.91,860.44,884.66][0m
[0m[INFO] [1786146475.532857660] [my_drone_dds_wasd_control]: STATE arm=2 nav=14 NED=(-0.202,0.113,-1.065) vel=(0.007,-0.006,0.003) yaw_deg=94.1 failsafe=False age_s=(0.48,0.00) arm_torque_nm=0.000 motors=[870.23,886.67,870.23,890.37,867.04,886.66,867.04,890.37][0m
[0m[INFO] [1786146476.561952496] [my_drone_dds_wasd_control]: STATE arm=2 nav=14 NED=(-0.190,0.123,-1.046) vel=(0.010,-0.013,-0.007) yaw_deg=94.1 failsafe=False age_s=(0.02,0.01) arm_torque_nm=0.000 motors=[866.49,882.00,866.49,885.37,863.14,882.00,863.14,885.37][0m
[0m[INFO] [1786146477.611177256] [my_drone_dds_wasd_control]: STATE arm=2 nav=14 NED=(-0.162,0.110,-1.028) vel=(0.011,-0.015,-0.050) yaw_deg=94.1 failsafe=False age_s=(0.06,0.00) arm_torque_nm=0.000 motors=[867.06,882.14,867.07,885.68,863.25,882.15,863.25,885.68][0m
ARM_FLIGHT_SENT_flight_micro_a
[0m[INFO] [1786146478.621214185] [my_drone_dds_wasd_control]: STATE arm=2 nav=14 NED=(-0.165,0.104,-1.020) vel=(-0.004,-0.004,-0.076) yaw_deg=94.1 failsafe=False age_s=(0.05,0.02) arm_torque_nm=0.000 motors=[865.13,882.54,865.13,885.78,861.92,882.54,861.92,885.78][0m
[0m[INFO] [1786146479.668718803] [my_drone_dds_wasd_control]: STATE arm=2 nav=14 NED=(-0.174,0.100,-1.015) vel=(-0.003,-0.011,-0.044) yaw_deg=94.1 failsafe=False age_s=(0.09,0.01) arm_torque_nm=0.000 motors=[864.64,880.84,864.64,884.63,860.93,880.84,860.93,884.64][0m
[0m[INFO] [1786146480.664466224] [my_drone_dds_wasd_control]: STATE arm=2 nav=14 NED=(-0.155,0.085,-1.021) vel=(0.007,-0.008,-0.025) yaw_deg=94.1 failsafe=False age_s=(0.08,0.01) arm_torque_nm=0.000 motors=[868.03,884.02,868.04,886.98,864.55,884.02,864.54,886.97][0m
[0m[INFO] [1786146481.709304981] [my_drone_dds_wasd_control]: STATE arm=2 nav=14 NED=(-0.138,0.070,-1.037) vel=(-0.002,-0.003,-0.044) yaw_deg=94.1 failsafe=False age_s=(0.12,0.02) arm_torque_nm=0.000 motors=[863.69,879.67,863.70,882.52,859.96,879.68,859.95,882.51][0m
[0m[INFO] [1786146482.714863372] [my_drone_dds_wasd_control]: STATE arm=2 nav=14 NED=(-0.147,0.049,-1.051) vel=(-0.007,0.000,-0.040) yaw_deg=94.1 failsafe=False age_s=(0.12,0.02) arm_torque_nm=0.000 motors=[866.10,883.82,866.11,887.31,862.30,883.82,862.30,887.30][0m
[0m[INFO] [1786146483.714858036] [my_drone_dds_wasd_control]: STATE arm=2 nav=14 NED=(-0.162,0.031,-1.048) vel=(-0.013,-0.001,-0.048) yaw_deg=94.1 failsafe=False age_s=(0.10,0.01) arm_torque_nm=0.003 motors=[865.59,881.83,865.59,884.78,862.38,881.84,862.37,884.78][0m
[INFO] [1786146483.835680797] [arm_preset_control]: Sent preset flight_micro_a over /arm_controller/joint_trajectory
[INFO] [1786146483.861715460] [arm_preset_control]: ARM_PRESET_REACHED preset=flight_micro_a max_error=0.003972 rad
[0m[INFO] [1786146484.761171774] [my_drone_dds_wasd_control]: STATE arm=2 nav=14 NED=(-0.164,0.067,-1.048) vel=(0.001,0.021,-0.036) yaw_deg=94.1 failsafe=False age_s=(0.14,0.00) arm_torque_nm=0.014 motors=[867.61,883.87,867.61,887.63,863.57,883.87,863.57,887.63][0m
[0m[INFO] [1786146485.813759631] [my_drone_dds_wasd_control]: STATE arm=2 nav=14 NED=(-0.162,0.106,-1.051) vel=(0.001,0.008,-0.035) yaw_deg=94.1 failsafe=False age_s=(0.19,0.01) arm_torque_nm=0.014 motors=[864.59,881.27,864.62,883.48,860.22,881.29,860.20,883.46][0m
[0m[INFO] [1786146486.857255792] [my_drone_dds_wasd_control]: STATE arm=2 nav=14 NED=(-0.183,0.109,-1.061) vel=(-0.006,-0.001,-0.033) yaw_deg=94.1 failsafe=False age_s=(0.23,0.00) arm_torque_nm=0.014 motors=[862.87,881.06,862.87,884.18,859.84,881.05,859.84,884.18][0m
[0m[INFO] [1786146487.906828106] [my_drone_dds_wasd_control]: STATE arm=2 nav=14 NED=(-0.182,0.113,-1.070) vel=(-0.000,-0.003,0.187) yaw_deg=94.1 failsafe=False age_s=(0.27,0.01) arm_torque_nm=0.014 motors=[887.60,906.02,887.61,909.80,883.35,906.03,883.34,909.80][0m
[0m[INFO] [1786146488.974633283] [my_drone_dds_wasd_control]: STATE arm=2 nav=14 NED=(-0.173,0.128,-1.063) vel=(0.006,-0.002,-0.015) yaw_deg=94.1 failsafe=False age_s=(0.31,0.00) arm_torque_nm=0.014 motors=[859.52,878.06,859.52,882.16,854.92,878.07,854.91,882.15][0m
[0m[INFO] [1786146490.027277197] [my_drone_dds_wasd_control]: STATE arm=2 nav=14 NED=(-0.176,0.099,-1.063) vel=(-0.002,-0.026,-0.076) yaw_deg=94.1 failsafe=False age_s=(0.35,0.01) arm_torque_nm=0.014 motors=[855.10,882.28,855.09,886.67,851.58,882.27,851.59,886.68][0m
[0m[INFO] [1786146491.013477376] [my_drone_dds_wasd_control]: STATE arm=2 nav=14 NED=(-0.164,0.074,-1.060) vel=(0.003,-0.005,-0.086) yaw_deg=94.1 failsafe=False age_s=(0.34,0.01) arm_torque_nm=0.014 motors=[857.18,876.30,857.18,880.79,852.80,876.29,852.80,880.79][0m
[0m[INFO] [1786146492.065290782] [my_drone_dds_wasd_control]: STATE arm=2 nav=14 NED=(-0.146,0.074,-1.029) vel=(0.004,-0.007,-0.076) yaw_deg=94.1 failsafe=False age_s=(0.38,0.00) arm_torque_nm=0.014 motors=[855.25,877.47,855.25,881.56,850.51,877.48,850.50,881.55][0m
[0m[INFO] [1786146493.063719168] [my_drone_dds_wasd_control]: STATE arm=2 nav=14 NED=(-0.134,0.083,-1.016) vel=(-0.003,0.006,-0.091) yaw_deg=94.1 failsafe=False age_s=(0.38,0.00) arm_torque_nm=0.014 motors=[860.71,881.36,860.71,885.13,856.84,881.36,856.84,885.13][0m
[0m[INFO] [1786146494.063385525] [my_drone_dds_wasd_control]: STATE arm=2 nav=14 NED=(-0.140,0.113,-1.006) vel=(-0.014,0.007,-0.080) yaw_deg=94.1 failsafe=False age_s=(0.37,0.00) arm_torque_nm=0.014 motors=[855.25,877.17,855.23,881.67,852.20,877.15,852.21,881.69][0m
[0m[INFO] [1786146495.112888876] [my_drone_dds_wasd_control]: STATE arm=2 nav=14 NED=(-0.159,0.093,-1.005) vel=(-0.009,-0.013,-0.080) yaw_deg=94.1 failsafe=False age_s=(0.41,0.01) arm_torque_nm=0.014 motors=[857.82,875.02,857.82,879.49,853.80,875.02,853.81,879.49][0m
[0m[INFO] [1786146496.112961796] [my_drone_dds_wasd_control]: STATE arm=2 nav=14 NED=(-0.175,0.072,-1.009) vel=(-0.004,-0.006,-0.068) yaw_deg=94.1 failsafe=False age_s=(0.40,0.01) arm_torque_nm=0.014 motors=[859.36,876.84,859.34,881.36,856.31,876.82,856.33,881.38][0m
[0m[INFO] [1786146497.164679131] [my_drone_dds_wasd_control]: STATE arm=2 nav=14 NED=(-0.148,0.091,-1.018) vel=(0.007,0.010,-0.068) yaw_deg=94.1 failsafe=False age_s=(0.44,0.00) arm_torque_nm=0.014 motors=[858.22,876.57,858.20,882.07,855.20,876.54,855.23,882.10][0m
[0m[INFO] [1786146498.211218482] [my_drone_dds_wasd_control]: STATE arm=2 nav=14 NED=(-0.141,0.103,-1.029) vel=(-0.004,-0.002,-0.034) yaw_deg=94.1 failsafe=False age_s=(0.49,0.01) arm_torque_nm=0.003 motors=[864.22,882.36,864.21,886.35,860.94,882.35,860.94,886.36][0m
ARM_FLIGHT_SENT_flight_micro_b
[0m[INFO] [1786146499.257715953] [my_drone_dds_wasd_control]: STATE arm=2 nav=14 NED=(-0.143,0.087,-1.039) vel=(-0.009,-0.008,-0.045) yaw_deg=94.1 failsafe=False age_s=(0.02,0.00) arm_torque_nm=0.009 motors=[861.74,879.81,861.74,883.11,858.95,879.80,858.95,883.12][0m
[0m[INFO] [1786146500.261620828] [my_drone_dds_wasd_control]: STATE arm=2 nav=14 NED=(-0.141,0.079,-1.056) vel=(-0.002,-0.004,-0.038) yaw_deg=94.1 failsafe=False age_s=(0.02,0.00) arm_torque_nm=0.006 motors=[862.55,879.58,862.54,883.64,858.95,879.58,858.95,883.64][0m
[0m[INFO] [1786146501.259484332] [my_drone_dds_wasd_control]: STATE arm=2 nav=14 NED=(-0.138,0.066,-1.049) vel=(-0.011,-0.007,-0.034) yaw_deg=94.1 failsafe=False age_s=(0.01,0.00) arm_torque_nm=0.002 motors=[863.00,880.69,862.97,885.31,860.29,880.67,860.31,885.33][0m
[0m[INFO] [1786146502.268017290] [my_drone_dds_wasd_control]: STATE arm=2 nav=14 NED=(-0.169,0.064,-1.048) vel=(-0.016,0.004,-0.044) yaw_deg=94.1 failsafe=False age_s=(0.50,0.02) arm_torque_nm=0.000 motors=[857.52,876.35,857.50,880.65,854.66,876.33,854.68,880.66][0m
[0m[INFO] [1786146503.261281951] [my_drone_dds_wasd_control]: STATE arm=2 nav=14 NED=(-0.181,0.051,-1.048) vel=(-0.005,-0.008,-0.063) yaw_deg=94.1 failsafe=False age_s=(0.50,0.00) arm_torque_nm=0.021 motors=[857.33,876.89,857.31,881.59,853.57,876.88,853.58,881.60][0m
[INFO] [1786146502.916629750] [arm_preset_control]: Sent preset flight_micro_b over /arm_controller/joint_trajectory
[INFO] [1786146502.948953745] [arm_preset_control]: ARM_PRESET_REACHED preset=flight_micro_b max_error=0.003979 rad
[0m[INFO] [1786146504.313071607] [my_drone_dds_wasd_control]: STATE arm=2 nav=14 NED=(-0.193,0.041,-1.055) vel=(0.002,0.012,-0.035) yaw_deg=94.1 failsafe=False age_s=(0.03,0.01) arm_torque_nm=0.017 motors=[862.52,880.83,862.51,885.12,859.55,880.82,859.57,885.14][0m
[0m[INFO] [1786146505.321994196] [my_drone_dds_wasd_control]: STATE arm=2 nav=14 NED=(-0.160,0.039,-1.044) vel=(0.013,0.005,-0.053) yaw_deg=94.1 failsafe=False age_s=(0.03,0.01) arm_torque_nm=0.018 motors=[860.78,876.98,860.76,881.63,857.99,876.96,858.01,881.66][0m
[0m[INFO] [1786146506.357493989] [my_drone_dds_wasd_control]: STATE arm=2 nav=14 NED=(-0.140,0.071,-1.050) vel=(0.001,0.013,-0.046) yaw_deg=94.1 failsafe=False age_s=(0.07,0.00) arm_torque_nm=0.021 motors=[862.31,878.26,862.31,882.20,858.44,878.26,858.44,882.20][0m
[0m[INFO] [1786146509.514068938] [my_drone_dds_wasd_control]: STATE arm=2 nav=14 NED=(-0.143,0.093,-1.063) vel=(-0.009,0.004,-0.022) yaw_deg=94.1 failsafe=False age_s=(0.11,0.01) arm_torque_nm=0.021 motors=[862.53,878.18,862.52,881.89,859.43,878.18,859.44,881.90][0m
[0m[INFO] [1786146510.563371390] [my_drone_dds_wasd_control]: STATE arm=2 nav=14 NED=(-0.146,0.111,-1.062) vel=(-0.007,0.010,-0.048) yaw_deg=94.1 failsafe=False age_s=(0.15,0.02) arm_torque_nm=0.038 motors=[864.51,880.91,864.50,885.54,860.64,880.90,860.65,885.55][0m
[0m[INFO] [1786146511.556817840] [my_drone_dds_wasd_control]: STATE arm=2 nav=14 NED=(-0.179,0.113,-1.058) vel=(-0.013,-0.004,-0.014) yaw_deg=94.1 failsafe=False age_s=(0.14,0.02) arm_torque_nm=0.021 motors=[866.33,884.10,866.32,887.55,864.26,884.08,864.28,887.57][0m
[0m[INFO] [1786146512.615006309] [my_drone_dds_wasd_control]: STATE arm=2 nav=14 NED=(-0.173,0.111,-1.070) vel=(0.006,-0.008,-0.018) yaw_deg=94.1 failsafe=False age_s=(0.18,0.01) arm_torque_nm=0.021 motors=[865.48,883.45,865.48,886.39,861.96,883.46,861.95,886.38][0m
[0m[INFO] [1786146513.657467029] [my_drone_dds_wasd_control]: STATE arm=2 nav=14 NED=(-0.175,0.097,-1.094) vel=(-0.002,-0.007,-0.022) yaw_deg=94.1 failsafe=False age_s=(0.22,0.02) arm_torque_nm=0.021 motors=[863.62,880.76,863.62,884.36,860.08,880.76,860.08,884.36][0m
[0m[INFO] [1786146514.711219049] [my_drone_dds_wasd_control]: STATE arm=2 nav=14 NED=(-0.212,0.083,-1.082) vel=(-0.008,-0.012,-0.022) yaw_deg=94.1 failsafe=False age_s=(0.27,0.01) arm_torque_nm=0.021 motors=[867.72,884.97,867.73,887.65,864.70,884.98,864.70,887.64][0m
[0m[INFO] [1786146515.760526419] [my_drone_dds_wasd_control]: STATE arm=2 nav=14 NED=(-0.191,0.064,-1.081) vel=(0.012,-0.004,-0.003) yaw_deg=94.1 failsafe=False age_s=(0.31,0.02) arm_torque_nm=0.021 motors=[863.45,881.73,863.45,884.91,860.42,881.73,860.42,884.91][0m
[0m[INFO] [1786146516.766517198] [my_drone_dds_wasd_control]: STATE arm=2 nav=14 NED=(-0.172,0.064,-1.089) vel=(0.010,0.003,-0.022) yaw_deg=94.1 failsafe=False age_s=(0.30,0.02) arm_torque_nm=0.021 motors=[863.55,881.06,863.55,884.69,860.04,881.06,860.04,884.69][0m
[0m[INFO] [1786146517.815868004] [my_drone_dds_wasd_control]: STATE arm=2 nav=14 NED=(-0.170,0.073,-1.073) vel=(-0.002,0.009,-0.004) yaw_deg=94.1 failsafe=False age_s=(0.34,0.01) arm_torque_nm=0.021 motors=[864.40,881.57,864.40,884.99,860.91,881.57,860.91,884.99][0m
[0m[INFO] [1786146518.822415607] [my_drone_dds_wasd_control]: STATE arm=2 nav=14 NED=(-0.170,0.059,-1.060) vel=(-0.002,-0.006,-0.038) yaw_deg=94.1 failsafe=False age_s=(0.33,0.01) arm_torque_nm=0.021 motors=[870.10,886.52,870.10,891.07,865.41,886.53,865.41,891.07][0m
[0m[INFO] [1786146519.818391242] [my_drone_dds_wasd_control]: STATE arm=2 nav=14 NED=(-0.193,0.057,-1.056) vel=(-0.005,0.004,-0.019) yaw_deg=94.1 failsafe=False age_s=(0.33,0.01) arm_torque_nm=0.000 motors=[865.55,883.84,865.55,886.21,863.01,883.84,863.01,886.21][0m
ARM_FLIGHT_SENT_retracted
[0m[INFO] [1786146520.815070773] [my_drone_dds_wasd_control]: STATE arm=2 nav=14 NED=(-0.172,0.079,-1.043) vel=(0.010,0.007,-0.007) yaw_deg=94.1 failsafe=False age_s=(0.32,0.01) arm_torque_nm=0.000 motors=[868.96,886.80,868.96,889.82,865.58,886.80,865.57,889.82][0m
[0m[INFO] [1786146521.861783579] [my_drone_dds_wasd_control]: STATE arm=2 nav=14 NED=(-0.172,0.100,-1.062) vel=(-0.002,0.008,-0.013) yaw_deg=94.1 failsafe=False age_s=(0.36,0.02) arm_torque_nm=0.000 motors=[866.45,884.91,866.45,887.59,863.17,884.92,863.16,887.58][0m
[0m[INFO] [1786146522.867619199] [my_drone_dds_wasd_control]: STATE arm=2 nav=14 NED=(-0.164,0.098,-1.088) vel=(0.001,-0.003,-0.029) yaw_deg=94.1 failsafe=False age_s=(0.35,0.02) arm_torque_nm=0.000 motors=[866.89,883.21,866.90,885.85,863.70,883.21,863.69,885.84][0m
[0m[INFO] [1786146523.918836780] [my_drone_dds_wasd_control]: STATE arm=2 nav=14 NED=(-0.133,0.110,-1.094) vel=(0.003,0.003,-0.019) yaw_deg=94.1 failsafe=False age_s=(0.39,0.01) arm_torque_nm=0.000 motors=[864.20,881.92,864.21,884.54,860.42,881.93,860.40,884.53][0m
[0m[INFO] [1786146524.957860772] [my_drone_dds_wasd_control]: STATE arm=2 nav=14 NED=(-0.129,0.081,-1.079) vel=(-0.012,-0.012,-0.032) yaw_deg=94.1 failsafe=False age_s=(0.44,0.02) arm_torque_nm=0.000 motors=[862.88,879.79,862.88,882.98,859.39,879.79,859.39,882.97][0m
[0m[INFO] [1786146526.006518772] [my_drone_dds_wasd_control]: STATE arm=2 nav=14 NED=(-0.137,0.053,-1.067) vel=(-0.013,-0.004,0.175) yaw_deg=94.1 failsafe=False age_s=(0.48,0.01) arm_torque_nm=0.009 motors=[885.46,904.06,885.46,907.91,881.28,904.06,881.28,907.91][0m
[INFO] [1786146525.707295715] [arm_preset_control]: Sent preset retracted over /arm_controller/joint_trajectory
[INFO] [1786146525.747193253] [arm_preset_control]: ARM_PRESET_REACHED preset=retracted max_error=0.002975 rad
[0m[INFO] [1786146527.054479679] [my_drone_dds_wasd_control]: STATE arm=2 nav=14 NED=(-0.161,0.032,-1.057) vel=(-0.015,0.002,-0.014) yaw_deg=94.1 failsafe=False age_s=(0.02,0.02) arm_torque_nm=0.009 motors=[876.06,889.09,876.07,893.24,871.12,889.10,871.11,893.23][0m
[0m[INFO] [1786146528.059380692] [my_drone_dds_wasd_control]: STATE arm=2 nav=14 NED=(-0.169,0.038,-1.047) vel=(-0.005,0.013,0.005) yaw_deg=94.1 failsafe=False age_s=(0.01,0.02) arm_torque_nm=0.009 motors=[884.85,903.88,884.85,908.14,880.53,903.88,880.53,908.14][0m
[0m[INFO] [1786146529.108063445] [my_drone_dds_wasd_control]: STATE arm=2 nav=14 NED=(-0.175,0.032,-1.040) vel=(-0.004,0.008,-0.057) yaw_deg=94.1 failsafe=False age_s=(0.05,0.01) arm_torque_nm=0.009 motors=[860.19,878.46,860.19,881.51,856.61,878.47,856.60,881.50][0m
[0m[INFO] [1786146530.160672748] [my_drone_dds_wasd_control]: STATE arm=2 nav=14 NED=(-0.144,0.016,-1.065) vel=(0.011,0.004,-0.065) yaw_deg=94.1 failsafe=False age_s=(0.09,0.02) arm_torque_nm=0.009 motors=[855.96,876.20,855.96,880.00,852.30,876.20,852.30,880.00][0m
[0m[INFO] [1786146531.158925490] [my_drone_dds_wasd_control]: STATE arm=2 nav=14 NED=(-0.125,0.018,-1.058) vel=(-0.005,0.007,-0.063) yaw_deg=94.1 failsafe=False age_s=(0.08,0.02) arm_torque_nm=0.009 motors=[850.11,877.15,850.10,882.58,844.90,877.14,844.90,882.58][0m
[0m[INFO] [1786146532.162338030] [my_drone_dds_wasd_control]: STATE arm=2 nav=14 NED=(-0.134,0.062,-1.078) vel=(-0.007,0.034,-0.055) yaw_deg=94.0 failsafe=False age_s=(0.08,0.02) arm_torque_nm=0.009 motors=[861.39,880.42,861.39,884.03,857.51,880.42,857.50,884.03][0m
[0m[INFO] [1786146533.172658859] [my_drone_dds_wasd_control]: STATE arm=2 nav=14 NED=(-0.127,0.062,-1.068) vel=(-0.010,-0.010,0.064) yaw_deg=94.1 failsafe=False age_s=(0.07,0.02) arm_torque_nm=0.009 motors=[876.35,912.32,876.36,918.91,868.99,912.33,868.98,918.90][0m
[0m[INFO] [1786146534.216162326] [my_drone_dds_wasd_control]: STATE arm=2 nav=14 NED=(-0.131,0.037,-1.096) vel=(-0.014,0.010,-0.058) yaw_deg=94.1 failsafe=False age_s=(0.11,0.01) arm_torque_nm=0.009 motors=[854.36,876.38,854.35,880.86,850.77,876.37,850.78,880.87][0m
[0m[INFO] [1786146535.258760321] [my_drone_dds_wasd_control]: STATE arm=2 nav=14 NED=(-0.130,0.070,-1.133) vel=(-0.007,0.022,-0.028) yaw_deg=94.1 failsafe=False age_s=(0.15,0.02) arm_torque_nm=0.053 motors=[860.36,877.85,860.37,881.80,856.05,877.86,856.04,881.79][0m
[0m[INFO] [1786146536.308335172] [my_drone_dds_wasd_control]: STATE arm=2 nav=14 NED=(-0.150,0.077,-1.120) vel=(-0.016,-0.000,-0.044) yaw_deg=94.1 failsafe=False age_s=(0.19,0.01) arm_torque_nm=0.009 motors=[856.90,876.18,856.89,880.86,853.26,876.17,853.28,880.87][0m
[0m[INFO] [1786146537.319396149] [my_drone_dds_wasd_control]: STATE arm=2 nav=14 NED=(-0.181,0.046,-1.124) vel=(-0.011,-0.006,-0.008) yaw_deg=94.1 failsafe=False age_s=(0.18,0.01) arm_torque_nm=0.009 motors=[859.97,878.66,859.95,883.06,857.19,878.64,857.21,883.07][0m
[0m[INFO] [1786146538.367332955] [my_drone_dds_wasd_control]: STATE arm=2 nav=14 NED=(-0.189,0.051,-1.144) vel=(0.000,0.011,-0.023) yaw_deg=94.1 failsafe=False age_s=(0.22,0.02) arm_torque_nm=0.048 motors=[859.94,878.48,859.93,881.47,857.02,878.48,857.02,881.47][0m
[0m[INFO] [1786146539.356421708] [my_drone_dds_wasd_control]: STATE arm=2 nav=14 NED=(-0.190,0.064,-1.141) vel=(0.003,0.011,0.001) yaw_deg=94.1 failsafe=False age_s=(0.22,0.02) arm_torque_nm=0.059 motors=[864.39,882.18,864.37,886.74,861.03,882.16,861.05,886.75][0m
[0m[INFO] [1786146540.408079965] [my_drone_dds_wasd_control]: STATE arm=2 nav=14 NED=(-0.170,0.058,-1.126) vel=(0.015,0.003,-0.014) yaw_deg=94.1 failsafe=False age_s=(0.26,0.01) arm_torque_nm=0.058 motors=[862.91,880.03,862.89,883.99,860.46,880.01,860.47,884.01][0m
[0m[INFO] [1786146541.410575234] [my_drone_dds_wasd_control]: STATE arm=2 nav=14 NED=(-0.107,0.075,-1.117) vel=(0.011,0.011,-0.019) yaw_deg=94.1 failsafe=False age_s=(0.25,0.01) arm_torque_nm=0.053 motors=[862.91,879.85,862.91,883.88,859.24,879.85,859.25,883.88][0m
ARM_FLIGHT_SENT_LAND
[0m[INFO] [1786146544.562141707] [my_drone_dds_wasd_control]: STATE arm=2 nav=14 NED=(-0.121,0.077,-1.109) vel=(-0.021,-0.000,-0.001) yaw_deg=94.1 failsafe=False age_s=(0.28,0.00) arm_torque_nm=0.000 motors=[866.41,883.25,866.41,887.23,862.88,883.24,862.89,887.24][0m
[33m[WARN] [1786146544.595171529] [my_drone_dds_wasd_control]: LAND requested; Offboard setpoint stream stopped[0m
[0m[INFO] [1786146544.626769389] [my_drone_dds_wasd_control]: PX4 command ack: command=21 result=0[0m
[0m[INFO] [1786146545.564483269] [my_drone_dds_wasd_control]: STATE arm=2 nav=18 NED=(-0.166,0.046,-0.385) vel=(-0.072,-0.180,0.700) yaw_deg=94.1 failsafe=False age_s=(0.17,0.00) arm_torque_nm=0.000 motors=[930.66,1000.00,930.64,1000.00,890.05,1000.00,890.06,1000.00][0m
[0m[INFO] [1786146546.610514290] [my_drone_dds_wasd_control]: STATE arm=2 nav=18 NED=(-0.237,-0.378,0.092) vel=(0.019,0.021,-0.010) yaw_deg=88.2 failsafe=False age_s=(0.22,0.01) arm_torque_nm=0.073 motors=[694.69,1000.00,698.66,925.95,553.34,1000.00,549.38,921.99][0m
[0m[INFO] [1786146547.616224446] [my_drone_dds_wasd_control]: STATE arm=2 nav=18 NED=(-0.213,-0.295,0.016) vel=(0.019,0.021,-0.036) yaw_deg=94.3 failsafe=False age_s=(0.21,0.01) arm_torque_nm=0.067 motors=[640.20,879.95,639.25,1000.00,599.17,879.00,600.12,1000.00][0m
[0m[INFO] [1786146548.670134937] [my_drone_dds_wasd_control]: STATE arm=2 nav=18 NED=(-0.202,-0.276,-0.006) vel=(0.023,0.022,-0.048) yaw_deg=87.2 failsafe=False age_s=(0.25,0.00) arm_torque_nm=0.047 motors=[645.35,1000.00,649.43,868.51,455.44,1000.00,451.35,864.42][0m
[0m[INFO] [1786146549.662986734] [my_drone_dds_wasd_control]: STATE arm=2 nav=18 NED=(-0.214,-0.255,-0.004) vel=(0.017,0.038,-0.030) yaw_deg=90.1 failsafe=False age_s=(0.24,0.00) arm_torque_nm=0.030 motors=[641.70,917.16,643.80,899.70,483.13,919.26,481.02,897.59][0m
[0m[INFO] [1786146550.663174173] [my_drone_dds_wasd_control]: STATE arm=2 nav=18 NED=(-0.211,-0.258,-0.008) vel=(0.025,-0.012,-0.023) yaw_deg=93.3 failsafe=False age_s=(0.23,0.00) arm_torque_nm=0.006 motors=[608.05,879.70,608.82,891.98,531.62,880.46,530.86,891.22][0m
[0m[INFO] [1786146551.679359239] [my_drone_dds_wasd_control]: STATE arm=2 nav=18 NED=(-0.207,-0.271,-0.003) vel=(0.001,-0.018,-0.017) yaw_deg=96.1 failsafe=False age_s=(0.21,0.02) arm_torque_nm=0.218 motors=[586.75,865.73,587.04,898.60,529.19,866.02,528.89,898.30][0m
[0m[INFO] [1786146552.717319192] [my_drone_dds_wasd_control]: STATE arm=2 nav=18 NED=(-0.217,-0.272,-0.008) vel=(-0.006,-0.080,0.021) yaw_deg=96.3 failsafe=False age_s=(0.26,0.01) arm_torque_nm=0.003 motors=[336.16,666.58,336.22,708.05,289.21,666.64,289.15,707.99][0m
[0m[INFO] [1786146553.762009304] [my_drone_dds_wasd_control]: STATE arm=2 nav=18 NED=(-0.207,-0.269,-0.001) vel=(0.002,-0.002,-0.016) yaw_deg=96.0 failsafe=False age_s=(0.30,0.02) arm_torque_nm=0.000 motors=[315.71,707.63,316.27,729.68,246.97,708.19,246.41,729.12][0m
[0m[INFO] [1786146554.815850643] [my_drone_dds_wasd_control]: STATE arm=2 nav=18 NED=(-0.220,-0.244,0.004) vel=(-0.003,0.004,-0.008) yaw_deg=95.1 failsafe=False age_s=(0.34,0.01) arm_torque_nm=0.000 motors=[301.40,722.10,301.97,742.08,234.41,722.66,233.85,741.52][0m
[0m[INFO] [1786146555.862549155] [my_drone_dds_wasd_control]: STATE arm=2 nav=18 NED=(-0.246,-0.463,0.433) vel=(-0.081,0.063,1.363) yaw_deg=93.7 failsafe=False age_s=(0.38,0.02) arm_torque_nm=0.000 motors=[0.00,611.33,0.00,596.32,0.00,615.38,0.00,592.26][0m
[0m[INFO] [1786146556.907727997] [my_drone_dds_wasd_control]: STATE arm=2 nav=18 NED=(-0.253,-0.430,0.736) vel=(-0.007,0.008,-0.043) yaw_deg=84.1 failsafe=False age_s=(0.29,0.01) arm_torque_nm=0.051 motors=[0.00,615.67,0.00,616.41,0.00,615.77,0.00,616.30][0m
[0m[INFO] [1786146557.914666102] [my_drone_dds_wasd_control]: STATE arm=2 nav=18 NED=(-0.244,-0.428,0.730) vel=(0.005,0.007,-0.044) yaw_deg=84.1 failsafe=False age_s=(0.29,0.01) arm_torque_nm=0.049 motors=[0.00,615.27,0.00,616.34,0.00,615.43,0.00,616.18][0m
[0m[INFO] [1786146558.960872971] [my_drone_dds_wasd_control]: STATE arm=2 nav=18 NED=(-0.225,-0.447,0.720) vel=(0.021,-0.006,-0.044) yaw_deg=84.2 failsafe=False age_s=(0.33,0.02) arm_torque_nm=0.044 motors=[0.00,614.97,0.00,616.11,0.00,615.19,0.00,615.88][0m
[0m[INFO] [1786146559.060369354] [my_drone_dds_wasd_control]: LANDING_DISARMED_CONFIRMED[0m
ARM_FLIGHT_METRICS horizontal_drift_m=0.104 altitude_span_m=0.139 samples=65
DDS_ARM_FLIGHT_PASS
