[INFO] [launch]: All log files can be found below /home/asus/.ros/log/2026-08-11-23-11-23-233262-LAPTOP-FHNQ6FG2-29721
[INFO] [launch]: Default logging verbosity is set to INFO
[INFO] [gazebo-1]: process started with pid [29760]
[INFO] [parameter_bridge-2]: process started with pid [29761]
[INFO] [robot_state_publisher-3]: process started with pid [29762]
[INFO] [gazebo_sensor_delay-4]: process started with pid [29763]
[robot_state_publisher-3] [WARN] [1786461090.294052376] [kdl_parser]: The root link base_link has an inertia specified in the URDF, but KDL does not support a root link with an inertia.  As a workaround, you can add an extra dummy link to your URDF.
[robot_state_publisher-3] [INFO] [1786461090.294191155] [robot_state_publisher]: Robot initialized
[parameter_bridge-2] [INFO] [1786461090.315977834] [ros_gz_bridge]: Creating GZ->ROS Bridge: [/model/my_drone/odometry (gz.msgs.Odometry) -> /model/my_drone/odometry (nav_msgs/msg/Odometry)] (Lazy 0)
[parameter_bridge-2] [INFO] [1786461090.318919570] [ros_gz_bridge]: Creating ROS->GZ Bridge: [/world/flight_world/wrench (ros_gz_interfaces/msg/EntityWrench) -> /world/flight_world/wrench (gz.msgs.EntityWrench)] (Lazy 0)
[parameter_bridge-2] [INFO] [1786461090.320768413] [ros_gz_bridge]: Creating ROS->GZ Bridge: [/world/flight_world/wrench/latest (ros_gz_interfaces/msg/EntityWrench) -> /world/flight_world/wrench/latest (gz.msgs.EntityWrench)] (Lazy 0)
[parameter_bridge-2] [INFO] [1786461090.321210332] [ros_gz_bridge]: Creating ROS->GZ Bridge: [/world/flight_world/wrench/persistent (ros_gz_interfaces/msg/EntityWrench) -> /world/flight_world/wrench/persistent (gz.msgs.EntityWrench)] (Lazy 0)
[parameter_bridge-2] [INFO] [1786461090.321565481] [ros_gz_bridge]: Creating ROS->GZ Bridge: [/world/flight_world/wrench/clear (ros_gz_interfaces/msg/Entity) -> /world/flight_world/wrench/clear (gz.msgs.Entity)] (Lazy 0)
[parameter_bridge-2] [INFO] [1786461090.322032814] [ros_gz_bridge]: Creating GZ->ROS Bridge: [/my_drone/command/motor_speed (gz.msgs.Actuators) -> /my_drone/command/motor_speed (actuator_msgs/msg/Actuators)] (Lazy 0)
[parameter_bridge-2] [INFO] [1786461090.322917877] [ros_gz_bridge]: Creating GZ->ROS Bridge: [/world/flight_world/model/my_drone/joint_state (gz.msgs.Model) -> /world/flight_world/model/my_drone/joint_state (sensor_msgs/msg/JointState)] (Lazy 0)
[parameter_bridge-2] [INFO] [1786461090.324048234] [ros_gz_bridge]: Creating ROS->GZ Bridge: [/world/flight_world/model/my_drone/joint_state (sensor_msgs/msg/JointState) -> /world/flight_world/model/my_drone/joint_state (gz.msgs.Model)] (Lazy 0)
[parameter_bridge-2] [INFO] [1786461090.324616414] [ros_gz_bridge]: Creating GZ->ROS Bridge: [/clock (gz.msgs.Clock) -> /clock (rosgraph_msgs/msg/Clock)] (Lazy 0)
[INFO] [gazebo_direct_motor_model-5]: process started with pid [29800]
[gazebo-1] [1;32m[Msg] [0m[1;32mGazebo Sim Server v[0m[1;32m8.11.0[0m[1;32m[0m
[gazebo-1] [1;32m[Msg] [0m[1;32mSetting seed value: [0m[1;32m4027[0m[1;32m[0m
[gazebo-1] [1;32m[Msg] [0m[1;32mLoading SDF world file[[0m[1;32m/mnt/e/清洁无人机/drone_sim_ws/src/drone_arm_sim/worlds/flight_world_debug_4kg.sdf[0m[1;32m].[0m
[gazebo-1] [1;32m[Msg] [0m[1;32mServing entity system service on [[0m[1;32m/[0m[1;32mentity/system/add[0m[1;32m][0m[1;32m[0m
[gazebo-1] [1;32m[Msg] [0m[1;32mCreate[0m[1;32m service on [[0m[1;32m/world/flight_world/create_multiple[0m[1;32m] (async)[0m[1;32m[0m
[gazebo-1] [1;32m[Msg] [0m[1;32mCreate[0m[1;32m service on [[0m[1;32m/world/flight_world/create_multiple/blocking[0m[1;32m] (blocking)[0m[1;32m[0m
[gazebo-1] [1;32m[Msg] [0m[1;32mRemove[0m[1;32m service on [[0m[1;32m/world/flight_world/remove[0m[1;32m] (async)[0m[1;32m[0m
[gazebo-1] [1;32m[Msg] [0m[1;32mRemove[0m[1;32m service on [[0m[1;32m/world/flight_world/remove/blocking[0m[1;32m] (blocking)[0m[1;32m[0m
[gazebo-1] [1;32m[Msg] [0m[1;32mPose[0m[1;32m service on [[0m[1;32m/world/flight_world/set_pose[0m[1;32m] (async)[0m[1;32m[0m
[gazebo-1] [1;32m[Msg] [0m[1;32mPose[0m[1;32m service on [[0m[1;32m/world/flight_world/set_pose/blocking[0m[1;32m] (blocking)[0m[1;32m[0m
[gazebo-1] [1;32m[Msg] [0m[1;32mPose[0m[1;32m service on [[0m[1;32m/world/flight_world/set_pose_vector[0m[1;32m] (async)[0m[1;32m[0m
[gazebo-1] [1;32m[Msg] [0m[1;32mPose[0m[1;32m service on [[0m[1;32m/world/flight_world/set_pose_vector/blocking[0m[1;32m] (blocking)[0m[1;32m[0m
[gazebo-1] [1;32m[Msg] [0m[1;32mLight configuration[0m[1;32m service on [[0m[1;32m/world/flight_world/light_config[0m[1;32m] (async)[0m[1;32m[0m
[gazebo-1] [1;32m[Msg] [0m[1;32mLight configuration[0m[1;32m service on [[0m[1;32m/world/flight_world/light_config/blocking[0m[1;32m] (blocking)[0m[1;32m[0m
[gazebo-1] [1;32m[Msg] [0m[1;32mPhysics[0m[1;32m service on [[0m[1;32m/world/flight_world/set_physics[0m[1;32m] (async)[0m[1;32m[0m
[gazebo-1] [1;32m[Msg] [0m[1;32mPhysics[0m[1;32m service on [[0m[1;32m/world/flight_world/set_physics/blocking[0m[1;32m] (blocking)[0m[1;32m[0m
[gazebo-1] [1;32m[Msg] [0m[1;32mSphericalCoordinates[0m[1;32m service on [[0m[1;32m/world/flight_world/set_spherical_coordinates[0m[1;32m] (async)[0m[1;32m[0m
[gazebo-1] [1;32m[Msg] [0m[1;32mSphericalCoordinates[0m[1;32m service on [[0m[1;32m/world/flight_world/set_spherical_coordinates/blocking[0m[1;32m] (blocking)[0m[1;32m[0m
[gazebo-1] [1;32m[Msg] [0m[1;32mEnable collision[0m[1;32m service on [[0m[1;32m/world/flight_world/enable_collision[0m[1;32m] (async)[0m[1;32m[0m
[gazebo-1] [1;32m[Msg] [0m[1;32mEnable collision[0m[1;32m service on [[0m[1;32m/world/flight_world/enable_collision/blocking[0m[1;32m] (blocking)[0m[1;32m[0m
[gazebo-1] [1;32m[Msg] [0m[1;32mDisable collision[0m[1;32m service on [[0m[1;32m/world/flight_world/disable_collision[0m[1;32m] (async)[0m[1;32m[0m
[gazebo-1] [1;32m[Msg] [0m[1;32mDisable collision[0m[1;32m service on [[0m[1;32m/world/flight_world/disable_collision/blocking[0m[1;32m] (blocking)[0m[1;32m[0m
[gazebo-1] [1;32m[Msg] [0m[1;32mMaterial[0m[1;32m service on [[0m[1;32m/world/flight_world/visual_config[0m[1;32m] (async)[0m[1;32m[0m
[gazebo-1] [1;32m[Msg] [0m[1;32mMaterial[0m[1;32m service on [[0m[1;32m/world/flight_world/visual_config/blocking[0m[1;32m] (blocking)[0m[1;32m[0m
[gazebo-1] [1;32m[Msg] [0m[1;32mMaterial[0m[1;32m service on [[0m[1;32m/world/flight_world/wheel_slip[0m[1;32m] (async)[0m[1;32m[0m
[gazebo-1] [1;32m[Msg] [0m[1;32mMaterial[0m[1;32m service on [[0m[1;32m/world/flight_world/wheel_slip/blocking[0m[1;32m] (blocking)[0m[1;32m[0m
[gazebo-1] [1;32m[Msg] [0m[1;32mListening to instantaneous wrench commands in [[0m[1;32m/world/flight_world/wrench[0m[1;32m][0m[1;32m[0m
[gazebo-1] [1;32m[Msg] [0m[1;32mListening to persistent wrench commands in [[0m[1;32m/world/flight_world/wrench/persistent[0m[1;32m][0m[1;32m[0m
[gazebo-1] [1;32m[Msg] [0m[1;32mListening to wrench clear commands in [[0m[1;32m/world/flight_world/wrench/clear[0m[1;32m][0m[1;32m[0m
[gazebo_sensor_delay-4] [INFO] [1786461091.850188935] [my_drone_gazebo_sensor_delay]: sensor delay imu: 0.0 ms
[gazebo_sensor_delay-4] [INFO] [1786461091.860307614] [my_drone_gazebo_sensor_delay]: sensor delay magnetometer: 0.0 ms
[gazebo_sensor_delay-4] [INFO] [1786461091.873773725] [my_drone_gazebo_sensor_delay]: sensor delay air_pressure: 0.0 ms
[gazebo_sensor_delay-4] [INFO] [1786461091.895545201] [my_drone_gazebo_sensor_delay]: sensor delay navsat: 0.0 ms
[INFO] [create-6]: process started with pid [29834]
[create-6] [INFO] [1786461092.556535907] [ros_gz_sim]: Entity creation successful.
[INFO] [create-6]: process has finished cleanly [pid 29834]
[gazebo-1] [1;32m[Msg] [0m[1;32mHolding latest wrench from [[0m[1;32m/world/flight_world/wrench/latest[0m[1;32m] for every physics step; wall timeout [[0m[1;32m1[0m[1;32m s].[0m[1;32m[0m
[gazebo-1] [1;32m[Msg] [0m[1;32mLoaded level [[0m[1;32mdefault[0m[1;32m][0m[1;32m[0m
[gazebo-1] [1;32m[Msg] [0m[1;32mServing world controls on [[0m[1;32m/world/flight_world[0m[1;32m/control], [[0m[1;32m/world/flight_world[0m[1;32m/control/state] and [[0m[1;32m/world/flight_world[0m[1;32m/playback/control][0m[1;32m[0m
[gazebo-1] [1;32m[Msg] [0m[1;32mServing GUI information on [[0m[1;32m/world/flight_world[0m[1;32m/[0m[1;32mgui/info[0m[1;32m][0m[1;32m[0m
[gazebo-1] [1;32m[Msg] [0m[1;32mWorld [[0m[1;32mflight_world[0m[1;32m] initialized with [[0m[1;32mflight_step[0m[1;32m] physics profile.[0m[1;32m[0m
[gazebo-1] [1;32m[Msg] [0m[1;32mServing world SDF generation service on [[0m[1;32m/world/flight_world[0m[1;32m/[0m[1;32mgenerate_world_sdf[0m[1;32m][0m[1;32m[0m
[gazebo-1] [1;32m[Msg] [0m[1;32mServing world names on [[0m[1;32m/gazebo/worlds[0m[1;32m][0m[1;32m[0m
[gazebo-1] [1;32m[Msg] [0m[1;32mResource path add service on [[0m[1;32m/gazebo/resource_paths/add[0m[1;32m].[0m[1;32m[0m
[gazebo-1] [1;32m[Msg] [0m[1;32mResource path get service on [[0m[1;32m/gazebo/resource_paths/get[0m[1;32m].[0m[1;32m[0m
[gazebo-1] [1;32m[Msg] [0m[1;32mResource path resolve service on [[0m[1;32m/gazebo/resource_paths/resolve[0m[1;32m].[0m[1;32m[0m
[gazebo-1] [1;32m[Msg] [0m[1;32mResource paths published on [[0m[1;32m/gazebo/resource_paths[0m[1;32m].[0m[1;32m[0m
[gazebo-1] [1;32m[Msg] [0m[1;32mServer control service on [[0m[1;32m/server_control[0m[1;32m].[0m[1;32m[0m
[gazebo-1] [1;32m[Msg] [0m[1;32mFound no publishers on /stats, adding root stats topic[0m[1;32m[0m
[gazebo-1] [1;32m[Msg] [0m[1;32mFound no publishers on /clock, adding root clock topic[0m[1;32m[0m
[gazebo-1] [1;33mWarning [Utils.cc:132][0m [/sdf/model[@name="my_drone_v3_cad_debug_4kg"]/link[@name="base_link"]/sensor[@name="air_pressure_sensor"]/gz_frame_id:<urdf-string>:L0]: XML Element[gz_frame_id], child of element[sensor], not defined in SDF. Copying[gz_frame_id] as children of [sensor].
[gazebo-1] [1;33mWarning [Utils.cc:132][0m [/sdf/model[@name="my_drone_v3_cad_debug_4kg"]/link[@name="base_link"]/sensor[@name="magnetometer_sensor"]/gz_frame_id:<urdf-string>:L0]: XML Element[gz_frame_id], child of element[sensor], not defined in SDF. Copying[gz_frame_id] as children of [sensor].
[gazebo-1] [1;33mWarning [Utils.cc:132][0m [/sdf/model[@name="my_drone_v3_cad_debug_4kg"]/link[@name="base_link"]/sensor[@name="imu_sensor"]/gz_frame_id:<urdf-string>:L0]: XML Element[gz_frame_id], child of element[sensor], not defined in SDF. Copying[gz_frame_id] as children of [sensor].
[gazebo-1] [1;33mWarning [Utils.cc:132][0m [/sdf/model[@name="my_drone_v3_cad_debug_4kg"]/link[@name="base_link"]/sensor[@name="navsat_sensor"]/gz_frame_id:<urdf-string>:L0]: XML Element[gz_frame_id], child of element[sensor], not defined in SDF. Copying[gz_frame_id] as children of [sensor].
[gazebo_direct_motor_model-5] [INFO] [1786461092.807286478] [my_drone_gazebo_direct_motor_model]: reaction moment trial enabled: Q/T=0.005 m
[gazebo_direct_motor_model-5] [INFO] [1786461092.826376361] [my_drone_gazebo_direct_motor_model]: battery dynamics override: enabled=False R=0.005 ohm capacity=10 Ah
[gazebo_direct_motor_model-5] [WARN] [1786461092.864738542] [my_drone_gazebo_direct_motor_model]: experimental arm disturbance-observer trim enabled: gain=0.500, max_delta=1.000 N
[gazebo-1] [INFO] [1786461093.031901900] [gz_ros_control]: [gz_ros2_control] Fixed joint ['arm_mount'] (Entity='76') is skipped.
[gazebo-1] [INFO] [1786461093.274586235] [gz_ros_control]: Loading controller_manager
[gazebo-1] [INFO] [1786461095.724672575] [controller_manager]: Using ROS clock for triggering controller manager cycles.
[gazebo-1] [INFO] [1786461095.729844799] [controller_manager]: Subscribing to '/robot_description' topic for robot description.
[gazebo-1] [WARN] [1786461095.736264690] [gz_ros_control]: Waiting RM to load and initialize hardware...
[gazebo-1] [INFO] [1786461095.740996172] [controller_manager]: Received robot description from topic.
[gazebo-1] [INFO] [1786461095.741139892] [controller_manager]: Enforcing command limits is disabled. Command limits from URDF will be ignored.
[gazebo-1] [INFO] [1786461095.866652290] [gz_ros_control]: The position_proportional_gain has been set to: 0.5
[gazebo-1] [INFO] [1786461095.866746993] [gz_ros_control]: Loading joint: shoulder_pan
[gazebo-1] [INFO] [1786461095.866758606] [gz_ros_control]: 	State:
[gazebo-1] [INFO] [1786461095.866763269] [gz_ros_control]: 		 position
[gazebo-1] [INFO] [1786461095.866770719] [gz_ros_control]: 			 found initial value: 0.000000
[gazebo-1] [INFO] [1786461095.866775932] [gz_ros_control]: 		 velocity
[gazebo-1] [INFO] [1786461095.866782004] [gz_ros_control]: 	Command:
[gazebo-1] [INFO] [1786461095.866784344] [gz_ros_control]: 		 position
[gazebo-1] [INFO] [1786461095.866800990] [gz_ros_control]: Loading joint: shoulder_lift
[gazebo-1] [INFO] [1786461095.866803487] [gz_ros_control]: 	State:
[gazebo-1] [INFO] [1786461095.866805743] [gz_ros_control]: 		 position
[gazebo-1] [INFO] [1786461095.866808119] [gz_ros_control]: 			 found initial value: 0.000000
[gazebo-1] [INFO] [1786461095.866810493] [gz_ros_control]: 		 velocity
[gazebo-1] [INFO] [1786461095.866812744] [gz_ros_control]: 	Command:
[gazebo-1] [INFO] [1786461095.866814596] [gz_ros_control]: 		 position
[gazebo-1] [INFO] [1786461095.866820925] [gz_ros_control]: Loading joint: elbow_flex
[gazebo-1] [INFO] [1786461095.866823236] [gz_ros_control]: 	State:
[gazebo-1] [INFO] [1786461095.866825210] [gz_ros_control]: 		 position
[gazebo-1] [INFO] [1786461095.866827738] [gz_ros_control]: 			 found initial value: 0.000000
[gazebo-1] [INFO] [1786461095.866829955] [gz_ros_control]: 		 velocity
[gazebo-1] [INFO] [1786461095.866831876] [gz_ros_control]: 	Command:
[gazebo-1] [INFO] [1786461095.866833859] [gz_ros_control]: 		 position
[gazebo-1] [INFO] [1786461095.866839605] [gz_ros_control]: Loading joint: wrist_flex
[gazebo-1] [INFO] [1786461095.866841894] [gz_ros_control]: 	State:
[gazebo-1] [INFO] [1786461095.866843916] [gz_ros_control]: 		 position
[gazebo-1] [INFO] [1786461095.866845801] [gz_ros_control]: 			 found initial value: 0.000000
[gazebo-1] [INFO] [1786461095.866847955] [gz_ros_control]: 		 velocity
[gazebo-1] [INFO] [1786461095.866849948] [gz_ros_control]: 	Command:
[gazebo-1] [INFO] [1786461095.866851856] [gz_ros_control]: 		 position
[gazebo-1] [INFO] [1786461095.866857150] [gz_ros_control]: Loading joint: wrist_roll
[gazebo-1] [INFO] [1786461095.866859328] [gz_ros_control]: 	State:
[gazebo-1] [INFO] [1786461095.866861191] [gz_ros_control]: 		 position
[gazebo-1] [INFO] [1786461095.866864055] [gz_ros_control]: 			 found initial value: -1.570796
[gazebo-1] [INFO] [1786461095.866866396] [gz_ros_control]: 		 velocity
[gazebo-1] [INFO] [1786461095.866868613] [gz_ros_control]: 	Command:
[gazebo-1] [INFO] [1786461095.866870551] [gz_ros_control]: 		 position
[gazebo-1] [INFO] [1786461095.866877883] [gz_ros_control]: Loading joint: gripper
[gazebo-1] [INFO] [1786461095.866880152] [gz_ros_control]: 	State:
[gazebo-1] [INFO] [1786461095.866882057] [gz_ros_control]: 		 position
[gazebo-1] [INFO] [1786461095.866883983] [gz_ros_control]: 			 found initial value: 0.000000
[gazebo-1] [INFO] [1786461095.866886178] [gz_ros_control]: 		 velocity
[gazebo-1] [INFO] [1786461095.866888153] [gz_ros_control]: 	Command:
[gazebo-1] [INFO] [1786461095.866890012] [gz_ros_control]: 		 position
[gazebo-1] [INFO] [1786461095.866932123] [gz_ros_control]: Loading sensor: imu_sensor
[gazebo-1] [INFO] [1786461095.866934907] [gz_ros_control]: 	State:
[gazebo-1] [WARN] [1786461095.866937460] [gz_ros_control]: IMU sensor 'imu_sensor' not found in hardware_info, skipping.
[gazebo-1] [INFO] [1786461095.867036598] [controller_manager]: Initialize hardware 'GazeboSimSystem' 
[gazebo-1] [WARN] [1786461095.867070273] [controller_manager.hardware_component.system.GazeboSimSystem]: Executor is not available during hardware component initialization for 'GazeboSimSystem'. Skipping node creation!
[gazebo-1] [INFO] [1786461095.867153609] [controller_manager]: Successful initialization of hardware 'GazeboSimSystem'
[gazebo-1] [INFO] [1786461095.867380275] [controller_manager]: Activating component 'GazeboSimSystem'.
[gazebo-1] [INFO] [1786461095.867408413] [resource_manager]: 'configure' hardware 'GazeboSimSystem' 
[gazebo-1] [INFO] [1786461095.867414279] [gz_ros_control]: System Successfully configured!
[gazebo-1] [INFO] [1786461095.867420939] [resource_manager]: Successful 'configure' of hardware 'GazeboSimSystem'
[gazebo-1] [INFO] [1786461095.867427962] [resource_manager]: 'activate' hardware 'GazeboSimSystem' 
[gazebo-1] [INFO] [1786461095.867440873] [resource_manager]: Successful 'activate' of hardware 'GazeboSimSystem'
[gazebo-1] [WARN] [1786461095.867508673] [controller_manager]: Component 'GazeboSimSystem' does not have read or write statistics initialized, skipping registration.
[gazebo-1] [INFO] [1786461095.867515039] [controller_manager]: Resource Manager has been successfully initialized. Starting Controller Manager services...
[INFO] [spawner-7]: process started with pid [29918]
[gazebo-1] [INFO] [1786461097.971349025] [controller_manager]: Loading controller : 'joint_state_broadcaster' of type 'joint_state_broadcaster/JointStateBroadcaster'
[gazebo-1] [INFO] [1786461097.971433384] [controller_manager]: Loading controller 'joint_state_broadcaster'
[gazebo-1] [INFO] [1786461098.051680780] [controller_manager]: Controller 'joint_state_broadcaster' node arguments: --ros-args --params-file /mnt/e/清洁无人机/drone_sim_ws/install/drone_arm_sim/share/drone_arm_sim/config/so101_ros2_control.yaml -p use_sim_time:=true --param use_sim_time:=true 
[spawner-7] [INFO] [1786461098.089733615] [spawner_joint_state_broadcaster]: Loaded joint_state_broadcaster
[gazebo-1] [INFO] [1786461098.091835050] [controller_manager]: Configuring controller: 'joint_state_broadcaster'
[gazebo-1] [INFO] [1786461098.092469773] [joint_state_broadcaster]: 'joints' or 'interfaces' parameter is empty. All available state interfaces will be published
[gazebo-1] [INFO] [1786461098.139143568] [controller_manager]: Activating controllers: [ joint_state_broadcaster ]
[gazebo-1] [1;32m[Msg] [0m[1;32mOdometryPublisher publishing odometry on [[0m[1;32m/model/my_drone/odometry[0m[1;32m][0m[1;32m[0m
[gazebo-1] [1;32m[Msg] [0m[1;32mOdometryPublisher publishing odometry with covariance on [[0m[1;32m/model/my_drone/odometry_with_covariance[0m[1;32m][0m[1;32m[0m
[gazebo-1] [1;32m[Msg] [0m[1;32mOdometryPublisher publishing Pose_V (TF) on [[0m[1;32m/model/my_drone/pose[0m[1;32m][0m[1;32m[0m
[INFO] [spawner-8]: process started with pid [29936]
[gazebo-1] [INFO] [1786461100.940078890] [controller_manager]: Successfully switched controllers!
[spawner-7] [INFO] [1786461100.944110215] [spawner_joint_state_broadcaster]: Configured and activated joint_state_broadcaster
[gazebo_direct_motor_model-5] [INFO] [1786461100.968719902] [my_drone_gazebo_direct_motor_model]: MOTOR_DYNAMIC_STATE sim_s=0.012 cmd_min=0.0000 cmd_mean=0.0000 cmd_max=0.0000 filtered_mean=0.0000 filtered_max=0.0000 esc_throttle_mean=0.0000 total_thrust_n=0.0000 body_up_force_n=0.0000 saturated_motors=0 rated_cap_command=1.0000 voltage_v=14.8000 thrust_scale=1.000000 current_a=0.0000
[parameter_bridge-2] [INFO] [1786461100.970167115] [ros_gz_bridge]: Passing message from ROS ros_gz_interfaces/msg/EntityWrench to Gazebo gz.msgs.EntityWrench (showing msg only once per type)
[INFO] [spawner-7]: process has finished cleanly [pid 29918]
[gazebo-1] [INFO] [1786461101.253914995] [controller_manager]: Loading controller : 'arm_controller' of type 'joint_trajectory_controller/JointTrajectoryController'
[gazebo-1] [INFO] [1786461101.253976986] [controller_manager]: Loading controller 'arm_controller'
[gazebo-1] [INFO] [1786461101.291248395] [controller_manager]: Controller 'arm_controller' node arguments: --ros-args --params-file /mnt/e/清洁无人机/drone_sim_ws/install/drone_arm_sim/share/drone_arm_sim/config/so101_ros2_control.yaml -p use_sim_time:=true --param use_sim_time:=true 
[spawner-8] [INFO] [1786461101.471385175] [spawner_arm_controller]: Loaded arm_controller
[gazebo-1] [INFO] [1786461101.473191469] [controller_manager]: Configuring controller: 'arm_controller'
[gazebo-1] [INFO] [1786461101.474354074] [arm_controller]: No specific joint names are used for command interfaces. Using 'joints' parameter.
[gazebo-1] [INFO] [1786461101.475169139] [arm_controller]: Command interfaces are [position] and state interfaces are [position velocity].
[gazebo-1] [INFO] [1786461101.475291836] [arm_controller]: Using 'splines' interpolation method.
[gazebo-1] [INFO] [1786461101.481498235] [arm_controller]: Action status changes will be monitored at 20.00 Hz.
[gazebo-1] [INFO] [1786461101.494327147] [arm_controller]: Setting initial scaling factor to 1.000000
[gazebo-1] [INFO] [1786461101.494387287] [arm_controller]: No scaling interface set. This controller will not read speed scaling from the hardware.
[gazebo-1] [INFO] [1786461101.497788867] [controller_manager]: Activating controllers: [ arm_controller ]
[gazebo-1] [INFO] [1786461101.499509196] [controller_manager]: Successfully switched controllers!
[spawner-8] [INFO] [1786461101.505716117] [spawner_arm_controller]: Configured and activated arm_controller
[INFO] [spawner-8]: process has finished cleanly [pid 29936]
[INFO] [arm_coupling_monitor-9]: process started with pid [29963]
[gazebo_direct_motor_model-5] [INFO] [1786461102.028410795] [my_drone_gazebo_direct_motor_model]: MOTOR_DYNAMIC_STATE sim_s=1.012 cmd_min=0.0000 cmd_mean=0.0000 cmd_max=0.0000 filtered_mean=0.0000 filtered_max=0.0000 esc_throttle_mean=0.0000 total_thrust_n=0.0000 body_up_force_n=0.0000 saturated_motors=0 rated_cap_command=1.0000 voltage_v=14.8000 thrust_scale=1.000000 current_a=0.0000
[INFO] [arm_disturbance_observer-10]: process started with pid [29964]
[gazebo_direct_motor_model-5] [INFO] [1786461103.025981258] [my_drone_gazebo_direct_motor_model]: MOTOR_DYNAMIC_STATE sim_s=2.012 cmd_min=0.0000 cmd_mean=0.0000 cmd_max=0.0000 filtered_mean=0.0000 filtered_max=0.0000 esc_throttle_mean=0.0000 total_thrust_n=0.0000 body_up_force_n=0.0000 saturated_motors=0 rated_cap_command=1.0000 voltage_v=14.8000 thrust_scale=1.000000 current_a=0.0000
[gazebo_direct_motor_model-5] [INFO] [1786461104.082294917] [my_drone_gazebo_direct_motor_model]: MOTOR_DYNAMIC_STATE sim_s=3.012 cmd_min=0.0000 cmd_mean=0.0000 cmd_max=0.0000 filtered_mean=0.0000 filtered_max=0.0000 esc_throttle_mean=0.0000 total_thrust_n=0.0000 body_up_force_n=0.0000 saturated_motors=0 rated_cap_command=1.0000 voltage_v=14.8000 thrust_scale=1.000000 current_a=0.0000
[arm_disturbance_observer-10] usage: arm_disturbance_observer [-h] [--config CONFIG]
[arm_disturbance_observer-10]                                 [--velocity-command-scale VELOCITY_COMMAND_SCALE]
[arm_disturbance_observer-10]                                 [--maximum-torque-nm MAXIMUM_TORQUE_NM]
[arm_disturbance_observer-10] arm_disturbance_observer: error: unrecognized arguments: --ros-args
[arm_coupling_monitor-9] [INFO] [1786461104.316765395] [my_drone_arm_coupling_monitor]: ARM_COUPLING_STATE {"com_body_flu_m": [-0.004002203171502492, 0.0002570452092263316, -0.2042539818705381], "com_shift_m": [-2.0153712355676368e-06, 0.0009297017275296995, 0.00022746319077671107], "feedforward_acceleration_ned_m_s2": [1.907138804382672e-09, 2.314127009703287e-09, 2.1892491669079626e-07], "filtered_joint_acceleration_peak_rad_s2": 1.229638362503775e-05, "inertia_diag_kg_m2": [0.20777479504208662, 0.20843720003988322, 0.21288366518800383], "mass_kg": 4.0, "raw_joint_acceleration_peak_rad_s2": 2.3586410823595223e-05, "reaction_force_body_n": [-9.254068044621328e-09, -7.62869873931903e-09, 8.756996913012492e-07], "reaction_torque_body_nm": [-2.393183545246306e-06, -0.0002760986868204728, -2.430363169000493e-06]}
[ERROR] [arm_disturbance_observer-10]: process has died [pid 29964, exit code 2, cmd '/mnt/e/清洁无人机/drone_sim_ws/install/drone_arm_sim/lib/drone_arm_sim/arm_disturbance_observer --config /mnt/e/清洁无人机/drone_sim_ws/src/drone_arm_sim/config/my_drone_v3_cad_debug_4kg.json --maximum-torque-nm 0.08 --ros-args'].
[gazebo-1] [1;32m[Msg] [0m[1;32mServing scene information on [[0m[1;32m/world/flight_world[0m[1;32m/[0m[1;32mscene/info[0m[1;32m][0m[1;32m[0m
[gazebo-1] [1;32m[Msg] [0m[1;32mServing graph information on [[0m[1;32m/world/flight_world[0m[1;32m/[0m[1;32mscene/graph[0m[1;32m][0m[1;32m[0m
[gazebo-1] [1;32m[Msg] [0m[1;32mServing full state on [[0m[1;32m/world/flight_world[0m[1;32m/[0m[1;32mstate[0m[1;32m][0m[1;32m[0m
[gazebo-1] [1;32m[Msg] [0m[1;32mServing full state (async) on [[0m[1;32m/world/flight_world[0m[1;32m/[0m[1;32mstate_async[0m[1;32m][0m[1;32m[0m
[gazebo-1] [1;32m[Msg] [0m[1;32mPublishing scene information on [[0m[1;32m/world/flight_world/scene/info[0m[1;32m][0m[1;32m[0m
[gazebo-1] [1;32m[Msg] [0m[1;32mPublishing entity deletions on [[0m[1;32m/world/flight_world/scene/deletion[0m[1;32m][0m[1;32m[0m
[gazebo-1] [1;32m[Msg] [0m[1;32mPublishing state changes on [[0m[1;32m/world/flight_world/state[0m[1;32m][0m[1;32m[0m
[gazebo-1] [1;32m[Msg] [0m[1;32mPublishing pose messages on [[0m[1;32m/world/flight_world[0m[1;32m/[0m[1;32mpose/info[0m[1;32m][0m[1;32m[0m
[gazebo-1] [1;32m[Msg] [0m[1;32mPublishing dynamic pose messages on [[0m[1;32m/world/flight_world[0m[1;32m/[0m[1;32mdynamic_pose/info[0m[1;32m][0m[1;32m[0m
[gazebo_direct_motor_model-5] [INFO] [1786461105.032878472] [my_drone_gazebo_direct_motor_model]: MOTOR_DYNAMIC_STATE sim_s=4.016 cmd_min=0.0000 cmd_mean=0.0000 cmd_max=0.0000 filtered_mean=0.0000 filtered_max=0.0000 esc_throttle_mean=0.0000 total_thrust_n=0.0000 body_up_force_n=0.0000 saturated_motors=0 rated_cap_command=1.0000 voltage_v=14.8000 thrust_scale=1.000000 current_a=0.0000
[arm_coupling_monitor-9] [INFO] [1786461105.473934975] [my_drone_arm_coupling_monitor]: ARM_COUPLING_STATE {"com_body_flu_m": [-0.004002203613487002, 0.0002570448450004807, -0.20425394006075231], "com_shift_m": [-2.015813220077392e-06, 0.0009297013633038486, 0.00022750500056248346], "feedforward_acceleration_ned_m_s2": [1.766463292856112e-10, 2.1439927352113515e-10, 2.027767273055074e-08], "filtered_joint_acceleration_peak_rad_s2": 1.1389386505363299e-06, "inertia_diag_kg_m2": [0.20777478014928852, 0.20843718382304502, 0.2128836638919977], "mass_kg": 4.0, "raw_joint_acceleration_peak_rad_s2": 9.25539233165943e-06, "reaction_force_body_n": [-8.575332984248139e-10, -7.065954882531622e-10, 8.111069150809524e-08], "reaction_torque_body_nm": [-1.270170999597686e-07, -1.4631230959853333e-05, -1.287888517810015e-07]}
[gazebo_direct_motor_model-5] [INFO] [1786461106.027972636] [my_drone_gazebo_direct_motor_model]: MOTOR_DYNAMIC_STATE sim_s=5.016 cmd_min=0.0000 cmd_mean=0.0000 cmd_max=0.0000 filtered_mean=0.0000 filtered_max=0.0000 esc_throttle_mean=0.0000 total_thrust_n=0.0000 body_up_force_n=0.0000 saturated_motors=0 rated_cap_command=1.0000 voltage_v=14.8000 thrust_scale=1.000000 current_a=0.0000
[arm_coupling_monitor-9] [INFO] [1786461106.789101587] [my_drone_arm_coupling_monitor]: ARM_COUPLING_STATE {"com_body_flu_m": [-0.004002203636592481, 0.00025704482596220976, -0.20425393787533058], "com_shift_m": [-2.0158363255567274e-06, 0.0009297013442655776, 0.00022750718598421593], "feedforward_acceleration_ned_m_s2": [9.177681053285424e-12, 1.1139483288504041e-11, 1.0535315597091975e-09], "filtered_joint_acceleration_peak_rad_s2": 5.917386213186185e-08, "inertia_diag_kg_m2": [0.20777477937083721, 0.20843718297538277, 0.2128836638242522], "mass_kg": 4.0, "raw_joint_acceleration_peak_rad_s2": 1.3088946736682261e-06, "reaction_force_body_n": [-4.455461863475065e-11, -3.6711252658407353e-11, 4.214126269277949e-09], "reaction_torque_body_nm": [-6.4982446026381246e-09, -7.485312965896543e-07, -6.588825314704831e-09]}
[gazebo_direct_motor_model-5] [INFO] [1786461107.025918118] [my_drone_gazebo_direct_motor_model]: MOTOR_DYNAMIC_STATE sim_s=6.016 cmd_min=0.0000 cmd_mean=0.0000 cmd_max=0.0000 filtered_mean=0.0000 filtered_max=0.0000 esc_throttle_mean=0.0000 total_thrust_n=0.0000 body_up_force_n=0.0000 saturated_motors=0 rated_cap_command=1.0000 voltage_v=14.8000 thrust_scale=1.000000 current_a=0.0000
[arm_coupling_monitor-9] [INFO] [1786461107.805863670] [my_drone_arm_coupling_monitor]: ARM_COUPLING_STATE {"com_body_flu_m": [-0.004002203637715387, 0.0002570448250369742, -0.20425393776912176], "com_shift_m": [-2.0158374484623154e-06, 0.0009297013433403421, 0.00022750729219303545], "feedforward_acceleration_ned_m_s2": [1.0029536235223464e-12, 1.217309572642246e-12, 1.1513052883761838e-10], "filtered_joint_acceleration_peak_rad_s2": 6.4665417664869235e-09, "inertia_diag_kg_m2": [0.20777477933300545, 0.20843718293418745, 0.21288366382095975], "mass_kg": 4.0, "raw_joint_acceleration_peak_rad_s2": 3.084952309403322e-08, "reaction_force_body_n": [-4.8688760779196324e-12, -4.011872242724233e-12, 4.6052211867703603e-10], "reaction_torque_body_nm": [-7.104920560844228e-10, -8.188592697859697e-08, -7.206457514691407e-10]}
[gazebo_direct_motor_model-5] [INFO] [1786461108.029098238] [my_drone_gazebo_direct_motor_model]: MOTOR_DYNAMIC_STATE sim_s=7.016 cmd_min=0.0000 cmd_mean=0.0000 cmd_max=0.0000 filtered_mean=0.0000 filtered_max=0.0000 esc_throttle_mean=0.0000 total_thrust_n=0.0000 body_up_force_n=0.0000 saturated_motors=0 rated_cap_command=1.0000 voltage_v=14.8000 thrust_scale=1.000000 current_a=0.0000
[arm_coupling_monitor-9] [INFO] [1786461108.816338730] [my_drone_arm_coupling_monitor]: ARM_COUPLING_STATE {"com_body_flu_m": [-0.004002203637838092, 0.00025704482493586756, -0.20425393775751563], "com_shift_m": [-2.0158375711679805e-06, 0.0009297013432392354, 0.00022750730379916817], "feedforward_acceleration_ned_m_s2": [1.1070103884758266e-13, 1.3440379460463e-13, 1.2708432292555829e-11], "filtered_joint_acceleration_peak_rad_s2": 7.137838448066705e-10, "inertia_diag_kg_m2": [0.20777477932887134, 0.20843718292968574, 0.21288366382060012], "mass_kg": 4.0, "raw_joint_acceleration_peak_rad_s2": 3.3170989098370508e-09, "reaction_force_body_n": [-5.375751964312666e-13, -4.4281053013232174e-13, 5.0833729537525525e-11], "reaction_torque_body_nm": [-7.818282150477639e-11, -9.037449371757529e-09, -7.956519498907304e-11]}
[gazebo_direct_motor_model-5] [INFO] [1786461109.030709363] [my_drone_gazebo_direct_motor_model]: MOTOR_DYNAMIC_STATE sim_s=8.016 cmd_min=0.0000 cmd_mean=0.0000 cmd_max=0.0000 filtered_mean=0.0000 filtered_max=0.0000 esc_throttle_mean=0.0000 total_thrust_n=0.0000 body_up_force_n=0.0000 saturated_motors=0 rated_cap_command=1.0000 voltage_v=14.8000 thrust_scale=1.000000 current_a=0.0000
[gazebo_direct_motor_model-5] [INFO] [1786461110.023062895] [my_drone_gazebo_direct_motor_model]: MOTOR_DYNAMIC_STATE sim_s=9.016 cmd_min=0.0000 cmd_mean=0.0000 cmd_max=0.0000 filtered_mean=0.0000 filtered_max=0.0000 esc_throttle_mean=0.0000 total_thrust_n=0.0000 body_up_force_n=0.0000 saturated_motors=0 rated_cap_command=1.0000 voltage_v=14.8000 thrust_scale=1.000000 current_a=0.0000
[arm_coupling_monitor-9] [INFO] [1786461110.131803484] [my_drone_arm_coupling_monitor]: ARM_COUPLING_STATE {"com_body_flu_m": [-0.004002203637861157, 0.00025704482491686366, -0.20425393775533418], "com_shift_m": [-2.015837594232864e-06, 0.0009297013432202315, 0.00022750730598061764], "feedforward_acceleration_ned_m_s2": [3.865813452856089e-16, 4.739085767237115e-16, 4.5070834108200766e-14], "filtered_joint_acceleration_peak_rad_s2": 2.5428284806392593e-12, "inertia_diag_kg_m2": [0.20777477932809427, 0.2084371829288396, 0.2128836638205324], "mass_kg": 4.0, "raw_joint_acceleration_peak_rad_s2": 3.5989496199680103e-10, "reaction_force_body_n": [-1.8954925604554176e-15, -1.5463479660574199e-15, 1.8028333772945914e-13], "reaction_torque_body_nm": [-3.4446743436674754e-11, -4.020921881391258e-09, -3.54673593226884e-11]}
[gazebo_direct_motor_model-5] [INFO] [1786461111.027970344] [my_drone_gazebo_direct_motor_model]: MOTOR_DYNAMIC_STATE sim_s=10.016 cmd_min=0.0000 cmd_mean=0.0000 cmd_max=0.0000 filtered_mean=0.0000 filtered_max=0.0000 esc_throttle_mean=0.0000 total_thrust_n=0.0000 body_up_force_n=0.0000 saturated_motors=0 rated_cap_command=1.0000 voltage_v=14.8000 thrust_scale=1.000000 current_a=0.0000
[arm_coupling_monitor-9] [INFO] [1786461111.134549376] [my_drone_arm_coupling_monitor]: ARM_COUPLING_STATE {"com_body_flu_m": [-0.0040022036378762164, 0.0002570448249044552, -0.20425393775390985], "com_shift_m": [-2.0158376092919983e-06, 0.0009297013432078231, 0.0002275073074049505], "feedforward_acceleration_ned_m_s2": [-7.027177162924576e-18, -3.0646295672688723e-18, 1.1182199059433446e-15], "filtered_joint_acceleration_peak_rad_s2": 5.98629050928098e-14, "inertia_diag_kg_m2": [0.20777477932758695, 0.20843718292828717, 0.2128836638204883], "mass_kg": 4.0, "raw_joint_acceleration_peak_rad_s2": 8.166453832581441e-12, "reaction_force_body_n": [1.226189468204343e-17, 2.81082735008338e-17, 4.472879617253175e-15], "reaction_torque_body_nm": [-3.4080890541761506e-11, -4.018543802629055e-09, -3.532671946881017e-11]}
[gazebo_direct_motor_model-5] [INFO] [1786461112.022577014] [my_drone_gazebo_direct_motor_model]: MOTOR_DYNAMIC_STATE sim_s=11.016 cmd_min=0.0000 cmd_mean=0.0000 cmd_max=0.0000 filtered_mean=0.0000 filtered_max=0.0000 esc_throttle_mean=0.0000 total_thrust_n=0.0000 body_up_force_n=0.0000 saturated_motors=0 rated_cap_command=1.0000 voltage_v=14.8000 thrust_scale=1.000000 current_a=0.0000
[arm_coupling_monitor-9] [INFO] [1786461112.452978356] [my_drone_arm_coupling_monitor]: ARM_COUPLING_STATE {"com_body_flu_m": [-0.004002203637896266, 0.00025704482488793715, -0.20425393775201367], "com_shift_m": [-2.0158376293419322e-06, 0.000929701343191305, 0.00022750730930112817], "feedforward_acceleration_ned_m_s2": [-1.878859280531922e-17, 2.8497006991806404e-17, 7.234054783024161e-16], "filtered_joint_acceleration_peak_rad_s2": 3.8309824639635385e-14, "inertia_diag_kg_m2": [0.20777477932691157, 0.2084371829275517, 0.21288366382042945], "mass_kg": 4.0, "raw_joint_acceleration_peak_rad_s2": 8.828171155869544e-12, "reaction_force_body_n": [-1.139859639672831e-16, 7.515383228621465e-17, 2.8936220085131758e-15], "reaction_torque_body_nm": [-3.4249259563557844e-11, -4.016280527781892e-09, -3.5407871215341663e-11]}
[gazebo_direct_motor_model-5] [INFO] [1786461113.028330489] [my_drone_gazebo_direct_motor_model]: MOTOR_DYNAMIC_STATE sim_s=12.016 cmd_min=0.0000 cmd_mean=0.0000 cmd_max=0.0000 filtered_mean=0.0000 filtered_max=0.0000 esc_throttle_mean=0.0000 total_thrust_n=0.0000 body_up_force_n=0.0000 saturated_motors=0 rated_cap_command=1.0000 voltage_v=14.8000 thrust_scale=1.000000 current_a=0.0000
[arm_coupling_monitor-9] [INFO] [1786461113.471749252] [my_drone_arm_coupling_monitor]: ARM_COUPLING_STATE {"com_body_flu_m": [-0.004002203637911306, 0.0002570448248755408, -0.2042539377505908], "com_shift_m": [-2.0158376443819848e-06, 0.0009297013431789087, 0.00022750731072399], "feedforward_acceleration_ned_m_s2": [3.60181416635325e-17, -2.6028482645069995e-17, 4.1259416162017486e-16], "filtered_joint_acceleration_peak_rad_s2": 7.657874019544751e-14, "inertia_diag_kg_m2": [0.2077747793264047, 0.20843718292699986, 0.21288366382038537], "mass_kg": 4.0, "raw_joint_acceleration_peak_rad_s2": 7.716489608058002e-12, "reaction_force_body_n": [1.0411550248954349e-16, -1.4407251693208006e-16, 1.6503765516567026e-15], "reaction_torque_body_nm": [-3.4799179390403526e-11, -4.014868454418651e-09, -3.552058414961103e-11]}
[gazebo_direct_motor_model-5] [INFO] [1786461114.030674722] [my_drone_gazebo_direct_motor_model]: MOTOR_DYNAMIC_STATE sim_s=13.016 cmd_min=0.0000 cmd_mean=0.0000 cmd_max=0.0000 filtered_mean=0.0000 filtered_max=0.0000 esc_throttle_mean=0.0000 total_thrust_n=0.0000 body_up_force_n=0.0000 saturated_motors=0 rated_cap_command=1.0000 voltage_v=14.8000 thrust_scale=1.000000 current_a=0.0000
[arm_coupling_monitor-9] [INFO] [1786461114.796827550] [my_drone_arm_coupling_monitor]: ARM_COUPLING_STATE {"com_body_flu_m": [-0.004002203637931396, 0.0002570448248589898, -0.2042539377486909], "com_shift_m": [-2.0158376644718173e-06, 0.0009297013431623577, 0.0002275073126238869], "feedforward_acceleration_ned_m_s2": [-9.762526162717827e-18, -5.756516186384561e-19, 4.675934018101323e-16], "filtered_joint_acceleration_peak_rad_s2": 3.7835589997085025e-14, "inertia_diag_kg_m2": [0.20777477932572797, 0.20843718292626295, 0.2128836638203265], "mass_kg": 4.0, "raw_joint_acceleration_peak_rad_s2": 9.135221160835427e-12, "reaction_force_body_n": [2.3039607165160775e-18, 3.904991672721581e-17, 1.8703736094963445e-15], "reaction_torque_body_nm": [-3.4034139852928667e-11, -4.0124408509347055e-09, -3.526552635910235e-11]}
[gazebo_direct_motor_model-5] [INFO] [1786461115.028199488] [my_drone_gazebo_direct_motor_model]: MOTOR_DYNAMIC_STATE sim_s=14.016 cmd_min=0.0000 cmd_mean=0.0000 cmd_max=0.0000 filtered_mean=0.0000 filtered_max=0.0000 esc_throttle_mean=0.0000 total_thrust_n=0.0000 body_up_force_n=0.0000 saturated_motors=0 rated_cap_command=1.0000 voltage_v=14.8000 thrust_scale=1.000000 current_a=0.0000
[gazebo_direct_motor_model-5] [INFO] [1786461116.026380358] [my_drone_gazebo_direct_motor_model]: MOTOR_DYNAMIC_STATE sim_s=15.016 cmd_min=0.0000 cmd_mean=0.0000 cmd_max=0.0000 filtered_mean=0.0000 filtered_max=0.0000 esc_throttle_mean=0.0000 total_thrust_n=0.0000 body_up_force_n=0.0000 saturated_motors=0 rated_cap_command=1.0000 voltage_v=14.8000 thrust_scale=1.000000 current_a=0.0000
[arm_coupling_monitor-9] [INFO] [1786461116.137172327] [my_drone_arm_coupling_monitor]: ARM_COUPLING_STATE {"com_body_flu_m": [-0.00400220363795141, 0.0002570448248424978, -0.20425393774679784], "com_shift_m": [-2.015837684485322e-06, 0.0009297013431458657, 0.00022750731451695594], "feedforward_acceleration_ned_m_s2": [-4.9939373552314925e-18, 2.619168329439535e-17, 5.311031207343753e-16], "filtered_joint_acceleration_peak_rad_s2": 3.667599948035455e-14, "inertia_diag_kg_m2": [0.2077747793250537, 0.20843718292552865, 0.21288366382026785], "mass_kg": 4.0, "raw_joint_acceleration_peak_rad_s2": 7.839771078638349e-12, "reaction_force_body_n": [-1.0476514352535091e-16, 1.9975309241171393e-17, 2.124412565470545e-15], "reaction_torque_body_nm": [-3.4329446665305576e-11, -4.009964733217204e-09, -3.5416239923624165e-11]}
[gazebo_direct_motor_model-5] [INFO] [1786461117.028154971] [my_drone_gazebo_direct_motor_model]: MOTOR_DYNAMIC_STATE sim_s=16.020 cmd_min=0.0000 cmd_mean=0.0000 cmd_max=0.0000 filtered_mean=0.0000 filtered_max=0.0000 esc_throttle_mean=0.0000 total_thrust_n=0.0000 body_up_force_n=0.0000 saturated_motors=0 rated_cap_command=1.0000 voltage_v=14.8000 thrust_scale=1.000000 current_a=0.0000
[arm_coupling_monitor-9] [INFO] [1786461117.455663571] [my_drone_arm_coupling_monitor]: ARM_COUPLING_STATE {"com_body_flu_m": [-0.004002203637971411, 0.00025704482482601446, -0.20425393774490594], "com_shift_m": [-2.0158377044866838e-06, 0.0009297013431293823, 0.00022750731640885924], "feedforward_acceleration_ned_m_s2": [1.1755695555042124e-17, 2.3536740988989556e-17, 9.45439676688371e-16], "filtered_joint_acceleration_peak_rad_s2": 4.457753338732997e-14, "inertia_diag_kg_m2": [0.20777477932437977, 0.2084371829247948, 0.21288366382020912], "mass_kg": 4.0, "raw_joint_acceleration_peak_rad_s2": 8.426062170389846e-12, "reaction_force_body_n": [-9.414395977862381e-17, -4.702337080465404e-17, 3.781758774222783e-15], "reaction_torque_body_nm": [-3.4074215187214045e-11, -4.006907184275103e-09, -3.508936410293914e-11]}
[gazebo_direct_motor_model-5] [INFO] [1786461118.030849140] [my_drone_gazebo_direct_motor_model]: MOTOR_DYNAMIC_STATE sim_s=17.020 cmd_min=0.0000 cmd_mean=0.0000 cmd_max=0.0000 filtered_mean=0.0000 filtered_max=0.0000 esc_throttle_mean=0.0000 total_thrust_n=0.0000 body_up_force_n=0.0000 saturated_motors=0 rated_cap_command=1.0000 voltage_v=14.8000 thrust_scale=1.000000 current_a=0.0000
[arm_coupling_monitor-9] [INFO] [1786461118.480791999] [my_drone_arm_coupling_monitor]: ARM_COUPLING_STATE {"com_body_flu_m": [-0.004002203637986423, 0.00025704482481364935, -0.20425393774348632], "com_shift_m": [-2.0158377194989807e-06, 0.0009297013431170172, 0.00022750731782847367], "feedforward_acceleration_ned_m_s2": [-6.3603380984646744e-18, 1.6880159187782623e-17, 5.743877621293365e-16], "filtered_joint_acceleration_peak_rad_s2": 2.756609858225268e-14, "inertia_diag_kg_m2": [0.20777477932387411, 0.2084371829242442, 0.2128836638201651], "mass_kg": 4.0, "raw_joint_acceleration_peak_rad_s2": 9.02650508730432e-12, "reaction_force_body_n": [-6.751892564602278e-17, 2.5440973011408998e-17, 2.2975511030037834e-15], "reaction_torque_body_nm": [-3.4239514449989575e-11, -4.0054173574674855e-09, -3.528114993111629e-11]}
[gazebo_direct_motor_model-5] [INFO] [1786461119.027096128] [my_drone_gazebo_direct_motor_model]: MOTOR_DYNAMIC_STATE sim_s=18.020 cmd_min=0.0000 cmd_mean=0.0000 cmd_max=0.0000 filtered_mean=0.0000 filtered_max=0.0000 esc_throttle_mean=0.0000 total_thrust_n=0.0000 body_up_force_n=0.0000 saturated_motors=0 rated_cap_command=1.0000 voltage_v=14.8000 thrust_scale=1.000000 current_a=0.0000
[arm_coupling_monitor-9] [INFO] [1786461119.480469162] [my_drone_arm_coupling_monitor]: ARM_COUPLING_STATE {"com_body_flu_m": [-0.004002203638001425, 0.0002570448248012877, -0.20425393774206735], "com_shift_m": [-2.0158377345008693e-06, 0.0009297013431046556, 0.0002275073192474497], "feedforward_acceleration_ned_m_s2": [1.77697941354541e-17, -8.30210218693631e-18, 7.08444176691602e-16], "filtered_joint_acceleration_peak_rad_s2": 5.0791581047617515e-14, "inertia_diag_kg_m2": [0.20777477932336863, 0.2084371829236938, 0.21288366382012114], "mass_kg": 4.0, "raw_joint_acceleration_peak_rad_s2": 7.593361854104199e-12, "reaction_force_body_n": [3.321073554307205e-17, -7.107939851022183e-17, 2.8337766739306405e-15], "reaction_torque_body_nm": [-3.4360043394532695e-11, -4.003730799182365e-09, -3.529213539084675e-11]}
[gazebo_direct_motor_model-5] [INFO] [1786461120.034400008] [my_drone_gazebo_direct_motor_model]: MOTOR_DYNAMIC_STATE sim_s=19.020 cmd_min=0.0000 cmd_mean=0.0000 cmd_max=0.0000 filtered_mean=0.0000 filtered_max=0.0000 esc_throttle_mean=0.0000 total_thrust_n=0.0000 body_up_force_n=0.0000 saturated_motors=0 rated_cap_command=1.0000 voltage_v=14.8000 thrust_scale=1.000000 current_a=0.0000
[arm_coupling_monitor-9] [INFO] [1786461120.787553564] [my_drone_arm_coupling_monitor]: ARM_COUPLING_STATE {"com_body_flu_m": [-0.004002203638021458, 0.0002570448247847801, -0.20425393774017261], "com_shift_m": [-2.015837754533456e-06, 0.000929701343088148, 0.00022750732114218408], "feedforward_acceleration_ned_m_s2": [2.549903827646071e-17, 4.714844653823801e-17, 9.57387213657314e-16], "filtered_joint_acceleration_peak_rad_s2": 6.493805158426794e-14, "inertia_diag_kg_m2": [0.2077747793226937, 0.20843718292295887, 0.2128836638200624], "mass_kg": 4.0, "raw_joint_acceleration_peak_rad_s2": 8.177392728091529e-12, "reaction_force_body_n": [-1.8859062919271427e-16, -1.0199694603581694e-16, 3.8295489889797996e-15], "reaction_torque_body_nm": [-3.4380179219947953e-11, -4.000806803399641e-09, -3.5146570935595175e-11]}
[gazebo_direct_motor_model-5] [INFO] [1786461121.029941012] [my_drone_gazebo_direct_motor_model]: MOTOR_DYNAMIC_STATE sim_s=20.020 cmd_min=0.0000 cmd_mean=0.0000 cmd_max=0.0000 filtered_mean=0.0000 filtered_max=0.0000 esc_throttle_mean=0.0000 total_thrust_n=0.0000 body_up_force_n=0.0000 saturated_motors=0 rated_cap_command=1.0000 voltage_v=14.8000 thrust_scale=1.000000 current_a=0.0000
[arm_coupling_monitor-9] [INFO] [1786461121.807787965] [my_drone_arm_coupling_monitor]: ARM_COUPLING_STATE {"com_body_flu_m": [-0.004002203638036448, 0.0002570448247724323, -0.20425393773875516], "com_shift_m": [-2.0158377695232016e-06, 0.0009297013430758002, 0.00022750732255963357], "feedforward_acceleration_ned_m_s2": [4.9302846529265564e-18, 1.929064797500808e-17, 7.624294306206202e-16], "filtered_joint_acceleration_peak_rad_s2": 4.610683057660913e-14, "inertia_diag_kg_m2": [0.20777477932218885, 0.20843718292240912, 0.21288366382001842], "mass_kg": 4.0, "raw_joint_acceleration_peak_rad_s2": 8.539584178956408e-12, "reaction_force_body_n": [-7.716020767308382e-17, -1.9721615880791084e-17, 3.049717779719871e-15], "reaction_torque_body_nm": [-3.410937197506555e-11, -3.9992595046759535e-09, -3.499126887062088e-11]}
[gazebo_direct_motor_model-5] [INFO] [1786461122.036988866] [my_drone_gazebo_direct_motor_model]: MOTOR_DYNAMIC_STATE sim_s=21.020 cmd_min=0.0000 cmd_mean=0.0000 cmd_max=0.0000 filtered_mean=0.0000 filtered_max=0.0000 esc_throttle_mean=0.0000 total_thrust_n=0.0000 body_up_force_n=0.0000 saturated_motors=0 rated_cap_command=1.0000 voltage_v=14.8000 thrust_scale=1.000000 current_a=0.0000
[arm_coupling_monitor-9] [INFO] [1786461122.840451027] [my_drone_arm_coupling_monitor]: ARM_COUPLING_STATE {"com_body_flu_m": [-0.004002203638051427, 0.000257044824760088, -0.2042539377373383], "com_shift_m": [-2.015837784502539e-06, 0.0009297013430634559, 0.0002275073239765002], "feedforward_acceleration_ned_m_s2": [1.952794905840525e-17, -1.240175787970711e-17, 8.121439972897796e-16], "filtered_joint_acceleration_peak_rad_s2": 4.329299591685231e-14, "inertia_diag_kg_m2": [0.20777477932168412, 0.2084371829218595, 0.21288366381997456], "mass_kg": 4.0, "raw_joint_acceleration_peak_rad_s2": 8.08994483236029e-12, "reaction_force_body_n": [4.9609691783846395e-17, -7.811202633183369e-17, 3.2485759430020322e-15], "reaction_torque_body_nm": [-3.40136767220783e-11, -3.997484573406358e-09, -3.507645411806689e-11]}
[gazebo_direct_motor_model-5] [INFO] [1786461123.041205784] [my_drone_gazebo_direct_motor_model]: MOTOR_DYNAMIC_STATE sim_s=22.020 cmd_min=0.0000 cmd_mean=0.0000 cmd_max=0.0000 filtered_mean=0.0000 filtered_max=0.0000 esc_throttle_mean=0.0000 total_thrust_n=0.0000 body_up_force_n=0.0000 saturated_motors=0 rated_cap_command=1.0000 voltage_v=14.8000 thrust_scale=1.000000 current_a=0.0000
[gazebo_direct_motor_model-5] [INFO] [1786461124.040029179] [my_drone_gazebo_direct_motor_model]: MOTOR_DYNAMIC_STATE sim_s=23.020 cmd_min=0.0000 cmd_mean=0.0000 cmd_max=0.0000 filtered_mean=0.0000 filtered_max=0.0000 esc_throttle_mean=0.0000 total_thrust_n=0.0000 body_up_force_n=0.0000 saturated_motors=0 rated_cap_command=1.0000 voltage_v=14.8000 thrust_scale=1.000000 current_a=0.0000
[arm_coupling_monitor-9] [INFO] [1786461124.145157919] [my_drone_arm_coupling_monitor]: ARM_COUPLING_STATE {"com_body_flu_m": [-0.004002203638071368, 0.0002570448247436567, -0.20425393773545206], "com_shift_m": [-2.015837804443185e-06, 0.0009297013430470246, 0.00022750732586274136], "feedforward_acceleration_ned_m_s2": [8.652674468271746e-18, 3.3866854171230173e-17, 3.358317020425964e-16], "filtered_joint_acceleration_peak_rad_s2": 6.08345847274045e-14, "inertia_diag_kg_m2": [0.2077747793210123, 0.20843718292112792, 0.2128836638199161], "mass_kg": 4.0, "raw_joint_acceleration_peak_rad_s2": 8.417376165986197e-12, "reaction_force_body_n": [-1.3546631175317467e-16, -3.461112236666728e-17, 1.3433269086593538e-15], "reaction_torque_body_nm": [-3.452878390252725e-11, -3.9957778456400974e-09, -3.532884444200046e-11]}
[gazebo_direct_motor_model-5] [INFO] [1786461125.030033374] [my_drone_gazebo_direct_motor_model]: MOTOR_DYNAMIC_STATE sim_s=24.020 cmd_min=0.0000 cmd_mean=0.0000 cmd_max=0.0000 filtered_mean=0.0000 filtered_max=0.0000 esc_throttle_mean=0.0000 total_thrust_n=0.0000 body_up_force_n=0.0000 saturated_motors=0 rated_cap_command=1.0000 voltage_v=14.8000 thrust_scale=1.000000 current_a=0.0000
[arm_coupling_monitor-9] [INFO] [1786461125.486623929] [my_drone_arm_coupling_monitor]: ARM_COUPLING_STATE {"com_body_flu_m": [-0.0040022036380913, 0.0002570448247272341, -0.20425393773356698], "com_shift_m": [-2.015837824375158e-06, 0.000929701343030602, 0.0002275073277478168], "feedforward_acceleration_ned_m_s2": [1.836495687468072e-17, -2.3357396999132634e-17, 6.634091320543854e-16], "filtered_joint_acceleration_peak_rad_s2": 4.5559033848370004e-14, "inertia_diag_kg_m2": [0.20777477932034083, 0.20843718292039673, 0.21288366381985765], "mass_kg": 4.0, "raw_joint_acceleration_peak_rad_s2": 7.502166782977102e-12, "reaction_force_body_n": [9.343178144684812e-17, -7.345990374549779e-17, 2.6536364488786253e-15], "reaction_torque_body_nm": [-3.4373896225180994e-11, -3.9929709132215494e-09, -3.517798144412759e-11]}
[gazebo_direct_motor_model-5] [INFO] [1786461126.033209818] [my_drone_gazebo_direct_motor_model]: MOTOR_DYNAMIC_STATE sim_s=25.020 cmd_min=0.0000 cmd_mean=0.0000 cmd_max=0.0000 filtered_mean=0.0000 filtered_max=0.0000 esc_throttle_mean=0.0000 total_thrust_n=0.0000 body_up_force_n=0.0000 saturated_motors=0 rated_cap_command=1.0000 voltage_v=14.8000 thrust_scale=1.000000 current_a=0.0000
[arm_coupling_monitor-9] [INFO] [1786461126.792913928] [my_drone_arm_coupling_monitor]: ARM_COUPLING_STATE {"com_body_flu_m": [-0.004002203638111282, 0.00025704482471077157, -0.20425393773167738], "com_shift_m": [-2.0158378443574376e-06, 0.0009297013430141395, 0.00022750732963741638], "feedforward_acceleration_ned_m_s2": [-1.9159456426365638e-17, 5.484580755136115e-17, 8.555355538151786e-16], "filtered_joint_acceleration_peak_rad_s2": 8.067880603866588e-14, "inertia_diag_kg_m2": [0.2077747793196677, 0.20843718291966384, 0.21288366381979903], "mass_kg": 4.0, "raw_joint_acceleration_peak_rad_s2": 9.016489779011872e-12, "reaction_force_body_n": [-2.1938076336398266e-16, 7.663700975743155e-17, 3.4221423916744058e-15], "reaction_torque_body_nm": [-3.353899069225665e-11, -3.990208832995542e-09, -3.4980331316841745e-11]}
[gazebo_direct_motor_model-5] [INFO] [1786461127.030723308] [my_drone_gazebo_direct_motor_model]: MOTOR_DYNAMIC_STATE sim_s=26.020 cmd_min=0.0000 cmd_mean=0.0000 cmd_max=0.0000 filtered_mean=0.0000 filtered_max=0.0000 esc_throttle_mean=0.0000 total_thrust_n=0.0000 body_up_force_n=0.0000 saturated_motors=0 rated_cap_command=1.0000 voltage_v=14.8000 thrust_scale=1.000000 current_a=0.0000
[arm_coupling_monitor-9] [INFO] [1786461127.856153009] [my_drone_arm_coupling_monitor]: ARM_COUPLING_STATE {"com_body_flu_m": [-0.004002203638126223, 0.00025704482469845677, -0.20425393773026373], "com_shift_m": [-2.015837859298611e-06, 0.0009297013430018247, 0.00022750733105106336], "feedforward_acceleration_ned_m_s2": [1.0431365043452839e-17, 8.440137288943294e-18, 5.252124224639411e-16], "filtered_joint_acceleration_peak_rad_s2": 3.489055208480988e-14, "inertia_diag_kg_m2": [0.20777477931916424, 0.20843718291911553, 0.21288366381975526], "mass_kg": 4.0, "raw_joint_acceleration_peak_rad_s2": 7.4591688468422e-12, "reaction_force_body_n": [-3.375884732405915e-17, -4.172574799873955e-17, 2.1008497114868484e-15], "reaction_torque_body_nm": [-3.4251428298132697e-11, -3.988818621905975e-09, -3.51381606559782e-11]}
[gazebo_direct_motor_model-5] [INFO] [1786461128.039530274] [my_drone_gazebo_direct_motor_model]: MOTOR_DYNAMIC_STATE sim_s=27.020 cmd_min=0.0000 cmd_mean=0.0000 cmd_max=0.0000 filtered_mean=0.0000 filtered_max=0.0000 esc_throttle_mean=0.0000 total_thrust_n=0.0000 body_up_force_n=0.0000 saturated_motors=0 rated_cap_command=1.0000 voltage_v=14.8000 thrust_scale=1.000000 current_a=0.0000
[gazebo_direct_motor_model-5] [INFO] [1786461129.034714630] [my_drone_gazebo_direct_motor_model]: MOTOR_DYNAMIC_STATE sim_s=28.020 cmd_min=0.0000 cmd_mean=0.0000 cmd_max=0.0000 filtered_mean=0.0000 filtered_max=0.0000 esc_throttle_mean=0.0000 total_thrust_n=0.0000 body_up_force_n=0.0000 saturated_motors=0 rated_cap_command=1.0000 voltage_v=14.8000 thrust_scale=1.000000 current_a=0.0000
[arm_coupling_monitor-9] [INFO] [1786461129.186511930] [my_drone_arm_coupling_monitor]: ARM_COUPLING_STATE {"com_body_flu_m": [-0.004002203638146124, 0.00025704482468206016, -0.2042539377283817], "com_shift_m": [-2.0158378791993586e-06, 0.000929701342985428, 0.00022750733293308567], "feedforward_acceleration_ned_m_s2": [-2.0746429090799964e-19, -3.896009141950333e-17, 4.862523848848963e-16], "filtered_joint_acceleration_peak_rad_s2": 3.4471464254859185e-14, "inertia_diag_kg_m2": [0.20777477931849384, 0.2084371829183856, 0.21288366381969692], "mass_kg": 4.0, "raw_joint_acceleration_peak_rad_s2": 7.612187392810375e-12, "reaction_force_body_n": [1.5584185794998765e-16, 8.299857343740289e-19, 1.9450094199185605e-15], "reaction_torque_body_nm": [-3.4157143905317353e-11, -3.986367209796173e-09, -3.5117045348198316e-11]}
[gazebo_direct_motor_model-5] [INFO] [1786461130.038316601] [my_drone_gazebo_direct_motor_model]: MOTOR_DYNAMIC_STATE sim_s=29.020 cmd_min=0.0000 cmd_mean=0.0000 cmd_max=0.0000 filtered_mean=0.0000 filtered_max=0.0000 esc_throttle_mean=0.0000 total_thrust_n=0.0000 body_up_force_n=0.0000 saturated_motors=0 rated_cap_command=1.0000 voltage_v=14.8000 thrust_scale=1.000000 current_a=0.0000
[arm_coupling_monitor-9] [INFO] [1786461130.492251830] [my_drone_arm_coupling_monitor]: ARM_COUPLING_STATE {"com_body_flu_m": [-0.004002203638166011, 0.00025704482466567397, -0.20425393772650088], "com_shift_m": [-2.0158378990862286e-06, 0.0009297013429690418, 0.0002275073348139145], "feedforward_acceleration_ned_m_s2": [9.424875242629193e-18, -2.4748649842770375e-17, 6.196952644601565e-16], "filtered_joint_acceleration_peak_rad_s2": 3.8550204786916475e-14, "inertia_diag_kg_m2": [0.20777477931782382, 0.208437182917656, 0.21288366381963855], "mass_kg": 4.0, "raw_joint_acceleration_peak_rad_s2": 9.813240492345396e-12, "reaction_force_body_n": [9.899658300312488e-17, -3.7699547444215094e-17, 2.478780977913088e-15], "reaction_torque_body_nm": [-3.426444806330282e-11, -3.983849603488527e-09, -3.512354190302402e-11]}
[gazebo_direct_motor_model-5] [INFO] [1786461131.037457217] [my_drone_gazebo_direct_motor_model]: MOTOR_DYNAMIC_STATE sim_s=30.020 cmd_min=0.0000 cmd_mean=0.0000 cmd_max=0.0000 filtered_mean=0.0000 filtered_max=0.0000 esc_throttle_mean=0.0000 total_thrust_n=0.0000 body_up_force_n=0.0000 saturated_motors=0 rated_cap_command=1.0000 voltage_v=14.8000 thrust_scale=1.000000 current_a=0.0000
[arm_coupling_monitor-9] [INFO] [1786461131.858422745] [my_drone_arm_coupling_monitor]: ARM_COUPLING_STATE {"com_body_flu_m": [-0.004002203638185943, 0.0002570448246492496, -0.20425393772461553], "com_shift_m": [-2.0158379190182013e-06, 0.0009297013429526175, 0.00022750733669926748], "feedforward_acceleration_ned_m_s2": [3.3770228580018483e-17, 3.813490519787189e-17, 7.880516930281408e-16], "filtered_joint_acceleration_peak_rad_s2": 6.936823506604854e-14, "inertia_diag_kg_m2": [0.20777477931715224, 0.20843718291692476, 0.2128836638195801], "mass_kg": 4.0, "raw_joint_acceleration_peak_rad_s2": 7.577869953560054e-12, "reaction_force_body_n": [-1.5253691426283293e-16, -1.3508156130759164e-16, 3.1522068753587445e-15], "reaction_torque_body_nm": [-3.4455952553568775e-11, -3.981337524359767e-09, -3.5084575072448996e-11]}
[gazebo_direct_motor_model-5] [INFO] [1786461132.039471941] [my_drone_gazebo_direct_motor_model]: MOTOR_DYNAMIC_STATE sim_s=31.020 cmd_min=0.0000 cmd_mean=0.0000 cmd_max=0.0000 filtered_mean=0.0000 filtered_max=0.0000 esc_throttle_mean=0.0000 total_thrust_n=0.0000 body_up_force_n=0.0000 saturated_motors=0 rated_cap_command=1.0000 voltage_v=14.8000 thrust_scale=1.000000 current_a=0.0000
[gazebo_direct_motor_model-5] [INFO] [1786461133.025841321] [my_drone_gazebo_direct_motor_model]: MOTOR_DYNAMIC_STATE sim_s=32.020 cmd_min=0.0000 cmd_mean=0.0000 cmd_max=0.0000 filtered_mean=0.0000 filtered_max=0.0000 esc_throttle_mean=0.0000 total_thrust_n=0.0000 body_up_force_n=0.0000 saturated_motors=0 rated_cap_command=1.0000 voltage_v=14.8000 thrust_scale=1.000000 current_a=0.0000
[arm_coupling_monitor-9] [INFO] [1786461133.154818144] [my_drone_arm_coupling_monitor]: ARM_COUPLING_STATE {"com_body_flu_m": [-0.004002203638176403, 0.0002570448246688381, -0.2042539377218559], "com_shift_m": [-2.015837909478957e-06, 0.000929701342972206, 0.00022750733945889334], "feedforward_acceleration_ned_m_s2": [-5.415334050317892e-13, -4.401170341832511e-13, 1.3069883426172606e-11], "filtered_joint_acceleration_peak_rad_s2": 1.2504661599527876e-09, "inertia_diag_kg_m2": [0.20777477931618568, 0.208437182915848, 0.21288366381946985], "mass_kg": 4.0, "raw_joint_acceleration_peak_rad_s2": 2.467157747452133e-06, "reaction_force_body_n": [1.7605037206425177e-12, 2.166131948643273e-12, 5.2279532575676594e-11], "reaction_torque_body_nm": [4.96383650615461e-13, -3.957243134030082e-09, -3.078282277041869e-11]}
[gazebo_direct_motor_model-5] [INFO] [1786461134.031467609] [my_drone_gazebo_direct_motor_model]: MOTOR_DYNAMIC_STATE sim_s=33.020 cmd_min=0.0000 cmd_mean=0.0000 cmd_max=0.0000 filtered_mean=0.0000 filtered_max=0.0000 esc_throttle_mean=0.0000 total_thrust_n=0.0000 body_up_force_n=0.0000 saturated_motors=0 rated_cap_command=1.0000 voltage_v=14.8000 thrust_scale=1.000000 current_a=0.0000
[arm_coupling_monitor-9] [INFO] [1786461134.470624975] [my_drone_arm_coupling_monitor]: ARM_COUPLING_STATE {"com_body_flu_m": [-0.004002203638205729, 0.00025704482461374675, -0.20425393772048825], "com_shift_m": [-2.0158379388044573e-06, 0.0009297013429171146, 0.00022750734082654933], "feedforward_acceleration_ned_m_s2": [-7.559517544736918e-14, -1.8927691720691216e-14, 1.0010358522918454e-12], "filtered_joint_acceleration_peak_rad_s2": 2.8254230587098367e-10, "inertia_diag_kg_m2": [0.20777477931567803, 0.20843718291533797, 0.2128836638194701], "mass_kg": 4.0, "raw_joint_acceleration_peak_rad_s2": 3.0829268166506316e-10, "reaction_force_body_n": [7.571320413263152e-14, 3.0238044892838457e-13, 4.004143382178153e-12], "reaction_torque_body_nm": [8.202584727980222e-09, 5.209290313550942e-09, 6.038925526981674e-10]}
[gazebo_direct_motor_model-5] [INFO] [1786461135.036865312] [my_drone_gazebo_direct_motor_model]: MOTOR_DYNAMIC_STATE sim_s=34.020 cmd_min=0.0000 cmd_mean=0.0000 cmd_max=0.0000 filtered_mean=0.0000 filtered_max=0.0000 esc_throttle_mean=0.0000 total_thrust_n=0.0000 body_up_force_n=0.0000 saturated_motors=0 rated_cap_command=1.0000 voltage_v=14.8000 thrust_scale=1.000000 current_a=0.0000
[arm_coupling_monitor-9] [INFO] [1786461135.489778300] [my_drone_arm_coupling_monitor]: ARM_COUPLING_STATE {"com_body_flu_m": [-0.004002203638248261, 0.0002570448244883991, -0.20425393772056188], "com_shift_m": [-2.0158379813364075e-06, 0.000929701342791767, 0.0002275073407529138], "feedforward_acceleration_ned_m_s2": [-7.581862434799812e-14, -1.8033385115880123e-14, 9.649149626533158e-13], "filtered_joint_acceleration_peak_rad_s2": 2.799403109479015e-10, "inertia_diag_kg_m2": [0.2077747793156448, 0.20843718291542593, 0.21288366381959672], "mass_kg": 4.0, "raw_joint_acceleration_peak_rad_s2": 3.731345097757884e-08, "reaction_force_body_n": [7.21358648437096e-14, 3.032742518701479e-13, 3.859659826463988e-12], "reaction_torque_body_nm": [1.7124236913559905e-08, 1.5086782347727196e-08, 1.2918247055346488e-09]}
[gazebo_direct_motor_model-5] [INFO] [1786461136.037851798] [my_drone_gazebo_direct_motor_model]: MOTOR_DYNAMIC_STATE sim_s=35.020 cmd_min=0.0000 cmd_mean=0.0000 cmd_max=0.0000 filtered_mean=0.0000 filtered_max=0.0000 esc_throttle_mean=0.0000 total_thrust_n=0.0000 body_up_force_n=0.0000 saturated_motors=0 rated_cap_command=1.0000 voltage_v=14.8000 thrust_scale=1.000000 current_a=0.0000
[arm_coupling_monitor-9] [INFO] [1786461136.824989022] [my_drone_arm_coupling_monitor]: ARM_COUPLING_STATE {"com_body_flu_m": [-0.0040022036383292395, 0.0002570448242214078, -0.20425393772196135], "com_shift_m": [-2.015838062315034e-06, 0.0009297013425247757, 0.0002275073393534499], "feedforward_acceleration_ned_m_s2": [-2.1724730367076573e-14, -5.461718509283817e-15, 2.8756363855411186e-13], "filtered_joint_acceleration_peak_rad_s2": 8.269955055451e-11, "inertia_diag_kg_m2": [0.2077747793160115, 0.20843718291610036, 0.21288366381991566], "mass_kg": 4.0, "raw_joint_acceleration_peak_rad_s2": 2.665469249008268e-10, "reaction_force_body_n": [2.1847574102001177e-14, 8.689884903626484e-14, 1.1502545463919095e-12], "reaction_torque_body_nm": [2.3702717868699894e-08, 2.2487970393812527e-08, 1.805666896961348e-09]}
[gazebo_direct_motor_model-5] [INFO] [1786461137.033797055] [my_drone_gazebo_direct_motor_model]: MOTOR_DYNAMIC_STATE sim_s=36.020 cmd_min=0.0000 cmd_mean=0.0000 cmd_max=0.0000 filtered_mean=0.0000 filtered_max=0.0000 esc_throttle_mean=0.0000 total_thrust_n=0.0000 body_up_force_n=0.0000 saturated_motors=0 rated_cap_command=1.0000 voltage_v=14.8000 thrust_scale=1.000000 current_a=0.0000
[arm_coupling_monitor-9] [INFO] [1786461137.872117435] [my_drone_arm_coupling_monitor]: ARM_COUPLING_STATE {"com_body_flu_m": [-0.004002203638394803, 0.0002570448240023955, -0.20425393772326664], "com_shift_m": [-2.015838127878908e-06, 0.0009297013423057634, 0.0002275073380481607], "feedforward_acceleration_ned_m_s2": [2.969926222276616e-14, 7.205683840122339e-15, -3.8843696755334584e-13], "filtered_joint_acceleration_peak_rad_s2": 1.1032141810418162e-10, "inertia_diag_kg_m2": [0.20777477931636737, 0.20843718291671562, 0.21288366382018403], "mass_kg": 4.0, "raw_joint_acceleration_peak_rad_s2": 1.5595440324482525e-10, "reaction_force_body_n": [-2.882367801027605e-14, -1.1879694959878304e-13, -1.553747860318236e-12], "reaction_torque_body_nm": [2.2098885085626304e-08, 2.06952051032427e-08, 1.6836854184753319e-09]}
[gazebo_direct_motor_model-5] [INFO] [1786461138.037797975] [my_drone_gazebo_direct_motor_model]: MOTOR_DYNAMIC_STATE sim_s=37.020 cmd_min=0.0000 cmd_mean=0.0000 cmd_max=0.0000 filtered_mean=0.0000 filtered_max=0.0000 esc_throttle_mean=0.0000 total_thrust_n=0.0000 body_up_force_n=0.0000 saturated_motors=0 rated_cap_command=1.0000 voltage_v=14.8000 thrust_scale=1.000000 current_a=0.0000
[arm_coupling_monitor-9] [INFO] [1786461138.896490291] [my_drone_arm_coupling_monitor]: ARM_COUPLING_STATE {"com_body_flu_m": [-0.00400220363845131, 0.00025704482382187845, -0.2042539377240739], "com_shift_m": [-2.0158381843857903e-06, 0.0009297013421252463, 0.00022750733724088978], "feedforward_acceleration_ned_m_s2": [6.710315583131128e-14, 1.7107743903311876e-14, -9.108561395434952e-13], "filtered_joint_acceleration_peak_rad_s2": 2.559584190482964e-10, "inertia_diag_kg_m2": [0.2077747793165658, 0.2084371829171176, 0.21288366382039514], "mass_kg": 4.0, "raw_joint_acceleration_peak_rad_s2": 1.0014830842185209e-07, "reaction_force_body_n": [-6.843320750523817e-14, -2.684123922737635e-13, -3.643424533275447e-12], "reaction_torque_body_nm": [1.540836312310128e-08, 1.327516317115458e-08, 1.1655601082216813e-09]}
[gazebo_direct_motor_model-5] [INFO] [1786461139.102175903] [my_drone_gazebo_direct_motor_model]: MOTOR_DYNAMIC_STATE sim_s=38.020 cmd_min=0.0000 cmd_mean=0.0000 cmd_max=0.0000 filtered_mean=0.0000 filtered_max=0.0000 esc_throttle_mean=0.0000 total_thrust_n=0.0000 body_up_force_n=0.0000 saturated_motors=0 rated_cap_command=1.0000 voltage_v=14.8000 thrust_scale=1.000000 current_a=0.0000
[arm_coupling_monitor-9] [INFO] [1786461139.905317392] [my_drone_arm_coupling_monitor]: ARM_COUPLING_STATE {"com_body_flu_m": [-0.004002203638489929, 0.00025704482371277995, -0.20425393772393657], "com_shift_m": [-2.0158382230042043e-06, 0.0009297013420161478, 0.00022750733737822437], "feedforward_acceleration_ned_m_s2": [7.849232998646157e-14, 1.9192527943551913e-14, -1.0325743176015419e-12], "filtered_joint_acceleration_peak_rad_s2": 2.945402298149913e-10, "inertia_diag_kg_m2": [0.20777477931646576, 0.20843718291711544, 0.21288366382049762], "mass_kg": 4.0, "raw_joint_acceleration_peak_rad_s2": 3.50815771753208e-08, "reaction_force_body_n": [-7.67726214581369e-14, -3.1396905631839864e-13, -4.1302972437976785e-12], "reaction_torque_body_nm": [6.505225102238943e-09, 3.2990123489247443e-09, 4.721800543002015e-10]}
[gazebo_direct_motor_model-5] [INFO] [1786461140.044288747] [my_drone_gazebo_direct_motor_model]: MOTOR_DYNAMIC_STATE sim_s=39.020 cmd_min=0.0000 cmd_mean=0.0000 cmd_max=0.0000 filtered_mean=0.0000 filtered_max=0.0000 esc_throttle_mean=0.0000 total_thrust_n=0.0000 body_up_force_n=0.0000 saturated_motors=0 rated_cap_command=1.0000 voltage_v=14.8000 thrust_scale=1.000000 current_a=0.0000
[gazebo_direct_motor_model-5] [INFO] [1786461141.036635985] [my_drone_gazebo_direct_motor_model]: MOTOR_DYNAMIC_STATE sim_s=40.020 cmd_min=0.0000 cmd_mean=0.0000 cmd_max=0.0000 filtered_mean=0.0000 filtered_max=0.0000 esc_throttle_mean=0.0000 total_thrust_n=0.0000 body_up_force_n=0.0000 saturated_motors=0 rated_cap_command=1.0000 voltage_v=14.8000 thrust_scale=1.000000 current_a=0.0000
[arm_coupling_monitor-9] [INFO] [1786461141.150711879] [my_drone_arm_coupling_monitor]: ARM_COUPLING_STATE {"com_body_flu_m": [-0.004002203638516291, 0.0002570448236703174, -0.20425393772238673], "com_shift_m": [-2.015838249366797e-06, 0.0009297013419736853, 0.00022750733892806796], "feedforward_acceleration_ned_m_s2": [1.1121721550530673e-14, 2.711173881507212e-15, -1.45284237926636e-13], "filtered_joint_acceleration_peak_rad_s2": 4.1656509464395063e-11, "inertia_diag_kg_m2": [0.20777477931590005, 0.2084371829165279, 0.21288366382047816], "mass_kg": 4.0, "raw_joint_acceleration_peak_rad_s2": 4.257408371705829e-09, "reaction_force_body_n": [-1.0845047984215166e-14, -4.4486849200404503e-14, -5.811369479616896e-13], "reaction_torque_body_nm": [-3.5035337037217214e-11, -3.994325197796404e-09, -3.517049856452273e-11]}
[gazebo_direct_motor_model-5] [INFO] [1786461142.031825557] [my_drone_gazebo_direct_motor_model]: MOTOR_DYNAMIC_STATE sim_s=41.020 cmd_min=0.0000 cmd_mean=0.0000 cmd_max=0.0000 filtered_mean=0.0000 filtered_max=0.0000 esc_throttle_mean=0.0000 total_thrust_n=0.0000 body_up_force_n=0.0000 saturated_motors=0 rated_cap_command=1.0000 voltage_v=14.8000 thrust_scale=1.000000 current_a=0.0000
[arm_coupling_monitor-9] [INFO] [1786461142.516446092] [my_drone_arm_coupling_monitor]: ARM_COUPLING_STATE {"com_body_flu_m": [-0.00400220363853622, 0.00025704482365389823, -0.20425393772050207], "com_shift_m": [-2.0158382692953003e-06, 0.0009297013419572661, 0.00022750734081272705], "feedforward_acceleration_ned_m_s2": [4.109389671579225e-18, -1.3919270357607062e-17, 4.3043562844985854e-16], "filtered_joint_acceleration_peak_rad_s2": 5.510695494322792e-14, "inertia_diag_kg_m2": [0.2077747793152287, 0.2084371829157969, 0.2128836638204198], "mass_kg": 4.0, "raw_joint_acceleration_peak_rad_s2": 8.54867805068323e-12, "reaction_force_body_n": [5.567843866333183e-17, -1.6437618592438345e-17, 1.7217424693372683e-15], "reaction_torque_body_nm": [-3.3726589659653505e-11, -3.992067309182109e-09, -3.5109379205903464e-11]}
[gazebo_direct_motor_model-5] [INFO] [1786461143.040105362] [my_drone_gazebo_direct_motor_model]: MOTOR_DYNAMIC_STATE sim_s=42.020 cmd_min=0.0000 cmd_mean=0.0000 cmd_max=0.0000 filtered_mean=0.0000 filtered_max=0.0000 esc_throttle_mean=0.0000 total_thrust_n=0.0000 body_up_force_n=0.0000 saturated_motors=0 rated_cap_command=1.0000 voltage_v=14.8000 thrust_scale=1.000000 current_a=0.0000
[arm_coupling_monitor-9] [INFO] [1786461143.852881668] [my_drone_arm_coupling_monitor]: ARM_COUPLING_STATE {"com_body_flu_m": [-0.004002203638556193, 0.0002570448236374409, -0.2042539377186129], "com_shift_m": [-2.0158382892689064e-06, 0.0009297013419408088, 0.0002275073427019103], "feedforward_acceleration_ned_m_s2": [7.30654726792395e-18, 2.3131439543454947e-17, 6.200029758169673e-16], "filtered_joint_acceleration_peak_rad_s2": 3.451821764481806e-14, "inertia_diag_kg_m2": [0.2077747793145558, 0.20843718291506413, 0.2128836638203612], "mass_kg": 4.0, "raw_joint_acceleration_peak_rad_s2": 6.603153166607127e-12, "reaction_force_body_n": [-9.252379148681328e-17, -2.922664005790845e-17, 2.480011971326639e-15], "reaction_torque_body_nm": [-3.422618748179946e-11, -3.989534832489732e-09, -3.522231500535098e-11]}
[gazebo_direct_motor_model-5] [INFO] [1786461144.036831639] [my_drone_gazebo_direct_motor_model]: MOTOR_DYNAMIC_STATE sim_s=43.020 cmd_min=0.0000 cmd_mean=0.0000 cmd_max=0.0000 filtered_mean=0.0000 filtered_max=0.0000 esc_throttle_mean=0.0000 total_thrust_n=0.0000 body_up_force_n=0.0000 saturated_motors=0 rated_cap_command=1.0000 voltage_v=14.8000 thrust_scale=1.000000 current_a=0.0000
[gazebo_direct_motor_model-5] [INFO] [1786461145.038766345] [my_drone_gazebo_direct_motor_model]: MOTOR_DYNAMIC_STATE sim_s=44.020 cmd_min=0.0000 cmd_mean=0.0000 cmd_max=0.0000 filtered_mean=0.0000 filtered_max=0.0000 esc_throttle_mean=0.0000 total_thrust_n=0.0000 body_up_force_n=0.0000 saturated_motors=0 rated_cap_command=1.0000 voltage_v=14.8000 thrust_scale=1.000000 current_a=0.0000
[arm_coupling_monitor-9] [INFO] [1786461145.164770824] [my_drone_arm_coupling_monitor]: ARM_COUPLING_STATE {"com_body_flu_m": [-0.004002203638576092, 0.00025704482362104084, -0.20425393771673048], "com_shift_m": [-2.0158383091679194e-06, 0.0009297013419244087, 0.0002275073445843212], "feedforward_acceleration_ned_m_s2": [1.0233934833149943e-17, 3.721692086623418e-17, 9.761087296456043e-16], "filtered_joint_acceleration_peak_rad_s2": 6.146441032413012e-14, "inertia_diag_kg_m2": [0.20777477931388535, 0.208437182914334, 0.21288366382030285], "mass_kg": 4.0, "raw_joint_acceleration_peak_rad_s2": 7.208524971773512e-12, "reaction_force_body_n": [-1.4886459790839384e-16, -4.093645610178394e-17, 3.9044350287118376e-15], "reaction_torque_body_nm": [-3.4070463460825855e-11, -3.986617061185264e-09, -3.498239463041138e-11]}
[gazebo_direct_motor_model-5] [INFO] [1786461146.037711496] [my_drone_gazebo_direct_motor_model]: MOTOR_DYNAMIC_STATE sim_s=45.020 cmd_min=0.0000 cmd_mean=0.0000 cmd_max=0.0000 filtered_mean=0.0000 filtered_max=0.0000 esc_throttle_mean=0.0000 total_thrust_n=0.0000 body_up_force_n=0.0000 saturated_motors=0 rated_cap_command=1.0000 voltage_v=14.8000 thrust_scale=1.000000 current_a=0.0000
