DDS WASD: T takeoff | W/S/A/D move | R/F up/down | Q/E yaw | L land | O exit Offboard | X twice emergency disarm | Z safe exit
[0m[INFO] [1786172563.855740476] [my_drone_dds_wasd_control]: NED target initialized: N=-0.045 E=-0.023 D=0.042 yaw=99.9 deg[0m
[0m[INFO] [1786172563.877309854] [my_drone_dds_wasd_control]: local vertical target sign=-1 (target = current + sign * height)[0m
[0m[INFO] [1786172564.272059986] [my_drone_dds_wasd_control]: STATE arm=1 nav=4 NED=(-0.036,-0.024,0.037) vel=(0.006,-0.005,0.010) yaw_deg=99.9 failsafe=False age_s=(0.04,0.00) arm_torque_nm=0.000 motors=[0.00,0.00,0.00,0.00,0.00,0.00,0.00,0.00][0m
[0m[INFO] [1786172565.274688947] [my_drone_dds_wasd_control]: STATE arm=1 nav=4 NED=(-0.011,-0.007,0.023) vel=(0.017,0.008,0.007) yaw_deg=100.0 failsafe=False age_s=(0.20,0.00) arm_torque_nm=0.000 motors=[0.00,0.00,0.00,0.00,0.00,0.00,0.00,0.00][0m
[0m[INFO] [1786172566.297397060] [my_drone_dds_wasd_control]: target NED=(-0.02, -0.01, -1.19) yaw=99.9 deg[0m
[0m[INFO] [1786172566.323438451] [my_drone_dds_wasd_control]: Prestreaming Offboard setpoints for 2 seconds[0m
[0m[INFO] [1786172566.345682231] [my_drone_dds_wasd_control]: STATE arm=1 nav=4 NED=(-0.017,-0.013,0.010) vel=(0.007,-0.003,0.004) yaw_deg=99.9 failsafe=False age_s=(0.27,0.06) arm_torque_nm=0.000 motors=[0.00,0.00,0.00,0.00,0.00,0.00,0.00,0.00][0m
[0m[INFO] [1786172567.368732091] [my_drone_dds_wasd_control]: STATE arm=1 nav=4 NED=(-0.017,-0.022,0.005) vel=(0.002,-0.006,0.003) yaw_deg=99.9 failsafe=False age_s=(0.48,0.00) arm_torque_nm=0.000 motors=[0.00,0.00,0.00,0.00,0.00,0.00,0.00,0.00][0m
[0m[INFO] [1786172568.315651912] [my_drone_dds_wasd_control]: OFFBOARD mode and ARM commands sent[0m
[0m[INFO] [1786172568.331743614] [my_drone_dds_wasd_control]: PX4 command ack: command=400 result=0[0m
[0m[INFO] [1786172568.365177457] [my_drone_dds_wasd_control]: STATE arm=2 nav=14 NED=(-0.025,-0.001,0.022) vel=(-0.003,0.011,0.009) yaw_deg=100.0 failsafe=False age_s=(0.03,0.00) arm_torque_nm=0.000 motors=[1.76,0.21,1.76,0.46,1.57,0.21,1.57,0.46][0m
[0m[INFO] [1786172569.416811340] [my_drone_dds_wasd_control]: STATE arm=2 nav=14 NED=(-0.036,0.006,0.030) vel=(-0.010,0.009,0.007) yaw_deg=100.0 failsafe=False age_s=(0.09,0.01) arm_torque_nm=0.000 motors=[28.60,28.55,28.60,29.10,28.08,28.55,28.08,29.10][0m
[0m[INFO] [1786172570.416605242] [my_drone_dds_wasd_control]: STATE arm=2 nav=14 NED=(-0.013,0.001,0.017) vel=(0.006,0.003,-0.116) yaw_deg=99.9 failsafe=False age_s=(0.08,0.01) arm_torque_nm=0.000 motors=[715.53,750.43,715.53,758.09,707.73,750.43,707.73,758.09][0m
[0m[INFO] [1786172571.475317509] [my_drone_dds_wasd_control]: STATE arm=2 nav=14 NED=(-0.002,0.012,0.016) vel=(0.010,0.010,-0.019) yaw_deg=100.0 failsafe=False age_s=(0.12,0.00) arm_torque_nm=0.000 motors=[745.55,781.97,745.55,789.56,738.02,781.97,738.02,789.56][0m
[0m[INFO] [1786172572.517252802] [my_drone_dds_wasd_control]: STATE arm=2 nav=14 NED=(-0.019,-0.006,0.017) vel=(-0.002,-0.007,0.025) yaw_deg=99.9 failsafe=False age_s=(0.16,0.01) arm_torque_nm=0.000 motors=[766.98,804.26,766.99,812.50,758.40,804.26,758.39,812.49][0m
[0m[INFO] [1786172573.519173771] [my_drone_dds_wasd_control]: STATE arm=2 nav=14 NED=(-0.051,-0.006,0.004) vel=(-0.019,-0.006,-0.065) yaw_deg=99.9 failsafe=False age_s=(0.16,0.01) arm_torque_nm=0.000 motors=[763.93,800.32,763.94,808.42,754.93,800.33,754.92,808.41][0m
[0m[INFO] [1786172574.577541393] [my_drone_dds_wasd_control]: STATE arm=2 nav=14 NED=(-0.065,0.038,-0.014) vel=(-0.029,0.125,0.065) yaw_deg=100.0 failsafe=False age_s=(0.10,0.00) arm_torque_nm=0.000 motors=[804.18,826.47,804.17,834.91,796.99,826.45,797.01,834.92][0m
[0m[INFO] [1786172575.621334781] [my_drone_dds_wasd_control]: STATE arm=2 nav=14 NED=(-0.009,0.178,0.139) vel=(0.056,0.024,0.160) yaw_deg=98.7 failsafe=False age_s=(0.14,0.01) arm_torque_nm=0.003 motors=[830.91,891.11,831.06,893.09,816.86,891.25,816.72,892.95][0m
[0m[INFO] [1786172576.620039657] [my_drone_dds_wasd_control]: STATE arm=2 nav=14 NED=(0.056,-0.089,0.219) vel=(0.045,-0.400,0.014) yaw_deg=97.1 failsafe=False age_s=(0.13,0.01) arm_torque_nm=0.002 motors=[843.71,880.49,843.97,881.45,821.31,880.75,821.06,881.20][0m
[0m[INFO] [1786172577.664347100] [my_drone_dds_wasd_control]: STATE arm=2 nav=14 NED=(-0.010,-0.332,0.173) vel=(-0.028,0.009,-0.075) yaw_deg=99.2 failsafe=False age_s=(0.18,0.00) arm_torque_nm=0.002 motors=[833.69,867.94,833.57,878.43,833.12,867.82,833.24,878.55][0m
[0m[INFO] [1786172581.123511535] [my_drone_dds_wasd_control]: STATE arm=2 nav=14 NED=(0.022,-0.212,0.070) vel=(0.070,0.025,-0.121) yaw_deg=100.6 failsafe=False age_s=(0.17,0.00) arm_torque_nm=0.000 motors=[817.36,873.93,817.13,892.93,817.62,873.70,817.85,893.16][0m
[0m[INFO] [1786172582.118403908] [my_drone_dds_wasd_control]: STATE arm=2 nav=14 NED=(0.097,-0.407,-0.060) vel=(0.036,-0.267,-0.134) yaw_deg=100.1 failsafe=False age_s=(0.16,0.00) arm_torque_nm=0.000 motors=[830.53,866.37,830.51,878.52,820.32,866.34,820.34,878.54][0m
[0m[INFO] [1786172583.169666662] [my_drone_dds_wasd_control]: STATE arm=2 nav=14 NED=(0.019,-0.528,-0.191) vel=(-0.051,0.083,-0.126) yaw_deg=99.1 failsafe=False age_s=(0.20,0.01) arm_torque_nm=0.000 motors=[832.48,870.19,832.58,870.82,823.09,870.29,822.99,870.71][0m
[0m[INFO] [1786172584.220471580] [my_drone_dds_wasd_control]: STATE arm=2 nav=14 NED=(0.031,-0.385,-0.324) vel=(0.062,0.033,-0.120) yaw_deg=99.3 failsafe=False age_s=(0.24,0.00) arm_torque_nm=0.000 motors=[822.03,876.08,822.06,884.10,811.33,876.11,811.30,884.07][0m
[0m[INFO] [1786172585.222647934] [my_drone_dds_wasd_control]: STATE arm=2 nav=14 NED=(0.084,-0.481,-0.429) vel=(0.010,-0.157,-0.109) yaw_deg=100.1 failsafe=False age_s=(0.24,0.00) arm_torque_nm=0.000 motors=[830.11,863.73,830.03,879.01,821.72,863.64,821.80,879.09][0m
[0m[INFO] [1786172586.267338454] [my_drone_dds_wasd_control]: STATE arm=2 nav=14 NED=(0.018,-0.504,-0.543) vel=(-0.047,0.117,-0.099) yaw_deg=100.0 failsafe=False age_s=(0.28,0.01) arm_torque_nm=0.000 motors=[826.47,868.52,826.45,874.06,822.45,868.50,822.47,874.07][0m
[0m[INFO] [1786172587.269828761] [my_drone_dds_wasd_control]: STATE arm=2 nav=14 NED=(0.043,-0.345,-0.642) vel=(0.066,0.049,-0.083) yaw_deg=99.6 failsafe=False age_s=(0.27,0.01) arm_torque_nm=0.000 motors=[823.68,874.56,823.72,882.48,812.47,874.60,812.43,882.44][0m
[0m[INFO] [1786172588.314621455] [my_drone_dds_wasd_control]: STATE arm=2 nav=14 NED=(0.064,-0.419,-0.729) vel=(-0.012,-0.110,-0.069) yaw_deg=99.7 failsafe=False age_s=(0.31,0.00) arm_torque_nm=0.000 motors=[831.87,865.99,831.88,876.90,820.11,866.00,820.10,876.89][0m
[0m[INFO] [1786172589.366458185] [my_drone_dds_wasd_control]: STATE arm=2 nav=14 NED=(-0.011,-0.426,-0.788) vel=(-0.035,0.105,-0.059) yaw_deg=99.9 failsafe=False age_s=(0.35,0.01) arm_torque_nm=0.000 motors=[827.11,871.00,827.09,876.26,822.90,870.98,822.91,876.27][0m
[0m[INFO] [1786172590.422227931] [my_drone_dds_wasd_control]: STATE arm=2 nav=14 NED=(-0.006,-0.348,-0.851) vel=(0.062,-0.008,-0.053) yaw_deg=100.0 failsafe=False age_s=(0.40,0.00) arm_torque_nm=0.000 motors=[824.49,872.64,824.47,883.56,815.31,872.62,815.34,883.58][0m
[0m[INFO] [1786172591.467137379] [my_drone_dds_wasd_control]: STATE arm=2 nav=14 NED=(0.048,-0.461,-0.887) vel=(-0.001,-0.090,0.048) yaw_deg=99.8 failsafe=False age_s=(0.44,0.01) arm_torque_nm=0.000 motors=[846.60,881.86,846.61,891.98,835.23,881.88,835.21,891.96][0m
[0m[INFO] [1786172592.524927885] [my_drone_dds_wasd_control]: STATE arm=2 nav=14 NED=(0.018,-0.465,-0.978) vel=(-0.011,0.085,-0.059) yaw_deg=99.9 failsafe=False age_s=(0.48,0.00) arm_torque_nm=0.000 motors=[822.96,868.72,822.95,874.26,817.58,868.72,817.58,874.27][0m
[0m[INFO] [1786172593.522483926] [my_drone_dds_wasd_control]: STATE arm=2 nav=14 NED=(0.054,-0.432,-1.067) vel=(0.055,-0.029,-0.037) yaw_deg=100.1 failsafe=False age_s=(0.47,0.00) arm_torque_nm=0.000 motors=[822.65,868.83,822.62,879.94,813.74,868.80,813.77,879.97][0m
[0m[INFO] [1786172594.574741022] [my_drone_dds_wasd_control]: STATE arm=2 nav=14 NED=(0.090,-0.486,-1.146) vel=(-0.004,-0.036,-0.018) yaw_deg=100.0 failsafe=False age_s=(0.01,0.01) arm_torque_nm=0.000 motors=[826.98,862.75,826.97,872.44,817.51,862.75,817.51,872.44][0m
[0m[INFO] [1786172595.614836471] [my_drone_dds_wasd_control]: STATE arm=2 nav=14 NED=(0.090,-0.415,-1.142) vel=(0.006,0.099,0.005) yaw_deg=99.9 failsafe=False age_s=(0.05,0.00) arm_torque_nm=0.000 motors=[825.58,870.94,825.59,877.08,818.64,870.95,818.63,877.07][0m
[0m[INFO] [1786172596.613321046] [my_drone_dds_wasd_control]: STATE arm=2 nav=14 NED=(0.107,-0.366,-1.065) vel=(0.028,-0.030,0.031) yaw_deg=99.8 failsafe=False age_s=(0.04,0.00) arm_torque_nm=0.000 motors=[833.38,877.81,833.39,887.85,821.90,877.83,821.89,887.84][0m
[0m[INFO] [1786172597.619980999] [my_drone_dds_wasd_control]: STATE arm=2 nav=14 NED=(0.088,-0.434,-0.958) vel=(-0.028,-0.036,-0.004) yaw_deg=99.9 failsafe=False age_s=(0.04,0.00) arm_torque_nm=0.000 motors=[836.83,874.88,836.83,883.23,828.45,874.89,828.45,883.23][0m
[0m[INFO] [1786172598.615591290] [my_drone_dds_wasd_control]: STATE arm=2 nav=14 NED=(0.078,-0.398,-0.938) vel=(0.007,0.077,-0.060) yaw_deg=100.1 failsafe=False age_s=(0.03,0.00) arm_torque_nm=0.000 motors=[822.08,866.75,822.06,874.85,815.66,866.73,815.68,874.87][0m
[0m[INFO] [1786172599.664543880] [my_drone_dds_wasd_control]: STATE arm=2 nav=14 NED=(0.099,-0.339,-0.855) vel=(0.021,-0.019,-0.025) yaw_deg=100.0 failsafe=False age_s=(0.07,0.01) arm_torque_nm=0.000 motors=[831.58,876.08,831.57,886.58,821.40,876.08,821.41,886.58][0m
[0m[INFO] [1786172600.713259664] [my_drone_dds_wasd_control]: STATE arm=2 nav=14 NED=(0.098,-0.418,-0.779) vel=(-0.018,-0.036,-0.035) yaw_deg=99.8 failsafe=False age_s=(0.11,0.00) arm_torque_nm=0.000 motors=[834.35,873.90,834.37,880.74,825.73,873.92,825.71,880.72][0m
[0m[INFO] [1786172601.767851316] [my_drone_dds_wasd_control]: STATE arm=2 nav=14 NED=(0.095,-0.420,-0.705) vel=(0.011,0.049,-0.083) yaw_deg=100.0 failsafe=False age_s=(0.15,0.01) arm_torque_nm=0.000 motors=[825.94,870.83,825.92,879.08,819.01,870.81,819.03,879.10][0m
[0m[INFO] [1786172602.764173072] [my_drone_dds_wasd_control]: STATE arm=2 nav=14 NED=(0.106,-0.402,-0.674) vel=(0.008,-0.032,-0.044) yaw_deg=100.0 failsafe=False age_s=(0.15,0.01) arm_torque_nm=0.000 motors=[834.70,878.58,834.70,888.83,824.73,878.58,824.73,888.83][0m
[0m[INFO] [1786172603.815491564] [my_drone_dds_wasd_control]: STATE arm=2 nav=14 NED=(0.110,-0.432,-0.630) vel=(-0.004,-0.006,-0.022) yaw_deg=99.9 failsafe=False age_s=(0.19,0.00) arm_torque_nm=0.000 motors=[842.49,883.73,842.49,890.89,834.81,883.73,834.80,890.89][0m
[0m[INFO] [1786172604.819039673] [my_drone_dds_wasd_control]: STATE arm=2 nav=14 NED=(0.117,-0.394,-0.633) vel=(0.017,0.046,-0.086) yaw_deg=100.0 failsafe=False age_s=(0.18,0.00) arm_torque_nm=0.000 motors=[829.83,874.84,829.82,883.30,821.61,874.84,821.61,883.30][0m
[0m[INFO] [1786172605.871030556] [my_drone_dds_wasd_control]: STATE arm=2 nav=14 NED=(0.130,-0.388,-0.679) vel=(-0.000,-0.036,-0.038) yaw_deg=99.9 failsafe=False age_s=(0.22,0.01) arm_torque_nm=0.000 motors=[838.96,881.83,838.97,891.54,828.75,881.84,828.74,891.54][0m
[0m[INFO] [1786172606.923254282] [my_drone_dds_wasd_control]: STATE arm=2 nav=14 NED=(0.119,-0.399,-0.787) vel=(-0.010,0.012,-0.158) yaw_deg=99.9 failsafe=False age_s=(0.26,0.00) arm_torque_nm=0.000 motors=[814.46,854.77,814.47,862.28,806.87,854.77,806.86,862.28][0m
[0m[INFO] [1786172607.970669930] [my_drone_dds_wasd_control]: STATE arm=2 nav=14 NED=(0.139,-0.344,-0.908) vel=(0.019,0.037,-0.111) yaw_deg=100.0 failsafe=False age_s=(0.31,0.01) arm_torque_nm=0.000 motors=[815.87,860.13,815.87,869.33,807.06,860.13,807.06,869.33][0m
[0m[INFO] [1786172608.963300601] [my_drone_dds_wasd_control]: STATE arm=2 nav=14 NED=(0.153,-0.362,-0.946) vel=(-0.005,-0.044,-0.066) yaw_deg=99.9 failsafe=False age_s=(0.30,0.01) arm_torque_nm=0.000 motors=[830.83,872.53,830.83,882.00,821.07,872.54,821.06,882.00][0m
[0m[INFO] [1786172610.014669335] [my_drone_dds_wasd_control]: STATE arm=2 nav=14 NED=(0.109,-0.407,-0.996) vel=(-0.026,0.003,-0.014) yaw_deg=99.9 failsafe=False age_s=(0.34,0.00) arm_torque_nm=0.000 motors=[830.89,872.66,830.89,879.97,823.12,872.67,823.11,879.97][0m
[0m[INFO] [1786172611.014836231] [my_drone_dds_wasd_control]: STATE arm=2 nav=14 NED=(0.126,-0.387,-0.998) vel=(0.023,0.019,-0.020) yaw_deg=100.0 failsafe=False age_s=(0.33,0.00) arm_torque_nm=0.000 motors=[829.33,874.45,829.32,882.95,821.37,874.44,821.38,882.96][0m
[0m[INFO] [1786172612.014701621] [my_drone_dds_wasd_control]: STATE arm=2 nav=14 NED=(0.173,-0.408,-1.026) vel=(0.011,-0.037,0.000) yaw_deg=99.9 failsafe=False age_s=(0.32,0.00) arm_torque_nm=0.000 motors=[835.22,876.09,835.23,886.36,824.43,876.10,824.42,886.35][0m
[0m[INFO] [1786172613.067697621] [my_drone_dds_wasd_control]: STATE arm=2 nav=14 NED=(0.165,-0.428,-1.082) vel=(-0.022,0.014,-0.042) yaw_deg=100.0 failsafe=False age_s=(0.37,0.01) arm_torque_nm=0.000 motors=[826.26,867.12,826.26,875.35,818.41,867.12,818.42,875.35][0m
[0m[INFO] [1786172614.119483482] [my_drone_dds_wasd_control]: STATE arm=2 nav=14 NED=(0.144,-0.395,-1.168) vel=(0.007,0.017,-0.020) yaw_deg=100.0 failsafe=False age_s=(0.41,0.00) arm_torque_nm=0.000 motors=[824.81,869.01,824.80,877.63,816.40,869.01,816.40,877.63][0m
[0m[INFO] [1786172615.171248976] [my_drone_dds_wasd_control]: STATE arm=2 nav=14 NED=(0.104,-0.395,-1.230) vel=(-0.025,-0.025,-0.058) yaw_deg=99.9 failsafe=False age_s=(0.45,0.01) arm_torque_nm=0.000 motors=[817.07,857.32,817.08,866.34,807.35,857.33,807.34,866.33][0m
[0m[INFO] [1786172616.164311373] [my_drone_dds_wasd_control]: STATE arm=2 nav=14 NED=(0.066,-0.367,-1.265) vel=(-0.017,0.030,-0.036) yaw_deg=99.9 failsafe=False age_s=(0.44,0.01) arm_torque_nm=0.000 motors=[815.71,857.15,815.71,864.73,808.28,857.15,808.28,864.73][0m
[0m[INFO] [1786172617.166826124] [my_drone_dds_wasd_control]: STATE arm=2 nav=14 NED=(0.081,-0.317,-1.152) vel=(0.022,0.014,0.037) yaw_deg=99.9 failsafe=False age_s=(0.43,0.01) arm_torque_nm=0.000 motors=[832.29,875.66,832.29,885.71,822.39,875.65,822.39,885.71][0m
[0m[INFO] [1786172618.177348608] [my_drone_dds_wasd_control]: STATE arm=2 nav=14 NED=(0.094,-0.353,-1.064) vel=(-0.006,-0.044,-0.034) yaw_deg=99.9 failsafe=False age_s=(0.43,0.01) arm_torque_nm=0.000 motors=[826.64,867.51,826.65,876.42,817.18,867.51,817.17,876.41][0m
[0m[INFO] [1786172619.170913883] [my_drone_dds_wasd_control]: STATE arm=2 nav=14 NED=(0.092,-0.373,-1.023) vel=(-0.002,0.016,-0.068) yaw_deg=100.0 failsafe=False age_s=(0.42,0.01) arm_torque_nm=0.000 motors=[821.87,863.54,821.86,871.48,814.42,863.53,814.42,871.49][0m
[0m[INFO] [1786172620.166800661] [my_drone_dds_wasd_control]: STATE arm=2 nav=14 NED=(0.123,-0.351,-0.977) vel=(0.027,0.008,-0.034) yaw_deg=99.9 failsafe=False age_s=(0.41,0.01) arm_torque_nm=0.000 motors=[827.72,872.34,827.72,881.34,818.57,872.34,818.57,881.33][0m
[0m[INFO] [1786172621.222326701] [my_drone_dds_wasd_control]: STATE arm=2 nav=14 NED=(0.134,-0.387,-0.934) vel=(-0.007,-0.039,-0.092) yaw_deg=99.9 failsafe=False age_s=(0.45,0.00) arm_torque_nm=0.000 motors=[818.96,858.84,818.97,867.94,809.45,858.84,809.45,867.93][0m
[0m[INFO] [1786172622.228102033] [my_drone_dds_wasd_control]: STATE arm=2 nav=14 NED=(0.099,-0.415,-0.794) vel=(-0.017,0.014,-0.011) yaw_deg=100.0 failsafe=False age_s=(0.44,0.00) arm_torque_nm=0.000 motors=[837.02,879.80,837.01,887.62,829.97,879.79,829.98,887.63][0m
[0m[INFO] [1786172623.272432158] [my_drone_dds_wasd_control]: STATE arm=2 nav=14 NED=(0.109,-0.390,-0.724) vel=(0.021,0.008,0.000) yaw_deg=99.9 failsafe=False age_s=(0.49,0.01) arm_torque_nm=0.000 motors=[833.44,877.33,833.44,886.32,824.32,877.33,824.32,886.31][0m
[0m[INFO] [1786172624.272814115] [my_drone_dds_wasd_control]: STATE arm=2 nav=14 NED=(0.116,-0.411,-0.688) vel=(-0.009,-0.029,-0.108) yaw_deg=99.9 failsafe=False age_s=(0.48,0.01) arm_torque_nm=0.000 motors=[823.57,864.03,823.58,872.95,813.74,864.04,813.73,872.94][0m
[0m[INFO] [1786172625.317792885] [my_drone_dds_wasd_control]: STATE arm=2 nav=14 NED=(0.090,-0.413,-0.574) vel=(-0.012,0.022,-0.051) yaw_deg=100.0 failsafe=False age_s=(0.02,0.00) arm_torque_nm=0.000 motors=[838.15,881.49,838.15,889.26,830.96,881.48,830.97,889.26][0m
[0m[INFO] [1786172626.314616148] [my_drone_dds_wasd_control]: STATE arm=2 nav=14 NED=(0.118,-0.376,-0.571) vel=(0.026,0.011,-0.079) yaw_deg=100.0 failsafe=False age_s=(0.01,0.00) arm_torque_nm=0.000 motors=[834.65,878.37,834.64,888.06,825.42,878.37,825.43,888.07][0m
[0m[INFO] [1786172627.318476390] [my_drone_dds_wasd_control]: STATE arm=2 nav=14 NED=(0.148,-0.397,-0.639) vel=(-0.004,-0.026,-0.119) yaw_deg=99.9 failsafe=False age_s=(0.50,0.00) arm_torque_nm=0.000 motors=[826.91,867.61,826.91,876.68,817.27,867.62,817.27,876.67][0m
[0m[INFO] [1786172628.374749798] [my_drone_dds_wasd_control]: STATE arm=2 nav=14 NED=(0.142,-0.385,-0.742) vel=(-0.009,0.024,-0.086) yaw_deg=100.0 failsafe=False age_s=(0.04,0.01) arm_torque_nm=0.000 motors=[819.79,862.70,819.79,870.25,812.83,862.69,812.84,870.26][0m
[0m[INFO] [1786172629.421551658] [my_drone_dds_wasd_control]: STATE arm=2 nav=14 NED=(0.146,-0.374,-0.734) vel=(0.013,-0.014,-0.159) yaw_deg=99.9 failsafe=False age_s=(0.08,0.00) arm_torque_nm=0.000 motors=[810.78,853.88,810.78,862.67,802.02,853.88,802.02,862.67][0m
[0m[INFO] [1786172630.422643791] [my_drone_dds_wasd_control]: STATE arm=2 nav=14 NED=(0.145,-0.396,-0.685) vel=(-0.016,-0.019,-0.088) yaw_deg=99.9 failsafe=False age_s=(0.08,0.00) arm_torque_nm=0.000 motors=[827.59,867.27,827.60,875.87,818.13,867.28,818.12,875.86][0m
[0m[INFO] [1786172631.470875306] [my_drone_dds_wasd_control]: STATE arm=2 nav=14 NED=(0.145,-0.357,-0.640) vel=(-0.001,0.040,-0.012) yaw_deg=100.0 failsafe=False age_s=(0.12,0.01) arm_torque_nm=0.000 motors=[844.04,888.34,844.04,896.60,836.48,888.33,836.49,896.61][0m
[0m[INFO] [1786172632.474230302] [my_drone_dds_wasd_control]: STATE arm=2 nav=14 NED=(0.158,-0.324,-0.759) vel=(0.010,-0.009,-0.163) yaw_deg=100.0 failsafe=False age_s=(0.11,0.01) arm_torque_nm=0.000 motors=[815.33,858.11,815.33,867.40,806.10,858.11,806.10,867.40][0m
[0m[INFO] [1786172633.520947418] [my_drone_dds_wasd_control]: STATE arm=2 nav=14 NED=(0.175,-0.369,-0.869) vel=(-0.010,-0.029,-0.046) yaw_deg=99.9 failsafe=False age_s=(0.15,0.00) arm_torque_nm=0.000 motors=[832.35,873.78,832.35,881.93,823.64,873.79,823.63,881.93][0m
[0m[INFO] [1786172634.538303811] [my_drone_dds_wasd_control]: STATE arm=2 nav=14 NED=(0.153,-0.385,-0.979) vel=(-0.009,0.015,-0.035) yaw_deg=100.0 failsafe=False age_s=(0.14,0.00) arm_torque_nm=0.000 motors=[829.05,872.00,829.05,880.23,821.13,871.99,821.14,880.23][0m
[0m[INFO] [1786172635.570839467] [my_drone_dds_wasd_control]: STATE arm=2 nav=14 NED=(0.148,-0.396,-1.102) vel=(0.000,-0.021,-0.027) yaw_deg=100.0 failsafe=False age_s=(0.19,0.01) arm_torque_nm=0.000 motors=[827.87,870.63,827.87,879.87,818.85,870.63,818.85,879.88][0m
[0m[INFO] [1786172636.572599894] [my_drone_dds_wasd_control]: STATE arm=2 nav=14 NED=(0.125,-0.413,-1.262) vel=(-0.018,-0.009,-0.028) yaw_deg=99.9 failsafe=False age_s=(0.18,0.01) arm_torque_nm=0.000 motors=[823.51,863.45,823.52,872.13,814.35,863.46,814.34,872.13][0m
[0m[INFO] [1786172637.619871224] [my_drone_dds_wasd_control]: STATE arm=2 nav=14 NED=(0.100,-0.377,-1.383) vel=(-0.011,0.032,0.023) yaw_deg=100.0 failsafe=False age_s=(0.22,0.00) arm_torque_nm=0.000 motors=[825.99,869.82,825.98,878.24,818.16,869.81,818.17,878.25][0m
[0m[INFO] [1786172638.676156954] [my_drone_dds_wasd_control]: STATE arm=2 nav=14 NED=(0.108,-0.382,-1.481) vel=(0.008,-0.025,0.151) yaw_deg=99.9 failsafe=False age_s=(0.26,0.01) arm_torque_nm=0.000 motors=[843.40,887.64,843.41,896.48,834.06,887.65,834.06,896.47][0m
[0m[INFO] [1786172639.672061875] [my_drone_dds_wasd_control]: STATE arm=2 nav=14 NED=(0.122,-0.415,-1.476) vel=(-0.007,-0.003,0.077) yaw_deg=100.0 failsafe=False age_s=(0.25,0.01) arm_torque_nm=0.000 motors=[837.12,878.21,837.12,887.25,828.27,878.21,828.28,887.26][0m
[0m[INFO] [1786172640.666433339] [my_drone_dds_wasd_control]: STATE arm=2 nav=14 NED=(0.139,-0.421,-1.572) vel=(0.005,0.016,0.027) yaw_deg=100.0 failsafe=False age_s=(0.25,0.01) arm_torque_nm=0.000 motors=[824.97,869.42,824.97,877.42,817.43,869.42,817.44,877.43][0m
[0m[INFO] [1786172641.719851603] [my_drone_dds_wasd_control]: STATE arm=2 nav=14 NED=(0.166,-0.413,-1.739) vel=(0.010,-0.009,0.028) yaw_deg=99.9 failsafe=False age_s=(0.29,0.00) arm_torque_nm=0.000 motors=[818.56,859.65,818.57,868.95,808.80,859.65,808.80,868.94][0m
[0m[INFO] [1786172642.764713528] [my_drone_dds_wasd_control]: STATE arm=2 nav=14 NED=(0.134,-0.450,-1.825) vel=(-0.035,-0.004,0.043) yaw_deg=99.9 failsafe=False age_s=(0.33,0.01) arm_torque_nm=0.000 motors=[815.69,856.21,815.69,864.70,806.93,856.21,806.93,864.69][0m
[0m[INFO] [1786172643.770439251] [my_drone_dds_wasd_control]: STATE arm=2 nav=14 NED=(0.115,-0.455,-1.777) vel=(0.005,0.013,0.050) yaw_deg=99.9 failsafe=False age_s=(0.32,0.01) arm_torque_nm=0.000 motors=[815.21,860.07,815.21,866.84,808.79,860.07,808.79,866.84][0m
[0m[INFO] [1786172644.816936892] [my_drone_dds_wasd_control]: STATE arm=2 nav=14 NED=(0.166,-0.437,-1.655) vel=(0.021,0.002,0.106) yaw_deg=100.0 failsafe=False age_s=(0.36,0.00) arm_torque_nm=0.000 motors=[831.48,871.94,831.48,882.95,820.87,871.94,820.88,882.95][0m
[0m[INFO] [1786172645.826693932] [my_drone_dds_wasd_control]: STATE arm=2 nav=14 NED=(0.133,-0.452,-1.521) vel=(-0.042,0.000,0.083) yaw_deg=99.9 failsafe=False age_s=(0.36,0.00) arm_torque_nm=0.000 motors=[831.09,873.40,831.09,881.73,822.42,873.40,822.42,881.72][0m
[0m[INFO] [1786172646.867668458] [my_drone_dds_wasd_control]: STATE arm=2 nav=14 NED=(0.107,-0.458,-1.380) vel=(0.001,0.009,0.033) yaw_deg=99.9 failsafe=False age_s=(0.40,0.01) arm_torque_nm=0.000 motors=[826.83,871.33,826.83,878.47,819.80,871.33,819.80,878.47][0m
[0m[INFO] [1786172647.868467456] [my_drone_dds_wasd_control]: STATE arm=2 nav=14 NED=(0.173,-0.464,-1.222) vel=(0.031,-0.000,0.076) yaw_deg=99.9 failsafe=False age_s=(0.39,0.01) arm_torque_nm=0.000 motors=[843.31,885.18,843.31,895.27,833.12,885.18,833.12,895.27][0m
[0m[INFO] [1786172648.917742099] [my_drone_dds_wasd_control]: STATE arm=2 nav=14 NED=(0.181,-0.476,-1.164) vel=(-0.031,0.003,0.001) yaw_deg=99.9 failsafe=False age_s=(0.43,0.00) arm_torque_nm=0.000 motors=[833.81,871.98,833.81,881.12,824.66,871.98,824.66,881.12][0m
[0m[INFO] [1786172649.921167069] [my_drone_dds_wasd_control]: STATE arm=2 nav=14 NED=(0.176,-0.450,-1.176) vel=(0.010,0.025,-0.061) yaw_deg=100.0 failsafe=False age_s=(0.42,0.00) arm_torque_nm=0.000 motors=[830.89,875.11,830.89,882.33,823.86,875.11,823.87,882.33][0m
[0m[INFO] [1786172650.925154077] [my_drone_dds_wasd_control]: STATE arm=2 nav=14 NED=(0.194,-0.395,-1.137) vel=(0.005,0.025,0.024) yaw_deg=99.9 failsafe=False age_s=(0.42,0.00) arm_torque_nm=0.000 motors=[841.04,879.23,841.04,890.47,829.76,879.24,829.76,890.47][0m
[0m[INFO] [1786172651.967212666] [my_drone_dds_wasd_control]: STATE arm=2 nav=14 NED=(0.154,-0.374,-1.171) vel=(-0.040,0.002,-0.022) yaw_deg=99.9 failsafe=False age_s=(0.46,0.01) arm_torque_nm=0.000 motors=[825.30,868.15,825.30,876.03,817.23,868.15,817.23,876.03][0m
[0m[INFO] [1786172652.968407713] [my_drone_dds_wasd_control]: STATE arm=2 nav=14 NED=(0.147,-0.386,-1.102) vel=(0.013,-0.000,0.042) yaw_deg=100.0 failsafe=False age_s=(0.45,0.01) arm_torque_nm=0.000 motors=[839.94,884.35,839.93,892.19,832.31,884.35,832.31,892.19][0m
[0m[INFO] [1786172654.017157404] [my_drone_dds_wasd_control]: STATE arm=2 nav=14 NED=(0.192,-0.407,-1.145) vel=(0.005,-0.004,-0.023) yaw_deg=99.9 failsafe=False age_s=(0.49,0.00) arm_torque_nm=0.000 motors=[829.51,869.44,829.51,880.27,818.63,869.44,818.63,880.27][0m
[0m[INFO] [1786172655.064549851] [my_drone_dds_wasd_control]: STATE arm=2 nav=14 NED=(0.134,-0.416,-1.201) vel=(-0.051,-0.002,-0.031) yaw_deg=100.0 failsafe=False age_s=(0.03,0.01) arm_torque_nm=0.000 motors=[824.05,867.30,824.04,875.13,816.36,867.30,816.37,875.13][0m
[0m[INFO] [1786172656.116032302] [my_drone_dds_wasd_control]: STATE arm=2 nav=14 NED=(0.105,-0.420,-1.233) vel=(0.015,0.000,-0.005) yaw_deg=99.9 failsafe=False age_s=(0.07,0.00) arm_torque_nm=0.000 motors=[826.57,870.28,826.57,877.56,819.16,870.28,819.16,877.56][0m
[0m[INFO] [1786172657.175772548] [my_drone_dds_wasd_control]: STATE arm=2 nav=14 NED=(0.130,-0.421,-1.252) vel=(0.006,0.002,-0.010) yaw_deg=99.9 failsafe=False age_s=(0.11,0.01) arm_torque_nm=0.000 motors=[827.49,866.82,827.50,877.51,816.50,866.82,816.49,877.51][0m
[0m[INFO] [1786172658.172602607] [my_drone_dds_wasd_control]: STATE arm=2 nav=14 NED=(0.091,-0.401,-1.278) vel=(-0.036,0.009,0.005) yaw_deg=100.0 failsafe=False age_s=(0.11,0.01) arm_torque_nm=0.000 motors=[826.45,870.51,826.44,878.44,819.15,870.50,819.16,878.45][0m
[0m[INFO] [1786172659.217336930] [my_drone_dds_wasd_control]: STATE arm=2 nav=14 NED=(0.092,-0.386,-1.295) vel=(0.027,0.005,0.011) yaw_deg=100.0 failsafe=False age_s=(0.15,0.00) arm_torque_nm=0.000 motors=[827.38,870.84,827.38,878.46,819.75,870.84,819.75,878.46][0m
[0m[INFO] [1786172660.269619709] [my_drone_dds_wasd_control]: STATE arm=2 nav=14 NED=(0.138,-0.349,-1.301) vel=(0.012,0.020,0.012) yaw_deg=100.0 failsafe=False age_s=(0.19,0.01) arm_torque_nm=0.000 motors=[829.08,869.14,829.08,879.70,818.54,869.14,818.54,879.70][0m
[0m[INFO] [1786172661.276808999] [my_drone_dds_wasd_control]: STATE arm=2 nav=14 NED=(0.111,-0.338,-1.308) vel=(-0.029,-0.003,0.028) yaw_deg=100.0 failsafe=False age_s=(0.18,0.01) arm_torque_nm=0.000 motors=[826.69,870.74,826.69,878.38,818.74,870.75,818.74,878.38][0m
[0m[INFO] [1786172662.315171797] [my_drone_dds_wasd_control]: STATE arm=2 nav=14 NED=(0.096,-0.361,-1.324) vel=(0.015,-0.010,0.013) yaw_deg=99.9 failsafe=False age_s=(0.22,0.00) arm_torque_nm=0.000 motors=[827.47,870.33,827.48,877.79,819.41,870.34,819.40,877.79][0m
[0m[INFO] [1786172663.315373448] [my_drone_dds_wasd_control]: STATE arm=2 nav=14 NED=(0.096,-0.384,-1.326) vel=(-0.005,-0.006,0.019) yaw_deg=99.9 failsafe=False age_s=(0.22,0.00) arm_torque_nm=0.000 motors=[829.47,870.01,829.47,880.18,819.35,870.01,819.35,880.18][0m
[0m[INFO] [1786172664.319271956] [my_drone_dds_wasd_control]: STATE arm=2 nav=14 NED=(0.082,-0.399,-1.311) vel=(-0.015,-0.007,0.015) yaw_deg=100.0 failsafe=False age_s=(0.21,0.00) arm_torque_nm=0.000 motors=[827.80,871.66,827.80,879.53,820.27,871.66,820.27,879.54][0m
[0m[INFO] [1786172665.367926909] [my_drone_dds_wasd_control]: STATE arm=2 nav=14 NED=(0.095,-0.411,-1.305) vel=(0.020,-0.007,0.007) yaw_deg=99.9 failsafe=False age_s=(0.25,0.01) arm_torque_nm=0.000 motors=[827.04,870.56,827.04,878.37,819.13,870.56,819.12,878.37][0m
[0m[INFO] [1786172666.371144347] [my_drone_dds_wasd_control]: STATE arm=2 nav=14 NED=(0.104,-0.429,-1.302) vel=(-0.005,-0.007,0.008) yaw_deg=99.9 failsafe=False age_s=(0.24,0.01) arm_torque_nm=0.000 motors=[828.68,869.53,828.68,879.44,818.43,869.54,818.43,879.44][0m
[0m[INFO] [1786172667.429788453] [my_drone_dds_wasd_control]: STATE arm=2 nav=14 NED=(0.063,-0.431,-1.321) vel=(-0.021,0.000,0.016) yaw_deg=100.0 failsafe=False age_s=(0.28,0.00) arm_torque_nm=0.000 motors=[827.23,871.54,827.22,878.89,820.25,871.53,820.26,878.89][0m
[0m[INFO] [1786172668.473994047] [my_drone_dds_wasd_control]: STATE arm=2 nav=14 NED=(0.088,-0.408,-1.327) vel=(0.031,0.013,0.013) yaw_deg=99.9 failsafe=False age_s=(0.33,0.01) arm_torque_nm=0.000 motors=[827.62,870.50,827.62,879.10,818.53,870.51,818.53,879.09][0m
[0m[INFO] [1786172669.524916086] [my_drone_dds_wasd_control]: STATE arm=2 nav=14 NED=(0.148,-0.411,-1.317) vel=(0.015,-0.006,0.015) yaw_deg=99.9 failsafe=False age_s=(0.37,0.00) arm_torque_nm=0.000 motors=[829.42,870.07,829.42,880.44,818.78,870.07,818.78,880.43][0m
[0m[INFO] [1786172670.524754817] [my_drone_dds_wasd_control]: STATE arm=2 nav=14 NED=(0.117,-0.404,-1.314) vel=(-0.022,0.006,0.012) yaw_deg=100.0 failsafe=False age_s=(0.36,0.00) arm_torque_nm=0.000 motors=[827.99,870.42,827.98,878.29,820.46,870.42,820.47,878.29][0m
[0m[INFO] [1786172671.573320843] [my_drone_dds_wasd_control]: STATE arm=2 nav=14 NED=(0.110,-0.369,-1.313) vel=(0.019,0.016,0.017) yaw_deg=99.9 failsafe=False age_s=(0.40,0.01) arm_torque_nm=0.000 motors=[828.07,871.91,828.08,879.89,819.98,871.91,819.97,879.88][0m
[0m[INFO] [1786172672.574412724] [my_drone_dds_wasd_control]: STATE arm=2 nav=14 NED=(0.132,-0.370,-1.306) vel=(0.004,-0.012,0.013) yaw_deg=99.9 failsafe=False age_s=(0.39,0.01) arm_torque_nm=0.000 motors=[829.33,870.30,829.34,880.11,819.04,870.30,819.03,880.10][0m
[0m[INFO] [1786172673.619104353] [my_drone_dds_wasd_control]: STATE arm=2 nav=14 NED=(0.110,-0.378,-1.326) vel=(-0.020,0.003,0.010) yaw_deg=100.0 failsafe=False age_s=(0.44,0.00) arm_torque_nm=0.000 motors=[826.60,870.02,826.59,877.37,819.75,870.01,819.76,877.37][0m
[0m[INFO] [1786172674.621200924] [my_drone_dds_wasd_control]: STATE arm=2 nav=14 NED=(0.110,-0.360,-1.337) vel=(0.015,0.010,0.016) yaw_deg=100.0 failsafe=False age_s=(0.43,0.00) arm_torque_nm=0.000 motors=[827.10,870.80,827.10,879.13,818.76,870.80,818.76,879.13][0m
[0m[INFO] [1786172675.666255908] [my_drone_dds_wasd_control]: STATE arm=2 nav=14 NED=(0.106,-0.364,-1.348) vel=(-0.005,-0.014,0.020) yaw_deg=99.9 failsafe=False age_s=(0.47,0.01) arm_torque_nm=0.000 motors=[828.27,870.26,828.27,879.55,818.60,870.27,818.60,879.54][0m
[0m[INFO] [1786172676.717404772] [my_drone_dds_wasd_control]: STATE arm=2 nav=14 NED=(0.105,-0.395,-1.337) vel=(-0.003,-0.009,0.021) yaw_deg=99.9 failsafe=False age_s=(0.01,0.00) arm_torque_nm=0.000 motors=[828.32,871.12,828.31,878.68,820.88,871.12,820.88,878.68][0m
[0m[INFO] [1786172677.716576323] [my_drone_dds_wasd_control]: STATE arm=2 nav=14 NED=(0.101,-0.404,-1.327) vel=(0.005,0.001,0.018) yaw_deg=100.0 failsafe=False age_s=(0.50,0.00) arm_torque_nm=0.000 motors=[828.54,870.81,828.53,880.13,819.73,870.80,819.74,880.13][0m
[0m[INFO] [1786172678.773699592] [my_drone_dds_wasd_control]: STATE arm=2 nav=14 NED=(0.081,-0.401,-1.336) vel=(-0.012,-0.007,0.016) yaw_deg=100.0 failsafe=False age_s=(0.04,0.01) arm_torque_nm=0.000 motors=[827.92,870.40,827.92,879.10,818.98,870.40,818.98,879.10][0m
[0m[INFO] [1786172679.767772590] [my_drone_dds_wasd_control]: STATE arm=2 nav=14 NED=(0.087,-0.384,-1.341) vel=(0.010,0.007,0.017) yaw_deg=99.9 failsafe=False age_s=(0.03,0.01) arm_torque_nm=0.000 motors=[827.47,870.69,827.47,878.65,819.25,870.69,819.25,878.65][0m
[0m[INFO] [1786172680.768057510] [my_drone_dds_wasd_control]: STATE arm=2 nav=14 NED=(0.094,-0.370,-1.320) vel=(0.007,0.007,0.021) yaw_deg=99.9 failsafe=False age_s=(0.03,0.01) arm_torque_nm=0.000 motors=[829.30,871.51,829.30,880.92,819.85,871.51,819.85,880.92][0m
[0m[INFO] [1786172681.816997946] [my_drone_dds_wasd_control]: STATE arm=2 nav=14 NED=(0.118,-0.330,-1.312) vel=(0.004,0.014,0.015) yaw_deg=100.0 failsafe=False age_s=(0.07,0.00) arm_torque_nm=0.000 motors=[828.52,870.92,828.52,879.78,819.89,870.92,819.90,879.79][0m
[0m[INFO] [1786172682.869907717] [my_drone_dds_wasd_control]: STATE arm=2 nav=14 NED=(0.127,-0.315,-1.300) vel=(0.005,0.003,0.012) yaw_deg=99.9 failsafe=False age_s=(0.11,0.01) arm_torque_nm=0.000 motors=[828.33,871.11,828.33,879.60,819.75,871.12,819.74,879.60][0m
[0m[INFO] [1786172683.875759298] [my_drone_dds_wasd_control]: STATE arm=2 nav=14 NED=(0.105,-0.355,-1.297) vel=(-0.010,-0.022,0.030) yaw_deg=99.9 failsafe=False age_s=(0.10,0.01) arm_torque_nm=0.000 motors=[828.51,870.96,828.51,879.48,819.38,870.96,819.38,879.47][0m
[0m[INFO] [1786172684.879510251] [my_drone_dds_wasd_control]: STATE arm=2 nav=14 NED=(0.083,-0.414,-1.291) vel=(-0.010,-0.021,0.009) yaw_deg=99.9 failsafe=False age_s=(0.09,0.01) arm_torque_nm=0.000 motors=[828.02,870.64,828.01,878.95,819.89,870.63,819.89,878.96][0m
[0m[INFO] [1786172685.920660161] [my_drone_dds_wasd_control]: STATE arm=2 nav=14 NED=(0.115,-0.410,-1.284) vel=(0.021,0.013,0.029) yaw_deg=100.0 failsafe=False age_s=(0.14,0.00) arm_torque_nm=0.000 motors=[849.08,891.45,849.08,900.99,840.17,891.44,840.17,901.00][0m
[0m[INFO] [1786172686.930257313] [my_drone_dds_wasd_control]: STATE arm=2 nav=14 NED=(0.117,-0.382,-1.275) vel=(-0.002,0.002,0.110) yaw_deg=100.0 failsafe=False age_s=(0.13,0.00) arm_torque_nm=0.000 motors=[852.63,896.48,852.63,906.25,842.80,896.49,842.80,906.25][0m
[0m[INFO] [1786172687.927320552] [my_drone_dds_wasd_control]: STATE arm=2 nav=14 NED=(0.083,-0.392,-1.271) vel=(-0.014,-0.009,0.008) yaw_deg=99.9 failsafe=False age_s=(0.12,0.00) arm_torque_nm=0.000 motors=[829.30,872.12,829.31,879.84,820.98,872.13,820.97,879.83][0m
[0m[INFO] [1786172688.971431983] [my_drone_dds_wasd_control]: STATE arm=2 nav=14 NED=(0.073,-0.363,-1.287) vel=(0.012,0.023,0.004) yaw_deg=99.9 failsafe=False age_s=(0.16,0.01) arm_torque_nm=0.000 motors=[827.21,869.88,827.21,878.21,818.91,869.88,818.91,878.21][0m
[0m[INFO] [1786172689.965501031] [my_drone_dds_wasd_control]: STATE arm=2 nav=14 NED=(0.101,-0.353,-1.288) vel=(0.009,-0.003,0.007) yaw_deg=99.9 failsafe=False age_s=(0.15,0.01) arm_torque_nm=0.000 motors=[827.99,870.37,827.99,880.11,818.55,870.36,818.55,880.11][0m
[0m[INFO] [1786172690.971443514] [my_drone_dds_wasd_control]: STATE arm=2 nav=14 NED=(0.117,-0.387,-1.284) vel=(0.000,-0.019,0.005) yaw_deg=100.0 failsafe=False age_s=(0.15,0.01) arm_torque_nm=0.000 motors=[828.13,870.67,828.13,878.52,820.37,870.67,820.38,878.52][0m
[0m[INFO] [1786172692.018314168] [my_drone_dds_wasd_control]: STATE arm=2 nav=14 NED=(0.105,-0.378,-1.288) vel=(-0.002,0.019,0.003) yaw_deg=100.0 failsafe=False age_s=(0.19,0.00) arm_torque_nm=0.000 motors=[827.10,869.85,827.09,877.91,819.35,869.84,819.35,877.91][0m
[0m[INFO] [1786172693.064441753] [my_drone_dds_wasd_control]: STATE arm=2 nav=14 NED=(0.111,-0.375,-1.296) vel=(0.002,-0.012,0.008) yaw_deg=99.9 failsafe=False age_s=(0.23,0.01) arm_torque_nm=0.000 motors=[828.15,870.30,828.15,880.12,817.58,870.31,817.57,880.12][0m
[0m[INFO] [1786172694.072289698] [my_drone_dds_wasd_control]: STATE arm=2 nav=14 NED=(0.103,-0.406,-1.293) vel=(-0.007,-0.014,0.006) yaw_deg=99.9 failsafe=False age_s=(0.22,0.01) arm_torque_nm=0.000 motors=[828.11,869.75,828.11,877.82,819.69,869.75,819.69,877.82][0m
[0m[INFO] [1786172695.120473010] [my_drone_dds_wasd_control]: STATE arm=2 nav=14 NED=(0.108,-0.411,-1.282) vel=(0.003,0.016,-0.002) yaw_deg=100.0 failsafe=False age_s=(0.26,0.00) arm_torque_nm=0.000 motors=[829.75,872.86,829.74,881.74,821.71,872.85,821.73,881.75][0m
[0m[INFO] [1786172696.167280490] [my_drone_dds_wasd_control]: STATE arm=2 nav=14 NED=(0.115,-0.379,-1.276) vel=(0.003,0.005,0.006) yaw_deg=100.0 failsafe=False age_s=(0.31,0.01) arm_torque_nm=0.000 motors=[827.87,870.99,827.87,880.00,818.92,870.99,818.92,880.00][0m
[0m[INFO] [1786172697.166128190] [my_drone_dds_wasd_control]: STATE arm=2 nav=14 NED=(0.114,-0.397,-1.287) vel=(-0.004,-0.014,0.003) yaw_deg=99.9 failsafe=False age_s=(0.30,0.01) arm_torque_nm=0.000 motors=[828.01,869.66,828.02,877.60,819.12,869.68,819.11,877.59][0m
[0m[INFO] [1786172698.224329995] [my_drone_dds_wasd_control]: STATE arm=2 nav=14 NED=(0.130,-0.426,-1.301) vel=(0.008,-0.002,0.009) yaw_deg=100.0 failsafe=False age_s=(0.34,0.00) arm_torque_nm=0.000 motors=[827.58,870.19,827.58,878.60,819.49,870.19,819.50,878.60][0m
[0m[INFO] [1786172699.221526170] [my_drone_dds_wasd_control]: STATE arm=2 nav=14 NED=(0.142,-0.402,-1.298) vel=(0.002,0.012,0.005) yaw_deg=100.0 failsafe=False age_s=(0.33,0.00) arm_torque_nm=0.000 motors=[827.49,869.44,827.48,878.86,818.62,869.43,818.62,878.86][0m
[0m[INFO] [1786172700.268420340] [my_drone_dds_wasd_control]: STATE arm=2 nav=14 NED=(0.125,-0.396,-1.294) vel=(-0.012,-0.009,0.006) yaw_deg=99.9 failsafe=False age_s=(0.37,0.01) arm_torque_nm=0.000 motors=[827.68,870.14,827.68,878.68,818.86,870.14,818.86,878.68][0m
[0m[INFO] [1786172701.315441122] [my_drone_dds_wasd_control]: STATE arm=2 nav=14 NED=(0.108,-0.393,-1.297) vel=(-0.002,0.005,0.030) yaw_deg=99.9 failsafe=False age_s=(0.42,0.00) arm_torque_nm=0.000 motors=[828.41,870.51,828.42,878.73,819.75,870.52,819.74,878.72][0m
[0m[INFO] [1786172702.378472663] [my_drone_dds_wasd_control]: STATE arm=2 nav=14 NED=(0.110,-0.359,-1.304) vel=(0.003,0.020,0.009) yaw_deg=100.0 failsafe=False age_s=(0.46,0.01) arm_torque_nm=0.000 motors=[827.83,869.68,827.82,878.97,818.83,869.68,818.83,878.97][0m
[0m[INFO] [1786172703.367847269] [my_drone_dds_wasd_control]: STATE arm=2 nav=14 NED=(0.105,-0.341,-1.316) vel=(-0.002,-0.003,0.010) yaw_deg=100.0 failsafe=False age_s=(0.45,0.01) arm_torque_nm=0.000 motors=[827.21,870.06,827.21,878.68,818.59,870.06,818.59,878.68][0m
[0m[INFO] [1786172704.419632394] [my_drone_dds_wasd_control]: STATE arm=2 nav=14 NED=(0.107,-0.363,-1.316) vel=(0.005,-0.007,0.012) yaw_deg=99.9 failsafe=False age_s=(0.49,0.00) arm_torque_nm=0.000 motors=[828.48,869.85,828.48,878.46,819.65,869.86,819.64,878.46][0m
[0m[INFO] [1786172705.420379044] [my_drone_dds_wasd_control]: STATE arm=2 nav=14 NED=(0.094,-0.395,-1.312) vel=(-0.007,-0.006,0.016) yaw_deg=100.0 failsafe=False age_s=(0.48,0.00) arm_torque_nm=0.000 motors=[828.22,871.23,828.22,879.76,819.87,871.23,819.87,879.76][0m
[0m[INFO] [1786172706.466294968] [my_drone_dds_wasd_control]: STATE arm=2 nav=14 NED=(0.089,-0.398,-1.303) vel=(-0.002,-0.004,0.016) yaw_deg=100.0 failsafe=False age_s=(0.02,0.01) arm_torque_nm=0.000 motors=[828.51,871.41,828.51,880.29,819.87,871.41,819.87,880.29][0m
[0m[INFO] [1786172707.467897524] [my_drone_dds_wasd_control]: STATE arm=2 nav=14 NED=(0.118,-0.395,-1.301) vel=(0.014,0.001,0.012) yaw_deg=99.9 failsafe=False age_s=(0.01,0.01) arm_torque_nm=0.000 motors=[828.35,870.65,828.35,879.39,819.52,870.65,819.52,879.39][0m
[0m[INFO] [1786172708.472510907] [my_drone_dds_wasd_control]: STATE arm=2 nav=14 NED=(0.131,-0.388,-1.294) vel=(0.002,0.005,0.012) yaw_deg=100.0 failsafe=False age_s=(0.01,0.01) arm_torque_nm=0.000 motors=[828.27,870.95,828.27,879.65,819.69,870.95,819.69,879.65][0m
[0m[INFO] [1786172709.527639799] [my_drone_dds_wasd_control]: STATE arm=2 nav=14 NED=(0.122,-0.375,-1.294) vel=(0.002,0.004,0.008) yaw_deg=100.0 failsafe=False age_s=(0.05,0.00) arm_torque_nm=0.000 motors=[827.60,870.29,827.60,878.89,819.10,870.29,819.10,878.89][0m
[0m[INFO] [1786172710.521049926] [my_drone_dds_wasd_control]: STATE arm=2 nav=14 NED=(0.111,-0.400,-1.299) vel=(0.001,-0.016,0.010) yaw_deg=99.9 failsafe=False age_s=(0.04,0.00) arm_torque_nm=0.000 motors=[828.36,870.19,828.36,879.38,818.86,870.20,818.85,879.37][0m
[0m[INFO] [1786172711.519913863] [my_drone_dds_wasd_control]: STATE arm=2 nav=14 NED=(0.065,-0.423,-1.298) vel=(-0.024,-0.003,0.010) yaw_deg=99.9 failsafe=False age_s=(0.03,0.00) arm_torque_nm=0.000 motors=[828.37,869.95,828.36,878.92,819.61,869.95,819.62,878.92][0m
[0m[INFO] [1786172712.571523097] [my_drone_dds_wasd_control]: STATE arm=2 nav=14 NED=(0.062,-0.426,-1.294) vel=(0.004,0.006,0.009) yaw_deg=100.0 failsafe=False age_s=(0.07,0.01) arm_torque_nm=0.000 motors=[827.61,870.50,827.61,879.45,819.01,870.49,819.01,879.45][0m
[0m[INFO] [1786172713.578234710] [my_drone_dds_wasd_control]: STATE arm=2 nav=14 NED=(0.064,-0.435,-1.293) vel=(0.004,-0.009,0.012) yaw_deg=99.9 failsafe=False age_s=(0.07,0.01) arm_torque_nm=0.000 motors=[828.65,870.44,828.66,879.40,819.29,870.45,819.28,879.40][0m
[0m[INFO] [1786172714.578421362] [my_drone_dds_wasd_control]: STATE arm=2 nav=14 NED=(0.090,-0.447,-1.299) vel=(0.010,0.002,0.006) yaw_deg=99.9 failsafe=False age_s=(0.06,0.01) arm_torque_nm=0.000 motors=[826.96,869.61,826.96,877.77,818.97,869.60,818.97,877.78][0m
[0m[INFO] [1786172715.616041813] [my_drone_dds_wasd_control]: STATE arm=2 nav=14 NED=(0.125,-0.414,-1.300) vel=(0.016,0.017,0.012) yaw_deg=100.0 failsafe=False age_s=(0.10,0.00) arm_torque_nm=0.000 motors=[827.86,870.25,827.85,879.56,819.01,870.25,819.02,879.56][0m
[0m[INFO] [1786172716.667608953] [my_drone_dds_wasd_control]: STATE arm=2 nav=14 NED=(0.116,-0.371,-1.270) vel=(-0.008,0.010,0.012) yaw_deg=100.0 failsafe=False age_s=(0.14,0.01) arm_torque_nm=0.000 motors=[828.92,871.58,828.92,879.98,820.40,871.58,820.40,879.98][0m
[0m[INFO] [1786172717.718070609] [my_drone_dds_wasd_control]: STATE arm=2 nav=14 NED=(0.123,-0.362,-1.262) vel=(0.004,-0.001,0.010) yaw_deg=99.9 failsafe=False age_s=(0.18,0.00) arm_torque_nm=0.000 motors=[829.01,871.70,829.02,880.13,819.95,871.71,819.94,880.13][0m
[0m[INFO] [1786172718.767358595] [my_drone_dds_wasd_control]: STATE arm=2 nav=14 NED=(0.131,-0.350,-1.247) vel=(-0.000,0.007,0.004) yaw_deg=99.9 failsafe=False age_s=(0.23,0.01) arm_torque_nm=0.000 motors=[828.80,870.71,828.80,879.72,819.93,870.71,819.93,879.72][0m
[0m[INFO] [1786172719.816068305] [my_drone_dds_wasd_control]: STATE arm=2 nav=14 NED=(0.114,-0.302,-1.245) vel=(-0.013,0.016,0.003) yaw_deg=100.0 failsafe=False age_s=(0.27,0.00) arm_torque_nm=0.000 motors=[828.04,870.97,828.04,879.88,819.52,870.96,819.52,879.88][0m
[0m[INFO] [1786172720.817721355] [my_drone_dds_wasd_control]: STATE arm=2 nav=14 NED=(0.111,-0.281,-1.238) vel=(0.002,-0.001,0.007) yaw_deg=99.9 failsafe=False age_s=(0.26,0.00) arm_torque_nm=0.000 motors=[829.07,871.98,829.08,880.28,820.52,871.98,820.52,880.27][0m
[0m[INFO] [1786172721.820385747] [my_drone_dds_wasd_control]: STATE arm=2 nav=14 NED=(0.132,-0.292,-1.253) vel=(0.010,-0.008,0.003) yaw_deg=99.9 failsafe=False age_s=(0.25,0.00) arm_torque_nm=0.000 motors=[828.40,869.87,828.40,878.82,819.51,869.87,819.52,878.82][0m
[0m[INFO] [1786172722.870605308] [my_drone_dds_wasd_control]: STATE arm=2 nav=14 NED=(0.139,-0.311,-1.254) vel=(-0.008,-0.008,0.007) yaw_deg=100.0 failsafe=False age_s=(0.29,0.01) arm_torque_nm=0.000 motors=[828.21,870.99,828.21,879.74,819.79,870.99,819.80,879.74][0m
[0m[INFO] [1786172723.873470626] [my_drone_dds_wasd_control]: STATE arm=2 nav=14 NED=(0.138,-0.334,-1.230) vel=(-0.004,-0.019,0.010) yaw_deg=100.0 failsafe=False age_s=(0.29,0.01) arm_torque_nm=0.000 motors=[829.65,872.54,829.65,880.98,821.14,872.54,821.13,880.98][0m
[0m[INFO] [1786172724.869570813] [my_drone_dds_wasd_control]: STATE arm=2 nav=14 NED=(0.135,-0.370,-1.220) vel=(0.000,-0.020,0.003) yaw_deg=99.9 failsafe=False age_s=(0.28,0.01) arm_torque_nm=0.000 motors=[829.34,871.63,829.34,880.19,820.37,871.63,820.37,880.18][0m
[0m[INFO] [1786172725.929140005] [my_drone_dds_wasd_control]: STATE arm=2 nav=14 NED=(0.133,-0.393,-1.224) vel=(-0.006,-0.006,-0.001) yaw_deg=100.0 failsafe=False age_s=(0.32,0.00) arm_torque_nm=0.000 motors=[828.68,871.64,828.68,880.74,819.87,871.63,819.88,880.75][0m
[0m[INFO] [1786172726.928314483] [my_drone_dds_wasd_control]: STATE arm=2 nav=14 NED=(0.133,-0.422,-1.246) vel=(0.001,-0.012,0.003) yaw_deg=100.0 failsafe=False age_s=(0.31,0.00) arm_torque_nm=0.000 motors=[828.11,871.31,828.11,879.67,819.83,871.31,819.83,879.67][0m
[0m[INFO] [1786172727.969055837] [my_drone_dds_wasd_control]: STATE arm=2 nav=14 NED=(0.156,-0.414,-1.266) vel=(0.011,0.008,0.000) yaw_deg=99.9 failsafe=False age_s=(0.35,0.01) arm_torque_nm=0.000 motors=[831.12,872.88,831.12,882.15,821.82,872.88,821.82,882.15][0m
[0m[INFO] [1786172729.016307371] [my_drone_dds_wasd_control]: STATE arm=2 nav=14 NED=(0.155,-0.390,-1.282) vel=(-0.014,0.010,-0.001) yaw_deg=100.0 failsafe=False age_s=(0.40,0.00) arm_torque_nm=0.000 motors=[826.08,868.92,826.08,878.01,817.26,868.92,817.26,878.01][0m
[0m[INFO] [1786172730.067836891] [my_drone_dds_wasd_control]: STATE arm=2 nav=14 NED=(0.134,-0.401,-1.276) vel=(-0.005,-0.012,0.007) yaw_deg=99.9 failsafe=False age_s=(0.44,0.01) arm_torque_nm=0.000 motors=[827.20,870.88,827.21,878.41,819.41,870.89,819.40,878.40][0m
[0m[INFO] [1786172731.119040505] [my_drone_dds_wasd_control]: STATE arm=2 nav=14 NED=(0.126,-0.421,-1.279) vel=(-0.004,0.002,0.006) yaw_deg=99.9 failsafe=False age_s=(0.48,0.00) arm_torque_nm=0.000 motors=[828.36,869.30,828.36,878.44,819.14,869.30,819.14,878.44][0m
[0m[INFO] [1786172732.116287297] [my_drone_dds_wasd_control]: STATE arm=2 nav=14 NED=(0.111,-0.402,-1.277) vel=(-0.014,0.016,0.008) yaw_deg=100.0 failsafe=False age_s=(0.47,0.00) arm_torque_nm=0.000 motors=[827.64,870.56,827.63,879.17,819.56,870.55,819.57,879.17][0m
[0m[INFO] [1786172733.165977202] [my_drone_dds_wasd_control]: STATE arm=2 nav=14 NED=(0.123,-0.392,-1.274) vel=(0.006,-0.006,0.007) yaw_deg=99.9 failsafe=False age_s=(0.01,0.01) arm_torque_nm=0.000 motors=[827.90,870.89,827.90,879.15,819.24,870.89,819.24,879.14][0m
[0m[INFO] [1786172734.223769707] [my_drone_dds_wasd_control]: STATE arm=2 nav=14 NED=(0.151,-0.381,-1.276) vel=(0.009,0.009,0.006) yaw_deg=100.0 failsafe=False age_s=(0.05,0.00) arm_torque_nm=0.000 motors=[828.23,869.78,828.22,878.97,819.26,869.78,819.26,878.97][0m
[0m[INFO] [1786172735.222288118] [my_drone_dds_wasd_control]: STATE arm=2 nav=14 NED=(0.141,-0.381,-1.274) vel=(-0.011,0.003,0.004) yaw_deg=100.0 failsafe=False age_s=(0.04,0.00) arm_torque_nm=0.000 motors=[826.96,870.79,826.96,879.31,818.65,870.79,818.66,879.31][0m
[0m[INFO] [1786172736.268513091] [my_drone_dds_wasd_control]: STATE arm=2 nav=14 NED=(0.139,-0.405,-1.251) vel=(0.008,-0.021,0.008) yaw_deg=99.9 failsafe=False age_s=(0.09,0.01) arm_torque_nm=0.000 motors=[828.83,872.15,828.84,880.09,820.67,872.15,820.67,880.09][0m
[0m[INFO] [1786172737.326215002] [my_drone_dds_wasd_control]: STATE arm=2 nav=14 NED=(0.109,-0.420,-1.237) vel=(-0.016,0.005,-0.012) yaw_deg=100.0 failsafe=False age_s=(0.13,0.00) arm_torque_nm=0.000 motors=[827.55,867.90,827.55,877.58,818.13,867.89,818.13,877.58][0m
[0m[INFO] [1786172738.328396518] [my_drone_dds_wasd_control]: STATE arm=2 nav=14 NED=(0.078,-0.391,-1.240) vel=(-0.014,0.016,0.010) yaw_deg=100.0 failsafe=False age_s=(0.12,0.00) arm_torque_nm=0.000 motors=[832.51,876.81,832.51,885.19,824.33,876.81,824.33,885.19][0m
[0m[INFO] [1786172739.368842674] [my_drone_dds_wasd_control]: STATE arm=2 nav=14 NED=(0.077,-0.404,-1.248) vel=(0.013,-0.013,-0.002) yaw_deg=99.9 failsafe=False age_s=(0.16,0.01) arm_torque_nm=0.000 motors=[827.41,870.09,827.42,878.20,818.87,870.09,818.87,878.20][0m
[0m[INFO] [1786172740.368634529] [my_drone_dds_wasd_control]: STATE arm=2 nav=14 NED=(0.078,-0.444,-1.250) vel=(-0.006,-0.005,-0.003) yaw_deg=99.9 failsafe=False age_s=(0.15,0.01) arm_torque_nm=0.000 motors=[827.73,868.64,827.73,878.03,818.09,868.65,818.09,878.03][0m
[0m[INFO] [1786172741.421607661] [my_drone_dds_wasd_control]: STATE arm=2 nav=14 NED=(0.042,-0.411,-1.263) vel=(-0.015,0.022,0.003) yaw_deg=100.0 failsafe=False age_s=(0.20,0.00) arm_torque_nm=0.000 motors=[826.42,870.26,826.41,878.79,819.08,870.24,819.10,878.80][0m
[0m[INFO] [1786172742.419809613] [my_drone_dds_wasd_control]: STATE arm=2 nav=14 NED=(0.060,-0.383,-1.262) vel=(0.025,-0.000,0.001) yaw_deg=99.9 failsafe=False age_s=(0.19,0.00) arm_torque_nm=0.000 motors=[826.95,870.28,826.96,878.33,818.43,870.28,818.42,878.32][0m
[0m[INFO] [1786172743.465492007] [my_drone_dds_wasd_control]: STATE arm=2 nav=14 NED=(0.105,-0.390,-1.248) vel=(0.011,-0.001,0.008) yaw_deg=99.9 failsafe=False age_s=(0.23,0.01) arm_torque_nm=0.000 motors=[829.92,870.34,829.92,880.02,819.94,870.35,819.93,880.02][0m
[0m[INFO] [1786172744.515716768] [my_drone_dds_wasd_control]: STATE arm=2 nav=14 NED=(0.084,-0.380,-1.237) vel=(-0.014,0.011,0.004) yaw_deg=100.0 failsafe=False age_s=(0.27,0.00) arm_torque_nm=0.000 motors=[828.01,871.35,828.00,879.98,819.96,871.35,819.97,879.99][0m
[0m[INFO] [1786172745.578185154] [my_drone_dds_wasd_control]: STATE arm=2 nav=14 NED=(0.085,-0.376,-1.247) vel=(0.016,-0.009,-0.001) yaw_deg=99.9 failsafe=False age_s=(0.31,0.01) arm_torque_nm=0.000 motors=[827.40,870.13,827.40,878.75,818.51,870.14,818.51,878.75][0m
[0m[INFO] [1786172746.597915056] [my_drone_dds_wasd_control]: STATE arm=2 nav=14 NED=(0.116,-0.383,-1.264) vel=(0.007,-0.003,0.005) yaw_deg=99.9 failsafe=False age_s=(0.31,0.01) arm_torque_nm=0.000 motors=[831.67,872.89,831.67,882.45,821.92,872.89,821.92,882.45][0m
[0m[INFO] [1786172747.619534374] [my_drone_dds_wasd_control]: STATE arm=2 nav=14 NED=(0.120,-0.393,-1.262) vel=(-0.008,-0.000,0.009) yaw_deg=100.0 failsafe=False age_s=(0.35,0.00) arm_torque_nm=0.000 motors=[827.48,871.31,827.48,879.54,819.75,871.30,819.75,879.55][0m
[0m[INFO] [1786172748.668987241] [my_drone_dds_wasd_control]: STATE arm=2 nav=14 NED=(0.105,-0.385,-1.238) vel=(0.006,0.001,0.006) yaw_deg=99.9 failsafe=False age_s=(0.39,0.01) arm_torque_nm=0.000 motors=[828.70,871.64,828.70,880.15,819.94,871.64,819.93,880.15][0m
[0m[INFO] [1786172749.718071625] [my_drone_dds_wasd_control]: STATE arm=2 nav=14 NED=(0.100,-0.388,-1.235) vel=(-0.004,-0.002,0.001) yaw_deg=99.9 failsafe=False age_s=(0.43,0.00) arm_torque_nm=0.000 motors=[828.87,869.87,828.88,879.51,818.97,869.88,818.97,879.51][0m
[0m[INFO] [1786172750.763734006] [my_drone_dds_wasd_control]: STATE arm=2 nav=14 NED=(0.088,-0.377,-1.218) vel=(-0.005,0.005,0.002) yaw_deg=100.0 failsafe=False age_s=(0.47,0.01) arm_torque_nm=0.000 motors=[828.46,871.52,828.46,879.56,820.66,871.52,820.67,879.56][0m
[0m[INFO] [1786172751.764066041] [my_drone_dds_wasd_control]: STATE arm=2 nav=14 NED=(0.101,-0.353,-1.207) vel=(0.015,0.005,-0.001) yaw_deg=99.9 failsafe=False age_s=(0.47,0.01) arm_torque_nm=0.000 motors=[828.24,871.27,828.24,879.95,819.62,871.27,819.62,879.95][0m
[0m[INFO] [1786172752.770551392] [my_drone_dds_wasd_control]: STATE arm=2 nav=14 NED=(0.109,-0.360,-1.209) vel=(-0.005,-0.013,-0.004) yaw_deg=99.9 failsafe=False age_s=(0.46,0.01) arm_torque_nm=0.000 motors=[828.71,869.86,828.71,879.49,818.83,869.86,818.83,879.49][0m
[0m[INFO] [1786172753.765745628] [my_drone_dds_wasd_control]: STATE arm=2 nav=14 NED=(0.105,-0.387,-1.231) vel=(-0.004,-0.010,0.000) yaw_deg=100.0 failsafe=False age_s=(0.45,0.01) arm_torque_nm=0.000 motors=[827.28,870.81,827.28,878.51,819.75,870.81,819.75,878.51][0m
[0m[INFO] [1786172754.817680811] [my_drone_dds_wasd_control]: STATE arm=2 nav=14 NED=(0.111,-0.385,-1.228) vel=(0.012,0.005,0.004) yaw_deg=100.0 failsafe=False age_s=(0.49,0.00) arm_torque_nm=0.000 motors=[828.64,870.86,828.64,880.15,819.49,870.85,819.49,880.15][0m
[0m[INFO] [1786172755.814753653] [my_drone_dds_wasd_control]: STATE arm=2 nav=14 NED=(0.124,-0.373,-1.221) vel=(-0.001,-0.000,0.001) yaw_deg=99.9 failsafe=False age_s=(0.48,0.00) arm_torque_nm=0.000 motors=[828.57,870.70,828.57,880.05,819.19,870.70,819.19,880.05][0m
[0m[INFO] [1786172756.867304106] [my_drone_dds_wasd_control]: STATE arm=2 nav=14 NED=(0.097,-0.371,-1.231) vel=(-0.012,0.000,0.005) yaw_deg=99.9 failsafe=False age_s=(0.02,0.01) arm_torque_nm=0.000 motors=[828.29,871.54,828.29,879.34,820.39,871.54,820.39,879.34][0m
[0m[INFO] [1786172757.873864571] [my_drone_dds_wasd_control]: STATE arm=2 nav=14 NED=(0.111,-0.388,-1.228) vel=(0.022,-0.006,0.005) yaw_deg=99.9 failsafe=False age_s=(0.01,0.01) arm_torque_nm=0.000 motors=[828.69,871.55,828.69,880.00,820.17,871.55,820.17,880.00][0m
[0m[INFO] [1786172758.929692209] [my_drone_dds_wasd_control]: STATE arm=2 nav=14 NED=(0.092,-0.394,-1.196) vel=(-0.016,-0.001,0.000) yaw_deg=100.0 failsafe=False age_s=(0.06,0.00) arm_torque_nm=0.000 motors=[830.46,871.60,830.46,881.39,821.00,871.60,821.00,881.39][0m
[0m[INFO] [1786172759.979183784] [my_drone_dds_wasd_control]: STATE arm=2 nav=14 NED=(0.028,-0.393,-1.228) vel=(-0.025,-0.001,-0.009) yaw_deg=100.0 failsafe=False age_s=(0.10,0.01) arm_torque_nm=0.000 motors=[826.18,869.99,826.18,877.57,818.66,869.98,818.66,877.57][0m
[0m[INFO] [1786172761.015406368] [my_drone_dds_wasd_control]: STATE arm=2 nav=14 NED=(0.047,-0.395,-1.238) vel=(0.030,-0.002,0.001) yaw_deg=99.9 failsafe=False age_s=(0.14,0.00) arm_torque_nm=0.000 motors=[828.18,870.44,828.19,879.01,819.03,870.45,819.02,879.00][0m
[0m[INFO] [1786172762.018477371] [my_drone_dds_wasd_control]: STATE arm=2 nav=14 NED=(0.089,-0.349,-1.246) vel=(0.003,0.020,-0.002) yaw_deg=100.0 failsafe=False age_s=(0.13,0.00) arm_torque_nm=0.000 motors=[827.80,869.11,827.79,879.32,818.22,869.10,818.23,879.33][0m
[0m[INFO] [1786172763.016190317] [my_drone_dds_wasd_control]: STATE arm=2 nav=14 NED=(0.078,-0.336,-1.250) vel=(-0.010,-0.006,0.001) yaw_deg=100.0 failsafe=False age_s=(0.12,0.00) arm_torque_nm=0.000 motors=[826.95,870.98,826.95,878.95,819.11,870.98,819.11,878.95][0m
[0m[INFO] [1786172764.072492632] [my_drone_dds_wasd_control]: STATE arm=2 nav=14 NED=(0.067,-0.342,-1.261) vel=(0.017,-0.006,0.003) yaw_deg=99.9 failsafe=False age_s=(0.17,0.01) arm_torque_nm=0.000 motors=[828.13,869.82,828.14,877.93,819.29,869.83,819.28,877.93][0m
[0m[INFO] [1786172765.072987118] [my_drone_dds_wasd_control]: STATE arm=2 nav=14 NED=(0.084,-0.330,-1.250) vel=(0.002,0.009,-0.009) yaw_deg=100.0 failsafe=False age_s=(0.16,0.01) arm_torque_nm=0.000 motors=[826.61,868.39,826.61,877.94,817.35,868.38,817.35,877.95][0m
[0m[INFO] [1786172766.114541657] [my_drone_dds_wasd_control]: STATE arm=2 nav=14 NED=(0.084,-0.334,-1.242) vel=(-0.001,-0.016,-0.008) yaw_deg=100.0 failsafe=False age_s=(0.20,0.00) arm_torque_nm=0.000 motors=[825.97,869.60,825.96,877.69,818.26,869.60,818.27,877.70][0m
[0m[INFO] [1786172769.774352718] [my_drone_dds_wasd_control]: STATE arm=2 nav=14 NED=(0.117,-0.353,-1.253) vel=(0.027,-0.010,-0.002) yaw_deg=99.9 failsafe=False age_s=(0.21,0.01) arm_torque_nm=0.024 motors=[827.21,869.53,827.22,877.77,818.76,869.53,818.76,877.77][0m
[0m[INFO] [1786172770.816278737] [my_drone_dds_wasd_control]: STATE arm=2 nav=14 NED=(0.152,-0.370,-1.254) vel=(0.005,-0.009,0.007) yaw_deg=100.0 failsafe=False age_s=(0.26,0.02) arm_torque_nm=0.052 motors=[828.62,870.56,828.63,879.99,819.03,870.56,819.02,879.99][0m
[0m[INFO] [1786172771.879836205] [my_drone_dds_wasd_control]: STATE arm=2 nav=14 NED=(0.149,-0.368,-1.257) vel=(-0.000,-0.002,0.004) yaw_deg=99.9 failsafe=False age_s=(0.30,0.01) arm_torque_nm=0.072 motors=[827.82,870.44,827.82,878.03,819.86,870.45,819.85,878.03][0m
[0m[INFO] [1786172772.919530601] [my_drone_dds_wasd_control]: STATE arm=2 nav=14 NED=(0.117,-0.365,-1.250) vel=(-0.007,0.001,0.007) yaw_deg=100.0 failsafe=False age_s=(0.34,0.02) arm_torque_nm=0.033 motors=[828.47,870.92,828.47,879.92,819.80,870.92,819.80,879.92][0m
[0m[INFO] [1786172773.927852103] [my_drone_dds_wasd_control]: STATE arm=2 nav=14 NED=(0.078,-0.372,-1.239) vel=(-0.020,-0.004,0.001) yaw_deg=100.0 failsafe=False age_s=(0.33,0.02) arm_torque_nm=0.012 motors=[827.92,870.58,827.92,878.88,819.70,870.58,819.71,878.88][0m
[0m[INFO] [1786172774.921157199] [my_drone_dds_wasd_control]: STATE arm=2 nav=14 NED=(0.086,-0.347,-1.228) vel=(0.012,0.008,0.022) yaw_deg=99.9 failsafe=False age_s=(0.32,0.02) arm_torque_nm=0.137 motors=[831.67,875.02,831.67,883.21,823.36,875.02,823.36,883.21][0m
[0m[INFO] [1786172775.965289460] [my_drone_dds_wasd_control]: STATE arm=2 nav=14 NED=(0.110,-0.356,-1.215) vel=(0.010,-0.012,0.001) yaw_deg=99.9 failsafe=False age_s=(0.37,0.01) arm_torque_nm=0.000 motors=[829.54,871.04,829.54,880.86,819.43,871.04,819.43,880.86][0m
[0m[INFO] [1786172777.014984616] [my_drone_dds_wasd_control]: STATE arm=2 nav=14 NED=(0.106,-0.362,-1.218) vel=(-0.009,-0.004,-0.003) yaw_deg=100.0 failsafe=False age_s=(0.41,0.02) arm_torque_nm=0.000 motors=[827.99,870.73,827.99,879.04,820.01,870.72,820.02,879.04][0m
[0m[INFO] [1786172778.017142342] [my_drone_dds_wasd_control]: STATE arm=2 nav=14 NED=(0.104,-0.359,-1.239) vel=(0.009,0.001,-0.005) yaw_deg=100.0 failsafe=False age_s=(0.40,0.02) arm_torque_nm=0.000 motors=[826.82,870.03,826.81,878.70,818.37,870.02,818.37,878.70][0m
[0m[INFO] [1786172779.066531202] [my_drone_dds_wasd_control]: STATE arm=2 nav=14 NED=(0.088,-0.363,-1.266) vel=(-0.010,-0.009,0.004) yaw_deg=99.9 failsafe=False age_s=(0.44,0.01) arm_torque_nm=0.000 motors=[827.61,869.85,827.62,878.57,818.50,869.86,818.49,878.57][0m
[0m[INFO] [1786172780.117595878] [my_drone_dds_wasd_control]: STATE arm=2 nav=14 NED=(0.099,-0.377,-1.262) vel=(0.005,-0.005,0.007) yaw_deg=99.9 failsafe=False age_s=(0.49,0.02) arm_torque_nm=0.000 motors=[827.77,870.71,827.77,878.65,819.76,870.71,819.76,878.64][0m
[0m[INFO] [1786172781.168876951] [my_drone_dds_wasd_control]: STATE arm=2 nav=14 NED=(0.101,-0.376,-1.246) vel=(0.006,0.005,0.008) yaw_deg=100.0 failsafe=False age_s=(0.02,0.01) arm_torque_nm=0.000 motors=[828.95,871.15,828.95,880.17,820.08,871.15,820.08,880.17][0m
[0m[INFO] [1786172782.220505763] [my_drone_dds_wasd_control]: STATE arm=2 nav=14 NED=(0.102,-0.378,-1.250) vel=(-0.001,-0.009,0.004) yaw_deg=99.9 failsafe=False age_s=(0.07,0.02) arm_torque_nm=0.000 motors=[828.01,870.75,828.01,879.34,819.36,870.75,819.36,879.33][0m
[0m[INFO] [1786172783.216673402] [my_drone_dds_wasd_control]: STATE arm=2 nav=14 NED=(0.098,-0.412,-1.257) vel=(-0.001,-0.016,0.007) yaw_deg=99.9 failsafe=False age_s=(0.06,0.02) arm_torque_nm=0.000 motors=[828.29,870.95,828.29,879.30,819.71,870.95,819.71,879.30][0m
[0m[INFO] [1786172784.271929797] [my_drone_dds_wasd_control]: STATE arm=2 nav=14 NED=(0.107,-0.412,-1.260) vel=(0.011,0.011,0.004) yaw_deg=100.0 failsafe=False age_s=(0.10,0.01) arm_torque_nm=0.000 motors=[827.71,870.30,827.70,878.54,819.78,870.29,819.78,878.54][0m
[0m[INFO] [1786172785.320647724] [my_drone_dds_wasd_control]: STATE arm=2 nav=14 NED=(0.106,-0.384,-1.275) vel=(-0.003,0.004,0.007) yaw_deg=100.0 failsafe=False age_s=(0.14,0.02) arm_torque_nm=0.000 motors=[827.43,870.42,827.43,879.69,818.15,870.42,818.15,879.69][0m
[0m[INFO] [1786172786.319200443] [my_drone_dds_wasd_control]: STATE arm=2 nav=14 NED=(0.084,-0.384,-1.284) vel=(-0.005,-0.005,-0.031) yaw_deg=99.9 failsafe=False age_s=(0.13,0.02) arm_torque_nm=0.000 motors=[821.50,863.81,821.51,871.62,813.49,863.81,813.49,871.62][0m
[0m[INFO] [1786172787.368786546] [my_drone_dds_wasd_control]: STATE arm=2 nav=14 NED=(0.097,-0.364,-1.300) vel=(0.016,0.015,0.023) yaw_deg=99.9 failsafe=False age_s=(0.17,0.01) arm_torque_nm=0.000 motors=[827.99,869.82,827.99,878.86,819.08,869.82,819.09,878.87][0m
[0m[INFO] [1786172788.365946555] [my_drone_dds_wasd_control]: STATE arm=2 nav=14 NED=(0.103,-0.368,-1.206) vel=(-0.001,-0.008,0.045) yaw_deg=99.9 failsafe=False age_s=(0.17,0.01) arm_torque_nm=0.000 motors=[836.55,879.51,836.55,888.73,827.42,879.51,827.42,888.73][0m
[0m[INFO] [1786172789.368395334] [my_drone_dds_wasd_control]: STATE arm=2 nav=14 NED=(0.095,-0.387,-1.195) vel=(-0.001,-0.008,-0.042) yaw_deg=100.0 failsafe=False age_s=(0.16,0.01) arm_torque_nm=0.000 motors=[823.95,866.04,823.95,874.09,815.90,866.04,815.90,874.09][0m
[0m[INFO] [1786172790.420305185] [my_drone_dds_wasd_control]: STATE arm=2 nav=14 NED=(0.065,-0.374,-1.256) vel=(-0.009,0.011,-0.001) yaw_deg=100.0 failsafe=False age_s=(0.20,0.02) arm_torque_nm=0.000 motors=[824.87,867.17,824.87,876.10,815.89,867.17,815.89,876.10][0m
[0m[INFO] [1786172791.415876070] [my_drone_dds_wasd_control]: STATE arm=2 nav=14 NED=(0.080,-0.372,-1.203) vel=(0.010,-0.007,0.027) yaw_deg=99.9 failsafe=False age_s=(0.19,0.02) arm_torque_nm=0.000 motors=[831.83,874.68,831.84,882.82,823.45,874.68,823.45,882.81][0m
[0m[INFO] [1786172792.467706143] [my_drone_dds_wasd_control]: STATE arm=2 nav=14 NED=(0.075,-0.381,-1.139) vel=(0.001,0.000,0.003) yaw_deg=99.9 failsafe=False age_s=(0.23,0.01) arm_torque_nm=0.000 motors=[829.80,871.21,829.80,880.17,820.78,871.21,820.78,880.17][0m
[0m[INFO] [1786172793.467187479] [my_drone_dds_wasd_control]: STATE arm=2 nav=14 NED=(0.096,-0.377,-1.054) vel=(0.009,0.007,-0.015) yaw_deg=100.0 failsafe=False age_s=(0.23,0.01) arm_torque_nm=0.000 motors=[828.13,871.44,828.13,880.43,819.68,871.43,819.69,880.43][0m
[0m[INFO] [1786172794.519010656] [my_drone_dds_wasd_control]: STATE arm=2 nav=14 NED=(0.063,-0.407,-0.934) vel=(-0.014,-0.025,0.115) yaw_deg=99.9 failsafe=False age_s=(0.27,0.02) arm_torque_nm=0.000 motors=[842.76,886.27,842.76,894.79,834.09,886.27,834.09,894.79][0m
[0m[INFO] [1786172795.568465988] [my_drone_dds_wasd_control]: STATE arm=2 nav=14 NED=(0.058,-0.402,-0.923) vel=(0.012,0.015,-0.125) yaw_deg=99.9 failsafe=False age_s=(0.31,0.01) arm_torque_nm=0.000 motors=[817.63,859.93,817.63,867.71,809.80,859.93,809.80,867.71][0m
[0m[INFO] [1786172796.615229916] [my_drone_dds_wasd_control]: STATE arm=2 nav=14 NED=(0.048,-0.383,-0.934) vel=(-0.001,0.007,-0.068) yaw_deg=100.0 failsafe=False age_s=(0.35,0.02) arm_torque_nm=0.000 motors=[827.57,870.03,827.57,879.74,818.00,870.03,818.00,879.74][0m
[0m[INFO] [1786172797.628171718] [my_drone_dds_wasd_control]: STATE arm=2 nav=14 NED=(0.053,-0.370,-0.979) vel=(0.006,-0.006,-0.003) yaw_deg=99.9 failsafe=False age_s=(0.35,0.02) arm_torque_nm=0.063 motors=[833.15,875.83,833.16,884.05,824.83,875.84,824.83,884.05][0m
[0m[INFO] [1786172798.614787832] [my_drone_dds_wasd_control]: STATE arm=2 nav=14 NED=(0.063,-0.362,-1.037) vel=(0.013,0.010,-0.045) yaw_deg=99.9 failsafe=False age_s=(0.34,0.02) arm_torque_nm=0.125 motors=[828.32,869.84,828.32,878.69,819.54,869.84,819.55,878.69][0m
[0m[INFO] [1786172799.668326590] [my_drone_dds_wasd_control]: STATE arm=2 nav=14 NED=(0.091,-0.346,-1.123) vel=(0.017,0.006,0.036) yaw_deg=100.0 failsafe=False age_s=(0.38,0.01) arm_torque_nm=0.124 motors=[837.38,881.00,837.38,890.01,828.49,881.00,828.49,890.02][0m
[0m[INFO] [1786172800.671048663] [my_drone_dds_wasd_control]: STATE arm=2 nav=14 NED=(0.069,-0.352,-1.172) vel=(-0.009,-0.014,-0.058) yaw_deg=99.9 failsafe=False age_s=(0.37,0.01) arm_torque_nm=0.033 motors=[823.32,865.13,823.32,873.94,814.44,865.13,814.44,873.94][0m
[0m[INFO] [1786172801.727256923] [my_drone_dds_wasd_control]: STATE arm=2 nav=14 NED=(0.039,-0.356,-1.308) vel=(-0.004,0.004,-0.003) yaw_deg=99.9 failsafe=False age_s=(0.41,0.02) arm_torque_nm=0.078 motors=[827.47,869.77,827.47,877.82,819.43,869.77,819.43,877.82][0m
[0m[INFO] [1786172802.775106955] [my_drone_dds_wasd_control]: STATE arm=2 nav=14 NED=(0.071,-0.358,-1.443) vel=(0.024,-0.005,0.012) yaw_deg=99.9 failsafe=False age_s=(0.46,0.01) arm_torque_nm=0.070 motors=[824.78,867.59,824.79,876.13,816.00,867.60,816.00,876.13][0m
Traceback (most recent call last):
  File "/mnt/e/清洁无人机/drone_sim_ws/scripts/test_ros2_dds_arm_flight_pty.py", line 368, in <module>
    raise SystemExit(main())
                     ^^^^^^
  File "/mnt/e/清洁无人机/drone_sim_ws/scripts/test_ros2_dds_arm_flight_pty.py", line 287, in main
    raise RuntimeError("flight controller did not finish before timeout")
RuntimeError: flight controller did not finish before timeout
