DDS WASD: T takeoff | W/S/A/D move | R/F up/down | Q/E yaw | L land | O exit Offboard | X twice emergency disarm | Z safe exit
[0m[INFO] [1786147786.440224878] [my_drone_dds_wasd_control]: NED target initialized: N=0.003 E=-0.042 D=0.038 yaw=94.1 deg[0m
[0m[INFO] [1786147786.483893500] [my_drone_dds_wasd_control]: local vertical target sign=-1 (target = current + sign * height)[0m
[0m[INFO] [1786147786.567748021] [my_drone_dds_wasd_control]: STATE arm=1 nav=4 NED=(0.008,-0.038,0.036) vel=(0.011,-0.010,0.001) yaw_deg=94.1 failsafe=False age_s=(0.04,0.01) arm_torque_nm=0.000 motors=[0.00,0.00,0.00,0.00,0.00,0.00,0.00,0.00][0m
[0m[INFO] [1786147787.631242402] [my_drone_dds_wasd_control]: STATE arm=1 nav=4 NED=(0.007,-0.009,0.042) vel=(0.008,0.011,0.003) yaw_deg=94.1 failsafe=False age_s=(0.13,0.02) arm_torque_nm=0.000 motors=[0.00,0.00,0.00,0.00,0.00,0.00,0.00,0.00][0m
[0m[INFO] [1786147788.624471653] [my_drone_dds_wasd_control]: STATE arm=1 nav=4 NED=(0.015,-0.007,0.039) vel=(0.010,0.007,0.001) yaw_deg=94.1 failsafe=False age_s=(0.13,0.02) arm_torque_nm=0.000 motors=[0.00,0.00,0.00,0.00,0.00,0.00,0.00,0.00][0m
[0m[INFO] [1786147788.660064096] [my_drone_dds_wasd_control]: target NED=(0.01, -0.01, -1.16) yaw=94.1 deg[0m
[0m[INFO] [1786147788.701379377] [my_drone_dds_wasd_control]: Prestreaming Offboard setpoints for 2 seconds[0m
[0m[INFO] [1786147789.637405482] [my_drone_dds_wasd_control]: STATE arm=1 nav=4 NED=(0.003,0.007,0.016) vel=(0.001,0.017,-0.007) yaw_deg=94.2 failsafe=False age_s=(0.36,0.02) arm_torque_nm=0.000 motors=[0.00,0.00,0.00,0.00,0.00,0.00,0.00,0.00][0m
[0m[INFO] [1786147790.663018776] [my_drone_dds_wasd_control]: STATE arm=1 nav=4 NED=(0.001,0.010,0.010) vel=(-0.000,0.013,-0.008) yaw_deg=94.2 failsafe=False age_s=(0.40,0.01) arm_torque_nm=0.000 motors=[0.00,0.00,0.00,0.00,0.00,0.00,0.00,0.00][0m
[0m[INFO] [1786147790.709016708] [my_drone_dds_wasd_control]: OFFBOARD mode and ARM commands sent[0m
[0m[INFO] [1786147790.766899055] [my_drone_dds_wasd_control]: PX4 command ack: command=400 result=0[0m
[0m[INFO] [1786147791.717461096] [my_drone_dds_wasd_control]: STATE arm=2 nav=14 NED=(-0.007,0.014,0.008) vel=(-0.009,0.013,-0.005) yaw_deg=94.2 failsafe=False age_s=(0.48,0.02) arm_torque_nm=0.000 motors=[0.00,4.56,0.00,0.12,1.83,4.56,1.83,0.12][0m
[0m[INFO] [1786147792.767672098] [my_drone_dds_wasd_control]: STATE arm=2 nav=14 NED=(-0.007,0.019,0.018) vel=(-0.012,0.013,-0.000) yaw_deg=94.2 failsafe=False age_s=(0.47,0.01) arm_torque_nm=0.000 motors=[223.71,237.95,223.70,238.41,224.21,237.94,224.22,238.43][0m
[0m[INFO] [1786147793.770004839] [my_drone_dds_wasd_control]: STATE arm=2 nav=14 NED=(-0.012,0.015,0.021) vel=(-0.017,0.009,0.000) yaw_deg=94.2 failsafe=False age_s=(0.00,0.02) arm_torque_nm=0.000 motors=[507.19,536.78,507.17,540.51,504.66,536.77,504.68,540.52][0m
[0m[INFO] [1786147794.829501664] [my_drone_dds_wasd_control]: STATE arm=2 nav=14 NED=(-0.028,-0.006,0.030) vel=(-0.018,-0.004,-0.007) yaw_deg=94.2 failsafe=False age_s=(0.04,0.01) arm_torque_nm=0.000 motors=[795.45,844.16,795.42,852.25,790.17,844.13,790.21,852.28][0m
[0m[INFO] [1786147795.867367036] [my_drone_dds_wasd_control]: STATE arm=2 nav=14 NED=(-0.033,-0.004,0.037) vel=(-0.011,0.003,0.007) yaw_deg=94.2 failsafe=False age_s=(0.08,0.02) arm_torque_nm=0.000 motors=[815.37,839.96,815.37,843.27,812.11,839.96,812.11,843.27][0m
[0m[INFO] [1786147796.880516623] [my_drone_dds_wasd_control]: STATE arm=2 nav=14 NED=(-0.011,0.018,0.029) vel=(0.008,0.010,-0.059) yaw_deg=94.4 failsafe=False age_s=(0.08,0.02) arm_torque_nm=0.000 motors=[799.32,836.80,799.20,840.22,805.64,836.68,805.76,840.33][0m
[0m[INFO] [1786147797.866215626] [my_drone_dds_wasd_control]: STATE arm=2 nav=14 NED=(-0.004,0.005,0.009) vel=(0.021,-0.017,-0.028) yaw_deg=94.2 failsafe=False age_s=(0.07,0.02) arm_torque_nm=0.000 motors=[779.99,890.30,779.93,858.13,817.63,890.24,817.70,858.19][0m
[0m[INFO] [1786147798.939355228] [my_drone_dds_wasd_control]: STATE arm=2 nav=14 NED=(-0.011,0.006,0.006) vel=(0.006,-0.012,-0.017) yaw_deg=94.2 failsafe=False age_s=(0.11,0.01) arm_torque_nm=0.000 motors=[820.94,855.38,820.87,863.24,818.99,855.31,819.06,863.31][0m
[0m[INFO] [1786147799.966042999] [my_drone_dds_wasd_control]: STATE arm=2 nav=14 NED=(-0.025,0.030,-0.014) vel=(0.009,-0.006,-0.015) yaw_deg=94.1 failsafe=False age_s=(0.15,0.02) arm_torque_nm=0.000 motors=[821.76,869.27,821.78,871.58,817.82,869.29,817.81,871.56][0m
[0m[INFO] [1786147800.971148479] [my_drone_dds_wasd_control]: STATE arm=2 nav=14 NED=(-0.037,0.020,0.022) vel=(-0.001,0.021,-0.008) yaw_deg=94.0 failsafe=False age_s=(0.14,0.00) arm_torque_nm=0.000 motors=[852.38,851.11,852.43,850.95,848.18,851.17,848.13,850.89][0m
[0m[INFO] [1786147802.026936393] [my_drone_dds_wasd_control]: STATE arm=2 nav=14 NED=(-0.046,0.018,-0.030) vel=(-0.002,-0.003,-0.179) yaw_deg=94.0 failsafe=False age_s=(0.13,0.01) arm_torque_nm=0.016 motors=[824.64,838.80,824.71,840.67,817.63,838.86,817.56,840.61][0m
[0m[INFO] [1786147802.991971265] [my_drone_dds_wasd_control]: STATE arm=2 nav=14 NED=(-0.062,0.042,-0.083) vel=(-0.001,-0.017,-0.322) yaw_deg=94.1 failsafe=False age_s=(0.10,0.00) arm_torque_nm=0.018 motors=[776.14,846.08,776.18,836.13,782.55,846.12,782.51,836.09][0m
[0m[INFO] [1786147804.017204767] [my_drone_dds_wasd_control]: STATE arm=2 nav=14 NED=(-0.038,0.080,-0.140) vel=(-0.003,0.038,0.054) yaw_deg=94.4 failsafe=False age_s=(0.14,0.01) arm_torque_nm=0.000 motors=[866.22,887.75,866.17,897.34,861.01,887.70,861.06,897.39][0m
[0m[INFO] [1786147805.013644325] [my_drone_dds_wasd_control]: STATE arm=2 nav=14 NED=(-0.044,0.082,-0.100) vel=(0.012,0.051,-0.117) yaw_deg=92.2 failsafe=False age_s=(0.13,0.01) arm_torque_nm=0.001 motors=[833.37,915.43,834.78,804.79,826.26,916.83,824.86,803.38][0m
[0m[INFO] [1786147806.023221080] [my_drone_dds_wasd_control]: STATE arm=2 nav=14 NED=(-0.073,0.093,-0.058) vel=(-0.041,0.087,0.110) yaw_deg=95.4 failsafe=False age_s=(0.12,0.01) arm_torque_nm=0.000 motors=[864.83,885.56,863.94,957.06,867.38,884.67,868.27,957.95][0m
[0m[INFO] [1786147807.023312946] [my_drone_dds_wasd_control]: STATE arm=2 nav=14 NED=(-0.159,0.025,-0.050) vel=(-0.227,-0.214,0.061) yaw_deg=96.5 failsafe=False age_s=(0.11,0.01) arm_torque_nm=0.000 motors=[858.05,871.39,856.60,984.09,866.71,869.94,868.16,985.53][0m
[0m[INFO] [1786147808.083193917] [my_drone_dds_wasd_control]: STATE arm=2 nav=14 NED=(-0.333,-0.140,-0.283) vel=(-0.019,0.013,-0.018) yaw_deg=93.2 failsafe=False age_s=(0.15,0.01) arm_torque_nm=0.000 motors=[888.32,901.36,889.00,873.50,859.52,902.04,858.84,872.83][0m
[0m[INFO] [1786147809.221058299] [my_drone_dds_wasd_control]: STATE arm=2 nav=14 NED=(-0.230,0.017,-0.511) vel=(0.111,0.135,-0.040) yaw_deg=93.7 failsafe=False age_s=(0.19,0.02) arm_torque_nm=0.000 motors=[842.97,859.41,842.84,867.74,846.27,859.27,846.41,867.88][0m
[0m[INFO] [1786147812.723974172] [my_drone_dds_wasd_control]: STATE arm=2 nav=14 NED=(-0.141,-0.010,-0.212) vel=(0.004,-0.230,0.294) yaw_deg=94.7 failsafe=False age_s=(0.21,0.01) arm_torque_nm=0.000 motors=[920.22,908.39,919.55,976.74,908.30,907.71,908.97,977.41][0m
[0m[INFO] [1786147813.794616782] [my_drone_dds_wasd_control]: STATE arm=2 nav=14 NED=(-0.180,-0.130,-0.189) vel=(0.010,0.065,0.338) yaw_deg=93.1 failsafe=False age_s=(0.26,0.00) arm_torque_nm=0.000 motors=[944.97,974.18,945.34,966.61,921.91,974.55,921.54,966.24][0m
[0m[INFO] [1786147814.785302202] [my_drone_dds_wasd_control]: STATE arm=2 nav=14 NED=(-0.175,-0.087,-0.094) vel=(0.003,0.038,0.721) yaw_deg=94.3 failsafe=False age_s=(0.25,0.00) arm_torque_nm=0.000 motors=[974.97,1000.00,974.69,1000.00,980.49,1000.00,980.77,1000.00][0m
[0m[INFO] [1786147815.821391882] [my_drone_dds_wasd_control]: STATE arm=2 nav=14 NED=(-0.242,-0.071,-0.261) vel=(-0.046,0.034,0.216) yaw_deg=93.2 failsafe=False age_s=(0.29,0.01) arm_torque_nm=0.000 motors=[944.02,983.93,944.74,945.97,921.77,984.64,921.05,945.25][0m
[0m[INFO] [1786147816.877046739] [my_drone_dds_wasd_control]: STATE arm=2 nav=14 NED=(-0.226,-0.007,-0.590) vel=(0.018,0.044,0.171) yaw_deg=94.8 failsafe=False age_s=(0.34,0.00) arm_torque_nm=0.000 motors=[878.98,914.33,878.48,942.96,891.47,913.84,891.96,943.45][0m
[0m[INFO] [1786147817.873146121] [my_drone_dds_wasd_control]: STATE arm=2 nav=14 NED=(-0.231,0.033,-0.713) vel=(0.021,0.040,-0.064) yaw_deg=93.7 failsafe=False age_s=(0.33,0.00) arm_torque_nm=0.000 motors=[857.32,878.16,857.56,870.07,845.56,878.40,845.33,869.83][0m
[0m[INFO] [1786147818.934401377] [my_drone_dds_wasd_control]: STATE arm=2 nav=14 NED=(-0.177,0.065,-0.768) vel=(0.035,0.017,-0.115) yaw_deg=94.1 failsafe=False age_s=(0.37,0.01) arm_torque_nm=0.000 motors=[842.91,868.70,842.95,872.28,835.86,868.74,835.82,872.24][0m
[0m[INFO] [1786147819.960599123] [my_drone_dds_wasd_control]: STATE arm=2 nav=14 NED=(-0.129,0.065,-0.623) vel=(0.012,-0.038,-0.138) yaw_deg=94.2 failsafe=False age_s=(0.41,0.00) arm_torque_nm=0.000 motors=[823.09,890.55,823.00,910.53,811.01,890.45,811.11,910.63][0m
[0m[INFO] [1786147820.966043072] [my_drone_dds_wasd_control]: STATE arm=2 nav=14 NED=(-0.103,0.050,-0.681) vel=(0.005,0.008,-0.023) yaw_deg=94.0 failsafe=False age_s=(0.40,0.00) arm_torque_nm=0.000 motors=[869.20,896.34,869.29,898.61,859.77,896.43,859.69,898.53][0m
[0m[INFO] [1786147821.965247500] [my_drone_dds_wasd_control]: STATE arm=2 nav=14 NED=(-0.134,0.043,-0.666) vel=(-0.027,-0.022,0.003) yaw_deg=94.4 failsafe=False age_s=(0.40,0.00) arm_torque_nm=0.000 motors=[865.55,905.26,865.34,931.16,857.01,905.06,857.22,931.37][0m
[0m[INFO] [1786147822.976704956] [my_drone_dds_wasd_control]: STATE arm=2 nav=14 NED=(-0.154,0.012,-0.898) vel=(-0.003,0.028,-0.112) yaw_deg=93.7 failsafe=False age_s=(0.39,0.00) arm_torque_nm=0.000 motors=[851.36,873.10,851.61,867.52,836.33,873.35,836.08,867.27][0m
[0m[INFO] [1786147823.959929431] [my_drone_dds_wasd_control]: STATE arm=2 nav=14 NED=(-0.134,0.037,-1.123) vel=(0.012,0.025,0.008) yaw_deg=94.1 failsafe=False age_s=(0.38,0.01) arm_torque_nm=0.000 motors=[861.17,882.02,861.15,887.21,857.26,882.00,857.28,887.22][0m
[0m[INFO] [1786147825.017033868] [my_drone_dds_wasd_control]: STATE arm=2 nav=14 NED=(-0.114,0.042,-1.394) vel=(0.006,0.012,0.044) yaw_deg=94.1 failsafe=False age_s=(0.42,0.01) arm_torque_nm=0.000 motors=[848.54,870.03,848.50,876.57,845.82,869.98,845.86,876.62][0m
[0m[INFO] [1786147826.058875226] [my_drone_dds_wasd_control]: STATE arm=2 nav=14 NED=(-0.107,0.060,-1.531) vel=(-0.008,0.008,0.099) yaw_deg=94.2 failsafe=False age_s=(0.46,0.00) arm_torque_nm=0.000 motors=[852.74,872.61,852.72,877.76,849.59,872.58,849.62,877.79][0m
[0m[INFO] [1786147827.158996884] [my_drone_dds_wasd_control]: STATE arm=2 nav=14 NED=(-0.127,0.049,-1.519) vel=(-0.011,0.003,0.104) yaw_deg=94.1 failsafe=False age_s=(0.00,0.01) arm_torque_nm=0.000 motors=[856.44,873.19,856.41,877.62,854.14,873.16,854.17,877.64][0m
[0m[INFO] [1786147828.113938837] [my_drone_dds_wasd_control]: STATE arm=2 nav=14 NED=(-0.155,0.051,-1.390) vel=(-0.018,-0.028,0.000) yaw_deg=94.4 failsafe=False age_s=(0.50,0.01) arm_torque_nm=0.000 motors=[841.33,865.81,841.16,877.84,843.32,865.64,843.49,878.01][0m
[0m[INFO] [1786147829.167195757] [my_drone_dds_wasd_control]: STATE arm=2 nav=14 NED=(-0.165,0.034,-1.300) vel=(0.005,-0.024,0.136) yaw_deg=94.1 failsafe=False age_s=(0.04,0.00) arm_torque_nm=0.000 motors=[849.16,899.80,849.08,913.72,842.32,899.71,842.41,913.81][0m
[0m[INFO] [1786147830.162892348] [my_drone_dds_wasd_control]: STATE arm=2 nav=14 NED=(-0.168,0.021,-1.454) vel=(0.001,0.048,0.053) yaw_deg=94.0 failsafe=False age_s=(0.03,0.00) arm_torque_nm=0.000 motors=[856.37,877.45,856.53,874.15,845.79,877.62,845.63,873.98][0m
[0m[INFO] [1786147831.208641011] [my_drone_dds_wasd_control]: STATE arm=2 nav=14 NED=(-0.168,0.080,-1.589) vel=(0.014,0.020,-0.021) yaw_deg=94.1 failsafe=False age_s=(0.07,0.01) arm_torque_nm=0.000 motors=[825.91,843.20,825.91,846.63,822.46,843.20,822.46,846.62][0m
[0m[INFO] [1786147832.210561013] [my_drone_dds_wasd_control]: STATE arm=2 nav=14 NED=(-0.169,0.073,-1.452) vel=(0.004,0.011,0.175) yaw_deg=94.1 failsafe=False age_s=(0.06,0.01) arm_torque_nm=0.000 motors=[874.13,892.74,874.09,898.16,872.03,892.71,872.07,898.20][0m
[0m[INFO] [1786147833.273840463] [my_drone_dds_wasd_control]: STATE arm=2 nav=14 NED=(-0.203,0.028,-1.154) vel=(-0.017,-0.049,0.066) yaw_deg=94.2 failsafe=False age_s=(0.10,0.00) arm_torque_nm=0.000 motors=[880.26,889.22,880.32,884.20,880.69,889.27,880.63,884.14][0m
[0m[INFO] [1786147834.272930849] [my_drone_dds_wasd_control]: STATE arm=2 nav=14 NED=(-0.217,0.061,-0.906) vel=(0.008,0.002,0.031) yaw_deg=94.3 failsafe=False age_s=(0.10,0.00) arm_torque_nm=0.000 motors=[876.50,886.31,876.31,904.35,873.99,886.13,874.18,904.53][0m
[0m[INFO] [1786147835.263185415] [my_drone_dds_wasd_control]: STATE arm=2 nav=14 NED=(-0.200,0.091,-0.938) vel=(0.028,0.040,-0.098) yaw_deg=94.0 failsafe=False age_s=(0.08,0.00) arm_torque_nm=0.000 motors=[855.07,870.70,855.14,871.59,847.91,870.78,847.84,871.51][0m
[0m[INFO] [1786147836.265313696] [my_drone_dds_wasd_control]: STATE arm=2 nav=14 NED=(-0.162,0.095,-0.903) vel=(0.015,-0.043,-0.308) yaw_deg=94.3 failsafe=False age_s=(0.08,0.00) arm_torque_nm=0.001 motors=[813.49,836.21,813.30,852.51,812.94,836.02,813.13,852.70][0m
[0m[INFO] [1786147837.330066916] [my_drone_dds_wasd_control]: STATE arm=2 nav=14 NED=(-0.160,0.055,-0.883) vel=(0.007,0.030,-0.029) yaw_deg=94.0 failsafe=False age_s=(0.12,0.01) arm_torque_nm=0.000 motors=[875.30,894.93,875.30,900.46,869.68,894.93,869.68,900.46][0m
[0m[INFO] [1786147838.368680115] [my_drone_dds_wasd_control]: STATE arm=2 nav=14 NED=(-0.162,0.091,-1.002) vel=(-0.002,0.021,-0.047) yaw_deg=94.1 failsafe=False age_s=(0.16,0.00) arm_torque_nm=0.000 motors=[868.25,885.42,868.36,883.24,861.33,885.53,861.22,883.13][0m
[0m[INFO] [1786147839.364859250] [my_drone_dds_wasd_control]: STATE arm=2 nav=14 NED=(-0.154,0.102,-0.968) vel=(0.002,0.007,-0.028) yaw_deg=94.2 failsafe=False age_s=(0.15,0.00) arm_torque_nm=0.000 motors=[870.37,887.47,870.34,892.75,867.48,887.44,867.51,892.77][0m
[0m[INFO] [1786147840.366470641] [my_drone_dds_wasd_control]: STATE arm=2 nav=14 NED=(-0.175,0.079,-0.872) vel=(0.002,-0.008,-0.021) yaw_deg=94.1 failsafe=False age_s=(0.14,0.00) arm_torque_nm=0.000 motors=[866.04,883.00,866.03,886.01,863.67,882.99,863.67,886.02][0m
[0m[INFO] [1786147841.420826251] [my_drone_dds_wasd_control]: STATE arm=2 nav=14 NED=(-0.156,0.077,-0.648) vel=(0.013,-0.003,-0.150) yaw_deg=94.2 failsafe=False age_s=(0.19,0.01) arm_torque_nm=0.000 motors=[865.61,883.28,865.59,887.80,862.69,883.26,862.71,887.81][0m
[0m[INFO] [1786147842.475759972] [my_drone_dds_wasd_control]: STATE arm=2 nav=14 NED=(-0.130,0.060,-0.550) vel=(0.006,-0.008,-0.180) yaw_deg=94.1 failsafe=False age_s=(0.23,0.00) arm_torque_nm=0.000 motors=[865.46,879.49,865.50,880.70,860.55,879.53,860.51,880.65][0m
[0m[INFO] [1786147843.514482235] [my_drone_dds_wasd_control]: STATE arm=2 nav=14 NED=(-0.156,0.062,-0.480) vel=(-0.010,0.001,-0.233) yaw_deg=94.3 failsafe=False age_s=(0.27,0.01) arm_torque_nm=0.000 motors=[859.74,875.64,859.62,882.92,862.23,875.52,862.34,883.03][0m
[0m[INFO] [1786147846.168994917] [my_drone_dds_wasd_control]: STATE arm=2 nav=14 NED=(-0.148,0.072,-0.557) vel=(0.012,0.006,-0.220) yaw_deg=94.1 failsafe=False age_s=(0.29,0.02) arm_torque_nm=0.000 motors=[860.05,874.38,860.02,879.00,858.12,874.35,858.15,879.04][0m
[0m[INFO] [1786147847.166932259] [my_drone_dds_wasd_control]: STATE arm=2 nav=14 NED=(-0.148,0.070,-0.650) vel=(0.000,-0.007,-0.198) yaw_deg=94.1 failsafe=False age_s=(0.28,0.02) arm_torque_nm=0.000 motors=[853.43,866.28,853.48,867.03,848.72,866.32,848.67,866.98][0m
[0m[INFO] [1786147848.177315334] [my_drone_dds_wasd_control]: STATE arm=2 nav=14 NED=(-0.157,0.058,-0.488) vel=(-0.018,-0.031,-0.238) yaw_deg=94.6 failsafe=False age_s=(0.27,0.00) arm_torque_nm=0.000 motors=[857.59,868.99,857.29,886.88,864.68,868.69,864.98,887.18][0m
[0m[INFO] [1786147849.223831355] [my_drone_dds_wasd_control]: STATE arm=2 nav=14 NED=(-0.173,0.070,-0.470) vel=(0.006,0.018,-0.130) yaw_deg=94.1 failsafe=False age_s=(0.31,0.01) arm_torque_nm=0.000 motors=[866.37,903.75,866.29,913.58,863.00,903.67,863.08,913.66][0m
[0m[INFO] [1786147850.213312236] [my_drone_dds_wasd_control]: STATE arm=2 nav=14 NED=(-0.139,-0.061,-0.448) vel=(0.005,-0.141,-0.230) yaw_deg=94.2 failsafe=False age_s=(0.30,0.01) arm_torque_nm=0.006 motors=[886.67,860.52,886.64,868.13,881.82,860.49,881.86,868.16][0m
[0m[INFO] [1786147851.218935345] [my_drone_dds_wasd_control]: STATE arm=2 nav=14 NED=(-0.155,-0.036,-0.579) vel=(0.001,0.112,-0.186) yaw_deg=94.4 failsafe=False age_s=(0.30,0.01) arm_torque_nm=0.000 motors=[862.37,877.14,862.06,900.75,864.60,876.83,864.91,901.06][0m
[0m[INFO] [1786147852.255976484] [my_drone_dds_wasd_control]: STATE arm=2 nav=14 NED=(-0.159,0.052,-0.938) vel=(-0.002,0.076,-0.143) yaw_deg=93.9 failsafe=False age_s=(0.34,0.00) arm_torque_nm=0.000 motors=[859.50,877.15,859.55,878.97,853.55,877.20,853.50,878.92][0m
[0m[INFO] [1786147853.250202889] [my_drone_dds_wasd_control]: STATE arm=2 nav=14 NED=(-0.126,0.110,-1.269) vel=(0.016,0.035,-0.021) yaw_deg=94.0 failsafe=False age_s=(0.33,0.00) arm_torque_nm=0.000 motors=[856.01,873.28,856.05,874.83,851.20,873.32,851.16,874.79][0m
[0m[INFO] [1786147854.313491000] [my_drone_dds_wasd_control]: STATE arm=2 nav=14 NED=(-0.085,0.135,-1.518) vel=(0.002,0.003,0.383) yaw_deg=94.1 failsafe=False age_s=(0.37,0.01) arm_torque_nm=0.000 motors=[895.19,912.71,895.20,916.42,890.93,912.72,890.93,916.41][0m
[0m[INFO] [1786147855.322991479] [my_drone_dds_wasd_control]: STATE arm=2 nav=14 NED=(-0.104,0.109,-1.614) vel=(-0.017,-0.018,0.346) yaw_deg=94.1 failsafe=False age_s=(0.37,0.01) arm_torque_nm=0.000 motors=[882.09,900.37,882.09,903.17,878.60,900.38,878.59,903.16][0m
[0m[INFO] [1786147856.367389158] [my_drone_dds_wasd_control]: STATE arm=2 nav=14 NED=(-0.124,0.058,-1.485) vel=(-0.015,-0.018,0.279) yaw_deg=94.1 failsafe=False age_s=(0.41,0.02) arm_torque_nm=0.000 motors=[907.92,927.16,907.93,930.39,903.62,927.17,903.61,930.38][0m
[0m[INFO] [1786147857.364460826] [my_drone_dds_wasd_control]: STATE arm=2 nav=14 NED=(-0.134,0.024,-1.242) vel=(-0.027,-0.080,0.133) yaw_deg=94.5 failsafe=False age_s=(0.40,0.00) arm_torque_nm=0.000 motors=[879.70,939.43,879.36,975.14,871.91,939.10,872.25,975.47][0m
[0m[INFO] [1786147858.382810390] [my_drone_dds_wasd_control]: STATE arm=2 nav=14 NED=(-0.193,-0.052,-1.315) vel=(-0.010,0.030,0.077) yaw_deg=93.6 failsafe=False age_s=(0.39,0.00) arm_torque_nm=0.000 motors=[879.62,915.02,879.95,901.53,865.54,915.35,865.21,901.20][0m
[0m[INFO] [1786147859.377292739] [my_drone_dds_wasd_control]: STATE arm=2 nav=14 NED=(-0.146,-0.050,-1.269) vel=(0.034,-0.025,0.269) yaw_deg=94.2 failsafe=False age_s=(0.38,0.00) arm_torque_nm=0.000 motors=[919.95,914.84,919.73,940.11,912.77,914.62,912.99,940.33][0m
[0m[INFO] [1786147860.433901237] [my_drone_dds_wasd_control]: STATE arm=2 nav=14 NED=(-0.130,-0.001,-1.457) vel=(0.002,0.094,-0.052) yaw_deg=94.1 failsafe=False age_s=(0.43,0.01) arm_torque_nm=0.000 motors=[846.19,869.90,846.22,874.34,839.14,869.93,839.11,874.31][0m
[0m[INFO] [1786147861.479514113] [my_drone_dds_wasd_control]: STATE arm=2 nav=14 NED=(-0.112,0.071,-1.395) vel=(-0.000,0.028,0.013) yaw_deg=94.0 failsafe=False age_s=(0.47,0.00) arm_torque_nm=0.000 motors=[846.45,889.25,846.48,894.82,837.88,889.28,837.85,894.78][0m
[0m[INFO] [1786147862.480808151] [my_drone_dds_wasd_control]: STATE arm=2 nav=14 NED=(-0.116,0.087,-1.130) vel=(-0.010,-0.003,-0.027) yaw_deg=94.1 failsafe=False age_s=(0.46,0.00) arm_torque_nm=0.000 motors=[870.74,918.02,870.74,926.55,862.49,918.02,862.50,926.55][0m
[0m[INFO] [1786147863.520700178] [my_drone_dds_wasd_control]: STATE arm=2 nav=14 NED=(-0.103,0.053,-0.979) vel=(-0.014,-0.012,-0.101) yaw_deg=94.1 failsafe=False age_s=(0.50,0.01) arm_torque_nm=0.050 motors=[863.87,887.66,864.02,881.61,857.65,887.80,857.50,881.46][0m
[0m[INFO] [1786147864.511427555] [my_drone_dds_wasd_control]: STATE arm=2 nav=14 NED=(-0.118,0.083,-0.866) vel=(-0.023,-0.013,-0.147) yaw_deg=94.5 failsafe=False age_s=(0.49,0.01) arm_torque_nm=0.000 motors=[840.22,893.24,839.88,931.75,829.72,892.90,830.06,932.09][0m
[0m[INFO] [1786147865.562348366] [my_drone_dds_wasd_control]: STATE arm=2 nav=14 NED=(-0.141,0.010,-0.991) vel=(0.006,-0.013,-0.207) yaw_deg=93.5 failsafe=False age_s=(0.03,0.00) arm_torque_nm=0.000 motors=[835.58,888.14,836.02,866.39,820.18,888.58,819.73,865.94][0m
[0m[INFO] [1786147866.619268196] [my_drone_dds_wasd_control]: STATE arm=2 nav=14 NED=(-0.121,0.053,-1.174) vel=(0.002,0.040,-0.093) yaw_deg=94.4 failsafe=False age_s=(0.07,0.01) arm_torque_nm=0.000 motors=[845.78,870.89,845.68,880.54,844.35,870.79,844.45,880.64][0m
[0m[INFO] [1786147867.614801061] [my_drone_dds_wasd_control]: STATE arm=2 nav=14 NED=(-0.088,0.099,-1.269) vel=(0.010,0.029,-0.073) yaw_deg=94.1 failsafe=False age_s=(0.06,0.01) arm_torque_nm=0.014 motors=[842.61,862.74,842.57,869.04,840.02,862.70,840.07,869.08][0m
[0m[INFO] [1786147868.635499032] [my_drone_dds_wasd_control]: STATE arm=2 nav=14 NED=(-0.085,0.116,-1.153) vel=(-0.018,-0.012,-0.051) yaw_deg=94.1 failsafe=False age_s=(0.05,0.01) arm_torque_nm=0.000 motors=[846.41,883.05,846.43,889.54,838.60,883.07,838.58,889.53][0m
[0m[INFO] [1786147869.722558582] [my_drone_dds_wasd_control]: STATE arm=2 nav=14 NED=(-0.110,0.087,-1.058) vel=(-0.022,-0.018,0.058) yaw_deg=94.2 failsafe=False age_s=(0.10,0.00) arm_torque_nm=0.000 motors=[864.47,892.29,864.35,908.09,857.99,892.18,858.11,908.20][0m
[0m[INFO] [1786147870.720326552] [my_drone_dds_wasd_control]: STATE arm=2 nav=14 NED=(-0.137,0.071,-1.193) vel=(-0.015,0.001,-0.036) yaw_deg=93.8 failsafe=False age_s=(0.14,0.01) arm_torque_nm=0.000 motors=[865.99,884.30,866.26,875.58,852.66,884.56,852.39,875.31][0m
[0m[INFO] [1786147871.777268368] [my_drone_dds_wasd_control]: STATE arm=2 nav=14 NED=(-0.121,0.090,-1.257) vel=(0.005,0.011,0.016) yaw_deg=94.1 failsafe=False age_s=(0.18,0.00) arm_torque_nm=0.049 motors=[863.06,880.73,863.10,882.71,858.29,880.76,858.26,882.68][0m
[0m[INFO] [1786147872.811534362] [my_drone_dds_wasd_control]: STATE arm=2 nav=14 NED=(-0.126,0.094,-1.223) vel=(-0.005,-0.019,-0.049) yaw_deg=94.2 failsafe=False age_s=(0.22,0.01) arm_torque_nm=0.000 motors=[855.70,871.86,855.64,878.45,853.93,871.80,853.99,878.51][0m
[0m[INFO] [1786147873.825050296] [my_drone_dds_wasd_control]: STATE arm=2 nav=14 NED=(-0.148,0.057,-1.213) vel=(-0.006,-0.013,-0.052) yaw_deg=94.2 failsafe=False age_s=(0.21,0.01) arm_torque_nm=0.000 motors=[856.37,872.19,856.33,878.07,854.13,872.15,854.17,878.12][0m
[0m[INFO] [1786147874.817325903] [my_drone_dds_wasd_control]: STATE arm=2 nav=14 NED=(-0.154,0.061,-1.217) vel=(0.001,0.012,-0.012) yaw_deg=94.2 failsafe=False age_s=(0.21,0.01) arm_torque_nm=0.000 motors=[863.77,879.88,863.76,883.85,860.38,879.88,860.38,883.85][0m
ARM_FLIGHT_HOVER_READY offboard_elapsed_s=80.8
[0m[INFO] [1786147875.814918661] [my_drone_dds_wasd_control]: STATE arm=2 nav=14 NED=(-0.141,0.092,-1.200) vel=(0.005,0.012,-0.032) yaw_deg=94.2 failsafe=False age_s=(0.20,0.01) arm_torque_nm=0.000 motors=[857.97,873.19,857.96,877.38,854.94,873.18,854.96,877.40][0m
[0m[INFO] [1786147876.825038700] [my_drone_dds_wasd_control]: STATE arm=2 nav=14 NED=(-0.177,0.104,-1.198) vel=(-0.005,0.011,-0.013) yaw_deg=94.2 failsafe=False age_s=(0.19,0.01) arm_torque_nm=0.000 motors=[863.42,880.80,863.40,885.05,861.46,880.78,861.48,885.08][0m
[0m[INFO] [1786147877.871664458] [my_drone_dds_wasd_control]: STATE arm=2 nav=14 NED=(-0.160,0.109,-1.198) vel=(0.009,-0.007,-0.005) yaw_deg=94.1 failsafe=False age_s=(0.22,0.01) arm_torque_nm=0.002 motors=[866.44,880.71,866.44,884.28,862.93,880.71,862.93,884.28][0m
[0m[INFO] [1786147878.974215433] [my_drone_dds_wasd_control]: STATE arm=2 nav=14 NED=(-0.165,0.092,-1.120) vel=(-0.002,-0.035,-0.033) yaw_deg=94.3 failsafe=False age_s=(0.22,0.01) arm_torque_nm=0.000 motors=[856.14,871.58,856.03,881.63,855.53,871.47,855.65,881.74][0m
[0m[INFO] [1786147879.901891974] [my_drone_dds_wasd_control]: STATE arm=2 nav=14 NED=(-0.183,0.062,-0.491) vel=(-0.004,-0.063,0.890) yaw_deg=94.0 failsafe=False age_s=(0.18,0.00) arm_torque_nm=0.000 motors=[950.36,1000.00,950.46,1000.00,925.98,1000.00,925.88,1000.00][0m
ARM_FLIGHT_SENT_work_a
[0m[INFO] [1786147880.951929008] [my_drone_dds_wasd_control]: STATE arm=2 nav=14 NED=(-0.286,-0.481,-0.110) vel=(-0.271,-0.914,-0.100) yaw_deg=104.2 failsafe=False age_s=(0.23,0.01) arm_torque_nm=0.000 motors=[801.70,730.29,794.15,1000.00,914.33,722.74,921.89,1000.00][0m
[0m[INFO] [1786147881.973276677] [my_drone_dds_wasd_control]: STATE arm=2 nav=14 NED=(-1.242,-1.937,0.143) vel=(-1.302,-1.816,-0.080) yaw_deg=104.1 failsafe=False age_s=(0.26,0.00) arm_torque_nm=0.000 motors=[866.45,908.20,861.48,1000.00,875.17,903.23,880.14,1000.00][0m
ARM_FLIGHT_SAFETY_ABORT drift=2.309m altitude_delta=0.135m
ARM_FLIGHT_SAFETY_LAND
[33m[WARN] [1786147882.064576768] [my_drone_dds_wasd_control]: LAND requested; Offboard setpoint stream stopped[0m
[0m[INFO] [1786147882.109749986] [my_drone_dds_wasd_control]: PX4 command ack: command=21 result=0[0m
[0m[INFO] [1786147882.965174347] [my_drone_dds_wasd_control]: STATE arm=2 nav=18 NED=(-2.396,-3.804,-0.034) vel=(-0.830,-1.732,-0.491) yaw_deg=106.1 failsafe=False age_s=(0.13,0.01) arm_torque_nm=0.000 motors=[774.06,897.41,771.71,1000.00,823.49,895.06,825.84,1000.00][0m
[0m[INFO] [1786147883.976932052] [my_drone_dds_wasd_control]: STATE arm=2 nav=18 NED=(-2.586,-4.616,0.232) vel=(0.092,-0.052,0.677) yaw_deg=102.0 failsafe=False age_s=(0.12,0.00) arm_torque_nm=0.000 motors=[885.23,913.79,886.74,911.51,761.80,915.29,760.30,910.01][0m
[0m[INFO] [1786147884.992796246] [my_drone_dds_wasd_control]: STATE arm=2 nav=18 NED=(-2.458,-4.581,0.574) vel=(0.103,-0.026,0.121) yaw_deg=106.5 failsafe=False age_s=(0.10,0.01) arm_torque_nm=2.320 motors=[494.56,935.47,491.45,1000.00,683.57,932.36,686.68,1000.00][0m
[0m[INFO] [1786147886.045200455] [my_drone_dds_wasd_control]: STATE arm=2 nav=18 NED=(-2.445,-4.634,0.556) vel=(0.025,-0.050,0.115) yaw_deg=105.7 failsafe=False age_s=(0.11,0.01) arm_torque_nm=0.045 motors=[478.26,1000.00,478.17,1000.00,520.06,1000.00,520.16,1000.00][0m
[0m[INFO] [1786147887.035944260] [my_drone_dds_wasd_control]: STATE arm=2 nav=18 NED=(-2.510,-4.650,0.526) vel=(-0.017,0.100,-0.135) yaw_deg=91.3 failsafe=False age_s=(0.09,0.01) arm_torque_nm=0.090 motors=[724.19,1000.00,732.46,747.83,413.25,1000.00,404.98,739.55][0m
[0m[INFO] [1786147888.066118787] [my_drone_dds_wasd_control]: STATE arm=2 nav=18 NED=(-2.478,-4.618,0.535) vel=(0.047,0.139,-0.110) yaw_deg=106.2 failsafe=False age_s=(0.09,0.02) arm_torque_nm=0.158 motors=[555.57,777.13,550.97,932.89,784.57,772.53,789.16,937.48][0m
[0m[INFO] [1786147889.080462444] [my_drone_dds_wasd_control]: STATE arm=2 nav=18 NED=(-2.455,-4.668,0.592) vel=(0.002,-0.115,-0.031) yaw_deg=110.8 failsafe=False age_s=(0.07,0.00) arm_torque_nm=0.117 motors=[547.05,891.94,544.12,1000.00,654.75,889.02,657.67,1000.00][0m
[INFO] [1786147889.283004021] [arm_preset_control]: Sent preset retracted over /arm_controller/joint_trajectory
[INFO] [1786147889.333703662] [arm_preset_control]: ARM_PRESET_REACHED preset=retracted max_error=0.004077 rad
[0m[INFO] [1786147890.109995591] [my_drone_dds_wasd_control]: STATE arm=2 nav=18 NED=(-2.479,-4.781,0.642) vel=(0.038,-0.042,-0.019) yaw_deg=88.1 failsafe=False age_s=(0.11,0.01) arm_torque_nm=0.112 motors=[562.67,1000.00,566.26,936.58,507.32,1000.00,503.73,932.99][0m
[0m[INFO] [1786147891.175277604] [my_drone_dds_wasd_control]: STATE arm=2 nav=18 NED=(-2.550,-4.823,0.662) vel=(0.042,-0.202,0.120) yaw_deg=72.8 failsafe=False age_s=(0.15,0.00) arm_torque_nm=0.265 motors=[807.18,1000.00,828.58,588.20,173.94,1000.00,152.54,566.79][0m
[0m[INFO] [1786147892.222983017] [my_drone_dds_wasd_control]: STATE arm=2 nav=18 NED=(-2.467,-4.906,0.704) vel=(0.015,-0.074,-0.018) yaw_deg=103.7 failsafe=False age_s=(0.20,0.01) arm_torque_nm=0.062 motors=[447.01,944.63,441.30,1000.00,644.22,938.93,649.93,1000.00][0m
[0m[INFO] [1786147893.223633907] [my_drone_dds_wasd_control]: STATE arm=2 nav=18 NED=(-2.364,-4.926,0.664) vel=(0.164,0.107,-0.065) yaw_deg=115.3 failsafe=False age_s=(0.19,0.01) arm_torque_nm=0.075 motors=[383.77,731.14,371.55,1000.00,1000.00,718.92,1000.00,1000.00][0m
[0m[INFO] [1786147896.445662726] [my_drone_dds_wasd_control]: STATE arm=2 nav=18 NED=(-2.242,-5.020,0.719) vel=(-0.011,-0.136,-0.019) yaw_deg=125.8 failsafe=False age_s=(0.23,0.00) arm_torque_nm=0.190 motors=[455.86,925.76,449.10,1000.00,672.66,919.01,679.41,1000.00][0m
[0m[INFO] [1786147897.446044410] [my_drone_dds_wasd_control]: STATE arm=2 nav=18 NED=(-2.341,-5.011,0.658) vel=(-0.182,0.164,-0.049) yaw_deg=99.7 failsafe=False age_s=(0.22,0.02) arm_torque_nm=0.297 motors=[953.63,893.67,957.99,761.41,720.09,898.04,715.73,757.04][0m
[0m[INFO] [1786147898.422376480] [my_drone_dds_wasd_control]: STATE arm=2 nav=18 NED=(-2.385,-4.842,0.710) vel=(0.102,-0.063,-0.057) yaw_deg=94.9 failsafe=False age_s=(0.20,0.01) arm_torque_nm=0.015 motors=[664.78,1000.00,665.40,909.39,737.71,1000.00,737.09,908.77][0m
[0m[INFO] [1786147899.491210908] [my_drone_dds_wasd_control]: STATE arm=2 nav=18 NED=(-2.313,-5.052,0.750) vel=(0.073,-0.424,0.073) yaw_deg=103.5 failsafe=False age_s=(0.24,0.02) arm_torque_nm=0.015 motors=[763.60,1000.00,769.24,897.62,623.32,1000.00,617.69,891.99][0m
[0m[INFO] [1786147900.481213218] [my_drone_dds_wasd_control]: STATE arm=2 nav=18 NED=(-2.312,-5.178,0.663) vel=(-0.112,0.216,-0.031) yaw_deg=100.7 failsafe=False age_s=(0.23,0.01) arm_torque_nm=0.020 motors=[914.11,899.63,916.33,807.63,819.82,901.85,817.59,805.41][0m
[0m[INFO] [1786147901.519369451] [my_drone_dds_wasd_control]: STATE arm=2 nav=18 NED=(-2.316,-4.837,0.704) vel=(0.117,0.018,-0.035) yaw_deg=103.5 failsafe=False age_s=(0.27,0.02) arm_torque_nm=0.014 motors=[691.44,938.38,688.54,988.39,884.12,935.48,887.02,991.29][0m
[0m[INFO] [1786147902.525321287] [my_drone_dds_wasd_control]: STATE arm=2 nav=18 NED=(-2.346,-4.952,0.718) vel=(-0.139,-0.105,-0.000) yaw_deg=98.2 failsafe=False age_s=(0.24,0.00) arm_torque_nm=0.110 motors=[984.57,1000.00,992.53,841.24,603.23,1000.00,595.26,833.28][0m
[0m[INFO] [1786147903.579663245] [my_drone_dds_wasd_control]: STATE arm=2 nav=18 NED=(-2.368,-5.399,0.701) vel=(0.154,-0.707,-0.003) yaw_deg=101.3 failsafe=False age_s=(0.28,0.01) arm_torque_nm=0.085 motors=[849.34,813.43,846.05,893.04,1000.00,810.15,1000.00,896.32][0m
[0m[INFO] [1786147904.606762949] [my_drone_dds_wasd_control]: STATE arm=2 nav=18 NED=(-2.199,-5.585,0.780) vel=(0.116,-0.023,0.055) yaw_deg=133.1 failsafe=False age_s=(0.24,0.01) arm_torque_nm=0.005 motors=[450.83,797.65,437.18,1000.00,1000.00,784.00,1000.00,1000.00][0m
[0m[INFO] [1786147905.575421715] [my_drone_dds_wasd_control]: STATE arm=2 nav=18 NED=(-2.098,-5.956,0.741) vel=(0.056,-0.833,-0.098) yaw_deg=94.9 failsafe=False age_s=(0.22,0.02) arm_torque_nm=0.001 motors=[968.98,1000.00,979.49,717.33,657.17,1000.00,646.66,706.82][0m
[0m[INFO] [1786147906.617761466] [my_drone_dds_wasd_control]: STATE arm=2 nav=18 NED=(-1.669,-6.936,0.806) vel=(0.601,-1.024,0.058) yaw_deg=118.6 failsafe=False age_s=(0.26,0.01) arm_torque_nm=0.129 motors=[478.00,812.40,463.35,1000.00,836.88,797.76,851.53,1000.00][0m
[0m[INFO] [1786147907.625066301] [my_drone_dds_wasd_control]: STATE arm=2 nav=18 NED=(-1.532,-7.901,0.807) vel=(0.024,-0.791,0.056) yaw_deg=73.5 failsafe=False age_s=(0.25,0.00) arm_torque_nm=0.056 motors=[904.79,1000.00,915.98,801.03,629.70,1000.00,618.52,789.85][0m
[0m[INFO] [1786147908.663808254] [my_drone_dds_wasd_control]: STATE arm=2 nav=18 NED=(-1.091,-8.823,0.704) vel=(0.625,-0.589,-0.053) yaw_deg=109.0 failsafe=False age_s=(0.29,0.01) arm_torque_nm=0.000 motors=[878.01,753.11,872.42,971.79,1000.00,747.52,1000.00,977.38][0m
[0m[INFO] [1786147909.718817790] [my_drone_dds_wasd_control]: STATE arm=2 nav=18 NED=(-0.802,-7.803,0.762) vel=(0.108,1.888,0.367) yaw_deg=112.9 failsafe=False age_s=(0.33,0.00) arm_torque_nm=0.145 motors=[889.30,935.55,885.12,1000.00,1000.00,931.36,1000.00,1000.00][0m
[0m[INFO] [1786147910.781632047] [my_drone_dds_wasd_control]: STATE arm=2 nav=18 NED=(-1.059,-6.367,0.606) vel=(-0.711,0.437,0.024) yaw_deg=108.9 failsafe=False age_s=(0.37,0.01) arm_torque_nm=0.000 motors=[891.48,927.86,889.05,1000.00,867.39,925.42,869.83,1000.00][0m
[0m[INFO] [1786147911.828697574] [my_drone_dds_wasd_control]: STATE arm=2 nav=18 NED=(-2.171,-6.685,0.421) vel=(-1.074,-0.335,-0.068) yaw_deg=107.3 failsafe=False age_s=(0.41,0.00) arm_torque_nm=0.000 motors=[921.76,954.73,920.70,1000.00,910.20,953.68,911.26,1000.00][0m
[0m[INFO] [1786147912.816826505] [my_drone_dds_wasd_control]: STATE arm=2 nav=18 NED=(-2.918,-6.565,-0.041) vel=(-0.426,0.463,-0.550) yaw_deg=103.3 failsafe=False age_s=(0.40,0.00) arm_torque_nm=0.000 motors=[845.14,876.71,845.47,858.91,836.03,877.03,835.71,858.59][0m
[0m[INFO] [1786147913.813114174] [my_drone_dds_wasd_control]: STATE arm=2 nav=18 NED=(-3.102,-5.921,-0.217) vel=(-0.056,0.578,-0.008) yaw_deg=103.8 failsafe=False age_s=(0.39,0.00) arm_torque_nm=0.000 motors=[892.21,927.43,892.30,928.11,884.34,927.52,884.26,928.03][0m
[0m[INFO] [1786147914.845585633] [my_drone_dds_wasd_control]: STATE arm=2 nav=18 NED=(-3.026,-5.520,-0.462) vel=(0.150,0.183,-0.278) yaw_deg=104.1 failsafe=False age_s=(0.38,0.00) arm_torque_nm=0.000 motors=[920.32,1000.00,920.07,1000.00,912.09,1000.00,912.34,1000.00][0m
[0m[INFO] [1786147915.862195021] [my_drone_dds_wasd_control]: STATE arm=2 nav=18 NED=(-2.861,-5.843,-1.012) vel=(0.096,-0.449,-0.660) yaw_deg=105.9 failsafe=False age_s=(0.43,0.01) arm_torque_nm=0.000 motors=[917.07,854.97,915.84,959.56,915.51,853.74,916.74,960.79][0m
[0m[INFO] [1786147916.889125183] [my_drone_dds_wasd_control]: STATE arm=2 nav=18 NED=(-2.869,-5.747,-1.603) vel=(0.052,0.396,-0.442) yaw_deg=103.0 failsafe=False age_s=(0.42,0.01) arm_torque_nm=0.000 motors=[897.40,945.12,897.94,932.34,864.77,945.66,864.22,931.80][0m
[0m[INFO] [1786147917.917601475] [my_drone_dds_wasd_control]: STATE arm=2 nav=18 NED=(-2.781,-5.239,-2.240) vel=(0.007,0.393,-0.624) yaw_deg=104.4 failsafe=False age_s=(0.46,0.00) arm_torque_nm=0.007 motors=[836.53,863.57,836.19,901.74,827.19,863.23,827.53,902.08][0m
[0m[INFO] [1786147918.994174608] [my_drone_dds_wasd_control]: STATE arm=2 nav=18 NED=(-2.903,-5.060,-2.681) vel=(-0.093,0.213,-0.424) yaw_deg=104.2 failsafe=False age_s=(0.50,0.01) arm_torque_nm=0.000 motors=[861.91,882.97,861.99,873.52,864.97,883.04,864.89,873.45][0m
[0m[INFO] [1786147919.978473528] [my_drone_dds_wasd_control]: STATE arm=2 nav=18 NED=(-2.875,-4.764,-2.949) vel=(0.026,0.264,-0.452) yaw_deg=104.1 failsafe=False age_s=(0.49,0.01) arm_torque_nm=0.000 motors=[819.96,868.02,819.78,884.38,818.62,867.84,818.80,884.56][0m
[0m[INFO] [1786147921.017568930] [my_drone_dds_wasd_control]: STATE arm=2 nav=18 NED=(-2.816,-4.532,-3.134) vel=(0.021,0.183,-0.093) yaw_deg=103.9 failsafe=False age_s=(0.03,0.02) arm_torque_nm=0.000 motors=[864.49,930.11,864.59,939.26,847.42,930.20,847.33,939.17][0m
[0m[INFO] [1786147922.104696369] [my_drone_dds_wasd_control]: STATE arm=2 nav=18 NED=(-2.823,-4.354,-3.341) vel=(-0.017,0.155,-0.204) yaw_deg=104.1 failsafe=False age_s=(0.07,0.01) arm_torque_nm=0.000 motors=[848.70,874.49,848.70,880.64,842.19,874.49,842.19,880.63][0m
[0m[INFO] [1786147923.118344415] [my_drone_dds_wasd_control]: STATE arm=2 nav=18 NED=(-2.865,-4.193,-3.394) vel=(-0.016,0.087,-0.231) yaw_deg=104.1 failsafe=False age_s=(0.11,0.02) arm_torque_nm=0.000 motors=[819.66,860.47,819.61,871.28,813.27,860.42,813.32,871.33][0m
[0m[INFO] [1786147924.172167409] [my_drone_dds_wasd_control]: STATE arm=2 nav=18 NED=(-2.880,-4.124,-3.482) vel=(0.000,0.066,-0.031) yaw_deg=104.1 failsafe=False age_s=(0.15,0.01) arm_torque_nm=0.000 motors=[853.89,873.24,853.87,877.74,850.92,873.22,850.94,877.76][0m
[0m[INFO] [1786147925.217699751] [my_drone_dds_wasd_control]: STATE arm=2 nav=18 NED=(-2.839,-4.082,-3.443) vel=(0.018,0.023,0.035) yaw_deg=104.1 failsafe=False age_s=(0.19,0.02) arm_torque_nm=0.000 motors=[861.60,876.20,861.60,879.31,858.12,876.21,858.11,879.30][0m
[0m[INFO] [1786147926.274238691] [my_drone_dds_wasd_control]: STATE arm=2 nav=18 NED=(-2.839,-4.064,-3.283) vel=(-0.004,-0.015,0.030) yaw_deg=104.2 failsafe=False age_s=(0.24,0.01) arm_torque_nm=0.000 motors=[845.62,864.29,845.56,870.59,843.94,864.24,844.00,870.65][0m
[0m[INFO] [1786147927.334962866] [my_drone_dds_wasd_control]: STATE arm=2 nav=18 NED=(-2.865,-4.056,-3.159) vel=(-0.007,0.033,0.189) yaw_deg=104.1 failsafe=False age_s=(0.28,0.02) arm_torque_nm=0.000 motors=[872.28,891.03,872.25,896.39,868.90,891.01,868.92,896.41][0m
[0m[INFO] [1786147929.866721156] [my_drone_dds_wasd_control]: STATE arm=2 nav=18 NED=(-2.850,-4.004,-2.993) vel=(0.008,0.010,0.189) yaw_deg=104.1 failsafe=False age_s=(0.27,0.02) arm_torque_nm=0.035 motors=[863.98,879.36,863.99,882.02,860.46,879.37,860.45,882.01][0m
[0m[INFO] [1786147930.903226467] [my_drone_dds_wasd_control]: STATE arm=2 nav=18 NED=(-2.833,-4.018,-2.651) vel=(0.014,-0.105,0.084) yaw_deg=104.3 failsafe=False age_s=(0.26,0.02) arm_torque_nm=0.000 motors=[799.36,868.46,799.13,892.45,794.47,868.23,794.70,892.67][0m
[0m[INFO] [1786147931.887591446] [my_drone_dds_wasd_control]: STATE arm=2 nav=18 NED=(-2.836,-4.079,-2.439) vel=(-0.021,0.055,0.221) yaw_deg=104.0 failsafe=False age_s=(0.25,0.01) arm_torque_nm=0.001 motors=[860.34,887.41,860.40,890.92,851.51,887.48,851.45,890.85][0m
[0m[INFO] [1786147932.945002599] [my_drone_dds_wasd_control]: STATE arm=2 nav=18 NED=(-2.855,-4.026,-2.050) vel=(-0.002,-0.004,0.432) yaw_deg=104.3 failsafe=False age_s=(0.29,0.00) arm_torque_nm=0.000 motors=[894.23,902.59,894.13,910.67,894.83,902.49,894.93,910.77][0m
[0m[INFO] [1786147934.002969104] [my_drone_dds_wasd_control]: STATE arm=2 nav=18 NED=(-2.845,-4.104,-1.216) vel=(0.030,-0.254,0.709) yaw_deg=103.9 failsafe=False age_s=(0.29,0.02) arm_torque_nm=0.003 motors=[876.25,1000.00,876.32,1000.00,851.64,1000.00,851.57,1000.00][0m
[0m[INFO] [1786147935.017060328] [my_drone_dds_wasd_control]: STATE arm=2 nav=18 NED=(-2.730,-4.919,-0.494) vel=(0.117,-0.970,0.288) yaw_deg=105.4 failsafe=False age_s=(0.33,0.00) arm_torque_nm=0.014 motors=[890.85,849.88,889.95,923.46,892.62,848.98,893.52,924.36][0m
[0m[INFO] [1786147936.051758048] [my_drone_dds_wasd_control]: STATE arm=2 nav=18 NED=(-2.676,-5.226,0.042) vel=(0.046,0.257,0.190) yaw_deg=103.4 failsafe=False age_s=(0.32,0.00) arm_torque_nm=0.000 motors=[853.60,885.94,853.84,896.59,823.26,886.18,823.02,896.35][0m
[0m[INFO] [1786147937.030776010] [my_drone_dds_wasd_control]: STATE arm=2 nav=18 NED=(-2.662,-4.918,0.402) vel=(-0.039,0.257,0.243) yaw_deg=104.2 failsafe=False age_s=(0.31,0.02) arm_torque_nm=0.000 motors=[863.24,879.08,863.32,873.25,862.42,879.15,862.34,873.17][0m
[0m[INFO] [1786147938.067022872] [my_drone_dds_wasd_control]: STATE arm=2 nav=18 NED=(-2.660,-4.825,0.616) vel=(0.014,-0.040,-0.028) yaw_deg=107.2 failsafe=False age_s=(0.35,0.01) arm_torque_nm=0.065 motors=[606.29,880.00,603.42,975.10,751.62,877.13,754.49,977.97][0m
[0m[INFO] [1786147939.126589132] [my_drone_dds_wasd_control]: STATE arm=2 nav=18 NED=(-2.684,-4.912,0.622) vel=(-0.011,-0.139,-0.103) yaw_deg=100.0 failsafe=False age_s=(0.39,0.01) arm_torque_nm=0.005 motors=[742.38,993.39,746.62,796.86,584.06,997.63,579.82,792.62][0m
[0m[INFO] [1786147940.151790868] [my_drone_dds_wasd_control]: STATE arm=2 nav=18 NED=(-2.683,-5.068,0.649) vel=(0.028,-0.111,0.198) yaw_deg=100.4 failsafe=False age_s=(0.32,0.01) arm_torque_nm=0.094 motors=[813.29,864.26,814.04,833.28,781.31,865.01,780.55,832.53][0m
[0m[INFO] [1786147941.195653952] [my_drone_dds_wasd_control]: STATE arm=2 nav=18 NED=(-2.607,-5.168,0.689) vel=(0.036,-0.004,0.001) yaw_deg=110.9 failsafe=False age_s=(0.33,0.01) arm_torque_nm=0.027 motors=[488.79,855.88,483.85,1000.00,722.26,850.93,727.21,1000.00][0m
[0m[INFO] [1786147942.240597312] [my_drone_dds_wasd_control]: STATE arm=2 nav=18 NED=(-2.598,-5.277,0.718) vel=(-0.036,-0.097,0.005) yaw_deg=104.8 failsafe=False age_s=(0.37,0.02) arm_torque_nm=0.140 motors=[564.70,1000.00,567.51,967.63,447.99,1000.00,445.19,964.83][0m
[0m[INFO] [1786147943.263363693] [my_drone_dds_wasd_control]: STATE arm=2 nav=18 NED=(-2.589,-5.252,0.673) vel=(0.023,0.007,-0.009) yaw_deg=99.4 failsafe=False age_s=(0.40,0.01) arm_torque_nm=0.192 motors=[676.44,937.31,679.08,841.61,551.38,939.95,548.74,838.98][0m
[0m[INFO] [1786147944.274899022] [my_drone_dds_wasd_control]: STATE arm=2 nav=18 NED=(-2.550,-5.262,0.683) vel=(0.043,0.091,-0.079) yaw_deg=106.6 failsafe=False age_s=(0.38,0.02) arm_torque_nm=0.223 motors=[508.11,847.70,505.39,913.51,669.63,844.98,672.34,916.22][0m
[0m[INFO] [1786147945.313414427] [my_drone_dds_wasd_control]: STATE arm=2 nav=18 NED=(-2.528,-5.287,0.702) vel=(0.016,-0.060,-0.021) yaw_deg=112.9 failsafe=False age_s=(0.42,0.01) arm_torque_nm=0.022 motors=[413.76,891.51,410.06,1000.00,612.45,887.80,616.16,1000.00][0m
[0m[INFO] [1786147946.339624291] [my_drone_dds_wasd_control]: STATE arm=2 nav=18 NED=(-2.569,-5.318,0.705) vel=(-0.001,-0.018,-0.105) yaw_deg=97.9 failsafe=False age_s=(0.40,0.01) arm_torque_nm=0.199 motors=[510.30,1000.00,513.91,854.04,413.27,1000.00,409.65,850.42][0m
[0m[INFO] [1786147947.330514698] [my_drone_dds_wasd_control]: STATE arm=2 nav=18 NED=(-2.554,-5.288,0.689) vel=(0.013,0.122,-0.093) yaw_deg=105.2 failsafe=False age_s=(0.36,0.01) arm_torque_nm=0.026 motors=[456.27,848.47,453.99,878.85,616.49,846.19,618.77,881.12][0m
[0m[INFO] [1786147948.381506794] [my_drone_dds_wasd_control]: STATE arm=2 nav=18 NED=(-2.537,-5.291,0.785) vel=(0.010,0.185,0.146) yaw_deg=104.5 failsafe=False age_s=(0.40,0.02) arm_torque_nm=0.569 motors=[697.31,820.61,697.39,801.33,710.30,820.68,710.23,801.26][0m
[0m[INFO] [1786147949.408161364] [my_drone_dds_wasd_control]: STATE arm=2 nav=18 NED=(-2.470,-5.362,0.904) vel=(0.157,-0.026,0.103) yaw_deg=108.1 failsafe=False age_s=(0.44,0.01) arm_torque_nm=0.396 motors=[298.51,843.92,290.48,1000.00,731.03,835.90,739.05,1000.00][0m
[0m[INFO] [1786147950.431250217] [my_drone_dds_wasd_control]: STATE arm=2 nav=18 NED=(-2.492,-5.400,0.968) vel=(-0.036,-0.064,0.140) yaw_deg=109.8 failsafe=False age_s=(0.43,0.00) arm_torque_nm=0.030 motors=[418.32,1000.00,417.72,1000.00,469.24,1000.00,469.84,1000.00][0m
[0m[INFO] [1786147951.423299387] [my_drone_dds_wasd_control]: STATE arm=2 nav=18 NED=(-2.566,-5.349,0.910) vel=(-0.039,-0.036,0.111) yaw_deg=100.2 failsafe=False age_s=(0.42,0.00) arm_torque_nm=0.120 motors=[662.12,888.82,664.42,834.74,523.39,891.13,521.09,832.43][0m
[0m[INFO] [1786147952.469797677] [my_drone_dds_wasd_control]: STATE arm=2 nav=18 NED=(-2.562,-5.429,0.971) vel=(-0.042,-0.037,0.130) yaw_deg=88.9 failsafe=False age_s=(0.46,0.01) arm_torque_nm=0.024 motors=[584.84,1000.00,591.44,864.97,286.98,1000.00,280.38,858.37][0m
[0m[INFO] [1786147953.542742475] [my_drone_dds_wasd_control]: STATE arm=2 nav=18 NED=(-2.536,-5.372,0.928) vel=(0.060,-0.046,0.413) yaw_deg=108.3 failsafe=False age_s=(0.50,0.02) arm_torque_nm=0.093 motors=[435.71,883.98,431.37,1000.00,640.54,879.64,644.88,1000.00][0m
[0m[INFO] [1786147954.575037911] [my_drone_dds_wasd_control]: STATE arm=2 nav=18 NED=(-2.533,-5.398,1.010) vel=(-0.084,-0.032,0.054) yaw_deg=114.5 failsafe=False age_s=(0.04,0.01) arm_torque_nm=0.067 motors=[449.12,832.42,446.30,1000.00,495.33,829.60,498.14,1000.00][0m
[0m[INFO] [1786147955.620010256] [my_drone_dds_wasd_control]: STATE arm=2 nav=18 NED=(-2.578,-5.343,0.999) vel=(-0.006,-0.051,-0.173) yaw_deg=105.6 failsafe=False age_s=(0.08,0.00) arm_torque_nm=0.110 motors=[527.71,859.43,527.66,873.60,517.17,859.39,517.21,873.64][0m
[0m[INFO] [1786147956.671817242] [my_drone_dds_wasd_control]: STATE arm=2 nav=18 NED=(-2.555,-5.325,0.907) vel=(0.025,-0.055,-0.093) yaw_deg=112.1 failsafe=False age_s=(0.12,0.01) arm_torque_nm=0.089 motors=[378.65,810.66,373.53,963.58,654.49,805.54,659.61,968.70][0m
[0m[INFO] [1786147957.671554198] [my_drone_dds_wasd_control]: STATE arm=2 nav=18 NED=(-2.546,-5.376,0.916) vel=(-0.093,0.125,-0.366) yaw_deg=112.0 failsafe=False age_s=(0.10,0.01) arm_torque_nm=0.101 motors=[363.92,769.93,360.42,868.27,558.91,766.43,562.41,871.77][0m
[0m[INFO] [1786147958.731440783] [my_drone_dds_wasd_control]: STATE arm=2 nav=18 NED=(-2.574,-5.351,0.916) vel=(-0.013,-0.043,0.052) yaw_deg=104.3 failsafe=False age_s=(0.14,0.00) arm_torque_nm=0.163 motors=[405.11,957.13,404.07,944.09,505.43,956.09,506.48,945.13][0m
[0m[INFO] [1786147959.766977045] [my_drone_dds_wasd_control]: STATE arm=2 nav=18 NED=(-2.578,-5.329,0.924) vel=(-0.102,0.154,0.015) yaw_deg=101.2 failsafe=False age_s=(0.07,0.01) arm_torque_nm=0.047 motors=[650.20,804.64,650.69,804.88,608.77,805.13,608.28,804.39][0m
[0m[INFO] [1786147960.754522681] [my_drone_dds_wasd_control]: STATE arm=2 nav=18 NED=(-2.603,-5.260,0.903) vel=(0.039,-0.054,0.362) yaw_deg=105.4 failsafe=False age_s=(0.05,0.01) arm_torque_nm=0.052 motors=[585.59,861.97,583.31,918.11,720.65,859.69,722.93,920.40][0m
[0m[INFO] [1786147963.318677620] [my_drone_dds_wasd_control]: STATE arm=2 nav=18 NED=(-2.572,-5.324,0.846) vel=(-0.023,0.008,-0.156) yaw_deg=106.5 failsafe=False age_s=(0.07,0.02) arm_torque_nm=0.081 motors=[399.80,841.88,397.24,884.14,571.59,839.33,574.15,886.70][0m
[0m[INFO] [1786147964.380963564] [my_drone_dds_wasd_control]: STATE arm=2 nav=18 NED=(-2.572,-5.340,0.858) vel=(0.008,-0.103,0.479) yaw_deg=105.1 failsafe=False age_s=(0.55,0.00) arm_torque_nm=0.119 motors=[468.77,1000.00,466.81,1000.00,617.84,1000.00,619.80,1000.00][0m
[0m[INFO] [1786147965.441211932] [my_drone_dds_wasd_control]: STATE arm=2 nav=18 NED=(-2.574,-5.345,0.914) vel=(-0.007,0.003,0.783) yaw_deg=98.9 failsafe=False age_s=(0.44,0.01) arm_torque_nm=0.212 motors=[556.68,1000.00,558.62,1000.00,522.24,1000.00,520.29,1000.00][0m
[0m[INFO] [1786147966.446460440] [my_drone_dds_wasd_control]: STATE arm=2 nav=18 NED=(-2.565,-5.352,0.876) vel=(-0.012,0.010,-0.123) yaw_deg=99.8 failsafe=False age_s=(0.39,0.01) arm_torque_nm=0.118 motors=[477.39,954.52,478.56,856.18,478.25,955.69,477.09,855.02][0m
[0m[INFO] [1786147967.419285763] [my_drone_dds_wasd_control]: STATE arm=2 nav=18 NED=(-2.560,-5.311,0.781) vel=(0.015,0.089,-0.125) yaw_deg=105.9 failsafe=False age_s=(0.37,0.00) arm_torque_nm=0.204 motors=[280.90,617.62,278.48,662.71,438.77,615.19,441.20,665.13][0m
[0m[INFO] [1786147968.483383118] [my_drone_dds_wasd_control]: STATE arm=2 nav=18 NED=(-2.546,-5.319,0.799) vel=(-0.027,-0.009,0.114) yaw_deg=107.0 failsafe=False age_s=(0.38,0.01) arm_torque_nm=0.290 motors=[470.74,902.71,469.36,909.14,580.40,901.32,581.79,910.52][0m
[0m[INFO] [1786147969.527911494] [my_drone_dds_wasd_control]: STATE arm=2 nav=18 NED=(-2.534,-5.361,0.790) vel=(0.076,-0.156,0.268) yaw_deg=103.5 failsafe=False age_s=(0.41,0.00) arm_torque_nm=0.099 motors=[442.82,1000.00,441.84,979.99,556.50,1000.00,557.48,980.97][0m
[0m[INFO] [1786147970.564771440] [my_drone_dds_wasd_control]: STATE arm=2 nav=18 NED=(-2.562,-5.334,0.839) vel=(0.037,-0.008,-0.208) yaw_deg=103.1 failsafe=False age_s=(0.43,0.01) arm_torque_nm=0.021 motors=[437.38,904.35,436.80,842.20,548.40,903.76,548.98,842.78][0m
[0m[INFO] [1786147971.584698008] [my_drone_dds_wasd_control]: STATE arm=2 nav=18 NED=(-2.561,-5.325,0.819) vel=(0.039,-0.046,-0.179) yaw_deg=106.5 failsafe=False age_s=(0.42,0.01) arm_torque_nm=0.443 motors=[370.38,890.38,367.96,893.51,570.25,887.95,572.68,895.94][0m
[0m[INFO] [1786147972.615658624] [my_drone_dds_wasd_control]: STATE arm=2 nav=18 NED=(-2.570,-5.352,0.787) vel=(-0.014,-0.004,-0.444) yaw_deg=103.9 failsafe=False age_s=(0.46,0.00) arm_torque_nm=0.659 motors=[424.53,784.89,423.24,783.92,533.40,783.60,534.68,785.21][0m
[0m[INFO] [1786147973.612018603] [my_drone_dds_wasd_control]: STATE arm=2 nav=18 NED=(-2.574,-5.361,0.730) vel=(0.013,-0.022,-0.083) yaw_deg=103.1 failsafe=False age_s=(0.46,0.00) arm_torque_nm=0.065 motors=[438.43,896.13,437.76,854.31,536.07,895.47,536.74,854.98][0m
[0m[INFO] [1786147974.616181939] [my_drone_dds_wasd_control]: STATE arm=2 nav=18 NED=(-2.569,-5.362,0.771) vel=(0.031,-0.064,0.430) yaw_deg=103.5 failsafe=False age_s=(0.44,0.00) arm_torque_nm=0.046 motors=[446.34,1000.00,445.58,978.32,556.61,1000.00,557.38,979.08][0m
[0m[INFO] [1786147975.668969221] [my_drone_dds_wasd_control]: STATE arm=2 nav=18 NED=(-2.577,-5.343,0.768) vel=(-0.025,0.033,-0.213) yaw_deg=103.8 failsafe=False age_s=(0.47,0.01) arm_torque_nm=0.268 motors=[463.20,825.19,462.37,824.59,533.16,824.36,533.99,825.42][0m
[0m[INFO] [1786147976.719538571] [my_drone_dds_wasd_control]: STATE arm=2 nav=18 NED=(-2.558,-5.341,0.664) vel=(0.010,0.016,-0.117) yaw_deg=104.6 failsafe=False age_s=(0.00,0.00) arm_torque_nm=0.062 motors=[405.02,867.59,403.73,848.29,532.99,866.29,534.29,849.59][0m
[0m[INFO] [1786147977.771877462] [my_drone_dds_wasd_control]: STATE arm=2 nav=18 NED=(-2.579,-5.331,0.713) vel=(-0.027,0.022,-0.269) yaw_deg=103.7 failsafe=False age_s=(0.04,0.01) arm_torque_nm=0.253 motors=[454.67,822.83,454.09,823.36,502.73,822.25,503.31,823.94][0m
[0m[INFO] [1786147978.768376923] [my_drone_dds_wasd_control]: STATE arm=2 nav=18 NED=(-2.564,-5.332,0.705) vel=(0.005,0.023,-0.275) yaw_deg=100.8 failsafe=False age_s=(0.02,0.01) arm_torque_nm=0.728 motors=[487.10,831.73,487.60,778.62,497.75,832.24,497.24,778.11][0m
[0m[INFO] [1786147979.832416121] [my_drone_dds_wasd_control]: STATE arm=2 nav=18 NED=(-2.524,-5.358,0.698) vel=(0.036,-0.041,-0.417) yaw_deg=105.8 failsafe=False age_s=(0.01,0.01) arm_torque_nm=0.198 motors=[383.55,816.88,382.18,814.74,500.52,815.51,501.89,816.11][0m
[0m[INFO] [1786147980.866209379] [my_drone_dds_wasd_control]: STATE arm=2 nav=18 NED=(-2.535,-5.365,0.642) vel=(-0.012,0.023,-0.293) yaw_deg=103.1 failsafe=False age_s=(0.03,0.01) arm_torque_nm=0.158 motors=[493.30,805.33,493.41,782.27,507.64,805.44,507.54,782.17][0m
[0m[INFO] [1786147981.934443783] [my_drone_dds_wasd_control]: STATE arm=2 nav=18 NED=(-2.537,-5.363,0.616) vel=(-0.005,0.006,-0.171) yaw_deg=101.0 failsafe=False age_s=(0.07,0.01) arm_torque_nm=0.140 motors=[310.15,674.54,309.78,651.09,364.21,674.18,364.58,651.46][0m
[0m[INFO] [1786147982.942789986] [my_drone_dds_wasd_control]: STATE arm=2 nav=18 NED=(-2.520,-5.365,0.611) vel=(0.005,0.001,-0.149) yaw_deg=100.9 failsafe=False age_s=(0.03,0.02) arm_torque_nm=0.019 motors=[0.00,169.46,0.00,139.24,0.00,169.09,0.00,139.61][0m
[0m[INFO] [1786147983.967193164] [my_drone_dds_wasd_control]: STATE arm=2 nav=18 NED=(-2.519,-5.359,0.642) vel=(0.001,0.007,-0.091) yaw_deg=100.9 failsafe=False age_s=(0.04,0.02) arm_torque_nm=0.001 motors=[0.00,169.54,0.00,139.22,0.00,169.18,0.00,139.58][0m
[0m[INFO] [1786147984.194585723] [my_drone_dds_wasd_control]: LANDING_DISARMED_CONFIRMED[0m
DDS_ARM_FLIGHT_FAIL missing=['arm:work_a'] climbed=True no_failsafe=True stable=False internal_land=False hover_ready=True
ARM_FLIGHT_METRICS horizontal_drift_m=8.965 altitude_span_m=4.492 samples=101
ARM_FLIGHT_ABORTED reason=drift=2.309m altitude_delta=0.135m
