DDS WASD: T takeoff | W/S/A/D move | R/F up/down | Q/E yaw | L land | O exit Offboard | X twice emergency disarm | Z safe exit
[0m[INFO] [1786145964.101495118] [my_drone_dds_wasd_control]: NED target initialized: N=0.011 E=-0.030 D=-0.013 yaw=94.8 deg[0m
[0m[INFO] [1786145964.133497381] [my_drone_dds_wasd_control]: local vertical target sign=-1 (target = current + sign * height)[0m
[0m[INFO] [1786145964.297653407] [my_drone_dds_wasd_control]: STATE arm=1 nav=4 NED=(0.015,-0.027,-0.017) vel=(-0.011,-0.004,-0.001) yaw_deg=94.9 failsafe=False age_s=(0.03,0.01) arm_torque_nm=0.000 motors=[0.00,0.00,0.00,0.00,0.00,0.00,0.00,0.00][0m
[0m[INFO] [1786145965.346416372] [my_drone_dds_wasd_control]: STATE arm=1 nav=4 NED=(0.032,-0.029,-0.026) vel=(-0.003,-0.008,-0.004) yaw_deg=94.9 failsafe=False age_s=(0.07,0.02) arm_torque_nm=0.000 motors=[0.00,0.00,0.00,0.00,0.00,0.00,0.00,0.00][0m
[0m[INFO] [1786145966.343687483] [my_drone_dds_wasd_control]: STATE arm=1 nav=4 NED=(0.040,-0.029,-0.035) vel=(0.002,-0.008,-0.006) yaw_deg=94.9 failsafe=False age_s=(0.07,0.02) arm_torque_nm=0.000 motors=[0.00,0.00,0.00,0.00,0.00,0.00,0.00,0.00][0m
[0m[INFO] [1786145966.381273307] [my_drone_dds_wasd_control]: target NED=(0.04, -0.03, -1.23) yaw=94.9 deg[0m
[0m[INFO] [1786145966.413541009] [my_drone_dds_wasd_control]: Prestreaming Offboard setpoints for 2 seconds[0m
[0m[INFO] [1786145967.394283788] [my_drone_dds_wasd_control]: STATE arm=1 nav=4 NED=(0.040,-0.026,-0.053) vel=(0.004,-0.005,-0.012) yaw_deg=94.9 failsafe=False age_s=(0.43,0.01) arm_torque_nm=0.000 motors=[0.00,0.00,0.00,0.00,0.00,0.00,0.00,0.00][0m
[0m[INFO] [1786145968.445550612] [my_drone_dds_wasd_control]: STATE arm=1 nav=4 NED=(0.034,-0.016,-0.043) vel=(-0.004,-0.000,-0.007) yaw_deg=94.9 failsafe=False age_s=(0.47,0.01) arm_torque_nm=0.000 motors=[0.00,0.00,0.00,0.00,0.00,0.00,0.00,0.00][0m
[0m[INFO] [1786145968.477015771] [my_drone_dds_wasd_control]: OFFBOARD mode and ARM commands sent[0m
[0m[INFO] [1786145968.516133652] [my_drone_dds_wasd_control]: PX4 command ack: command=400 result=0[0m
[0m[INFO] [1786145969.444865876] [my_drone_dds_wasd_control]: STATE arm=2 nav=14 NED=(0.042,0.007,-0.031) vel=(-0.001,0.012,-0.004) yaw_deg=94.9 failsafe=False age_s=(0.45,0.01) arm_torque_nm=0.000 motors=[4.05,0.00,4.05,0.90,1.15,0.00,1.15,0.90][0m
[0m[INFO] [1786145970.497291923] [my_drone_dds_wasd_control]: STATE arm=2 nav=14 NED=(0.044,0.005,-0.045) vel=(0.002,0.005,-0.006) yaw_deg=94.9 failsafe=False age_s=(0.49,0.00) arm_torque_nm=0.000 motors=[242.04,247.59,242.04,252.43,237.34,247.59,237.34,252.43][0m
[0m[INFO] [1786145971.553869800] [my_drone_dds_wasd_control]: STATE arm=2 nav=14 NED=(0.042,0.021,-0.039) vel=(-0.000,0.011,-0.002) yaw_deg=94.9 failsafe=False age_s=(0.03,0.01) arm_torque_nm=0.000 motors=[528.85,547.79,528.84,555.66,521.41,547.78,521.42,555.67][0m
[0m[INFO] [1786145972.592310085] [my_drone_dds_wasd_control]: STATE arm=2 nav=14 NED=(0.050,0.021,-0.052) vel=(0.007,0.005,-0.015) yaw_deg=94.9 failsafe=False age_s=(0.07,0.00) arm_torque_nm=0.000 motors=[806.10,834.06,806.10,845.68,794.43,834.06,794.43,845.68][0m
[0m[INFO] [1786145973.644653287] [my_drone_dds_wasd_control]: STATE arm=2 nav=14 NED=(0.059,0.022,-0.044) vel=(0.005,0.003,0.001) yaw_deg=94.8 failsafe=False age_s=(0.11,0.01) arm_torque_nm=0.001 motors=[819.26,835.07,819.27,849.68,803.72,835.08,803.71,849.67][0m
[0m[INFO] [1786145974.695530087] [my_drone_dds_wasd_control]: STATE arm=2 nav=14 NED=(0.055,0.001,-0.049) vel=(-0.003,-0.048,0.038) yaw_deg=94.8 failsafe=False age_s=(0.15,0.00) arm_torque_nm=0.004 motors=[812.19,859.36,812.20,884.78,785.50,859.38,785.49,884.77][0m
[0m[INFO] [1786145977.257956256] [my_drone_dds_wasd_control]: STATE arm=2 nav=14 NED=(0.043,0.010,-0.049) vel=(-0.001,-0.003,0.022) yaw_deg=94.8 failsafe=False age_s=(0.18,0.02) arm_torque_nm=0.000 motors=[835.47,852.40,835.50,856.89,829.00,852.43,828.98,856.86][0m
[0m[INFO] [1786145978.291014510] [my_drone_dds_wasd_control]: STATE arm=2 nav=14 NED=(0.075,0.012,-0.027) vel=(0.055,-0.007,0.013) yaw_deg=94.9 failsafe=False age_s=(0.23,0.01) arm_torque_nm=0.000 motors=[837.79,853.48,837.77,858.03,835.17,853.46,835.19,858.05][0m
[0m[INFO] [1786145979.297475200] [my_drone_dds_wasd_control]: STATE arm=2 nav=14 NED=(0.088,0.033,-0.071) vel=(0.013,0.062,0.017) yaw_deg=95.0 failsafe=False age_s=(0.22,0.01) arm_torque_nm=0.000 motors=[848.28,837.24,848.26,853.46,833.50,837.23,833.52,853.47][0m
[0m[INFO] [1786145980.343408942] [my_drone_dds_wasd_control]: STATE arm=2 nav=14 NED=(0.073,-0.008,-0.123) vel=(-0.002,0.097,-0.093) yaw_deg=94.9 failsafe=False age_s=(0.26,0.02) arm_torque_nm=0.000 motors=[825.92,847.98,825.91,853.63,821.56,847.96,821.58,853.65][0m
[0m[INFO] [1786145981.353037253] [my_drone_dds_wasd_control]: STATE arm=2 nav=14 NED=(0.070,0.000,-0.173) vel=(0.040,0.099,-0.144) yaw_deg=95.0 failsafe=False age_s=(0.25,0.02) arm_torque_nm=0.000 motors=[850.06,793.42,849.97,808.78,841.96,793.33,842.05,808.87][0m
[0m[INFO] [1786145982.339197457] [my_drone_dds_wasd_control]: STATE arm=2 nav=14 NED=(0.088,-0.018,-0.267) vel=(0.011,0.050,-0.227) yaw_deg=94.9 failsafe=False age_s=(0.24,0.02) arm_torque_nm=0.071 motors=[824.72,805.95,824.67,822.28,812.41,805.90,812.46,822.33][0m
[0m[INFO] [1786145983.355987222] [my_drone_dds_wasd_control]: STATE arm=2 nav=14 NED=(0.036,-0.023,-0.338) vel=(-0.094,0.070,-0.400) yaw_deg=94.9 failsafe=False age_s=(0.24,0.02) arm_torque_nm=0.000 motors=[790.38,759.40,790.33,784.87,769.11,759.35,769.16,784.92][0m
[0m[INFO] [1786145984.391179128] [my_drone_dds_wasd_control]: STATE arm=2 nav=14 NED=(0.034,-0.027,-0.369) vel=(-0.043,0.022,-0.267) yaw_deg=95.7 failsafe=False age_s=(0.28,0.01) arm_torque_nm=0.000 motors=[802.49,771.88,802.01,823.78,790.91,771.40,791.39,824.27][0m
[0m[INFO] [1786145985.445087499] [my_drone_dds_wasd_control]: STATE arm=2 nav=14 NED=(0.060,-0.084,-0.314) vel=(-0.000,-0.098,-0.165) yaw_deg=94.9 failsafe=False age_s=(0.32,0.02) arm_torque_nm=0.026 motors=[827.94,806.83,827.76,862.39,787.35,806.65,787.53,862.57][0m
[0m[INFO] [1786145986.445045174] [my_drone_dds_wasd_control]: STATE arm=2 nav=14 NED=(0.086,-0.105,-0.285) vel=(0.070,-0.095,-0.204) yaw_deg=94.8 failsafe=False age_s=(0.31,0.02) arm_torque_nm=0.000 motors=[806.24,834.35,806.13,849.55,799.80,834.25,799.91,849.66][0m
[0m[INFO] [1786145987.492161478] [my_drone_dds_wasd_control]: STATE arm=2 nav=14 NED=(0.117,-0.069,-0.227) vel=(0.109,-0.032,0.012) yaw_deg=94.7 failsafe=False age_s=(0.35,0.01) arm_torque_nm=0.020 motors=[840.73,889.09,840.75,882.06,846.14,889.11,846.12,882.04][0m
[0m[INFO] [1786145988.491879217] [my_drone_dds_wasd_control]: STATE arm=2 nav=14 NED=(0.096,-0.033,-0.219) vel=(-0.001,0.044,-0.032) yaw_deg=94.8 failsafe=False age_s=(0.35,0.01) arm_torque_nm=0.000 motors=[849.71,871.61,849.71,874.11,846.74,871.62,846.73,874.11][0m
[0m[INFO] [1786145989.542978858] [my_drone_dds_wasd_control]: STATE arm=2 nav=14 NED=(0.053,0.044,-0.226) vel=(0.001,0.011,-0.057) yaw_deg=94.8 failsafe=False age_s=(0.39,0.02) arm_torque_nm=0.000 motors=[861.47,878.92,861.49,881.48,856.88,878.94,856.86,881.45][0m
[0m[INFO] [1786145990.541833253] [my_drone_dds_wasd_control]: STATE arm=2 nav=14 NED=(0.080,0.063,-0.293) vel=(0.024,-0.020,-0.073) yaw_deg=94.8 failsafe=False age_s=(0.38,0.02) arm_torque_nm=0.000 motors=[852.78,870.16,852.78,872.75,850.04,870.16,850.04,872.74][0m
[0m[INFO] [1786145991.588063838] [my_drone_dds_wasd_control]: STATE arm=2 nav=14 NED=(0.154,0.009,-0.321) vel=(0.031,-0.051,0.018) yaw_deg=94.9 failsafe=False age_s=(0.42,0.01) arm_torque_nm=0.000 motors=[872.67,889.50,872.69,892.93,867.79,889.52,867.78,892.91][0m
[0m[INFO] [1786145992.581603273] [my_drone_dds_wasd_control]: STATE arm=2 nav=14 NED=(0.195,-0.022,-0.269) vel=(0.011,-0.032,-0.057) yaw_deg=94.8 failsafe=False age_s=(0.41,0.01) arm_torque_nm=0.000 motors=[865.80,883.73,865.81,886.97,862.07,883.73,862.06,886.97][0m
[0m[INFO] [1786145993.640255207] [my_drone_dds_wasd_control]: STATE arm=2 nav=14 NED=(0.252,-0.083,-0.267) vel=(0.025,-0.226,0.213) yaw_deg=95.5 failsafe=False age_s=(0.46,0.02) arm_torque_nm=0.000 motors=[786.58,1000.00,786.05,1000.00,812.97,1000.00,813.50,1000.00][0m
[0m[INFO] [1786145994.639519478] [my_drone_dds_wasd_control]: STATE arm=2 nav=14 NED=(0.220,-0.219,-0.019) vel=(-0.185,0.212,0.409) yaw_deg=89.3 failsafe=False age_s=(0.45,0.02) arm_torque_nm=0.000 motors=[1000.00,962.30,1000.00,940.22,877.24,964.88,874.66,937.64][0m
[0m[INFO] [1786145995.642696909] [my_drone_dds_wasd_control]: STATE arm=2 nav=14 NED=(-0.091,0.278,0.183) vel=(-0.317,0.857,1.041) yaw_deg=24.9 failsafe=False age_s=(0.44,0.02) arm_torque_nm=0.236 motors=[1000.00,1000.00,1000.00,394.10,224.51,1000.00,191.52,361.10][0m
[31m[ERROR] [1786145996.007918888] [my_drone_dds_wasd_control]: Position safety gate exceeded; requesting LAND horizontal=1.02 m vertical=2.10 m[0m
[33m[WARN] [1786145996.051232868] [my_drone_dds_wasd_control]: LAND requested; Offboard setpoint stream stopped[0m
[0m[INFO] [1786145996.095486935] [my_drone_dds_wasd_control]: PX4 command ack: command=21 result=0[0m
[0m[INFO] [1786145996.688390591] [my_drone_dds_wasd_control]: STATE arm=2 nav=18 NED=(-0.301,1.910,1.833) vel=(-0.200,0.876,1.386) yaw_deg=-53.0 failsafe=False age_s=(0.25,0.01) arm_torque_nm=0.062 motors=[1000.00,1000.00,1000.00,717.51,110.83,1000.00,82.85,689.53][0m
[0m[INFO] [1786145997.694691485] [my_drone_dds_wasd_control]: STATE arm=2 nav=18 NED=(-1.019,1.252,1.632) vel=(-0.872,-0.257,0.676) yaw_deg=-35.1 failsafe=False age_s=(0.36,0.01) arm_torque_nm=0.074 motors=[852.34,1000.00,861.79,783.77,820.38,1000.00,810.93,774.31][0m
[0m[INFO] [1786145998.747245540] [my_drone_dds_wasd_control]: STATE arm=2 nav=18 NED=(-2.362,-0.351,1.553) vel=(-1.497,-1.421,0.766) yaw_deg=-5.9 failsafe=False age_s=(0.41,0.02) arm_torque_nm=0.000 motors=[1000.00,800.12,1000.00,1000.00,777.52,797.32,780.31,1000.00][0m
[0m[INFO] [1786145999.747796807] [my_drone_dds_wasd_control]: STATE arm=2 nav=18 NED=(-2.840,-0.188,1.588) vel=(-0.490,-0.259,0.262) yaw_deg=10.2 failsafe=False age_s=(0.40,0.02) arm_torque_nm=0.059 motors=[610.00,915.13,598.66,1000.00,1000.00,903.79,1000.00,1000.00][0m
[0m[INFO] [1786146000.753329830] [my_drone_dds_wasd_control]: STATE arm=2 nav=18 NED=(-3.631,-0.492,1.537) vel=(-1.473,-0.251,0.610) yaw_deg=43.6 failsafe=False age_s=(0.39,0.02) arm_torque_nm=0.000 motors=[830.54,1000.00,827.48,1000.00,754.62,1000.00,757.67,1000.00][0m
[0m[INFO] [1786146001.797974786] [my_drone_dds_wasd_control]: STATE arm=2 nav=18 NED=(-5.037,-1.327,1.337) vel=(-0.681,-1.846,0.124) yaw_deg=39.4 failsafe=False age_s=(0.43,0.01) arm_torque_nm=0.000 motors=[917.31,1000.00,919.16,881.10,1000.00,1000.00,1000.00,879.25][0m
[0m[INFO] [1786146002.795217621] [my_drone_dds_wasd_control]: STATE arm=2 nav=18 NED=(-4.393,-3.449,0.916) vel=(0.977,-1.985,-0.350) yaw_deg=32.7 failsafe=False age_s=(0.43,0.01) arm_torque_nm=0.000 motors=[899.30,1000.00,900.68,1000.00,762.03,1000.00,760.64,1000.00][0m
[0m[INFO] [1786146003.844083111] [my_drone_dds_wasd_control]: STATE arm=2 nav=18 NED=(-4.077,-5.154,0.196) vel=(-0.032,-1.239,-0.353) yaw_deg=38.0 failsafe=False age_s=(0.47,0.02) arm_torque_nm=0.000 motors=[879.72,868.22,878.26,955.78,914.82,866.75,916.28,957.25][0m
[0m[INFO] [1786146004.891676156] [my_drone_dds_wasd_control]: STATE arm=2 nav=18 NED=(-3.741,-6.173,-0.591) vel=(0.475,-0.914,-0.462) yaw_deg=39.8 failsafe=False age_s=(0.01,0.01) arm_torque_nm=0.000 motors=[860.11,874.74,859.95,886.43,861.61,874.58,861.76,886.58][0m
[0m[INFO] [1786146005.900638519] [my_drone_dds_wasd_control]: STATE arm=2 nav=18 NED=(-3.105,-7.107,-1.476) vel=(0.605,-0.904,-0.417) yaw_deg=38.4 failsafe=False age_s=(0.50,0.01) arm_torque_nm=0.000 motors=[852.06,867.95,852.07,873.99,844.87,867.97,844.85,873.97][0m
[0m[INFO] [1786146006.945348303] [my_drone_dds_wasd_control]: STATE arm=2 nav=18 NED=(-2.474,-8.087,-2.263) vel=(0.532,-0.887,-0.283) yaw_deg=37.7 failsafe=False age_s=(0.04,0.02) arm_torque_nm=0.000 motors=[865.58,882.64,865.56,888.35,860.94,882.63,860.95,888.36][0m
[0m[INFO] [1786146008.134362545] [my_drone_dds_wasd_control]: STATE arm=2 nav=18 NED=(-2.018,-8.978,-2.857) vel=(0.449,-0.870,-0.375) yaw_deg=37.4 failsafe=False age_s=(0.02,0.00) arm_torque_nm=0.000 motors=[825.98,842.82,825.98,847.12,821.45,842.82,821.45,847.12][0m
[0m[INFO] [1786146011.101535136] [my_drone_dds_wasd_control]: STATE arm=2 nav=18 NED=(-1.627,-9.872,-3.136) vel=(0.392,-0.854,-0.069) yaw_deg=37.2 failsafe=False age_s=(0.05,0.01) arm_torque_nm=0.000 motors=[870.85,890.91,870.84,895.81,866.68,890.90,866.69,895.82][0m
[0m[INFO] [1786146012.090684579] [my_drone_dds_wasd_control]: STATE arm=2 nav=18 NED=(-1.267,-10.734,-3.177) vel=(0.384,-0.851,0.004) yaw_deg=37.1 failsafe=False age_s=(0.04,0.01) arm_torque_nm=0.003 motors=[863.87,880.75,863.87,885.11,859.54,880.75,859.54,885.11][0m
[0m[INFO] [1786146013.098068675] [my_drone_dds_wasd_control]: STATE arm=2 nav=18 NED=(-0.894,-11.608,-3.117) vel=(0.373,-0.858,-0.106) yaw_deg=37.0 failsafe=False age_s=(0.03,0.01) arm_torque_nm=0.000 motors=[835.05,852.87,835.04,858.29,830.40,852.87,830.41,858.30][0m
[0m[INFO] [1786146014.140682665] [my_drone_dds_wasd_control]: STATE arm=2 nav=18 NED=(-0.533,-12.521,-2.852) vel=(0.351,-0.861,0.136) yaw_deg=37.1 failsafe=False age_s=(0.08,0.02) arm_torque_nm=0.029 motors=[869.41,886.88,869.35,896.24,865.60,886.81,865.66,896.30][0m
[0m[INFO] [1786146015.191715639] [my_drone_dds_wasd_control]: STATE arm=2 nav=18 NED=(-0.190,-13.440,-2.623) vel=(0.341,-0.851,0.165) yaw_deg=37.0 failsafe=False age_s=(0.12,0.01) arm_torque_nm=0.023 motors=[873.70,892.22,873.70,897.03,868.92,892.22,868.93,897.03][0m
[0m[INFO] [1786146016.195452385] [my_drone_dds_wasd_control]: STATE arm=2 nav=18 NED=(0.097,-14.335,-2.282) vel=(0.325,-0.874,0.221) yaw_deg=37.0 failsafe=False age_s=(0.11,0.01) arm_torque_nm=0.000 motors=[869.75,885.55,869.74,890.47,865.10,885.54,865.11,890.47][0m
[0m[INFO] [1786146017.207099430] [my_drone_dds_wasd_control]: STATE arm=2 nav=18 NED=(0.396,-15.198,-1.903) vel=(0.321,-0.854,0.201) yaw_deg=37.0 failsafe=False age_s=(0.10,0.01) arm_torque_nm=0.014 motors=[861.86,878.48,861.85,882.66,858.33,878.47,858.34,882.67][0m
[0m[INFO] [1786146018.245734835] [my_drone_dds_wasd_control]: STATE arm=2 nav=18 NED=(0.734,-16.070,-1.517) vel=(0.325,-0.846,0.321) yaw_deg=37.0 failsafe=False age_s=(0.14,0.02) arm_torque_nm=0.002 motors=[880.47,898.04,880.47,902.89,875.51,898.04,875.51,902.89][0m
[0m[INFO] [1786146019.295618433] [my_drone_dds_wasd_control]: STATE arm=2 nav=18 NED=(1.029,-16.984,-1.017) vel=(0.296,-0.856,0.316) yaw_deg=36.9 failsafe=False age_s=(0.19,0.01) arm_torque_nm=0.006 motors=[866.44,883.16,866.44,887.31,861.99,883.17,861.99,887.31][0m
[0m[INFO] [1786146020.295976646] [my_drone_dds_wasd_control]: STATE arm=2 nav=18 NED=(1.273,-17.861,-0.402) vel=(0.289,-0.860,0.295) yaw_deg=37.0 failsafe=False age_s=(0.18,0.01) arm_torque_nm=0.021 motors=[857.77,873.31,857.77,877.35,853.93,873.31,853.94,877.36][0m
[0m[INFO] [1786146021.344611190] [my_drone_dds_wasd_control]: STATE arm=2 nav=18 NED=(1.598,-18.786,0.156) vel=(0.308,-0.865,0.327) yaw_deg=36.9 failsafe=False age_s=(0.22,0.02) arm_torque_nm=0.018 motors=[858.61,874.08,858.62,878.31,853.53,874.09,853.52,878.29][0m
[0m[INFO] [1786146022.393521285] [my_drone_dds_wasd_control]: STATE arm=2 nav=18 NED=(1.521,-19.160,0.278) vel=(-0.055,-0.097,-0.211) yaw_deg=45.0 failsafe=False age_s=(0.25,0.02) arm_torque_nm=0.342 motors=[563.98,887.41,562.46,1000.00,522.61,885.90,524.13,1000.00][0m
[0m[INFO] [1786146023.418785853] [my_drone_dds_wasd_control]: STATE arm=2 nav=18 NED=(1.522,-19.059,0.280) vel=(-0.081,0.082,-0.206) yaw_deg=45.8 failsafe=False age_s=(0.24,0.01) arm_torque_nm=0.070 motors=[567.52,877.38,566.26,1000.00,433.28,876.11,434.55,1000.00][0m
[0m[INFO] [1786146024.453105447] [my_drone_dds_wasd_control]: STATE arm=2 nav=18 NED=(1.603,-19.137,0.292) vel=(0.101,-0.124,-0.098) yaw_deg=59.1 failsafe=False age_s=(0.28,0.02) arm_torque_nm=0.013 motors=[346.71,819.32,339.22,1000.00,687.75,811.84,695.24,1000.00][0m
[0m[INFO] [1786146025.508589030] [my_drone_dds_wasd_control]: STATE arm=2 nav=18 NED=(1.653,-19.156,0.396) vel=(0.122,0.030,-0.079) yaw_deg=70.8 failsafe=False age_s=(0.32,0.01) arm_torque_nm=0.061 motors=[393.58,917.49,389.24,1000.00,669.58,913.16,673.92,1000.00][0m
[0m[INFO] [1786146026.554455272] [my_drone_dds_wasd_control]: STATE arm=2 nav=18 NED=(1.631,-19.205,0.556) vel=(0.101,0.071,0.067) yaw_deg=73.2 failsafe=False age_s=(0.36,0.02) arm_torque_nm=0.089 motors=[567.62,1000.00,571.97,870.90,464.48,1000.00,460.14,866.55][0m
[0m[INFO] [1786146027.549014266] [my_drone_dds_wasd_control]: STATE arm=2 nav=18 NED=(1.646,-19.158,0.583) vel=(0.028,0.098,-0.042) yaw_deg=79.2 failsafe=False age_s=(0.35,0.02) arm_torque_nm=0.044 motors=[573.28,880.69,572.94,884.87,597.86,880.35,598.20,885.22][0m
[0m[INFO] [1786146028.591917574] [my_drone_dds_wasd_control]: STATE arm=2 nav=18 NED=(1.703,-19.217,0.570) vel=(-0.093,0.005,-0.167) yaw_deg=103.8 failsafe=False age_s=(0.40,0.01) arm_torque_nm=0.024 motors=[298.86,790.74,290.64,1000.00,635.80,782.52,644.02,1000.00][0m
[0m[INFO] [1786146029.598541705] [my_drone_dds_wasd_control]: STATE arm=2 nav=18 NED=(1.666,-19.240,0.512) vel=(-0.086,-0.045,-0.211) yaw_deg=98.1 failsafe=False age_s=(0.39,0.01) arm_torque_nm=0.075 motors=[402.10,965.25,402.78,892.26,418.25,965.93,417.57,891.58][0m
[0m[INFO] [1786146030.697705284] [my_drone_dds_wasd_control]: STATE arm=2 nav=18 NED=(1.597,-19.229,0.417) vel=(-0.275,-0.010,-0.203) yaw_deg=93.3 failsafe=False age_s=(0.43,0.02) arm_torque_nm=0.133 motors=[457.67,783.45,456.06,989.07,387.00,781.84,388.62,990.69][0m
[0m[INFO] [1786146031.709622893] [my_drone_dds_wasd_control]: STATE arm=2 nav=18 NED=(1.627,-19.213,0.376) vel=(-0.047,0.016,-0.319) yaw_deg=91.8 failsafe=False age_s=(0.46,0.01) arm_torque_nm=0.065 motors=[424.85,784.42,424.27,845.65,412.25,783.84,412.83,846.23][0m
[0m[INFO] [1786146032.697127274] [my_drone_dds_wasd_control]: STATE arm=2 nav=18 NED=(1.692,-19.192,0.339) vel=(0.048,0.152,-0.240) yaw_deg=91.9 failsafe=False age_s=(0.45,0.01) arm_torque_nm=0.039 motors=[383.74,593.07,383.18,650.07,373.13,592.51,373.68,650.62][0m
[0m[INFO] [1786146033.737008011] [my_drone_dds_wasd_control]: STATE arm=2 nav=18 NED=(1.682,-19.144,0.401) vel=(0.029,0.050,-0.155) yaw_deg=92.2 failsafe=False age_s=(0.49,0.00) arm_torque_nm=0.005 motors=[0.00,133.33,0.00,185.21,0.00,132.72,0.00,185.82][0m
[0m[INFO] [1786146034.790846421] [my_drone_dds_wasd_control]: STATE arm=2 nav=18 NED=(1.675,-19.157,0.454) vel=(0.019,0.024,-0.091) yaw_deg=92.6 failsafe=False age_s=(0.03,0.02) arm_torque_nm=0.000 motors=[0.00,133.28,0.00,185.89,0.00,132.67,0.00,186.50][0m
[0m[INFO] [1786146035.458110792] [my_drone_dds_wasd_control]: LANDING_DISARMED_CONFIRMED[0m
DDS_ARM_FLIGHT_FAIL missing=['arm:flight_micro_a', 'arm:flight_micro_b', 'arm:retracted'] climbed=True no_failsafe=True stable=False internal_land=True hover_ready=False
ARM_FLIGHT_METRICS horizontal_drift_m=inf altitude_span_m=inf samples=0
ARM_FLIGHT_INTERNAL_LAND_DETECTED
