DDS WASD: T takeoff | W/S/A/D move | R/F up/down | Q/E yaw | L land | O exit Offboard | X twice emergency disarm | Z safe exit
[0m[INFO] [1786145656.597361117] [my_drone_dds_wasd_control]: NED target initialized: N=-0.033 E=-0.019 D=0.013 yaw=95.0 deg[0m
[0m[INFO] [1786145656.635550265] [my_drone_dds_wasd_control]: local vertical target sign=-1 (target = current + sign * height)[0m
[0m[INFO] [1786145656.671717003] [my_drone_dds_wasd_control]: STATE arm=1 nav=4 NED=(-0.033,-0.019,0.013) vel=(0.003,-0.006,0.009) yaw_deg=95.0 failsafe=False age_s=(0.23,0.23) arm_torque_nm=0.000 motors=[0.00,0.00,0.00,0.00,0.00,0.00,0.00,0.00][0m
[0m[INFO] [1786145657.694771602] [my_drone_dds_wasd_control]: STATE arm=1 nav=4 NED=(-0.026,-0.032,-0.009) vel=(0.004,-0.013,0.003) yaw_deg=95.0 failsafe=False age_s=(0.32,0.01) arm_torque_nm=0.000 motors=[0.00,0.00,0.00,0.00,0.00,0.00,0.00,0.00][0m
[0m[INFO] [1786145658.694943961] [my_drone_dds_wasd_control]: STATE arm=1 nav=4 NED=(-0.017,-0.031,0.013) vel=(0.009,-0.007,0.010) yaw_deg=95.0 failsafe=False age_s=(0.31,0.01) arm_torque_nm=0.000 motors=[0.00,0.00,0.00,0.00,0.00,0.00,0.00,0.00][0m
[0m[INFO] [1786145658.733650258] [my_drone_dds_wasd_control]: target NED=(-0.02, -0.03, -1.19) yaw=95.0 deg[0m
[0m[INFO] [1786145658.765238420] [my_drone_dds_wasd_control]: Prestreaming Offboard setpoints for 2 seconds[0m
[0m[INFO] [1786145659.745425456] [my_drone_dds_wasd_control]: STATE arm=1 nav=4 NED=(-0.019,-0.011,0.020) vel=(0.008,0.007,0.013) yaw_deg=95.0 failsafe=False age_s=(0.42,0.02) arm_torque_nm=0.000 motors=[0.00,0.00,0.00,0.00,0.00,0.00,0.00,0.00][0m
[0m[INFO] [1786145660.743105239] [my_drone_dds_wasd_control]: STATE arm=1 nav=4 NED=(-0.029,-0.019,0.033) vel=(0.004,-0.002,0.014) yaw_deg=95.0 failsafe=False age_s=(0.42,0.00) arm_torque_nm=0.000 motors=[0.00,0.00,0.00,0.00,0.00,0.00,0.00,0.00][0m
[0m[INFO] [1786145660.795079457] [my_drone_dds_wasd_control]: OFFBOARD mode and ARM commands sent[0m
[0m[INFO] [1786145660.839883725] [my_drone_dds_wasd_control]: PX4 command ack: command=400 result=0[0m
[0m[INFO] [1786145661.759992579] [my_drone_dds_wasd_control]: STATE arm=2 nav=14 NED=(-0.017,-0.037,0.033) vel=(0.011,-0.015,0.013) yaw_deg=95.0 failsafe=False age_s=(0.43,0.00) arm_torque_nm=0.000 motors=[3.76,0.00,3.76,0.83,1.10,0.00,1.10,0.83][0m
[0m[INFO] [1786145662.741108958] [my_drone_dds_wasd_control]: STATE arm=2 nav=14 NED=(-0.010,-0.046,0.019) vel=(0.014,-0.016,0.007) yaw_deg=95.0 failsafe=False age_s=(0.42,0.00) arm_torque_nm=0.000 motors=[217.01,227.17,217.02,230.03,213.81,227.17,213.81,230.03][0m
[0m[INFO] [1786145663.743698163] [my_drone_dds_wasd_control]: STATE arm=2 nav=14 NED=(-0.003,-0.028,0.014) vel=(0.014,-0.002,0.006) yaw_deg=95.0 failsafe=False age_s=(0.42,0.00) arm_torque_nm=0.000 motors=[488.94,510.88,488.94,516.29,483.48,510.88,483.48,516.29][0m
[0m[INFO] [1786145664.748251762] [my_drone_dds_wasd_control]: STATE arm=2 nav=14 NED=(0.012,-0.031,0.011) vel=(0.021,-0.012,-0.006) yaw_deg=95.0 failsafe=False age_s=(0.41,0.00) arm_torque_nm=0.000 motors=[781.92,838.58,781.92,847.23,773.16,838.58,773.16,847.23][0m
[0m[INFO] [1786145665.794113025] [my_drone_dds_wasd_control]: STATE arm=2 nav=14 NED=(0.022,-0.036,0.017) vel=(0.025,-0.011,0.011) yaw_deg=95.0 failsafe=False age_s=(0.45,0.01) arm_torque_nm=0.000 motors=[806.35,856.13,806.35,860.94,801.42,856.13,801.41,860.94][0m
[0m[INFO] [1786145666.807005596] [my_drone_dds_wasd_control]: STATE arm=2 nav=14 NED=(-0.017,-0.024,0.018) vel=(-0.004,-0.001,-0.001) yaw_deg=95.0 failsafe=False age_s=(0.44,0.01) arm_torque_nm=0.000 motors=[821.35,850.01,821.37,858.45,811.65,850.02,811.63,858.44][0m
[0m[INFO] [1786145667.790740524] [my_drone_dds_wasd_control]: STATE arm=2 nav=14 NED=(-0.015,-0.002,0.016) vel=(0.004,0.016,0.044) yaw_deg=95.0 failsafe=False age_s=(0.43,0.01) arm_torque_nm=0.000 motors=[833.15,866.90,833.16,861.09,837.89,866.91,837.88,861.07][0m
[0m[INFO] [1786145668.798519760] [my_drone_dds_wasd_control]: STATE arm=2 nav=14 NED=(-0.014,-0.006,0.001) vel=(-0.075,0.025,0.054) yaw_deg=95.0 failsafe=False age_s=(0.43,0.01) arm_torque_nm=0.000 motors=[913.69,804.72,913.71,928.52,788.52,804.73,788.50,928.50][0m
[0m[INFO] [1786145671.503850061] [my_drone_dds_wasd_control]: STATE arm=2 nav=14 NED=(-0.026,-0.002,0.016) vel=(-0.005,-0.001,0.063) yaw_deg=95.0 failsafe=False age_s=(0.47,0.02) arm_torque_nm=0.000 motors=[847.33,875.50,847.35,879.76,840.76,875.52,840.73,879.73][0m
[0m[INFO] [1786145672.543972810] [my_drone_dds_wasd_control]: STATE arm=2 nav=14 NED=(-0.015,-0.019,-0.020) vel=(0.032,-0.024,0.102) yaw_deg=95.0 failsafe=False age_s=(0.00,0.01) arm_torque_nm=0.000 motors=[871.70,887.60,871.69,892.02,868.05,887.59,868.06,892.03][0m
[0m[INFO] [1786145673.551361148] [my_drone_dds_wasd_control]: STATE arm=2 nav=14 NED=(0.013,-0.020,-0.003) vel=(0.002,0.002,0.052) yaw_deg=95.0 failsafe=False age_s=(0.50,0.01) arm_torque_nm=0.000 motors=[875.95,895.08,875.96,897.55,872.75,895.09,872.74,897.54][0m
[0m[INFO] [1786145674.608055955] [my_drone_dds_wasd_control]: STATE arm=2 nav=14 NED=(0.024,-0.045,-0.079) vel=(-0.015,-0.026,-0.184) yaw_deg=95.0 failsafe=False age_s=(0.04,0.02) arm_torque_nm=0.000 motors=[832.33,830.20,832.30,858.57,806.40,830.17,806.43,858.60][0m
[0m[INFO] [1786145675.592003234] [my_drone_dds_wasd_control]: STATE arm=2 nav=14 NED=(0.025,-0.039,-0.083) vel=(0.017,-0.001,0.046) yaw_deg=95.0 failsafe=False age_s=(0.03,0.02) arm_torque_nm=0.000 motors=[871.04,886.73,871.03,891.28,866.81,886.73,866.81,891.28][0m
[0m[INFO] [1786145676.647933662] [my_drone_dds_wasd_control]: STATE arm=2 nav=14 NED=(0.075,-0.071,-0.123) vel=(0.021,-0.037,-0.101) yaw_deg=95.0 failsafe=False age_s=(0.07,0.01) arm_torque_nm=0.000 motors=[854.99,865.98,855.01,867.54,852.50,865.99,852.49,867.53][0m
[0m[INFO] [1786145677.657604008] [my_drone_dds_wasd_control]: STATE arm=2 nav=14 NED=(0.065,-0.019,-0.170) vel=(-0.032,0.056,0.099) yaw_deg=95.2 failsafe=False age_s=(0.06,0.01) arm_torque_nm=0.000 motors=[865.40,907.65,865.22,911.08,877.04,907.47,877.22,911.26][0m
[0m[INFO] [1786145678.696795681] [my_drone_dds_wasd_control]: STATE arm=2 nav=14 NED=(0.007,0.099,-0.117) vel=(-0.030,0.045,0.098) yaw_deg=94.4 failsafe=False age_s=(0.10,0.02) arm_torque_nm=0.000 motors=[817.11,1000.00,817.51,921.79,863.84,1000.00,863.43,921.39][0m
[0m[INFO] [1786145679.744497078] [my_drone_dds_wasd_control]: STATE arm=2 nav=14 NED=(0.028,0.008,-0.101) vel=(0.060,-0.025,-0.233) yaw_deg=83.5 failsafe=False age_s=(0.15,0.01) arm_torque_nm=0.040 motors=[990.29,957.89,996.00,782.82,687.35,963.60,681.64,777.11][0m
[0m[INFO] [1786145680.789754104] [my_drone_dds_wasd_control]: STATE arm=2 nav=14 NED=(0.007,0.030,-0.264) vel=(0.002,0.020,-0.256) yaw_deg=83.8 failsafe=False age_s=(0.19,0.02) arm_torque_nm=0.000 motors=[1000.00,932.76,1000.00,747.96,639.43,939.58,632.62,741.14][0m
[0m[INFO] [1786145681.851571175] [my_drone_dds_wasd_control]: STATE arm=2 nav=14 NED=(-0.010,0.000,-0.273) vel=(-0.084,-0.010,-0.070) yaw_deg=84.5 failsafe=False age_s=(0.23,0.01) arm_torque_nm=0.000 motors=[1000.00,946.96,1000.00,838.99,612.15,953.87,605.24,832.08][0m
[0m[INFO] [1786145682.838542002] [my_drone_dds_wasd_control]: STATE arm=2 nav=14 NED=(0.011,-0.023,-0.114) vel=(-0.109,-0.073,0.056) yaw_deg=89.7 failsafe=False age_s=(0.22,0.01) arm_torque_nm=0.039 motors=[1000.00,930.30,1000.00,938.98,716.26,934.14,712.43,935.14][0m
[0m[INFO] [1786145683.890323679] [my_drone_dds_wasd_control]: STATE arm=2 nav=14 NED=(-0.074,0.131,-0.208) vel=(0.018,0.124,-0.059) yaw_deg=100.4 failsafe=False age_s=(0.26,0.02) arm_torque_nm=0.000 motors=[811.04,875.00,809.15,963.86,881.10,873.10,883.00,965.76][0m
[0m[INFO] [1786145684.899950808] [my_drone_dds_wasd_control]: STATE arm=2 nav=14 NED=(-0.055,-0.053,-0.125) vel=(-0.156,-0.399,0.321) yaw_deg=98.9 failsafe=False age_s=(0.26,0.02) arm_torque_nm=0.000 motors=[931.79,958.44,930.54,1000.00,936.65,957.19,937.90,1000.00][0m
[0m[INFO] [1786145685.891929793] [my_drone_dds_wasd_control]: STATE arm=2 nav=14 NED=(-0.242,-0.451,-0.295) vel=(-0.062,-0.189,-0.212) yaw_deg=96.9 failsafe=False age_s=(0.25,0.02) arm_torque_nm=0.000 motors=[855.92,871.32,855.93,867.78,858.93,871.32,858.93,867.78][0m
[0m[INFO] [1786145686.949083537] [my_drone_dds_wasd_control]: STATE arm=2 nav=14 NED=(-0.196,-0.371,-0.623) vel=(0.115,0.150,-0.044) yaw_deg=96.3 failsafe=False age_s=(0.29,0.01) arm_torque_nm=0.000 motors=[857.92,876.33,857.57,896.51,866.90,875.98,867.25,896.86][0m
[0m[INFO] [1786145687.941868020] [my_drone_dds_wasd_control]: STATE arm=2 nav=14 NED=(-0.148,-0.279,-0.629) vel=(0.078,0.095,-0.219) yaw_deg=95.4 failsafe=False age_s=(0.28,0.01) arm_torque_nm=0.000 motors=[834.34,852.26,834.30,857.76,832.21,852.22,832.25,857.80][0m
[0m[INFO] [1786145688.956727107] [my_drone_dds_wasd_control]: STATE arm=2 nav=14 NED=(-0.107,-0.250,-0.583) vel=(0.055,0.045,-0.279) yaw_deg=95.2 failsafe=False age_s=(0.28,0.01) arm_torque_nm=0.000 motors=[832.76,850.17,832.80,852.36,827.52,850.21,827.48,852.32][0m
[0m[INFO] [1786145689.997636951] [my_drone_dds_wasd_control]: STATE arm=2 nav=14 NED=(-0.054,-0.246,-0.308) vel=(0.015,-0.049,-0.256) yaw_deg=95.3 failsafe=False age_s=(0.32,0.02) arm_torque_nm=0.000 motors=[784.57,929.06,784.48,876.75,844.13,928.97,844.21,876.84][0m
[0m[INFO] [1786145691.047116895] [my_drone_dds_wasd_control]: STATE arm=2 nav=14 NED=(0.003,-0.253,-0.373) vel=(-0.008,0.086,-0.352) yaw_deg=95.1 failsafe=False age_s=(0.36,0.01) arm_torque_nm=0.000 motors=[816.21,865.93,816.12,869.14,819.99,865.85,820.07,869.22][0m
[0m[INFO] [1786145692.095920149] [my_drone_dds_wasd_control]: STATE arm=2 nav=14 NED=(0.016,-0.167,-0.431) vel=(0.005,0.044,-0.069) yaw_deg=95.0 failsafe=False age_s=(0.40,0.02) arm_torque_nm=0.000 motors=[873.87,913.30,873.89,922.83,862.31,913.33,862.29,922.80][0m
[0m[INFO] [1786145693.149962767] [my_drone_dds_wasd_control]: STATE arm=2 nav=14 NED=(0.016,-0.123,-0.681) vel=(0.006,0.047,-0.162) yaw_deg=94.9 failsafe=False age_s=(0.44,0.01) arm_torque_nm=0.000 motors=[854.72,873.81,854.80,875.07,847.21,873.88,847.14,874.99][0m
[0m[INFO] [1786145694.144962520] [my_drone_dds_wasd_control]: STATE arm=2 nav=14 NED=(0.025,-0.072,-0.891) vel=(0.007,0.022,-0.203) yaw_deg=95.0 failsafe=False age_s=(0.43,0.01) arm_torque_nm=0.000 motors=[833.52,852.38,833.51,856.44,829.80,852.38,829.81,856.45][0m
[0m[INFO] [1786145695.200380335] [my_drone_dds_wasd_control]: STATE arm=2 nav=14 NED=(0.013,-0.062,-0.855) vel=(-0.004,-0.010,-0.101) yaw_deg=95.0 failsafe=False age_s=(0.48,0.02) arm_torque_nm=0.000 motors=[855.37,874.09,855.33,880.19,852.37,874.05,852.41,880.23][0m
[0m[INFO] [1786145696.242228145] [my_drone_dds_wasd_control]: STATE arm=2 nav=14 NED=(0.002,-0.045,-0.714) vel=(-0.003,-0.051,0.044) yaw_deg=95.1 failsafe=False age_s=(0.01,0.01) arm_torque_nm=0.000 motors=[866.64,937.52,866.52,955.47,859.18,937.39,859.31,955.60][0m
[0m[INFO] [1786145697.294210400] [my_drone_dds_wasd_control]: STATE arm=2 nav=14 NED=(-0.043,-0.147,-0.717) vel=(-0.039,-0.046,-0.051) yaw_deg=95.1 failsafe=False age_s=(0.06,0.02) arm_torque_nm=0.000 motors=[878.58,899.81,878.71,887.14,881.03,899.93,880.90,887.02][0m
[0m[INFO] [1786145698.297780152] [my_drone_dds_wasd_control]: STATE arm=2 nav=14 NED=(-0.013,-0.108,-0.836) vel=(0.047,0.060,-0.168) yaw_deg=95.0 failsafe=False age_s=(0.05,0.02) arm_torque_nm=0.000 motors=[849.45,866.59,849.30,876.10,853.02,866.43,853.18,876.25][0m
[0m[INFO] [1786145699.293308737] [my_drone_dds_wasd_control]: STATE arm=2 nav=14 NED=(0.045,-0.074,-0.842) vel=(0.029,0.019,-0.062) yaw_deg=94.9 failsafe=False age_s=(0.04,0.02) arm_torque_nm=0.000 motors=[869.64,887.83,869.61,892.71,867.59,887.80,867.62,892.74][0m
[0m[INFO] [1786145700.340731037] [my_drone_dds_wasd_control]: STATE arm=2 nav=14 NED=(0.044,-0.087,-0.633) vel=(-0.018,-0.079,0.131) yaw_deg=95.2 failsafe=False age_s=(0.08,0.01) arm_torque_nm=0.000 motors=[884.12,954.98,883.86,983.79,876.64,954.73,876.90,984.04][0m
[0m[INFO] [1786145701.358717381] [my_drone_dds_wasd_control]: STATE arm=2 nav=14 NED=(-0.041,-0.277,-0.660) vel=(-0.128,-0.212,-0.048) yaw_deg=96.7 failsafe=False age_s=(0.08,0.01) arm_torque_nm=0.000 motors=[871.27,869.87,870.05,960.65,883.07,868.64,884.29,961.88][0m
[0m[INFO] [1786145702.392513815] [my_drone_dds_wasd_control]: STATE arm=2 nav=14 NED=(-0.112,-0.248,-0.969) vel=(0.069,0.175,-0.158) yaw_deg=93.8 failsafe=False age_s=(0.12,0.02) arm_torque_nm=0.000 motors=[852.83,868.68,852.96,876.17,834.90,868.80,834.77,876.05][0m
[0m[INFO] [1786145703.402799966] [my_drone_dds_wasd_control]: STATE arm=2 nav=14 NED=(0.009,-0.129,-1.129) vel=(0.085,0.087,-0.041) yaw_deg=94.5 failsafe=False age_s=(0.11,0.02) arm_torque_nm=0.002 motors=[862.57,875.77,862.65,876.07,855.27,875.85,855.18,875.99][0m
[0m[INFO] [1786145706.042623326] [my_drone_dds_wasd_control]: STATE arm=2 nav=14 NED=(0.082,-0.090,-1.223) vel=(0.028,0.028,0.007) yaw_deg=94.9 failsafe=False age_s=(0.10,0.00) arm_torque_nm=0.000 motors=[866.46,880.88,866.42,885.37,864.71,880.84,864.74,885.40][0m
[0m[INFO] [1786145707.045637776] [my_drone_dds_wasd_control]: STATE arm=2 nav=14 NED=(0.090,-0.066,-1.346) vel=(-0.004,0.006,0.059) yaw_deg=94.9 failsafe=False age_s=(0.10,0.00) arm_torque_nm=0.000 motors=[871.27,889.22,871.24,893.65,869.39,889.19,869.42,893.68][0m
[0m[INFO] [1786145708.043619394] [my_drone_dds_wasd_control]: STATE arm=2 nav=14 NED=(0.093,-0.083,-1.400) vel=(-0.012,-0.016,0.021) yaw_deg=94.9 failsafe=False age_s=(0.09,0.00) arm_torque_nm=0.000 motors=[857.34,874.46,857.37,876.77,853.15,874.48,853.13,876.75][0m
[0m[INFO] [1786145709.098985637] [my_drone_dds_wasd_control]: STATE arm=2 nav=14 NED=(0.087,-0.079,-1.217) vel=(-0.014,-0.009,0.037) yaw_deg=95.0 failsafe=False age_s=(0.13,0.01) arm_torque_nm=0.000 motors=[871.32,887.23,871.31,891.52,867.73,887.22,867.74,891.53][0m
[0m[INFO] [1786145710.088530694] [my_drone_dds_wasd_control]: STATE arm=2 nav=14 NED=(0.061,-0.067,-1.142) vel=(-0.016,-0.006,-0.107) yaw_deg=95.0 failsafe=False age_s=(0.12,0.01) arm_torque_nm=0.000 motors=[847.45,864.28,847.45,867.20,844.58,864.28,844.58,867.20][0m
[0m[INFO] [1786145711.140282969] [my_drone_dds_wasd_control]: STATE arm=2 nav=14 NED=(0.059,-0.062,-0.973) vel=(-0.005,-0.013,-0.128) yaw_deg=95.0 failsafe=False age_s=(0.16,0.00) arm_torque_nm=0.000 motors=[854.77,869.87,854.78,872.89,851.03,869.88,851.02,872.88][0m
[0m[INFO] [1786145712.142054289] [my_drone_dds_wasd_control]: STATE arm=2 nav=14 NED=(0.041,-0.103,-0.821) vel=(-0.021,-0.054,-0.164) yaw_deg=95.3 failsafe=False age_s=(0.16,0.00) arm_torque_nm=0.000 motors=[855.73,864.96,855.55,874.72,861.55,864.78,861.74,874.91][0m
[0m[INFO] [1786145713.198935122] [my_drone_dds_wasd_control]: STATE arm=2 nav=14 NED=(0.019,-0.113,-0.743) vel=(-0.005,0.003,-0.083) yaw_deg=95.0 failsafe=False age_s=(0.20,0.01) arm_torque_nm=0.000 motors=[864.52,898.31,864.38,914.89,859.50,898.17,859.64,915.03][0m
[0m[INFO] [1786145714.243762075] [my_drone_dds_wasd_control]: STATE arm=2 nav=14 NED=(0.045,-0.129,-0.808) vel=(0.020,0.004,-0.186) yaw_deg=94.7 failsafe=False age_s=(0.24,0.00) arm_torque_nm=0.000 motors=[863.92,880.56,864.08,879.10,851.69,880.72,851.53,878.93][0m
[0m[INFO] [1786145715.298545096] [my_drone_dds_wasd_control]: STATE arm=2 nav=14 NED=(0.076,-0.105,-0.723) vel=(0.007,0.007,0.010) yaw_deg=95.0 failsafe=False age_s=(0.28,0.01) arm_torque_nm=0.000 motors=[888.79,910.07,888.80,915.55,881.90,910.09,881.88,915.53][0m
[0m[INFO] [1786145716.294293334] [my_drone_dds_wasd_control]: STATE arm=2 nav=14 NED=(0.044,-0.104,-0.760) vel=(-0.017,-0.002,-0.120) yaw_deg=94.9 failsafe=False age_s=(0.27,0.01) arm_torque_nm=0.000 motors=[871.67,888.64,871.69,890.76,867.76,888.67,867.74,890.74][0m
[0m[INFO] [1786145717.339809603] [my_drone_dds_wasd_control]: STATE arm=2 nav=14 NED=(0.026,-0.124,-0.736) vel=(-0.012,-0.045,-0.094) yaw_deg=95.4 failsafe=False age_s=(0.32,0.00) arm_torque_nm=0.000 motors=[862.29,873.09,862.00,890.00,869.41,872.80,869.70,890.29][0m
[0m[INFO] [1786145718.349934897] [my_drone_dds_wasd_control]: STATE arm=2 nav=14 NED=(0.044,-0.142,-0.928) vel=(0.018,0.026,0.022) yaw_deg=94.8 failsafe=False age_s=(0.31,0.00) arm_torque_nm=0.000 motors=[881.79,899.29,881.78,904.03,877.91,899.28,877.92,904.04][0m
[0m[INFO] [1786145719.392849008] [my_drone_dds_wasd_control]: STATE arm=2 nav=14 NED=(0.057,-0.098,-1.138) vel=(0.010,0.024,-0.068) yaw_deg=94.9 failsafe=False age_s=(0.35,0.01) arm_torque_nm=0.000 motors=[857.58,874.73,857.62,877.57,851.41,874.77,851.37,877.53][0m
[0m[INFO] [1786145720.390872980] [my_drone_dds_wasd_control]: STATE arm=2 nav=14 NED=(0.048,-0.128,-1.186) vel=(-0.005,-0.016,0.049) yaw_deg=95.0 failsafe=False age_s=(0.34,0.01) arm_torque_nm=0.000 motors=[883.42,899.76,883.43,903.47,879.28,899.77,879.28,903.47][0m
[0m[INFO] [1786145721.395272083] [my_drone_dds_wasd_control]: STATE arm=2 nav=14 NED=(-0.009,-0.147,-1.153) vel=(-0.019,0.000,-0.188) yaw_deg=95.0 failsafe=False age_s=(0.33,0.01) arm_torque_nm=0.000 motors=[833.34,850.79,833.37,852.17,829.19,850.82,829.16,852.13][0m
[0m[INFO] [1786145722.398185367] [my_drone_dds_wasd_control]: STATE arm=2 nav=14 NED=(-0.020,-0.138,-1.081) vel=(0.012,0.013,-0.062) yaw_deg=95.0 failsafe=False age_s=(0.33,0.01) arm_torque_nm=0.000 motors=[866.45,884.62,866.41,889.94,864.39,884.58,864.43,889.98][0m
[0m[INFO] [1786145723.441259473] [my_drone_dds_wasd_control]: STATE arm=2 nav=14 NED=(0.024,-0.084,-1.007) vel=(0.024,0.021,-0.022) yaw_deg=95.0 failsafe=False age_s=(0.37,0.00) arm_torque_nm=0.000 motors=[857.33,874.29,857.31,879.24,854.24,874.27,854.26,879.26][0m
[0m[INFO] [1786145724.495097310] [my_drone_dds_wasd_control]: STATE arm=2 nav=14 NED=(0.036,-0.113,-0.981) vel=(-0.005,-0.071,-0.041) yaw_deg=95.3 failsafe=False age_s=(0.41,0.01) arm_torque_nm=0.000 motors=[908.03,918.43,907.86,925.07,915.29,918.26,915.45,925.24][0m
[0m[INFO] [1786145725.538931059] [my_drone_dds_wasd_control]: STATE arm=2 nav=14 NED=(0.051,-0.115,-1.025) vel=(0.017,0.019,-0.029) yaw_deg=95.0 failsafe=False age_s=(0.45,0.00) arm_torque_nm=0.000 motors=[869.20,893.93,869.05,908.18,867.02,893.78,867.17,908.32][0m
[0m[INFO] [1786145726.546570496] [my_drone_dds_wasd_control]: STATE arm=2 nav=14 NED=(0.066,-0.120,-1.118) vel=(0.004,0.005,-0.011) yaw_deg=94.9 failsafe=False age_s=(0.44,0.00) arm_torque_nm=0.000 motors=[868.20,892.27,868.23,895.22,862.39,892.30,862.36,895.19][0m
[0m[INFO] [1786145727.619948048] [my_drone_dds_wasd_control]: STATE arm=2 nav=14 NED=(0.053,-0.116,-1.325) vel=(-0.008,0.003,-0.009) yaw_deg=95.0 failsafe=False age_s=(0.49,0.01) arm_torque_nm=0.000 motors=[858.45,876.01,858.47,878.82,854.03,876.03,854.01,878.80][0m
[0m[INFO] [1786145728.642865244] [my_drone_dds_wasd_control]: STATE arm=2 nav=14 NED=(0.043,-0.122,-1.400) vel=(-0.010,-0.005,0.042) yaw_deg=95.0 failsafe=False age_s=(0.02,0.00) arm_torque_nm=0.000 motors=[859.44,875.78,859.43,880.80,855.13,875.77,855.14,880.81][0m
[0m[INFO] [1786145729.646379021] [my_drone_dds_wasd_control]: STATE arm=2 nav=14 NED=(0.030,-0.119,-1.410) vel=(-0.002,0.004,0.017) yaw_deg=95.0 failsafe=False age_s=(0.02,0.00) arm_torque_nm=0.000 motors=[857.34,875.43,857.34,879.43,853.92,875.42,853.93,879.44][0m
[0m[INFO] [1786145730.649748152] [my_drone_dds_wasd_control]: STATE arm=2 nav=14 NED=(0.052,-0.118,-1.467) vel=(0.004,-0.007,-0.072) yaw_deg=95.0 failsafe=False age_s=(0.01,0.00) arm_torque_nm=0.000 motors=[838.77,856.54,838.76,861.13,835.65,856.53,835.67,861.14][0m
[0m[INFO] [1786145731.692738948] [my_drone_dds_wasd_control]: STATE arm=2 nav=14 NED=(0.064,-0.122,-1.503) vel=(-0.001,-0.038,0.264) yaw_deg=95.1 failsafe=False age_s=(0.05,0.01) arm_torque_nm=0.000 motors=[877.64,932.97,877.55,948.77,869.50,932.88,869.59,948.86][0m
[0m[INFO] [1786145732.693930401] [my_drone_dds_wasd_control]: STATE arm=2 nav=14 NED=(0.082,-0.168,-1.636) vel=(0.003,0.003,0.142) yaw_deg=94.8 failsafe=False age_s=(0.04,0.01) arm_torque_nm=0.000 motors=[868.56,892.71,868.72,890.40,857.95,892.87,857.80,890.25][0m
[0m[INFO] [1786145733.751413324] [my_drone_dds_wasd_control]: STATE arm=2 nav=14 NED=(0.072,-0.088,-1.784) vel=(-0.012,0.044,0.132) yaw_deg=95.0 failsafe=False age_s=(0.08,0.00) arm_torque_nm=0.000 motors=[857.17,876.11,857.18,878.68,853.75,876.12,853.74,878.67][0m
[0m[INFO] [1786145734.790501290] [my_drone_dds_wasd_control]: STATE arm=2 nav=14 NED=(0.058,-0.061,-1.751) vel=(-0.015,-0.013,0.103) yaw_deg=95.1 failsafe=False age_s=(0.13,0.01) arm_torque_nm=0.000 motors=[850.56,872.50,850.47,883.82,846.83,872.41,846.93,883.91][0m
[0m[INFO] [1786145735.791011650] [my_drone_dds_wasd_control]: STATE arm=2 nav=14 NED=(0.050,-0.098,-1.715) vel=(0.002,-0.020,-0.043) yaw_deg=95.0 failsafe=False age_s=(0.12,0.01) arm_torque_nm=0.000 motors=[826.68,850.96,826.69,855.05,821.90,850.97,821.90,855.04][0m
[0m[INFO] [1786145736.793526577] [my_drone_dds_wasd_control]: STATE arm=2 nav=14 NED=(0.051,-0.107,-1.560) vel=(-0.001,0.009,-0.008) yaw_deg=95.0 failsafe=False age_s=(0.11,0.01) arm_torque_nm=0.000 motors=[845.66,863.69,845.65,867.62,842.56,863.68,842.57,867.63][0m
[0m[INFO] [1786145739.494468063] [my_drone_dds_wasd_control]: STATE arm=2 nav=14 NED=(0.033,-0.095,-1.260) vel=(-0.008,0.001,-0.034) yaw_deg=95.0 failsafe=False age_s=(0.15,0.02) arm_torque_nm=0.000 motors=[860.97,878.50,860.95,882.24,858.25,878.48,858.26,882.25][0m
[0m[INFO] [1786145740.544192958] [my_drone_dds_wasd_control]: STATE arm=2 nav=14 NED=(0.035,-0.120,-0.782) vel=(-0.009,-0.106,0.031) yaw_deg=95.4 failsafe=False age_s=(0.19,0.01) arm_torque_nm=0.000 motors=[870.02,921.51,869.67,958.51,862.35,921.15,862.70,958.86][0m
[0m[INFO] [1786145741.590813232] [my_drone_dds_wasd_control]: STATE arm=2 nav=14 NED=(-0.015,-0.253,-0.647) vel=(-0.048,-0.022,-0.148) yaw_deg=95.4 failsafe=False age_s=(0.23,0.02) arm_torque_nm=0.000 motors=[866.78,890.23,866.71,888.92,873.86,890.16,873.93,888.99][0m
[0m[INFO] [1786145742.648533294] [my_drone_dds_wasd_control]: STATE arm=2 nav=14 NED=(0.015,-0.175,-0.676) vel=(0.056,0.098,-0.188) yaw_deg=94.8 failsafe=False age_s=(0.28,0.01) arm_torque_nm=0.000 motors=[859.84,876.26,859.69,886.82,861.41,876.11,861.56,886.97][0m
[0m[INFO] [1786145743.695181723] [my_drone_dds_wasd_control]: STATE arm=2 nav=14 NED=(0.067,-0.098,-0.730) vel=(0.031,0.047,-0.155) yaw_deg=94.8 failsafe=False age_s=(0.32,0.02) arm_torque_nm=0.000 motors=[862.82,878.06,862.82,881.80,859.28,878.06,859.28,881.80][0m
[0m[INFO] [1786145744.744526964] [my_drone_dds_wasd_control]: STATE arm=2 nav=14 NED=(0.055,-0.064,-0.809) vel=(-0.005,0.008,-0.116) yaw_deg=94.9 failsafe=False age_s=(0.36,0.01) arm_torque_nm=0.000 motors=[867.63,885.44,867.64,888.09,863.97,885.46,863.96,888.08][0m
[0m[INFO] [1786145745.828366940] [my_drone_dds_wasd_control]: STATE arm=2 nav=14 NED=(0.044,-0.076,-0.894) vel=(-0.007,-0.014,-0.124) yaw_deg=94.9 failsafe=False age_s=(0.40,0.02) arm_torque_nm=0.000 motors=[868.74,885.48,868.74,889.12,864.88,885.49,864.88,889.12][0m
[0m[INFO] [1786145746.846782549] [my_drone_dds_wasd_control]: STATE arm=2 nav=14 NED=(0.039,-0.107,-0.984) vel=(-0.001,-0.015,-0.080) yaw_deg=95.0 failsafe=False age_s=(0.44,0.01) arm_torque_nm=0.000 motors=[860.91,877.99,860.92,880.96,857.11,878.00,857.11,880.95][0m
[0m[INFO] [1786145747.895112301] [my_drone_dds_wasd_control]: STATE arm=2 nav=14 NED=(0.043,-0.125,-1.049) vel=(0.005,-0.008,-0.057) yaw_deg=95.0 failsafe=False age_s=(0.49,0.02) arm_torque_nm=0.000 motors=[864.35,882.23,864.35,885.36,861.23,882.23,861.23,885.36][0m
[0m[INFO] [1786145748.939123456] [my_drone_dds_wasd_control]: STATE arm=2 nav=14 NED=(0.042,-0.104,-1.107) vel=(-0.001,-0.001,-0.031) yaw_deg=95.0 failsafe=False age_s=(0.02,0.01) arm_torque_nm=0.000 motors=[866.19,883.14,866.20,885.66,863.08,883.15,863.08,885.65][0m
[0m[INFO] [1786145749.944216332] [my_drone_dds_wasd_control]: STATE arm=2 nav=14 NED=(0.038,-0.102,-1.139) vel=(0.001,-0.002,-0.017) yaw_deg=95.0 failsafe=False age_s=(0.02,0.01) arm_torque_nm=0.000 motors=[866.50,883.67,866.51,886.89,863.12,883.67,863.11,886.89][0m
[0m[INFO] [1786145750.990954000] [my_drone_dds_wasd_control]: STATE arm=2 nav=14 NED=(0.015,-0.110,-1.180) vel=(-0.007,-0.007,-0.025) yaw_deg=95.0 failsafe=False age_s=(0.06,0.02) arm_torque_nm=0.000 motors=[862.86,879.92,862.87,883.33,858.99,879.93,858.99,883.33][0m
[0m[INFO] [1786145751.995333228] [my_drone_dds_wasd_control]: STATE arm=2 nav=14 NED=(0.019,-0.128,-1.205) vel=(0.011,-0.004,-0.016) yaw_deg=95.0 failsafe=False age_s=(0.05,0.02) arm_torque_nm=0.000 motors=[863.04,880.03,863.05,883.21,859.54,880.04,859.54,883.21][0m
[0m[INFO] [1786145753.001316945] [my_drone_dds_wasd_control]: STATE arm=2 nav=14 NED=(0.052,-0.112,-1.224) vel=(0.011,0.007,0.008) yaw_deg=95.0 failsafe=False age_s=(0.04,0.02) arm_torque_nm=0.000 motors=[862.46,880.07,862.47,883.26,859.03,880.07,859.03,883.26][0m
ARM_FLIGHT_HOVER_READY offboard_elapsed_s=88.2
[0m[INFO] [1786145754.045046860] [my_drone_dds_wasd_control]: STATE arm=2 nav=14 NED=(0.065,-0.145,-1.238) vel=(0.001,-0.017,0.008) yaw_deg=95.0 failsafe=False age_s=(0.08,0.01) arm_torque_nm=0.000 motors=[861.87,878.99,861.88,882.34,857.86,879.00,857.85,882.33][0m
[0m[INFO] [1786145755.090981257] [my_drone_dds_wasd_control]: STATE arm=2 nav=14 NED=(0.045,-0.142,-1.256) vel=(-0.011,0.008,0.025) yaw_deg=95.0 failsafe=False age_s=(0.13,0.02) arm_torque_nm=0.000 motors=[863.50,881.08,863.51,884.19,859.89,881.09,859.89,884.18][0m
[0m[INFO] [1786145756.086702934] [my_drone_dds_wasd_control]: STATE arm=2 nav=14 NED=(0.024,-0.118,-1.259) vel=(-0.006,0.007,0.003) yaw_deg=95.0 failsafe=False age_s=(0.12,0.02) arm_torque_nm=0.000 motors=[866.15,884.07,866.16,887.19,862.66,884.07,862.66,887.18][0m
[0m[INFO] [1786145757.103251730] [my_drone_dds_wasd_control]: STATE arm=2 nav=14 NED=(0.039,-0.107,-1.270) vel=(0.008,0.001,0.025) yaw_deg=95.0 failsafe=False age_s=(0.11,0.02) arm_torque_nm=0.000 motors=[865.70,883.85,865.70,886.95,862.63,883.85,862.63,886.95][0m
[0m[INFO] [1786145758.144902046] [my_drone_dds_wasd_control]: STATE arm=2 nav=14 NED=(0.070,-0.119,-1.259) vel=(0.008,-0.009,0.258) yaw_deg=95.0 failsafe=False age_s=(0.15,0.01) arm_torque_nm=0.000 motors=[913.87,934.05,913.88,937.65,909.74,934.05,909.74,937.64][0m
ARM_FLIGHT_SENT_flight_micro_a
[0m[INFO] [1786145759.191736184] [my_drone_dds_wasd_control]: STATE arm=2 nav=14 NED=(0.085,-0.113,-1.264) vel=(-0.004,0.001,-0.025) yaw_deg=95.0 failsafe=False age_s=(0.19,0.02) arm_torque_nm=0.000 motors=[864.16,885.52,864.16,889.26,859.89,885.53,859.88,889.25][0m
[0m[INFO] [1786145760.245566558] [my_drone_dds_wasd_control]: STATE arm=2 nav=14 NED=(0.059,-0.091,-1.283) vel=(-0.019,0.006,0.000) yaw_deg=95.0 failsafe=False age_s=(0.24,0.01) arm_torque_nm=0.000 motors=[860.46,878.81,860.46,882.58,856.52,878.81,856.52,882.58][0m
[0m[INFO] [1786145761.296991823] [my_drone_dds_wasd_control]: STATE arm=2 nav=14 NED=(0.048,-0.112,-1.290) vel=(-0.005,-0.015,-0.019) yaw_deg=95.0 failsafe=False age_s=(0.28,0.02) arm_torque_nm=0.000 motors=[851.71,872.58,851.70,877.08,847.56,872.57,847.56,877.09][0m
[0m[INFO] [1786145762.344262081] [my_drone_dds_wasd_control]: STATE arm=2 nav=14 NED=(0.048,-0.126,-1.309) vel=(-0.000,-0.005,0.003) yaw_deg=95.0 failsafe=False age_s=(0.32,0.01) arm_torque_nm=0.000 motors=[862.49,880.89,862.48,884.64,859.32,880.88,859.33,884.65][0m
[0m[INFO] [1786145763.341085126] [my_drone_dds_wasd_control]: STATE arm=2 nav=14 NED=(0.046,-0.141,-1.302) vel=(-0.001,-0.003,-0.031) yaw_deg=95.0 failsafe=False age_s=(0.31,0.01) arm_torque_nm=0.000 motors=[854.71,876.74,854.69,881.90,851.02,876.73,851.04,881.92][0m
[0m[INFO] [1786145764.341448640] [my_drone_dds_wasd_control]: STATE arm=2 nav=14 NED=(0.043,-0.139,-1.301) vel=(0.002,0.012,0.051) yaw_deg=95.0 failsafe=False age_s=(0.30,0.01) arm_torque_nm=0.040 motors=[865.22,882.57,865.23,886.66,860.79,882.58,860.79,886.65][0m
[INFO] [1786145764.158017715] [arm_preset_control]: Sent preset flight_micro_a over /arm_controller/joint_trajectory
[INFO] [1786145764.828761218] [arm_preset_control]: ARM_PRESET_REACHED preset=flight_micro_a max_error=0.003792 rad
[0m[INFO] [1786145765.340386007] [my_drone_dds_wasd_control]: STATE arm=2 nav=14 NED=(0.009,-0.151,-1.286) vel=(-0.007,-0.001,-0.005) yaw_deg=95.0 failsafe=False age_s=(0.30,0.01) arm_torque_nm=0.014 motors=[859.26,876.61,859.26,880.10,855.89,876.61,855.89,880.10][0m
[0m[INFO] [1786145766.347258299] [my_drone_dds_wasd_control]: STATE arm=2 nav=14 NED=(0.017,-0.148,-1.290) vel=(0.012,0.013,-0.003) yaw_deg=95.0 failsafe=False age_s=(0.29,0.01) arm_torque_nm=0.051 motors=[859.34,876.46,859.33,881.61,855.57,876.44,855.59,881.63][0m
[0m[INFO] [1786145767.397907648] [my_drone_dds_wasd_control]: STATE arm=2 nav=14 NED=(0.021,-0.141,-1.287) vel=(0.008,0.004,0.009) yaw_deg=95.0 failsafe=False age_s=(0.33,0.02) arm_torque_nm=0.029 motors=[868.82,886.21,868.82,889.87,865.45,886.20,865.45,889.88][0m
[0m[INFO] [1786145768.441505970] [my_drone_dds_wasd_control]: STATE arm=2 nav=14 NED=(0.027,-0.112,-1.261) vel=(0.007,0.007,0.022) yaw_deg=95.0 failsafe=False age_s=(0.37,0.01) arm_torque_nm=0.014 motors=[861.60,879.74,861.59,883.43,858.21,879.74,858.21,883.44][0m
[0m[INFO] [1786145769.440141907] [my_drone_dds_wasd_control]: STATE arm=2 nav=14 NED=(0.039,-0.122,-1.254) vel=(0.007,-0.006,-0.015) yaw_deg=95.0 failsafe=False age_s=(0.36,0.01) arm_torque_nm=0.014 motors=[862.16,880.06,862.14,884.54,858.91,880.05,858.93,884.55][0m
[0m[INFO] [1786145770.442614324] [my_drone_dds_wasd_control]: STATE arm=2 nav=14 NED=(0.051,-0.127,-1.275) vel=(0.001,0.004,0.001) yaw_deg=95.0 failsafe=False age_s=(0.36,0.01) arm_torque_nm=0.048 motors=[860.85,878.04,860.85,882.54,856.72,878.04,856.72,882.54][0m
[0m[INFO] [1786145773.146833679] [my_drone_dds_wasd_control]: STATE arm=2 nav=14 NED=(-0.009,-0.121,-1.267) vel=(-0.017,0.000,-0.004) yaw_deg=95.0 failsafe=False age_s=(0.40,0.02) arm_torque_nm=0.029 motors=[860.30,877.77,860.29,881.63,857.27,877.76,857.28,881.64][0m
[0m[INFO] [1786145774.157694960] [my_drone_dds_wasd_control]: STATE arm=2 nav=14 NED=(-0.009,-0.149,-1.253) vel=(0.016,-0.012,0.019) yaw_deg=95.0 failsafe=False age_s=(0.39,0.02) arm_torque_nm=0.014 motors=[861.65,879.16,861.64,883.60,858.09,879.15,858.10,883.61][0m
[0m[INFO] [1786145775.196448427] [my_drone_dds_wasd_control]: STATE arm=2 nav=14 NED=(0.026,-0.164,-1.245) vel=(0.021,0.001,0.003) yaw_deg=95.0 failsafe=False age_s=(0.43,0.01) arm_torque_nm=0.014 motors=[859.83,876.01,859.82,880.36,856.65,876.00,856.67,880.37][0m
[0m[INFO] [1786145776.248711540] [my_drone_dds_wasd_control]: STATE arm=2 nav=14 NED=(0.049,-0.121,-1.243) vel=(0.007,0.023,0.031) yaw_deg=95.0 failsafe=False age_s=(0.47,0.02) arm_torque_nm=0.053 motors=[864.24,882.74,864.24,885.95,861.01,882.74,861.01,885.95][0m
[0m[INFO] [1786145777.295383463] [my_drone_dds_wasd_control]: STATE arm=2 nav=14 NED=(0.049,-0.111,-1.240) vel=(-0.004,-0.004,-0.006) yaw_deg=95.0 failsafe=False age_s=(0.01,0.01) arm_torque_nm=0.014 motors=[864.98,882.41,864.97,885.76,862.10,882.41,862.11,885.77][0m
[0m[INFO] [1786145778.345797106] [my_drone_dds_wasd_control]: STATE arm=2 nav=14 NED=(0.055,-0.117,-1.244) vel=(-0.002,-0.009,-0.005) yaw_deg=95.0 failsafe=False age_s=(0.05,0.02) arm_torque_nm=0.014 motors=[862.91,878.06,862.91,880.51,860.47,878.06,860.47,880.51][0m
[0m[INFO] [1786145779.392672068] [my_drone_dds_wasd_control]: STATE arm=2 nav=14 NED=(0.071,-0.103,-1.262) vel=(0.005,0.000,0.021) yaw_deg=95.0 failsafe=False age_s=(0.09,0.01) arm_torque_nm=0.014 motors=[865.66,882.49,865.66,886.37,861.85,882.49,861.85,886.37][0m
[0m[INFO] [1786145780.390494024] [my_drone_dds_wasd_control]: STATE arm=2 nav=14 NED=(0.051,-0.084,-1.262) vel=(-0.017,0.003,0.007) yaw_deg=95.0 failsafe=False age_s=(0.09,0.01) arm_torque_nm=0.000 motors=[862.80,880.22,862.80,883.69,859.59,880.22,859.60,883.70][0m
ARM_FLIGHT_SENT_flight_micro_b
[0m[INFO] [1786145781.446479607] [my_drone_dds_wasd_control]: STATE arm=2 nav=14 NED=(0.046,-0.072,-1.243) vel=(-0.000,-0.005,0.009) yaw_deg=95.0 failsafe=False age_s=(0.13,0.02) arm_torque_nm=0.000 motors=[864.32,881.41,864.32,884.96,861.04,881.41,861.04,884.97][0m
[0m[INFO] [1786145782.448519347] [my_drone_dds_wasd_control]: STATE arm=2 nav=14 NED=(0.073,-0.081,-1.247) vel=(0.004,-0.016,0.045) yaw_deg=95.0 failsafe=False age_s=(0.12,0.02) arm_torque_nm=0.000 motors=[871.13,887.24,871.13,890.81,866.94,887.24,866.94,890.80][0m
[0m[INFO] [1786145783.492477247] [my_drone_dds_wasd_control]: STATE arm=2 nav=14 NED=(0.053,-0.114,-1.257) vel=(-0.011,-0.018,0.009) yaw_deg=95.0 failsafe=False age_s=(0.16,0.01) arm_torque_nm=0.000 motors=[863.16,881.09,863.16,884.25,860.17,881.09,860.17,884.25][0m
[0m[INFO] [1786145784.493027058] [my_drone_dds_wasd_control]: STATE arm=2 nav=14 NED=(0.004,-0.137,-1.280) vel=(-0.017,-0.006,0.005) yaw_deg=95.0 failsafe=False age_s=(0.15,0.01) arm_torque_nm=0.000 motors=[867.81,885.91,867.81,889.16,864.63,885.91,864.63,889.16][0m
[0m[INFO] [1786145785.541593632] [my_drone_dds_wasd_control]: STATE arm=2 nav=14 NED=(0.009,-0.137,-1.267) vel=(0.009,-0.001,0.008) yaw_deg=95.0 failsafe=False age_s=(0.20,0.02) arm_torque_nm=0.000 motors=[866.45,882.95,866.45,886.98,862.84,882.95,862.84,886.98][0m
[INFO] [1786145785.385524568] [arm_preset_control]: Sent preset flight_micro_b over /arm_controller/joint_trajectory
[INFO] [1786145785.418294222] [arm_preset_control]: ARM_PRESET_REACHED preset=flight_micro_b max_error=0.003974 rad
[0m[INFO] [1786145786.591274360] [my_drone_dds_wasd_control]: STATE arm=2 nav=14 NED=(0.023,-0.131,-1.249) vel=(0.009,0.008,0.017) yaw_deg=95.0 failsafe=False age_s=(0.24,0.01) arm_torque_nm=0.021 motors=[861.87,878.94,861.87,882.22,858.89,878.94,858.89,882.22][0m
[0m[INFO] [1786145787.603010817] [my_drone_dds_wasd_control]: STATE arm=2 nav=14 NED=(0.054,-0.129,-1.251) vel=(0.011,0.000,0.011) yaw_deg=95.0 failsafe=False age_s=(0.23,0.01) arm_torque_nm=0.021 motors=[868.05,884.97,868.06,887.84,864.44,884.98,864.43,887.83][0m
[0m[INFO] [1786145788.642946136] [my_drone_dds_wasd_control]: STATE arm=2 nav=14 NED=(0.077,-0.133,-1.244) vel=(-0.000,0.000,0.032) yaw_deg=95.0 failsafe=False age_s=(0.27,0.02) arm_torque_nm=0.021 motors=[865.05,882.33,865.07,885.17,861.20,882.34,861.19,885.16][0m
[0m[INFO] [1786145789.696032244] [my_drone_dds_wasd_control]: STATE arm=2 nav=14 NED=(0.075,-0.132,-1.253) vel=(-0.009,0.003,0.021) yaw_deg=95.0 failsafe=False age_s=(0.31,0.01) arm_torque_nm=0.021 motors=[865.57,883.13,865.57,886.49,862.11,883.13,862.11,886.49][0m
[0m[INFO] [1786145790.696586332] [my_drone_dds_wasd_control]: STATE arm=2 nav=14 NED=(0.070,-0.120,-1.239) vel=(-0.007,0.004,0.030) yaw_deg=95.0 failsafe=False age_s=(0.31,0.01) arm_torque_nm=0.021 motors=[868.00,885.76,868.00,889.45,864.33,885.76,864.33,889.45][0m
[0m[INFO] [1786145791.737051778] [my_drone_dds_wasd_control]: STATE arm=2 nav=14 NED=(0.068,-0.118,-1.245) vel=(-0.011,0.006,0.006) yaw_deg=95.0 failsafe=False age_s=(0.35,0.02) arm_torque_nm=0.021 motors=[863.98,880.87,863.98,884.56,859.81,880.88,859.81,884.55][0m
[0m[INFO] [1786145792.742807762] [my_drone_dds_wasd_control]: STATE arm=2 nav=14 NED=(0.059,-0.124,-1.239) vel=(-0.009,-0.007,0.026) yaw_deg=95.0 failsafe=False age_s=(0.34,0.02) arm_torque_nm=0.021 motors=[870.66,888.34,870.66,891.91,866.99,888.34,866.98,891.91][0m
[0m[INFO] [1786145793.795866305] [my_drone_dds_wasd_control]: STATE arm=2 nav=14 NED=(0.084,-0.153,-1.226) vel=(0.003,-0.008,0.199) yaw_deg=95.0 failsafe=False age_s=(0.38,0.01) arm_torque_nm=0.021 motors=[908.42,928.53,908.43,932.55,903.66,928.54,903.65,932.54][0m
[0m[INFO] [1786145794.851433093] [my_drone_dds_wasd_control]: STATE arm=2 nav=14 NED=(0.071,-0.128,-1.254) vel=(-0.012,0.015,-0.007) yaw_deg=95.0 failsafe=False age_s=(0.42,0.02) arm_torque_nm=0.021 motors=[860.11,880.99,860.12,883.90,856.23,881.00,856.22,883.89][0m
[0m[INFO] [1786145795.844822134] [my_drone_dds_wasd_control]: STATE arm=2 nav=14 NED=(0.048,-0.113,-1.252) vel=(-0.011,-0.000,0.008) yaw_deg=95.0 failsafe=False age_s=(0.42,0.02) arm_torque_nm=0.021 motors=[865.74,888.59,865.74,893.15,861.22,888.59,861.22,893.15][0m
[0m[INFO] [1786145796.854674064] [my_drone_dds_wasd_control]: STATE arm=2 nav=14 NED=(0.025,-0.124,-1.241) vel=(-0.005,-0.007,0.010) yaw_deg=95.0 failsafe=False age_s=(0.41,0.02) arm_torque_nm=0.021 motors=[870.68,893.71,870.69,898.24,865.12,893.72,865.11,898.23][0m
[0m[INFO] [1786145797.890951692] [my_drone_dds_wasd_control]: STATE arm=2 nav=14 NED=(0.013,-0.136,-1.233) vel=(0.002,-0.002,-0.019) yaw_deg=95.0 failsafe=False age_s=(0.45,0.01) arm_torque_nm=0.021 motors=[859.83,877.15,859.82,881.27,856.09,877.14,856.09,881.28][0m
[0m[INFO] [1786145798.891424481] [my_drone_dds_wasd_control]: STATE arm=2 nav=14 NED=(0.031,-0.105,-1.230) vel=(0.010,0.007,-0.016) yaw_deg=95.0 failsafe=False age_s=(0.44,0.01) arm_torque_nm=0.021 motors=[855.98,875.43,855.98,879.82,851.65,875.43,851.65,879.82][0m
[0m[INFO] [1786145799.890538909] [my_drone_dds_wasd_control]: STATE arm=2 nav=14 NED=(0.041,-0.115,-1.223) vel=(0.002,-0.004,-0.042) yaw_deg=95.0 failsafe=False age_s=(0.43,0.01) arm_torque_nm=0.000 motors=[863.46,880.60,863.46,885.19,859.11,880.59,859.11,885.20][0m
ARM_FLIGHT_SENT_retracted
[0m[INFO] [1786145800.890428338] [my_drone_dds_wasd_control]: STATE arm=2 nav=14 NED=(0.035,-0.118,-1.223) vel=(0.002,-0.010,-0.042) yaw_deg=95.0 failsafe=False age_s=(0.43,0.01) arm_torque_nm=0.000 motors=[853.24,877.36,853.23,882.27,849.24,877.34,849.25,882.28][0m
[0m[INFO] [1786145801.958766265] [my_drone_dds_wasd_control]: STATE arm=2 nav=14 NED=(0.020,-0.132,-1.219) vel=(-0.008,-0.009,-0.074) yaw_deg=95.0 failsafe=False age_s=(0.47,0.02) arm_torque_nm=0.000 motors=[846.57,872.09,846.55,876.64,842.93,872.08,842.94,876.65][0m
[0m[INFO] [1786145803.003985860] [my_drone_dds_wasd_control]: STATE arm=2 nav=14 NED=(0.023,-0.122,-1.230) vel=(0.007,0.007,-0.015) yaw_deg=95.0 failsafe=False age_s=(0.01,0.01) arm_torque_nm=0.000 motors=[863.15,881.56,863.15,885.90,859.18,881.55,859.19,885.90][0m
[0m[INFO] [1786145803.990774432] [my_drone_dds_wasd_control]: STATE arm=2 nav=14 NED=(0.039,-0.123,-1.226) vel=(0.012,-0.007,-0.010) yaw_deg=95.0 failsafe=False age_s=(0.50,0.01) arm_torque_nm=0.028 motors=[860.33,880.33,860.33,883.91,856.91,880.33,856.92,883.92][0m
[0m[INFO] [1786145805.043348893] [my_drone_dds_wasd_control]: STATE arm=2 nav=14 NED=(0.086,-0.147,-1.244) vel=(0.008,-0.006,-0.035) yaw_deg=95.0 failsafe=False age_s=(0.04,0.02) arm_torque_nm=0.000 motors=[858.26,877.17,858.25,881.87,854.87,877.15,854.89,881.89][0m
[0m[INFO] [1786145807.749031149] [my_drone_dds_wasd_control]: STATE arm=2 nav=14 NED=(0.086,-0.165,-1.249) vel=(-0.011,0.002,-0.020) yaw_deg=95.0 failsafe=False age_s=(0.07,0.02) arm_torque_nm=0.000 motors=[861.49,879.83,861.49,883.53,857.92,879.83,857.92,883.54][0m
[0m[INFO] [1786145808.794196532] [my_drone_dds_wasd_control]: STATE arm=2 nav=14 NED=(0.075,-0.112,-1.252) vel=(-0.017,0.024,-0.007) yaw_deg=95.0 failsafe=False age_s=(0.12,0.01) arm_torque_nm=0.071 motors=[859.73,877.76,859.70,882.22,857.51,877.74,857.54,882.25][0m
[0m[INFO] [1786145809.848331335] [my_drone_dds_wasd_control]: STATE arm=2 nav=14 NED=(0.044,-0.116,-1.275) vel=(-0.011,-0.007,0.009) yaw_deg=95.0 failsafe=False age_s=(0.16,0.02) arm_torque_nm=0.010 motors=[862.43,879.71,862.43,882.76,859.08,879.72,859.08,882.75][0m
[INFO] [1786145809.978678589] [arm_preset_control]: Sent preset retracted over /arm_controller/joint_trajectory
[INFO] [1786145810.020589647] [arm_preset_control]: ARM_PRESET_REACHED preset=retracted max_error=0.002983 rad
[0m[INFO] [1786145810.841652852] [my_drone_dds_wasd_control]: STATE arm=2 nav=14 NED=(0.045,-0.108,-1.260) vel=(0.000,0.003,0.012) yaw_deg=95.0 failsafe=False age_s=(0.15,0.02) arm_torque_nm=0.023 motors=[863.40,881.09,863.40,884.52,860.58,881.08,860.58,884.53][0m
[0m[INFO] [1786145811.889892234] [my_drone_dds_wasd_control]: STATE arm=2 nav=14 NED=(0.039,-0.100,-1.244) vel=(-0.006,-0.004,0.006) yaw_deg=95.0 failsafe=False age_s=(0.19,0.01) arm_torque_nm=0.038 motors=[863.42,880.76,863.42,884.34,859.45,880.77,859.44,884.34][0m
[0m[INFO] [1786145812.955229798] [my_drone_dds_wasd_control]: STATE arm=2 nav=14 NED=(0.013,-0.119,-1.229) vel=(-0.003,-0.012,0.001) yaw_deg=95.0 failsafe=False age_s=(0.23,0.02) arm_torque_nm=0.009 motors=[863.20,880.49,863.19,883.80,860.57,880.48,860.57,883.81][0m
[0m[INFO] [1786145813.992280107] [my_drone_dds_wasd_control]: STATE arm=2 nav=14 NED=(0.035,-0.129,-1.225) vel=(0.007,-0.001,0.001) yaw_deg=95.0 failsafe=False age_s=(0.28,0.01) arm_torque_nm=0.009 motors=[863.38,880.95,863.38,884.22,860.22,880.95,860.22,884.22][0m
[0m[INFO] [1786145814.993361993] [my_drone_dds_wasd_control]: STATE arm=2 nav=14 NED=(0.025,-0.139,-1.223) vel=(-0.003,-0.004,0.000) yaw_deg=95.0 failsafe=False age_s=(0.27,0.01) arm_torque_nm=0.036 motors=[870.45,888.72,870.44,891.80,868.23,888.71,868.24,891.81][0m
[0m[INFO] [1786145816.012121906] [my_drone_dds_wasd_control]: STATE arm=2 nav=14 NED=(0.044,-0.165,-1.233) vel=(0.009,-0.008,0.012) yaw_deg=95.0 failsafe=False age_s=(0.26,0.01) arm_torque_nm=0.009 motors=[865.49,882.03,865.49,885.47,862.12,882.03,862.12,885.47][0m
[0m[INFO] [1786145816.994477568] [my_drone_dds_wasd_control]: STATE arm=2 nav=14 NED=(0.090,-0.143,-1.219) vel=(0.007,0.013,-0.001) yaw_deg=95.0 failsafe=False age_s=(0.25,0.01) arm_torque_nm=0.009 motors=[864.25,879.86,864.24,883.65,861.15,879.85,861.16,883.66][0m
[0m[INFO] [1786145818.029316614] [my_drone_dds_wasd_control]: STATE arm=2 nav=14 NED=(0.090,-0.118,-1.239) vel=(-0.011,0.011,-0.010) yaw_deg=95.0 failsafe=False age_s=(0.24,0.01) arm_torque_nm=0.009 motors=[861.20,878.08,861.20,881.67,857.37,878.09,857.37,881.67][0m
[0m[INFO] [1786145819.042333587] [my_drone_dds_wasd_control]: STATE arm=2 nav=14 NED=(0.088,-0.105,-1.243) vel=(-0.010,0.000,0.008) yaw_deg=95.0 failsafe=False age_s=(0.29,0.02) arm_torque_nm=0.009 motors=[863.74,881.30,863.73,884.69,860.89,881.29,860.90,884.69][0m
[0m[INFO] [1786145820.043448522] [my_drone_dds_wasd_control]: STATE arm=2 nav=14 NED=(0.091,-0.090,-1.241) vel=(-0.010,0.003,0.004) yaw_deg=95.0 failsafe=False age_s=(0.28,0.02) arm_torque_nm=0.009 motors=[863.51,880.22,863.51,884.38,859.26,880.22,859.26,884.37][0m
[0m[INFO] [1786145821.064057349] [my_drone_dds_wasd_control]: STATE arm=2 nav=14 NED=(0.061,-0.077,-1.253) vel=(-0.016,-0.004,0.030) yaw_deg=95.0 failsafe=False age_s=(0.27,0.02) arm_torque_nm=0.009 motors=[867.17,884.57,867.17,887.76,863.94,884.57,863.94,887.76][0m
[0m[INFO] [1786145822.097144833] [my_drone_dds_wasd_control]: STATE arm=2 nav=14 NED=(0.030,-0.086,-1.248) vel=(-0.005,-0.009,0.006) yaw_deg=95.0 failsafe=False age_s=(0.31,0.01) arm_torque_nm=0.009 motors=[866.39,884.39,866.39,888.04,862.75,884.39,862.75,888.04][0m
[0m[INFO] [1786145823.141441772] [my_drone_dds_wasd_control]: STATE arm=2 nav=14 NED=(-0.008,-0.134,-1.253) vel=(-0.006,-0.019,0.008) yaw_deg=95.0 failsafe=False age_s=(0.35,0.02) arm_torque_nm=0.009 motors=[863.07,879.70,863.04,884.37,860.36,879.68,860.39,884.39][0m
[0m[INFO] [1786145824.142068816] [my_drone_dds_wasd_control]: STATE arm=2 nav=14 NED=(-0.026,-0.144,-1.250) vel=(0.007,-0.004,0.006) yaw_deg=94.9 failsafe=False age_s=(0.35,0.02) arm_torque_nm=0.009 motors=[863.91,880.87,863.94,882.50,859.24,880.91,859.20,882.47][0m
ARM_FLIGHT_SENT_LAND
[33m[WARN] [1786145824.283309411] [my_drone_dds_wasd_control]: LAND requested; Offboard setpoint stream stopped[0m
[0m[INFO] [1786145824.318356803] [my_drone_dds_wasd_control]: PX4 command ack: command=21 result=0[0m
[0m[INFO] [1786145825.145699488] [my_drone_dds_wasd_control]: STATE arm=2 nav=18 NED=(-0.029,-0.299,-1.393) vel=(-0.013,-0.366,-0.012) yaw_deg=95.2 failsafe=False age_s=(0.07,0.02) arm_torque_nm=0.000 motors=[711.78,763.30,711.51,787.58,709.76,763.04,710.03,787.85][0m
[0m[INFO] [1786145826.192809122] [my_drone_dds_wasd_control]: STATE arm=2 nav=18 NED=(-0.018,-0.500,-0.909) vel=(0.026,0.043,0.566) yaw_deg=95.0 failsafe=False age_s=(0.12,0.01) arm_torque_nm=0.000 motors=[888.06,970.28,888.05,987.66,871.28,970.28,871.28,987.66][0m
[0m[INFO] [1786145827.196123502] [my_drone_dds_wasd_control]: STATE arm=2 nav=18 NED=(-0.026,-0.699,-0.413) vel=(-0.086,-0.400,0.383) yaw_deg=96.6 failsafe=False age_s=(0.11,0.01) arm_torque_nm=0.000 motors=[878.28,865.63,877.05,973.97,872.67,864.41,873.90,975.20][0m
[0m[INFO] [1786145828.240889391] [my_drone_dds_wasd_control]: STATE arm=2 nav=18 NED=(-0.125,-0.860,-0.090) vel=(0.023,0.116,0.301) yaw_deg=93.3 failsafe=False age_s=(0.14,0.01) arm_torque_nm=0.000 motors=[871.89,890.23,872.44,871.72,843.99,890.78,843.43,871.16][0m
[0m[INFO] [1786145829.246278979] [my_drone_dds_wasd_control]: STATE arm=2 nav=18 NED=(-0.040,-0.635,0.221) vel=(0.076,0.216,0.404) yaw_deg=95.1 failsafe=False age_s=(0.14,0.01) arm_torque_nm=0.000 motors=[867.35,885.01,867.35,887.18,864.74,885.01,864.74,887.17][0m
[0m[INFO] [1786145830.244111197] [my_drone_dds_wasd_control]: STATE arm=2 nav=18 NED=(0.020,-0.457,0.597) vel=(0.041,0.142,0.417) yaw_deg=94.8 failsafe=False age_s=(0.13,0.01) arm_torque_nm=0.000 motors=[855.59,873.54,855.48,881.21,857.32,873.43,857.44,881.33][0m
[0m[INFO] [1786145831.244095253] [my_drone_dds_wasd_control]: STATE arm=2 nav=18 NED=(0.043,-0.577,0.805) vel=(0.007,-0.199,0.037) yaw_deg=89.8 failsafe=False age_s=(0.11,0.00) arm_torque_nm=0.091 motors=[645.33,999.78,647.00,936.20,569.04,1000.00,567.37,934.53][0m
[0m[INFO] [1786145832.248442348] [my_drone_dds_wasd_control]: STATE arm=2 nav=18 NED=(0.014,-0.848,0.803) vel=(0.032,-0.192,0.032) yaw_deg=84.4 failsafe=False age_s=(0.10,0.00) arm_torque_nm=0.063 motors=[671.98,1000.00,677.65,880.55,418.63,1000.00,412.96,874.88][0m
[0m[INFO] [1786145833.253035169] [my_drone_dds_wasd_control]: STATE arm=2 nav=18 NED=(0.045,-0.914,0.783) vel=(0.128,-0.136,0.102) yaw_deg=83.8 failsafe=False age_s=(0.10,0.00) arm_torque_nm=0.141 motors=[585.53,1000.00,591.31,866.91,437.51,1000.00,431.73,861.13][0m
[0m[INFO] [1786145834.245044107] [my_drone_dds_wasd_control]: STATE arm=2 nav=18 NED=(0.085,-0.895,0.729) vel=(0.122,0.031,0.025) yaw_deg=99.5 failsafe=False age_s=(0.09,0.01) arm_torque_nm=0.168 motors=[479.64,818.95,475.17,928.98,743.68,814.48,748.15,933.45][0m
[0m[INFO] [1786145835.287414445] [my_drone_dds_wasd_control]: STATE arm=2 nav=18 NED=(0.142,-0.967,0.776) vel=(0.006,0.004,0.022) yaw_deg=120.3 failsafe=False age_s=(0.13,0.01) arm_torque_nm=0.065 motors=[209.06,779.51,197.69,1000.00,728.54,768.14,739.91,1000.00][0m
[0m[INFO] [1786145836.292191924] [my_drone_dds_wasd_control]: STATE arm=2 nav=18 NED=(0.078,-0.994,0.767) vel=(-0.068,-0.017,0.015) yaw_deg=101.4 failsafe=False age_s=(0.12,0.01) arm_torque_nm=0.010 motors=[437.41,1000.00,437.28,994.48,456.88,1000.00,457.02,994.61][0m
[0m[INFO] [1786145837.287835939] [my_drone_dds_wasd_control]: STATE arm=2 nav=18 NED=(0.061,-0.937,0.720) vel=(-0.002,0.035,0.007) yaw_deg=96.3 failsafe=False age_s=(0.11,0.01) arm_torque_nm=0.016 motors=[512.74,861.63,511.74,861.18,596.36,860.64,597.35,862.18][0m
[0m[INFO] [1786145838.290554227] [my_drone_dds_wasd_control]: STATE arm=2 nav=18 NED=(0.037,-0.955,0.725) vel=(-0.002,-0.020,0.011) yaw_deg=96.0 failsafe=False age_s=(0.11,0.01) arm_torque_nm=0.029 motors=[475.85,876.49,474.69,876.35,572.68,875.34,573.83,877.50][0m
Traceback (most recent call last):
  File "/mnt/e/清洁无人机/drone_sim_ws/scripts/test_ros2_dds_arm_flight_pty.py", line 350, in <module>
    raise SystemExit(main())
                     ^^^^^^
  File "/mnt/e/清洁无人机/drone_sim_ws/scripts/test_ros2_dds_arm_flight_pty.py", line 269, in main
    raise RuntimeError("flight controller did not finish before timeout")
RuntimeError: flight controller did not finish before timeout
