[INFO] [launch]: All log files can be found below /home/asus/.ros/log/2026-08-11-23-10-11-545149-LAPTOP-FHNQ6FG2-28696
[INFO] [launch]: Default logging verbosity is set to INFO
[INFO] [gazebo-1]: process started with pid [28740]
[INFO] [parameter_bridge-2]: process started with pid [28741]
[INFO] [robot_state_publisher-3]: process started with pid [28742]
[INFO] [gazebo_sensor_delay-4]: process started with pid [28743]
[robot_state_publisher-3] [WARN] [1786461019.532308733] [kdl_parser]: The root link base_link has an inertia specified in the URDF, but KDL does not support a root link with an inertia.  As a workaround, you can add an extra dummy link to your URDF.
[robot_state_publisher-3] [INFO] [1786461019.532509822] [robot_state_publisher]: Robot initialized
[parameter_bridge-2] [INFO] [1786461019.553072274] [ros_gz_bridge]: Creating GZ->ROS Bridge: [/model/my_drone/odometry (gz.msgs.Odometry) -> /model/my_drone/odometry (nav_msgs/msg/Odometry)] (Lazy 0)
[parameter_bridge-2] [INFO] [1786461019.561940764] [ros_gz_bridge]: Creating ROS->GZ Bridge: [/world/flight_world/wrench (ros_gz_interfaces/msg/EntityWrench) -> /world/flight_world/wrench (gz.msgs.EntityWrench)] (Lazy 0)
[parameter_bridge-2] [INFO] [1786461019.566430672] [ros_gz_bridge]: Creating ROS->GZ Bridge: [/world/flight_world/wrench/latest (ros_gz_interfaces/msg/EntityWrench) -> /world/flight_world/wrench/latest (gz.msgs.EntityWrench)] (Lazy 0)
[parameter_bridge-2] [INFO] [1786461019.566925944] [ros_gz_bridge]: Creating ROS->GZ Bridge: [/world/flight_world/wrench/persistent (ros_gz_interfaces/msg/EntityWrench) -> /world/flight_world/wrench/persistent (gz.msgs.EntityWrench)] (Lazy 0)
[parameter_bridge-2] [INFO] [1786461019.567363405] [ros_gz_bridge]: Creating ROS->GZ Bridge: [/world/flight_world/wrench/clear (ros_gz_interfaces/msg/Entity) -> /world/flight_world/wrench/clear (gz.msgs.Entity)] (Lazy 0)
[parameter_bridge-2] [INFO] [1786461019.568041446] [ros_gz_bridge]: Creating GZ->ROS Bridge: [/my_drone/command/motor_speed (gz.msgs.Actuators) -> /my_drone/command/motor_speed (actuator_msgs/msg/Actuators)] (Lazy 0)
[parameter_bridge-2] [INFO] [1786461019.570228000] [ros_gz_bridge]: Creating GZ->ROS Bridge: [/world/flight_world/model/my_drone/joint_state (gz.msgs.Model) -> /world/flight_world/model/my_drone/joint_state (sensor_msgs/msg/JointState)] (Lazy 0)
[parameter_bridge-2] [INFO] [1786461019.572673541] [ros_gz_bridge]: Creating ROS->GZ Bridge: [/world/flight_world/model/my_drone/joint_state (sensor_msgs/msg/JointState) -> /world/flight_world/model/my_drone/joint_state (gz.msgs.Model)] (Lazy 0)
[parameter_bridge-2] [INFO] [1786461019.574373691] [ros_gz_bridge]: Creating GZ->ROS Bridge: [/clock (gz.msgs.Clock) -> /clock (rosgraph_msgs/msg/Clock)] (Lazy 0)
[INFO] [gazebo_direct_motor_model-5]: process started with pid [28781]
[gazebo-1] [1;32m[Msg] [0m[1;32mGazebo Sim Server v[0m[1;32m8.11.0[0m[1;32m[0m
[gazebo-1] [1;32m[Msg] [0m[1;32mSetting seed value: [0m[1;32m4027[0m[1;32m[0m
[gazebo-1] [1;32m[Msg] [0m[1;32mLoading SDF world file[[0m[1;32m/mnt/e/清洁无人机/drone_sim_ws/src/drone_arm_sim/worlds/flight_world_debug_4kg.sdf[0m[1;32m].[0m
[gazebo-1] [1;32m[Msg] [0m[1;32mServing entity system service on [[0m[1;32m/[0m[1;32mentity/system/add[0m[1;32m][0m[1;32m[0m
[gazebo-1] [1;32m[Msg] [0m[1;32mCreate[0m[1;32m service on [[0m[1;32m/world/flight_world/create_multiple[0m[1;32m] (async)[0m[1;32m[0m
[gazebo-1] [1;32m[Msg] [0m[1;32mCreate[0m[1;32m service on [[0m[1;32m/world/flight_world/create_multiple/blocking[0m[1;32m] (blocking)[0m[1;32m[0m
[gazebo-1] [1;32m[Msg] [0m[1;32mRemove[0m[1;32m service on [[0m[1;32m/world/flight_world/remove[0m[1;32m] (async)[0m[1;32m[0m
[gazebo-1] [1;32m[Msg] [0m[1;32mRemove[0m[1;32m service on [[0m[1;32m/world/flight_world/remove/blocking[0m[1;32m] (blocking)[0m[1;32m[0m
[gazebo-1] [1;32m[Msg] [0m[1;32mPose[0m[1;32m service on [[0m[1;32m/world/flight_world/set_pose[0m[1;32m] (async)[0m[1;32m[0m
[gazebo-1] [1;32m[Msg] [0m[1;32mPose[0m[1;32m service on [[0m[1;32m/world/flight_world/set_pose/blocking[0m[1;32m] (blocking)[0m[1;32m[0m
[gazebo-1] [1;32m[Msg] [0m[1;32mPose[0m[1;32m service on [[0m[1;32m/world/flight_world/set_pose_vector[0m[1;32m] (async)[0m[1;32m[0m
[gazebo-1] [1;32m[Msg] [0m[1;32mPose[0m[1;32m service on [[0m[1;32m/world/flight_world/set_pose_vector/blocking[0m[1;32m] (blocking)[0m[1;32m[0m
[gazebo-1] [1;32m[Msg] [0m[1;32mLight configuration[0m[1;32m service on [[0m[1;32m/world/flight_world/light_config[0m[1;32m] (async)[0m[1;32m[0m
[gazebo-1] [1;32m[Msg] [0m[1;32mLight configuration[0m[1;32m service on [[0m[1;32m/world/flight_world/light_config/blocking[0m[1;32m] (blocking)[0m[1;32m[0m
[gazebo-1] [1;32m[Msg] [0m[1;32mPhysics[0m[1;32m service on [[0m[1;32m/world/flight_world/set_physics[0m[1;32m] (async)[0m[1;32m[0m
[gazebo-1] [1;32m[Msg] [0m[1;32mPhysics[0m[1;32m service on [[0m[1;32m/world/flight_world/set_physics/blocking[0m[1;32m] (blocking)[0m[1;32m[0m
[gazebo-1] [1;32m[Msg] [0m[1;32mSphericalCoordinates[0m[1;32m service on [[0m[1;32m/world/flight_world/set_spherical_coordinates[0m[1;32m] (async)[0m[1;32m[0m
[gazebo-1] [1;32m[Msg] [0m[1;32mSphericalCoordinates[0m[1;32m service on [[0m[1;32m/world/flight_world/set_spherical_coordinates/blocking[0m[1;32m] (blocking)[0m[1;32m[0m
[gazebo-1] [1;32m[Msg] [0m[1;32mEnable collision[0m[1;32m service on [[0m[1;32m/world/flight_world/enable_collision[0m[1;32m] (async)[0m[1;32m[0m
[gazebo-1] [1;32m[Msg] [0m[1;32mEnable collision[0m[1;32m service on [[0m[1;32m/world/flight_world/enable_collision/blocking[0m[1;32m] (blocking)[0m[1;32m[0m
[gazebo-1] [1;32m[Msg] [0m[1;32mDisable collision[0m[1;32m service on [[0m[1;32m/world/flight_world/disable_collision[0m[1;32m] (async)[0m[1;32m[0m
[gazebo-1] [1;32m[Msg] [0m[1;32mDisable collision[0m[1;32m service on [[0m[1;32m/world/flight_world/disable_collision/blocking[0m[1;32m] (blocking)[0m[1;32m[0m
[gazebo-1] [1;32m[Msg] [0m[1;32mMaterial[0m[1;32m service on [[0m[1;32m/world/flight_world/visual_config[0m[1;32m] (async)[0m[1;32m[0m
[gazebo-1] [1;32m[Msg] [0m[1;32mMaterial[0m[1;32m service on [[0m[1;32m/world/flight_world/visual_config/blocking[0m[1;32m] (blocking)[0m[1;32m[0m
[gazebo-1] [1;32m[Msg] [0m[1;32mMaterial[0m[1;32m service on [[0m[1;32m/world/flight_world/wheel_slip[0m[1;32m] (async)[0m[1;32m[0m
[gazebo-1] [1;32m[Msg] [0m[1;32mMaterial[0m[1;32m service on [[0m[1;32m/world/flight_world/wheel_slip/blocking[0m[1;32m] (blocking)[0m[1;32m[0m
[gazebo-1] [1;32m[Msg] [0m[1;32mListening to instantaneous wrench commands in [[0m[1;32m/world/flight_world/wrench[0m[1;32m][0m[1;32m[0m
[gazebo-1] [1;32m[Msg] [0m[1;32mListening to persistent wrench commands in [[0m[1;32m/world/flight_world/wrench/persistent[0m[1;32m][0m[1;32m[0m
[gazebo-1] [1;32m[Msg] [0m[1;32mListening to wrench clear commands in [[0m[1;32m/world/flight_world/wrench/clear[0m[1;32m][0m[1;32m[0m
[gazebo_sensor_delay-4] [INFO] [1786461020.999763525] [my_drone_gazebo_sensor_delay]: sensor delay imu: 0.0 ms
[gazebo_sensor_delay-4] [INFO] [1786461021.017300626] [my_drone_gazebo_sensor_delay]: sensor delay magnetometer: 0.0 ms
[gazebo_sensor_delay-4] [INFO] [1786461021.032935065] [my_drone_gazebo_sensor_delay]: sensor delay air_pressure: 0.0 ms
[gazebo_sensor_delay-4] [INFO] [1786461021.050027578] [my_drone_gazebo_sensor_delay]: sensor delay navsat: 0.0 ms
[INFO] [create-6]: process started with pid [28820]
[create-6] [INFO] [1786461021.694964994] [ros_gz_sim]: Entity creation successful.
[INFO] [create-6]: process has finished cleanly [pid 28820]
[gazebo_direct_motor_model-5] [INFO] [1786461022.105828710] [my_drone_gazebo_direct_motor_model]: reaction moment trial enabled: Q/T=0.005 m
[gazebo_direct_motor_model-5] [INFO] [1786461022.121083641] [my_drone_gazebo_direct_motor_model]: battery dynamics override: enabled=False R=0.005 ohm capacity=10 Ah
[gazebo-1] [1;32m[Msg] [0m[1;32mHolding latest wrench from [[0m[1;32m/world/flight_world/wrench/latest[0m[1;32m] for every physics step; wall timeout [[0m[1;32m1[0m[1;32m s].[0m[1;32m[0m
[gazebo-1] [1;32m[Msg] [0m[1;32mLoaded level [[0m[1;32mdefault[0m[1;32m][0m[1;32m[0m
[gazebo-1] [1;32m[Msg] [0m[1;32mServing world controls on [[0m[1;32m/world/flight_world[0m[1;32m/control], [[0m[1;32m/world/flight_world[0m[1;32m/control/state] and [[0m[1;32m/world/flight_world[0m[1;32m/playback/control][0m[1;32m[0m
[gazebo-1] [1;32m[Msg] [0m[1;32mServing GUI information on [[0m[1;32m/world/flight_world[0m[1;32m/[0m[1;32mgui/info[0m[1;32m][0m[1;32m[0m
[gazebo-1] [1;32m[Msg] [0m[1;32mWorld [[0m[1;32mflight_world[0m[1;32m] initialized with [[0m[1;32mflight_step[0m[1;32m] physics profile.[0m[1;32m[0m
[gazebo-1] [1;32m[Msg] [0m[1;32mServing world SDF generation service on [[0m[1;32m/world/flight_world[0m[1;32m/[0m[1;32mgenerate_world_sdf[0m[1;32m][0m[1;32m[0m
[gazebo-1] [1;32m[Msg] [0m[1;32mServing world names on [[0m[1;32m/gazebo/worlds[0m[1;32m][0m[1;32m[0m
[gazebo-1] [1;32m[Msg] [0m[1;32mResource path add service on [[0m[1;32m/gazebo/resource_paths/add[0m[1;32m].[0m[1;32m[0m
[gazebo-1] [1;32m[Msg] [0m[1;32mResource path get service on [[0m[1;32m/gazebo/resource_paths/get[0m[1;32m].[0m[1;32m[0m
[gazebo-1] [1;32m[Msg] [0m[1;32mResource path resolve service on [[0m[1;32m/gazebo/resource_paths/resolve[0m[1;32m].[0m[1;32m[0m
[gazebo-1] [1;32m[Msg] [0m[1;32mResource paths published on [[0m[1;32m/gazebo/resource_paths[0m[1;32m].[0m[1;32m[0m
[gazebo-1] [1;32m[Msg] [0m[1;32mServer control service on [[0m[1;32m/server_control[0m[1;32m].[0m[1;32m[0m
[gazebo-1] [1;32m[Msg] [0m[1;32mFound no publishers on /stats, adding root stats topic[0m[1;32m[0m
[gazebo-1] [1;32m[Msg] [0m[1;32mFound no publishers on /clock, adding root clock topic[0m[1;32m[0m
[gazebo-1] [1;33mWarning [Utils.cc:132][0m [/sdf/model[@name="my_drone_v3_cad_debug_4kg"]/link[@name="base_link"]/sensor[@name="air_pressure_sensor"]/gz_frame_id:<urdf-string>:L0]: XML Element[gz_frame_id], child of element[sensor], not defined in SDF. Copying[gz_frame_id] as children of [sensor].
[gazebo-1] [1;33mWarning [Utils.cc:132][0m [/sdf/model[@name="my_drone_v3_cad_debug_4kg"]/link[@name="base_link"]/sensor[@name="magnetometer_sensor"]/gz_frame_id:<urdf-string>:L0]: XML Element[gz_frame_id], child of element[sensor], not defined in SDF. Copying[gz_frame_id] as children of [sensor].
[gazebo-1] [1;33mWarning [Utils.cc:132][0m [/sdf/model[@name="my_drone_v3_cad_debug_4kg"]/link[@name="base_link"]/sensor[@name="imu_sensor"]/gz_frame_id:<urdf-string>:L0]: XML Element[gz_frame_id], child of element[sensor], not defined in SDF. Copying[gz_frame_id] as children of [sensor].
[gazebo-1] [1;33mWarning [Utils.cc:132][0m [/sdf/model[@name="my_drone_v3_cad_debug_4kg"]/link[@name="base_link"]/sensor[@name="navsat_sensor"]/gz_frame_id:<urdf-string>:L0]: XML Element[gz_frame_id], child of element[sensor], not defined in SDF. Copying[gz_frame_id] as children of [sensor].
[gazebo-1] [INFO] [1786461022.553456859] [gz_ros_control]: [gz_ros2_control] Fixed joint ['arm_mount'] (Entity='76') is skipped.
[gazebo-1] [INFO] [1786461022.810680626] [gz_ros_control]: Loading controller_manager
[gazebo-1] [INFO] [1786461023.262476183] [controller_manager]: Using ROS clock for triggering controller manager cycles.
[gazebo-1] [INFO] [1786461023.278708115] [controller_manager]: Subscribing to '/robot_description' topic for robot description.
[gazebo-1] [WARN] [1786461023.288930703] [gz_ros_control]: Waiting RM to load and initialize hardware...
[gazebo-1] [INFO] [1786461023.289578516] [controller_manager]: Received robot description from topic.
[gazebo-1] [INFO] [1786461023.289688201] [controller_manager]: Enforcing command limits is disabled. Command limits from URDF will be ignored.
[gazebo-1] [INFO] [1786461023.435034980] [gz_ros_control]: The position_proportional_gain has been set to: 0.5
[gazebo-1] [INFO] [1786461023.435487019] [gz_ros_control]: Loading joint: shoulder_pan
[gazebo-1] [INFO] [1786461023.435520359] [gz_ros_control]: 	State:
[gazebo-1] [INFO] [1786461023.435539736] [gz_ros_control]: 		 position
[gazebo-1] [INFO] [1786461023.435572955] [gz_ros_control]: 			 found initial value: 0.000000
[gazebo-1] [INFO] [1786461023.435586318] [gz_ros_control]: 		 velocity
[gazebo-1] [INFO] [1786461023.435620020] [gz_ros_control]: 	Command:
[gazebo-1] [INFO] [1786461023.435626643] [gz_ros_control]: 		 position
[gazebo-1] [INFO] [1786461023.435652270] [gz_ros_control]: Loading joint: shoulder_lift
[gazebo-1] [INFO] [1786461023.435656411] [gz_ros_control]: 	State:
[gazebo-1] [INFO] [1786461023.435659046] [gz_ros_control]: 		 position
[gazebo-1] [INFO] [1786461023.435662191] [gz_ros_control]: 			 found initial value: 0.000000
[gazebo-1] [INFO] [1786461023.435665563] [gz_ros_control]: 		 velocity
[gazebo-1] [INFO] [1786461023.435667792] [gz_ros_control]: 	Command:
[gazebo-1] [INFO] [1786461023.435669939] [gz_ros_control]: 		 position
[gazebo-1] [INFO] [1786461023.435680434] [gz_ros_control]: Loading joint: elbow_flex
[gazebo-1] [INFO] [1786461023.435682809] [gz_ros_control]: 	State:
[gazebo-1] [INFO] [1786461023.435685020] [gz_ros_control]: 		 position
[gazebo-1] [INFO] [1786461023.435687813] [gz_ros_control]: 			 found initial value: 0.000000
[gazebo-1] [INFO] [1786461023.435690187] [gz_ros_control]: 		 velocity
[gazebo-1] [INFO] [1786461023.435692312] [gz_ros_control]: 	Command:
[gazebo-1] [INFO] [1786461023.435694473] [gz_ros_control]: 		 position
[gazebo-1] [INFO] [1786461023.435700396] [gz_ros_control]: Loading joint: wrist_flex
[gazebo-1] [INFO] [1786461023.435702614] [gz_ros_control]: 	State:
[gazebo-1] [INFO] [1786461023.435704842] [gz_ros_control]: 		 position
[gazebo-1] [INFO] [1786461023.435707031] [gz_ros_control]: 			 found initial value: 0.000000
[gazebo-1] [INFO] [1786461023.435709461] [gz_ros_control]: 		 velocity
[gazebo-1] [INFO] [1786461023.435711556] [gz_ros_control]: 	Command:
[gazebo-1] [INFO] [1786461023.435713643] [gz_ros_control]: 		 position
[gazebo-1] [INFO] [1786461023.435719046] [gz_ros_control]: Loading joint: wrist_roll
[gazebo-1] [INFO] [1786461023.435721283] [gz_ros_control]: 	State:
[gazebo-1] [INFO] [1786461023.435723259] [gz_ros_control]: 		 position
[gazebo-1] [INFO] [1786461023.435727106] [gz_ros_control]: 			 found initial value: -1.570796
[gazebo-1] [INFO] [1786461023.435729709] [gz_ros_control]: 		 velocity
[gazebo-1] [INFO] [1786461023.435731850] [gz_ros_control]: 	Command:
[gazebo-1] [INFO] [1786461023.435733918] [gz_ros_control]: 		 position
[gazebo-1] [INFO] [1786461023.435741051] [gz_ros_control]: Loading joint: gripper
[gazebo-1] [INFO] [1786461023.435743655] [gz_ros_control]: 	State:
[gazebo-1] [INFO] [1786461023.435745710] [gz_ros_control]: 		 position
[gazebo-1] [INFO] [1786461023.435747769] [gz_ros_control]: 			 found initial value: 0.000000
[gazebo-1] [INFO] [1786461023.435750111] [gz_ros_control]: 		 velocity
[gazebo-1] [INFO] [1786461023.435752272] [gz_ros_control]: 	Command:
[gazebo-1] [INFO] [1786461023.435754206] [gz_ros_control]: 		 position
[gazebo-1] [INFO] [1786461023.435837845] [gz_ros_control]: Loading sensor: imu_sensor
[gazebo-1] [INFO] [1786461023.435848377] [gz_ros_control]: 	State:
[gazebo-1] [WARN] [1786461023.435852616] [gz_ros_control]: IMU sensor 'imu_sensor' not found in hardware_info, skipping.
[gazebo-1] [INFO] [1786461023.437124466] [controller_manager]: Initialize hardware 'GazeboSimSystem' 
[gazebo-1] [WARN] [1786461023.437223879] [controller_manager.hardware_component.system.GazeboSimSystem]: Executor is not available during hardware component initialization for 'GazeboSimSystem'. Skipping node creation!
[gazebo-1] [INFO] [1786461023.437699431] [controller_manager]: Successful initialization of hardware 'GazeboSimSystem'
[gazebo-1] [INFO] [1786461023.438622463] [controller_manager]: Activating component 'GazeboSimSystem'.
[gazebo-1] [INFO] [1786461023.438882187] [resource_manager]: 'configure' hardware 'GazeboSimSystem' 
[gazebo-1] [INFO] [1786461023.438947829] [gz_ros_control]: System Successfully configured!
[gazebo-1] [INFO] [1786461023.438963715] [resource_manager]: Successful 'configure' of hardware 'GazeboSimSystem'
[gazebo-1] [INFO] [1786461023.438973736] [resource_manager]: 'activate' hardware 'GazeboSimSystem' 
[gazebo-1] [INFO] [1786461023.438991653] [resource_manager]: Successful 'activate' of hardware 'GazeboSimSystem'
[gazebo-1] [WARN] [1786461023.439153485] [controller_manager]: Component 'GazeboSimSystem' does not have read or write statistics initialized, skipping registration.
[gazebo-1] [INFO] [1786461023.439182840] [controller_manager]: Resource Manager has been successfully initialized. Starting Controller Manager services...
[INFO] [spawner-7]: process started with pid [28898]
[gazebo-1] [INFO] [1786461025.457670106] [controller_manager]: Loading controller : 'joint_state_broadcaster' of type 'joint_state_broadcaster/JointStateBroadcaster'
[gazebo-1] [INFO] [1786461025.457795483] [controller_manager]: Loading controller 'joint_state_broadcaster'
[gazebo-1] [INFO] [1786461025.534620493] [controller_manager]: Controller 'joint_state_broadcaster' node arguments: --ros-args --params-file /mnt/e/清洁无人机/drone_sim_ws/install/drone_arm_sim/share/drone_arm_sim/config/so101_ros2_control.yaml -p use_sim_time:=true --param use_sim_time:=true 
[spawner-7] [INFO] [1786461025.564934686] [spawner_joint_state_broadcaster]: Loaded joint_state_broadcaster
[gazebo-1] [INFO] [1786461025.566426706] [controller_manager]: Configuring controller: 'joint_state_broadcaster'
[gazebo-1] [INFO] [1786461025.567332967] [joint_state_broadcaster]: 'joints' or 'interfaces' parameter is empty. All available state interfaces will be published
[gazebo-1] [INFO] [1786461025.609564239] [controller_manager]: Activating controllers: [ joint_state_broadcaster ]
[INFO] [spawner-8]: process started with pid [28916]
[gazebo-1] [1;32m[Msg] [0m[1;32mOdometryPublisher publishing odometry on [[0m[1;32m/model/my_drone/odometry[0m[1;32m][0m[1;32m[0m
[gazebo-1] [1;32m[Msg] [0m[1;32mOdometryPublisher publishing odometry with covariance on [[0m[1;32m/model/my_drone/odometry_with_covariance[0m[1;32m][0m[1;32m[0m
[gazebo-1] [1;32m[Msg] [0m[1;32mOdometryPublisher publishing Pose_V (TF) on [[0m[1;32m/model/my_drone/pose[0m[1;32m][0m[1;32m[0m
[gazebo-1] [INFO] [1786461028.465390124] [controller_manager]: Successfully switched controllers!
[spawner-7] [INFO] [1786461028.468380914] [spawner_joint_state_broadcaster]: Configured and activated joint_state_broadcaster
[gazebo_direct_motor_model-5] [INFO] [1786461028.504854468] [my_drone_gazebo_direct_motor_model]: MOTOR_DYNAMIC_STATE sim_s=0.012 cmd_min=0.0000 cmd_mean=0.0000 cmd_max=0.0000 filtered_mean=0.0000 filtered_max=0.0000 esc_throttle_mean=0.0000 total_thrust_n=0.0000 body_up_force_n=0.0000 saturated_motors=0 rated_cap_command=1.0000 voltage_v=14.8000 thrust_scale=1.000000 current_a=0.0000
[parameter_bridge-2] [INFO] [1786461028.507236134] [ros_gz_bridge]: Passing message from ROS ros_gz_interfaces/msg/EntityWrench to Gazebo gz.msgs.EntityWrench (showing msg only once per type)
[INFO] [spawner-7]: process has finished cleanly [pid 28898]
[gazebo-1] [INFO] [1786461029.000825762] [controller_manager]: Loading controller : 'arm_controller' of type 'joint_trajectory_controller/JointTrajectoryController'
[gazebo-1] [INFO] [1786461029.000913205] [controller_manager]: Loading controller 'arm_controller'
[gazebo-1] [INFO] [1786461029.041364440] [controller_manager]: Controller 'arm_controller' node arguments: --ros-args --params-file /mnt/e/清洁无人机/drone_sim_ws/install/drone_arm_sim/share/drone_arm_sim/config/so101_ros2_control.yaml -p use_sim_time:=true --param use_sim_time:=true 
[spawner-8] [INFO] [1786461029.188407326] [spawner_arm_controller]: Loaded arm_controller
[gazebo-1] [INFO] [1786461029.190116386] [controller_manager]: Configuring controller: 'arm_controller'
[gazebo-1] [INFO] [1786461029.190837276] [arm_controller]: No specific joint names are used for command interfaces. Using 'joints' parameter.
[gazebo-1] [INFO] [1786461029.191317155] [arm_controller]: Command interfaces are [position] and state interfaces are [position velocity].
[gazebo-1] [INFO] [1786461029.191380166] [arm_controller]: Using 'splines' interpolation method.
[gazebo-1] [INFO] [1786461029.194909374] [arm_controller]: Action status changes will be monitored at 20.00 Hz.
[gazebo-1] [INFO] [1786461029.207984227] [arm_controller]: Setting initial scaling factor to 1.000000
[gazebo-1] [INFO] [1786461029.208015150] [arm_controller]: No scaling interface set. This controller will not read speed scaling from the hardware.
[gazebo-1] [INFO] [1786461029.212506365] [controller_manager]: Activating controllers: [ arm_controller ]
[gazebo-1] [INFO] [1786461029.214496361] [controller_manager]: Successfully switched controllers!
[spawner-8] [INFO] [1786461029.219322124] [spawner_arm_controller]: Configured and activated arm_controller
[INFO] [arm_coupling_monitor-9]: process started with pid [28943]
[INFO] [spawner-8]: process has finished cleanly [pid 28916]
[gazebo_direct_motor_model-5] [INFO] [1786461029.487048543] [my_drone_gazebo_direct_motor_model]: MOTOR_DYNAMIC_STATE sim_s=1.012 cmd_min=0.0000 cmd_mean=0.0000 cmd_max=0.0000 filtered_mean=0.0000 filtered_max=0.0000 esc_throttle_mean=0.0000 total_thrust_n=0.0000 body_up_force_n=0.0000 saturated_motors=0 rated_cap_command=1.0000 voltage_v=14.8000 thrust_scale=1.000000 current_a=0.0000
[gazebo_direct_motor_model-5] [INFO] [1786461030.484999219] [my_drone_gazebo_direct_motor_model]: MOTOR_DYNAMIC_STATE sim_s=2.012 cmd_min=0.0000 cmd_mean=0.0000 cmd_max=0.0000 filtered_mean=0.0000 filtered_max=0.0000 esc_throttle_mean=0.0000 total_thrust_n=0.0000 body_up_force_n=0.0000 saturated_motors=0 rated_cap_command=1.0000 voltage_v=14.8000 thrust_scale=1.000000 current_a=0.0000
[gazebo_direct_motor_model-5] [INFO] [1786461031.486795895] [my_drone_gazebo_direct_motor_model]: MOTOR_DYNAMIC_STATE sim_s=3.012 cmd_min=0.0000 cmd_mean=0.0000 cmd_max=0.0000 filtered_mean=0.0000 filtered_max=0.0000 esc_throttle_mean=0.0000 total_thrust_n=0.0000 body_up_force_n=0.0000 saturated_motors=0 rated_cap_command=1.0000 voltage_v=14.8000 thrust_scale=1.000000 current_a=0.0000
[gazebo-1] [1;32m[Msg] [0m[1;32mServing scene information on [[0m[1;32m/world/flight_world[0m[1;32m/[0m[1;32mscene/info[0m[1;32m][0m[1;32m[0m
[gazebo-1] [1;32m[Msg] [0m[1;32mServing graph information on [[0m[1;32m/world/flight_world[0m[1;32m/[0m[1;32mscene/graph[0m[1;32m][0m[1;32m[0m
[gazebo-1] [1;32m[Msg] [0m[1;32mServing full state on [[0m[1;32m/world/flight_world[0m[1;32m/[0m[1;32mstate[0m[1;32m][0m[1;32m[0m
[gazebo-1] [1;32m[Msg] [0m[1;32mServing full state (async) on [[0m[1;32m/world/flight_world[0m[1;32m/[0m[1;32mstate_async[0m[1;32m][0m[1;32m[0m
[gazebo-1] [1;32m[Msg] [0m[1;32mPublishing scene information on [[0m[1;32m/world/flight_world/scene/info[0m[1;32m][0m[1;32m[0m
[gazebo-1] [1;32m[Msg] [0m[1;32mPublishing entity deletions on [[0m[1;32m/world/flight_world/scene/deletion[0m[1;32m][0m[1;32m[0m
[gazebo-1] [1;32m[Msg] [0m[1;32mPublishing state changes on [[0m[1;32m/world/flight_world/state[0m[1;32m][0m[1;32m[0m
[gazebo-1] [1;32m[Msg] [0m[1;32mPublishing pose messages on [[0m[1;32m/world/flight_world[0m[1;32m/[0m[1;32mpose/info[0m[1;32m][0m[1;32m[0m
[gazebo-1] [1;32m[Msg] [0m[1;32mPublishing dynamic pose messages on [[0m[1;32m/world/flight_world[0m[1;32m/[0m[1;32mdynamic_pose/info[0m[1;32m][0m[1;32m[0m
[gazebo_direct_motor_model-5] [INFO] [1786461032.506019461] [my_drone_gazebo_direct_motor_model]: MOTOR_DYNAMIC_STATE sim_s=4.016 cmd_min=0.0000 cmd_mean=0.0000 cmd_max=0.0000 filtered_mean=0.0000 filtered_max=0.0000 esc_throttle_mean=0.0000 total_thrust_n=0.0000 body_up_force_n=0.0000 saturated_motors=0 rated_cap_command=1.0000 voltage_v=14.8000 thrust_scale=1.000000 current_a=0.0000
[arm_coupling_monitor-9] [INFO] [1786461032.795285632] [my_drone_arm_coupling_monitor]: ARM_COUPLING_STATE {"com_body_flu_m": [-0.003981166156250403, 0.000257208405963159, -0.20428378922180027], "com_shift_m": [1.9021644016521677e-05, 0.0009298649242665269, 0.00019765583951453225], "feedforward_acceleration_ned_m_s2": [4.077432185314409e-11, 6.469242655619543e-11, 4.695480794076983e-09], "filtered_joint_acceleration_peak_rad_s2": 2.6374150772003737e-07, "inertia_diag_kg_m2": [0.20778571068215798, 0.2084567168050595, 0.21289225731792344], "mass_kg": 4.0, "raw_joint_acceleration_peak_rad_s2": 1.398004715906517e-06, "reaction_force_body_n": [-2.5873069735842194e-10, -1.631002157623304e-10, 1.8781923688286477e-08], "reaction_torque_body_nm": [-2.4845718668478564e-07, -2.8869164537980663e-05, -2.541120728312545e-07]}
[gazebo_direct_motor_model-5] [INFO] [1786461033.496798470] [my_drone_gazebo_direct_motor_model]: MOTOR_DYNAMIC_STATE sim_s=5.016 cmd_min=0.0000 cmd_mean=0.0000 cmd_max=0.0000 filtered_mean=0.0000 filtered_max=0.0000 esc_throttle_mean=0.0000 total_thrust_n=0.0000 body_up_force_n=0.0000 saturated_motors=0 rated_cap_command=1.0000 voltage_v=14.8000 thrust_scale=1.000000 current_a=0.0000
[arm_coupling_monitor-9] [INFO] [1786461033.969167255] [my_drone_arm_coupling_monitor]: ARM_COUPLING_STATE {"com_body_flu_m": [-0.003981166215913731, 0.0002572083683537868, -0.20428378489086085], "com_shift_m": [1.902158435319358e-05, 0.0009298648866571547, 0.0001976601704539449], "feedforward_acceleration_ned_m_s2": [1.7774267611240772e-11, 2.8201705731597145e-11, 2.046847161249552e-09], "filtered_joint_acceleration_peak_rad_s2": 1.149699886650479e-07, "inertia_diag_kg_m2": [0.20778570914106087, 0.20845671511368202, 0.2128922571705364], "mass_kg": 4.0, "raw_joint_acceleration_peak_rad_s2": 9.87729638391131e-07, "reaction_force_body_n": [-1.1278981823819595e-10, -7.109834697514154e-11, 8.187388868188036e-09], "reaction_torque_body_nm": [-1.2573213412083808e-08, -1.4562084970083758e-06, -1.2817214542147687e-08]}
[gazebo_direct_motor_model-5] [INFO] [1786461034.489952308] [my_drone_gazebo_direct_motor_model]: MOTOR_DYNAMIC_STATE sim_s=6.016 cmd_min=0.0000 cmd_mean=0.0000 cmd_max=0.0000 filtered_mean=0.0000 filtered_max=0.0000 esc_throttle_mean=0.0000 total_thrust_n=0.0000 body_up_force_n=0.0000 saturated_motors=0 rated_cap_command=1.0000 voltage_v=14.8000 thrust_scale=1.000000 current_a=0.0000
[arm_coupling_monitor-9] [INFO] [1786461035.298690018] [my_drone_arm_coupling_monitor]: ARM_COUPLING_STATE {"com_body_flu_m": [-0.003981166218930739, 0.0002572083664520025, -0.20428378467185912], "com_shift_m": [1.902158133618506e-05, 0.0009298648847553704, 0.00019766038945567832], "feedforward_acceleration_ned_m_s2": [9.153071255867298e-13, 1.4523709483959727e-12, 1.054070158296798e-10], "filtered_joint_acceleration_peak_rad_s2": 5.920623294434329e-09, "inertia_diag_kg_m2": [0.20778570906313248, 0.2084567150281544, 0.2128922571630835], "mass_kg": 4.0, "raw_joint_acceleration_peak_rad_s2": 5.9004476683917374e-08, "reaction_force_body_n": [-5.808608098917322e-12, -3.661294240611245e-12, 4.2162807481289126e-10], "reaction_torque_body_nm": [-6.437847845831158e-10, -7.462720700211898e-08, -6.568067755318748e-10]}
[gazebo_direct_motor_model-5] [INFO] [1786461035.491823919] [my_drone_gazebo_direct_motor_model]: MOTOR_DYNAMIC_STATE sim_s=7.016 cmd_min=0.0000 cmd_mean=0.0000 cmd_max=0.0000 filtered_mean=0.0000 filtered_max=0.0000 esc_throttle_mean=0.0000 total_thrust_n=0.0000 body_up_force_n=0.0000 saturated_motors=0 rated_cap_command=1.0000 voltage_v=14.8000 thrust_scale=1.000000 current_a=0.0000
[arm_coupling_monitor-9] [INFO] [1786461036.320294301] [my_drone_arm_coupling_monitor]: ARM_COUPLING_STATE {"com_body_flu_m": [-0.003981166219076076, 0.0002572083663603883, -0.20428378466130942], "com_shift_m": [1.9021581190848194e-05, 0.0009298648846637562, 0.00019766040000537832], "feedforward_acceleration_ned_m_s2": [9.946843803981374e-14, 1.5780742559899467e-13, 1.1452094641698206e-11], "filtered_joint_acceleration_peak_rad_s2": 6.432513838693427e-10, "inertia_diag_kg_m2": [0.20778570905937863, 0.20845671502403443, 0.2128922571627245], "mass_kg": 4.0, "raw_joint_acceleration_peak_rad_s2": 3.0369793614807323e-09, "reaction_force_body_n": [-6.311345611278171e-13, -3.978808944816367e-13, 4.5808379815684427e-11], "reaction_torque_body_nm": [-6.970271729053999e-11, -8.073843295919943e-09, -7.101655606959686e-11]}
[gazebo_direct_motor_model-5] [INFO] [1786461036.488206017] [my_drone_gazebo_direct_motor_model]: MOTOR_DYNAMIC_STATE sim_s=8.016 cmd_min=0.0000 cmd_mean=0.0000 cmd_max=0.0000 filtered_mean=0.0000 filtered_max=0.0000 esc_throttle_mean=0.0000 total_thrust_n=0.0000 body_up_force_n=0.0000 saturated_motors=0 rated_cap_command=1.0000 voltage_v=14.8000 thrust_scale=1.000000 current_a=0.0000
[gazebo_direct_motor_model-5] [INFO] [1786461037.493107535] [my_drone_gazebo_direct_motor_model]: MOTOR_DYNAMIC_STATE sim_s=9.016 cmd_min=0.0000 cmd_mean=0.0000 cmd_max=0.0000 filtered_mean=0.0000 filtered_max=0.0000 esc_throttle_mean=0.0000 total_thrust_n=0.0000 body_up_force_n=0.0000 saturated_motors=0 rated_cap_command=1.0000 voltage_v=14.8000 thrust_scale=1.000000 current_a=0.0000
[arm_coupling_monitor-9] [INFO] [1786461037.643980325] [my_drone_arm_coupling_monitor]: ARM_COUPLING_STATE {"com_body_flu_m": [-0.003981166219104916, 0.0002572083663422049, -0.20428378465921546], "com_shift_m": [1.9021581162008416e-05, 0.0009298648846455728, 0.00019766040209934221], "feedforward_acceleration_ned_m_s2": [3.299259777464877e-16, 5.134437729033032e-16, 3.587284683930585e-14], "filtered_joint_acceleration_peak_rad_s2": 2.0071297201193254e-12, "inertia_diag_kg_m2": [0.20778570905863347, 0.20845671502321667, 0.2128922571626532], "mass_kg": 4.0, "raw_joint_acceleration_peak_rad_s2": 3.2150094482229436e-10, "reaction_force_body_n": [-2.0534769287037084e-15, -1.3197264295581252e-15, 1.4349139141737645e-13], "reaction_torque_body_nm": [-3.439005912193146e-11, -4.0209060923899466e-09, -3.5351824375476944e-11]}
[gazebo_direct_motor_model-5] [INFO] [1786461038.500073912] [my_drone_gazebo_direct_motor_model]: MOTOR_DYNAMIC_STATE sim_s=10.016 cmd_min=0.0000 cmd_mean=0.0000 cmd_max=0.0000 filtered_mean=0.0000 filtered_max=0.0000 esc_throttle_mean=0.0000 total_thrust_n=0.0000 body_up_force_n=0.0000 saturated_motors=0 rated_cap_command=1.0000 voltage_v=14.8000 thrust_scale=1.000000 current_a=0.0000
[arm_coupling_monitor-9] [INFO] [1786461038.672223522] [my_drone_arm_coupling_monitor]: ARM_COUPLING_STATE {"com_body_flu_m": [-0.003981166219124548, 0.00025720836632983635, -0.20428378465779104], "com_shift_m": [1.902158114237655e-05, 0.0009298648846332042, 0.00019766040352375835], "feedforward_acceleration_ned_m_s2": [1.6683923374621355e-17, -4.043543029845157e-17, 9.273045195962632e-16], "filtered_joint_acceleration_peak_rad_s2": 4.621753853959953e-14, "inertia_diag_kg_m2": [0.2077857090581266, 0.20845671502266044, 0.21289225716260474], "mass_kg": 4.0, "raw_joint_acceleration_peak_rad_s2": 8.792669114557126e-12, "reaction_force_body_n": [1.6174949079825625e-16, -6.673586620573702e-17, 3.709217736473317e-15], "reaction_torque_body_nm": [-3.41335288406574e-11, -4.0190036497733035e-09, -3.5320725583166415e-11]}
[gazebo_direct_motor_model-5] [INFO] [1786461039.494143667] [my_drone_gazebo_direct_motor_model]: MOTOR_DYNAMIC_STATE sim_s=11.016 cmd_min=0.0000 cmd_mean=0.0000 cmd_max=0.0000 filtered_mean=0.0000 filtered_max=0.0000 esc_throttle_mean=0.0000 total_thrust_n=0.0000 body_up_force_n=0.0000 saturated_motors=0 rated_cap_command=1.0000 voltage_v=14.8000 thrust_scale=1.000000 current_a=0.0000
[arm_coupling_monitor-9] [INFO] [1786461039.959642613] [my_drone_arm_coupling_monitor]: ARM_COUPLING_STATE {"com_body_flu_m": [-0.003981166219150749, 0.0002572083663133183, -0.20428378465588898], "com_shift_m": [1.9021581116175287e-05, 0.0009298648846166862, 0.0001976604054258202], "feedforward_acceleration_ned_m_s2": [1.865074898367406e-17, 3.732776884377171e-18, 5.936643084801669e-16], "filtered_joint_acceleration_peak_rad_s2": 4.9517701973740004e-14, "inertia_diag_kg_m2": [0.2077857090574498, 0.20845671502191762, 0.21289225716253998], "mass_kg": 4.0, "raw_joint_acceleration_peak_rad_s2": 7.910855369039789e-12, "reaction_force_body_n": [-1.492607265397486e-17, -7.460333228127654e-17, 2.374657255006318e-15], "reaction_torque_body_nm": [-3.451238626218457e-11, -4.0169841114913175e-09, -3.547388359175028e-11]}
[gazebo_direct_motor_model-5] [INFO] [1786461040.495030744] [my_drone_gazebo_direct_motor_model]: MOTOR_DYNAMIC_STATE sim_s=12.016 cmd_min=0.0000 cmd_mean=0.0000 cmd_max=0.0000 filtered_mean=0.0000 filtered_max=0.0000 esc_throttle_mean=0.0000 total_thrust_n=0.0000 body_up_force_n=0.0000 saturated_motors=0 rated_cap_command=1.0000 voltage_v=14.8000 thrust_scale=1.000000 current_a=0.0000
[arm_coupling_monitor-9] [INFO] [1786461040.966564829] [my_drone_arm_coupling_monitor]: ARM_COUPLING_STATE {"com_body_flu_m": [-0.0039811662191703515, 0.00025720836630096014, -0.2042837846544661], "com_shift_m": [1.9021581096572912e-05, 0.000929864884604328, 0.00019766040684870978], "feedforward_acceleration_ned_m_s2": [2.317862816539036e-17, 4.6254313467278476e-17, 6.512867402759024e-16], "filtered_joint_acceleration_peak_rad_s2": 4.2024318898910446e-14, "inertia_diag_kg_m2": [0.20778570905694346, 0.20845671502136187, 0.21289225716249152], "mass_kg": 4.0, "raw_joint_acceleration_peak_rad_s2": 8.276845751832153e-12, "reaction_force_body_n": [-1.8501170957238102e-16, -9.271520301689913e-17, 2.6051473302839038e-15], "reaction_torque_body_nm": [-3.420539432210822e-11, -4.01489240099138e-09, -3.523283609464949e-11]}
[gazebo_direct_motor_model-5] [INFO] [1786461041.488689535] [my_drone_gazebo_direct_motor_model]: MOTOR_DYNAMIC_STATE sim_s=13.016 cmd_min=0.0000 cmd_mean=0.0000 cmd_max=0.0000 filtered_mean=0.0000 filtered_max=0.0000 esc_throttle_mean=0.0000 total_thrust_n=0.0000 body_up_force_n=0.0000 saturated_motors=0 rated_cap_command=1.0000 voltage_v=14.8000 thrust_scale=1.000000 current_a=0.0000
[arm_coupling_monitor-9] [INFO] [1786461042.291732351] [my_drone_arm_coupling_monitor]: ARM_COUPLING_STATE {"com_body_flu_m": [-0.003981166219196447, 0.00025720836628450976, -0.20428378465257171], "com_shift_m": [1.9021581070477467e-05, 0.0009298648845878776, 0.00019766040874308333], "feedforward_acceleration_ned_m_s2": [2.7164822907573548e-17, -1.74416875918987e-17, 6.495649265722358e-16], "filtered_joint_acceleration_peak_rad_s2": 4.5995776336929665e-14, "inertia_diag_kg_m2": [0.20778570905626936, 0.20845671502062205, 0.21289225716242705], "mass_kg": 4.0, "raw_joint_acceleration_peak_rad_s2": 8.278311112248193e-12, "reaction_force_body_n": [6.977231085800023e-17, -1.0865949556454395e-16, 2.5982595484478355e-15], "reaction_torque_body_nm": [-3.4269479299377264e-11, -4.012762031845234e-09, -3.537727767189233e-11]}
[gazebo_direct_motor_model-5] [INFO] [1786461042.492943696] [my_drone_gazebo_direct_motor_model]: MOTOR_DYNAMIC_STATE sim_s=14.016 cmd_min=0.0000 cmd_mean=0.0000 cmd_max=0.0000 filtered_mean=0.0000 filtered_max=0.0000 esc_throttle_mean=0.0000 total_thrust_n=0.0000 body_up_force_n=0.0000 saturated_motors=0 rated_cap_command=1.0000 voltage_v=14.8000 thrust_scale=1.000000 current_a=0.0000
[arm_coupling_monitor-9] [INFO] [1786461043.330730204] [my_drone_arm_coupling_monitor]: ARM_COUPLING_STATE {"com_body_flu_m": [-0.003981166219216032, 0.0002572083662721672, -0.2042837846511503], "com_shift_m": [1.902158105089244e-05, 0.0009298648845755351, 0.00019766041016450187], "feedforward_acceleration_ned_m_s2": [-6.981427382113e-18, 5.140958062732245e-18, 8.431282018076434e-16], "filtered_joint_acceleration_peak_rad_s2": 4.881587629996664e-14, "inertia_diag_kg_m2": [0.20778570905576357, 0.20845671502006696, 0.21289225716237872], "mass_kg": 4.0, "raw_joint_acceleration_peak_rad_s2": 1.0492684900282981e-11, "reaction_force_body_n": [-2.0556936780532247e-17, 2.7925233067745856e-17, 3.3725128532137676e-15], "reaction_torque_body_nm": [-3.38928974278944e-11, -4.010400336638018e-09, -3.519732415501249e-11]}
[gazebo_direct_motor_model-5] [INFO] [1786461043.495425568] [my_drone_gazebo_direct_motor_model]: MOTOR_DYNAMIC_STATE sim_s=15.016 cmd_min=0.0000 cmd_mean=0.0000 cmd_max=0.0000 filtered_mean=0.0000 filtered_max=0.0000 esc_throttle_mean=0.0000 total_thrust_n=0.0000 body_up_force_n=0.0000 saturated_motors=0 rated_cap_command=1.0000 voltage_v=14.8000 thrust_scale=1.000000 current_a=0.0000
[arm_coupling_monitor-9] [INFO] [1786461044.339570458] [my_drone_arm_coupling_monitor]: ARM_COUPLING_STATE {"com_body_flu_m": [-0.003981166219235603, 0.0002572083662598264, -0.20428378464972946], "com_shift_m": [1.902158103132129e-05, 0.0009298648845631943, 0.00019766041158533754], "feedforward_acceleration_ned_m_s2": [3.498661014424381e-18, 9.794724069318451e-18, 7.22308482959055e-16], "filtered_joint_acceleration_peak_rad_s2": 3.7461780338070525e-14, "inertia_diag_kg_m2": [0.20778570905525806, 0.20845671501951213, 0.21289225716233043], "mass_kg": 4.0, "raw_joint_acceleration_peak_rad_s2": 7.487706261736944e-12, "reaction_force_body_n": [-3.917291666373667e-17, -1.399509333107234e-17, 2.8892340107392304e-15], "reaction_torque_body_nm": [-3.390393610336145e-11, -4.00886941321087e-09, -3.5219709585093096e-11]}
[gazebo_direct_motor_model-5] [INFO] [1786461044.501137079] [my_drone_gazebo_direct_motor_model]: MOTOR_DYNAMIC_STATE sim_s=16.020 cmd_min=0.0000 cmd_mean=0.0000 cmd_max=0.0000 filtered_mean=0.0000 filtered_max=0.0000 esc_throttle_mean=0.0000 total_thrust_n=0.0000 body_up_force_n=0.0000 saturated_motors=0 rated_cap_command=1.0000 voltage_v=14.8000 thrust_scale=1.000000 current_a=0.0000
[gazebo_direct_motor_model-5] [INFO] [1786461045.497546993] [my_drone_gazebo_direct_motor_model]: MOTOR_DYNAMIC_STATE sim_s=17.020 cmd_min=0.0000 cmd_mean=0.0000 cmd_max=0.0000 filtered_mean=0.0000 filtered_max=0.0000 esc_throttle_mean=0.0000 total_thrust_n=0.0000 body_up_force_n=0.0000 saturated_motors=0 rated_cap_command=1.0000 voltage_v=14.8000 thrust_scale=1.000000 current_a=0.0000
[arm_coupling_monitor-9] [INFO] [1786461045.637568324] [my_drone_arm_coupling_monitor]: ARM_COUPLING_STATE {"com_body_flu_m": [-0.003981166219261666, 0.000257208366243402, -0.20428378464783795], "com_shift_m": [1.9021581005258803e-05, 0.0009298648845467699, 0.00019766041347685226], "feedforward_acceleration_ned_m_s2": [-5.495528058819287e-18, 1.8389479990690492e-17, 5.353457865814507e-16], "filtered_joint_acceleration_peak_rad_s2": 3.30624747337474e-14, "inertia_diag_kg_m2": [0.20778570905458493, 0.20845671501877341, 0.21289225716226604], "mass_kg": 4.0, "raw_joint_acceleration_peak_rad_s2": 8.115348497025577e-12, "reaction_force_body_n": [-7.355354977124086e-17, 2.1981694412433227e-17, 2.1413833007293614e-15], "reaction_torque_body_nm": [-3.390797175847092e-11, -4.006524526009733e-09, -3.52119470259776e-11]}
[gazebo_direct_motor_model-5] [INFO] [1786461046.501212337] [my_drone_gazebo_direct_motor_model]: MOTOR_DYNAMIC_STATE sim_s=18.020 cmd_min=0.0000 cmd_mean=0.0000 cmd_max=0.0000 filtered_mean=0.0000 filtered_max=0.0000 esc_throttle_mean=0.0000 total_thrust_n=0.0000 body_up_force_n=0.0000 saturated_motors=0 rated_cap_command=1.0000 voltage_v=14.8000 thrust_scale=1.000000 current_a=0.0000
[arm_coupling_monitor-9] [INFO] [1786461046.661115558] [my_drone_arm_coupling_monitor]: ARM_COUPLING_STATE {"com_body_flu_m": [-0.003981166219281218, 0.0002572083662310768, -0.2042837846464187], "com_shift_m": [1.9021580985706735e-05, 0.0009298648845344447, 0.00019766041489610586], "feedforward_acceleration_ned_m_s2": [-2.1943062834072192e-17, -6.73686404101861e-17, 5.217340648490516e-16], "filtered_joint_acceleration_peak_rad_s2": 7.421577814307787e-14, "inertia_diag_kg_m2": [0.20778570905407998, 0.2084567150182191, 0.21289225716221777], "mass_kg": 4.0, "raw_joint_acceleration_peak_rad_s2": 6.689838578645477e-12, "reaction_force_body_n": [2.694786942764857e-16, 8.777249427121205e-17, 2.08693571555024e-15], "reaction_torque_body_nm": [-3.422594938181807e-11, -4.0050846018198054e-09, -3.5504153684548276e-11]}
[gazebo_direct_motor_model-5] [INFO] [1786461047.507195255] [my_drone_gazebo_direct_motor_model]: MOTOR_DYNAMIC_STATE sim_s=19.020 cmd_min=0.0000 cmd_mean=0.0000 cmd_max=0.0000 filtered_mean=0.0000 filtered_max=0.0000 esc_throttle_mean=0.0000 total_thrust_n=0.0000 body_up_force_n=0.0000 saturated_motors=0 rated_cap_command=1.0000 voltage_v=14.8000 thrust_scale=1.000000 current_a=0.0000
[arm_coupling_monitor-9] [INFO] [1786461047.686916945] [my_drone_arm_coupling_monitor]: ARM_COUPLING_STATE {"com_body_flu_m": [-0.003981166219300761, 0.0002572083662187568, -0.20428378464500002], "com_shift_m": [1.902158096616334e-05, 0.0009298648845221247, 0.0001976604163147766], "feedforward_acceleration_ned_m_s2": [3.4249730637091945e-17, -5.805307619849274e-18, 6.978312648115722e-16], "filtered_joint_acceleration_peak_rad_s2": 3.1781394003027566e-14, "inertia_diag_kg_m2": [0.20778570905357513, 0.2084567150176651, 0.21289225716216947], "mass_kg": 4.0, "raw_joint_acceleration_peak_rad_s2": 8.22309980833552e-12, "reaction_force_body_n": [2.3227242764922616e-17, -1.36999240214309e-16, 2.7913249936320435e-15], "reaction_torque_body_nm": [-3.4272290562485846e-11, -4.0027661806078294e-09, -3.517197547201314e-11]}
[gazebo_direct_motor_model-5] [INFO] [1786461048.502012531] [my_drone_gazebo_direct_motor_model]: MOTOR_DYNAMIC_STATE sim_s=20.020 cmd_min=0.0000 cmd_mean=0.0000 cmd_max=0.0000 filtered_mean=0.0000 filtered_max=0.0000 esc_throttle_mean=0.0000 total_thrust_n=0.0000 body_up_force_n=0.0000 saturated_motors=0 rated_cap_command=1.0000 voltage_v=14.8000 thrust_scale=1.000000 current_a=0.0000
[arm_coupling_monitor-9] [INFO] [1786461048.968918229] [my_drone_arm_coupling_monitor]: ARM_COUPLING_STATE {"com_body_flu_m": [-0.003981166219326858, 0.0002572083662023064, -0.2042837846431057], "com_shift_m": [1.902158094006616e-05, 0.0009298648845056743, 0.00019766041820909463], "feedforward_acceleration_ned_m_s2": [-1.3082303214154101e-17, 2.956005275590882e-17, 6.805479791327406e-16], "filtered_joint_acceleration_peak_rad_s2": 5.339578654873354e-14, "inertia_diag_kg_m2": [0.2077857090529011, 0.20845671501692528, 0.21289225716210497], "mass_kg": 4.0, "raw_joint_acceleration_peak_rad_s2": 7.0559562847586774e-12, "reaction_force_body_n": [-1.182347019710074e-16, 5.232863457859116e-17, 2.7221921669310173e-15], "reaction_torque_body_nm": [-3.3643046749909555e-11, -4.000532547534744e-09, -3.519349198513633e-11]}
[gazebo_direct_motor_model-5] [INFO] [1786461049.495405583] [my_drone_gazebo_direct_motor_model]: MOTOR_DYNAMIC_STATE sim_s=21.020 cmd_min=0.0000 cmd_mean=0.0000 cmd_max=0.0000 filtered_mean=0.0000 filtered_max=0.0000 esc_throttle_mean=0.0000 total_thrust_n=0.0000 body_up_force_n=0.0000 saturated_motors=0 rated_cap_command=1.0000 voltage_v=14.8000 thrust_scale=1.000000 current_a=0.0000
[arm_coupling_monitor-9] [INFO] [1786461049.978778055] [my_drone_arm_coupling_monitor]: ARM_COUPLING_STATE {"com_body_flu_m": [-0.003981166219346379, 0.00025720836618999855, -0.20428378464168853], "com_shift_m": [1.9021580920545317e-05, 0.0009298648844933664, 0.00019766041962626657], "feedforward_acceleration_ned_m_s2": [2.43208808632233e-18, -3.274260679525011e-17, 6.518286497811233e-16], "filtered_joint_acceleration_peak_rad_s2": 3.818675659708629e-14, "inertia_diag_kg_m2": [0.20778570905239677, 0.20845671501637186, 0.21289225716205676], "mass_kg": 4.0, "raw_joint_acceleration_peak_rad_s2": 7.817080778021676e-12, "reaction_force_body_n": [1.3097581780045855e-16, -9.72844082122835e-18, 2.6073143280076018e-15], "reaction_torque_body_nm": [-3.413865277870996e-11, -3.998692696694742e-09, -3.5174342334672506e-11]}
[gazebo_direct_motor_model-5] [INFO] [1786461050.503942826] [my_drone_gazebo_direct_motor_model]: MOTOR_DYNAMIC_STATE sim_s=22.020 cmd_min=0.0000 cmd_mean=0.0000 cmd_max=0.0000 filtered_mean=0.0000 filtered_max=0.0000 esc_throttle_mean=0.0000 total_thrust_n=0.0000 body_up_force_n=0.0000 saturated_motors=0 rated_cap_command=1.0000 voltage_v=14.8000 thrust_scale=1.000000 current_a=0.0000
[arm_coupling_monitor-9] [INFO] [1786461051.320125188] [my_drone_arm_coupling_monitor]: ARM_COUPLING_STATE {"com_body_flu_m": [-0.0039811662193723705, 0.0002572083661736141, -0.20428378463980187], "com_shift_m": [1.9021580894553955e-05, 0.000929864884476982, 0.00019766042151292407], "feedforward_acceleration_ned_m_s2": [1.2190676302125712e-17, 2.907990566058712e-17, 5.585429532162997e-16], "filtered_joint_acceleration_peak_rad_s2": 2.913484472607222e-14, "inertia_diag_kg_m2": [0.20778570905172547, 0.208456715015635, 0.21289225716199253], "mass_kg": 4.0, "raw_joint_acceleration_peak_rad_s2": 1.0236549086790995e-11, "reaction_force_body_n": [-1.1631492645540522e-16, -4.87632165506706e-17, 2.2341720462013624e-15], "reaction_torque_body_nm": [-3.406956281593213e-11, -3.996250968084687e-09, -3.5099905593306594e-11]}
[gazebo_direct_motor_model-5] [INFO] [1786461051.496333113] [my_drone_gazebo_direct_motor_model]: MOTOR_DYNAMIC_STATE sim_s=23.020 cmd_min=0.0000 cmd_mean=0.0000 cmd_max=0.0000 filtered_mean=0.0000 filtered_max=0.0000 esc_throttle_mean=0.0000 total_thrust_n=0.0000 body_up_force_n=0.0000 saturated_motors=0 rated_cap_command=1.0000 voltage_v=14.8000 thrust_scale=1.000000 current_a=0.0000
[arm_coupling_monitor-9] [INFO] [1786461052.336431528] [my_drone_arm_coupling_monitor]: ARM_COUPLING_STATE {"com_body_flu_m": [-0.0039811662193918705, 0.00025720836616132184, -0.2042837846383862], "com_shift_m": [1.902158087505393e-05, 0.0009298648844646897, 0.0001976604229285972], "feedforward_acceleration_ned_m_s2": [2.7891572885679196e-17, 3.672245634382009e-17, 8.618472511320231e-16], "filtered_joint_acceleration_peak_rad_s2": 4.79739727078028e-14, "inertia_diag_kg_m2": [0.20778570905122173, 0.20845671501508212, 0.21289225716194435], "mass_kg": 4.0, "raw_joint_acceleration_peak_rad_s2": 8.606247060323574e-12, "reaction_force_body_n": [-1.4688250980801482e-16, -1.1156701844406663e-16, 3.4473892927049255e-15], "reaction_torque_body_nm": [-3.394000331017748e-11, -3.9941269583844185e-09, -3.506211456053437e-11]}
[gazebo_direct_motor_model-5] [INFO] [1786461052.495614741] [my_drone_gazebo_direct_motor_model]: MOTOR_DYNAMIC_STATE sim_s=24.020 cmd_min=0.0000 cmd_mean=0.0000 cmd_max=0.0000 filtered_mean=0.0000 filtered_max=0.0000 esc_throttle_mean=0.0000 total_thrust_n=0.0000 body_up_force_n=0.0000 saturated_motors=0 rated_cap_command=1.0000 voltage_v=14.8000 thrust_scale=1.000000 current_a=0.0000
[gazebo_direct_motor_model-5] [INFO] [1786461053.501413934] [my_drone_gazebo_direct_motor_model]: MOTOR_DYNAMIC_STATE sim_s=25.020 cmd_min=0.0000 cmd_mean=0.0000 cmd_max=0.0000 filtered_mean=0.0000 filtered_max=0.0000 esc_throttle_mean=0.0000 total_thrust_n=0.0000 body_up_force_n=0.0000 saturated_motors=0 rated_cap_command=1.0000 voltage_v=14.8000 thrust_scale=1.000000 current_a=0.0000
[arm_coupling_monitor-9] [INFO] [1786461053.641508985] [my_drone_arm_coupling_monitor]: ARM_COUPLING_STATE {"com_body_flu_m": [-0.003981166219417838, 0.000257208366144953, -0.20428378463650154], "com_shift_m": [1.9021580849086853e-05, 0.0009298648844483209, 0.0001976604248132563], "feedforward_acceleration_ned_m_s2": [8.001953255393536e-19, -3.5972773553446895e-18, 7.014657156022046e-16], "filtered_joint_acceleration_peak_rad_s2": 3.1266539851088576e-14, "inertia_diag_kg_m2": [0.20778570905055108, 0.20845671501434612, 0.2128922571618802], "mass_kg": 4.0, "raw_joint_acceleration_peak_rad_s2": 1.0779812000817915e-11, "reaction_force_body_n": [1.4394896688630407e-17, -3.2011176841797634e-18, 2.8058628323406664e-15], "reaction_torque_body_nm": [-3.389414283321751e-11, -3.9918520749632424e-09, -3.508880343491732e-11]}
[gazebo_direct_motor_model-5] [INFO] [1786461054.497010465] [my_drone_gazebo_direct_motor_model]: MOTOR_DYNAMIC_STATE sim_s=26.020 cmd_min=0.0000 cmd_mean=0.0000 cmd_max=0.0000 filtered_mean=0.0000 filtered_max=0.0000 esc_throttle_mean=0.0000 total_thrust_n=0.0000 body_up_force_n=0.0000 saturated_motors=0 rated_cap_command=1.0000 voltage_v=14.8000 thrust_scale=1.000000 current_a=0.0000
[arm_coupling_monitor-9] [INFO] [1786461054.650654971] [my_drone_arm_coupling_monitor]: ARM_COUPLING_STATE {"com_body_flu_m": [-0.003981166219437322, 0.0002572083661326746, -0.20428378463508734], "com_shift_m": [1.902158082960244e-05, 0.0009298648844360425, 0.00019766042622745839], "feedforward_acceleration_ned_m_s2": [-3.788475299469317e-18, -1.589719854942027e-17, 5.159965273093583e-16], "filtered_joint_acceleration_peak_rad_s2": 3.6576196307607295e-14, "inertia_diag_kg_m2": [0.2077857090500478, 0.20845671501379384, 0.2128922571618321], "mass_kg": 4.0, "raw_joint_acceleration_peak_rad_s2": 7.657462240431295e-12, "reaction_force_body_n": [6.35930179328419e-17, 1.515375476325277e-17, 2.06398598018031e-15], "reaction_torque_body_nm": [-3.400131342415213e-11, -3.990495353889753e-09, -3.520690877550759e-11]}
[gazebo_direct_motor_model-5] [INFO] [1786461055.497258711] [my_drone_gazebo_direct_motor_model]: MOTOR_DYNAMIC_STATE sim_s=27.020 cmd_min=0.0000 cmd_mean=0.0000 cmd_max=0.0000 filtered_mean=0.0000 filtered_max=0.0000 esc_throttle_mean=0.0000 total_thrust_n=0.0000 body_up_force_n=0.0000 saturated_motors=0 rated_cap_command=1.0000 voltage_v=14.8000 thrust_scale=1.000000 current_a=0.0000
[arm_coupling_monitor-9] [INFO] [1786461055.988759213] [my_drone_arm_coupling_monitor]: ARM_COUPLING_STATE {"com_body_flu_m": [-0.003981166219463336, 0.00025720836611627454, -0.20428378463319902], "com_shift_m": [1.9021580803588525e-05, 0.0009298648844196424, 0.00019766042811578122], "feedforward_acceleration_ned_m_s2": [4.651256461330434e-18, -5.110232899825769e-17, 3.1419878096634433e-16], "filtered_joint_acceleration_peak_rad_s2": 7.460858734331805e-14, "inertia_diag_kg_m2": [0.20778570904937596, 0.20845671501305638, 0.21289225716176785], "mass_kg": 4.0, "raw_joint_acceleration_peak_rad_s2": 9.217280945072206e-12, "reaction_force_body_n": [2.0441194093311078e-16, -1.8604799267075886e-17, 1.256794700287769e-15], "reaction_torque_body_nm": [-3.400022618057861e-11, -3.988393119423467e-09, -3.518351353273479e-11]}
[gazebo_direct_motor_model-5] [INFO] [1786461056.498885687] [my_drone_gazebo_direct_motor_model]: MOTOR_DYNAMIC_STATE sim_s=28.020 cmd_min=0.0000 cmd_mean=0.0000 cmd_max=0.0000 filtered_mean=0.0000 filtered_max=0.0000 esc_throttle_mean=0.0000 total_thrust_n=0.0000 body_up_force_n=0.0000 saturated_motors=0 rated_cap_command=1.0000 voltage_v=14.8000 thrust_scale=1.000000 current_a=0.0000
[arm_coupling_monitor-9] [INFO] [1786461057.296140721] [my_drone_arm_coupling_monitor]: ARM_COUPLING_STATE {"com_body_flu_m": [-0.003981166219489256, 0.0002572083660999352, -0.20428378463131747], "com_shift_m": [1.9021580777668287e-05, 0.0009298648844033031, 0.0001976604299973317], "feedforward_acceleration_ned_m_s2": [2.8090780624631706e-17, 2.835340972587256e-17, 7.772553809385246e-16], "filtered_joint_acceleration_peak_rad_s2": 4.364468428315821e-14, "inertia_diag_kg_m2": [0.2077857090487065, 0.2084567150123216, 0.21289225716170382], "mass_kg": 4.0, "raw_joint_acceleration_peak_rad_s2": 8.211988537989028e-12, "reaction_force_body_n": [-1.1340701898636696e-16, -1.123637417340689e-16, 3.10902174285439e-15], "reaction_torque_body_nm": [-3.413126319551297e-11, -3.985448751360851e-09, -3.5047401579580436e-11]}
[gazebo_direct_motor_model-5] [INFO] [1786461057.495971953] [my_drone_gazebo_direct_motor_model]: MOTOR_DYNAMIC_STATE sim_s=29.020 cmd_min=0.0000 cmd_mean=0.0000 cmd_max=0.0000 filtered_mean=0.0000 filtered_max=0.0000 esc_throttle_mean=0.0000 total_thrust_n=0.0000 body_up_force_n=0.0000 saturated_motors=0 rated_cap_command=1.0000 voltage_v=14.8000 thrust_scale=1.000000 current_a=0.0000
[arm_coupling_monitor-9] [INFO] [1786461058.332071434] [my_drone_arm_coupling_monitor]: ARM_COUPLING_STATE {"com_body_flu_m": [-0.003981166219508708, 0.0002572083660876759, -0.20428378462990565], "com_shift_m": [1.9021580758216833e-05, 0.0009298648843910438, 0.0001976604314091468], "feedforward_acceleration_ned_m_s2": [2.297767176443455e-18, -1.1200739204666066e-17, 5.912382540800146e-16], "filtered_joint_acceleration_peak_rad_s2": 3.469685505900264e-14, "inertia_diag_kg_m2": [0.20778570904820406, 0.2084567150117702, 0.21289225716165577], "mass_kg": 4.0, "raw_joint_acceleration_peak_rad_s2": 7.401040069882439e-12, "reaction_force_body_n": [4.480784705555604e-17, -9.19128996227429e-18, 2.364952922811798e-15], "reaction_torque_body_nm": [-3.389331503064795e-11, -3.983799794172677e-09, -3.502265349248241e-11]}
[gazebo_direct_motor_model-5] [INFO] [1786461058.490993872] [my_drone_gazebo_direct_motor_model]: MOTOR_DYNAMIC_STATE sim_s=30.020 cmd_min=0.0000 cmd_mean=0.0000 cmd_max=0.0000 filtered_mean=0.0000 filtered_max=0.0000 esc_throttle_mean=0.0000 total_thrust_n=0.0000 body_up_force_n=0.0000 saturated_motors=0 rated_cap_command=1.0000 voltage_v=14.8000 thrust_scale=1.000000 current_a=0.0000
[gazebo_direct_motor_model-5] [INFO] [1786461059.495560716] [my_drone_gazebo_direct_motor_model]: MOTOR_DYNAMIC_STATE sim_s=31.020 cmd_min=0.0000 cmd_mean=0.0000 cmd_max=0.0000 filtered_mean=0.0000 filtered_max=0.0000 esc_throttle_mean=0.0000 total_thrust_n=0.0000 body_up_force_n=0.0000 saturated_motors=0 rated_cap_command=1.0000 voltage_v=14.8000 thrust_scale=1.000000 current_a=0.0000
[arm_coupling_monitor-9] [INFO] [1786461059.645443510] [my_drone_arm_coupling_monitor]: ARM_COUPLING_STATE {"com_body_flu_m": [-0.003981166219534597, 0.00025720836607135214, -0.20428378462802604], "com_shift_m": [1.902158073232782e-05, 0.00092986488437472, 0.00019766043328875438], "feedforward_acceleration_ned_m_s2": [-1.542513521432988e-17, -2.9817817471178845e-17, 4.583560505530331e-16], "filtered_joint_acceleration_peak_rad_s2": 4.8485247713668243e-14, "inertia_diag_kg_m2": [0.2077857090475353, 0.20845671501103624, 0.21289225716159177], "mass_kg": 4.0, "raw_joint_acceleration_peak_rad_s2": 8.892550173150644e-12, "reaction_force_body_n": [1.192749298711438e-16, 6.170053042788316e-17, 1.8334239644633054e-15], "reaction_torque_body_nm": [-3.3471851463824465e-11, -3.981488161545165e-09, -3.49770129405651e-11]}
[gazebo_direct_motor_model-5] [INFO] [1786461061.555513862] [my_drone_gazebo_direct_motor_model]: MOTOR_DYNAMIC_STATE sim_s=32.020 cmd_min=0.0000 cmd_mean=0.0000 cmd_max=0.0000 filtered_mean=0.0000 filtered_max=0.0000 esc_throttle_mean=0.0000 total_thrust_n=0.0000 body_up_force_n=0.0000 saturated_motors=0 rated_cap_command=1.0000 voltage_v=14.8000 thrust_scale=1.000000 current_a=0.0000
[arm_coupling_monitor-9] [INFO] [1786461061.974075531] [my_drone_arm_coupling_monitor]: ARM_COUPLING_STATE {"com_body_flu_m": [-0.003981166219559393, 0.00025720836605572575, -0.20428378462622654], "com_shift_m": [1.9021580707531682e-05, 0.0009298648843590936, 0.00019766043508825937], "feedforward_acceleration_ned_m_s2": [2.8810153983821506e-17, 1.9440448735064426e-17, 8.74126956744842e-16], "filtered_joint_acceleration_peak_rad_s2": 5.690740333030583e-14, "inertia_diag_kg_m2": [0.20778570904689483, 0.20845671501033342, 0.2128922571615306], "mass_kg": 4.0, "raw_joint_acceleration_peak_rad_s2": 7.208366608004293e-12, "reaction_force_body_n": [-7.775437116744444e-17, -1.1524121747173576e-16, 3.49650797224909e-15], "reaction_torque_body_nm": [-3.379412519179491e-11, -3.978570946870711e-09, -3.4826155009608505e-11]}
[gazebo_direct_motor_model-5] [INFO] [1786461062.552415689] [my_drone_gazebo_direct_motor_model]: MOTOR_DYNAMIC_STATE sim_s=33.020 cmd_min=0.0000 cmd_mean=0.0000 cmd_max=0.0000 filtered_mean=0.0000 filtered_max=0.0000 esc_throttle_mean=0.0000 total_thrust_n=0.0000 body_up_force_n=0.0000 saturated_motors=0 rated_cap_command=1.0000 voltage_v=14.8000 thrust_scale=1.000000 current_a=0.0000
[arm_coupling_monitor-9] [INFO] [1786461062.979339733] [my_drone_arm_coupling_monitor]: ARM_COUPLING_STATE {"com_body_flu_m": [-0.003981166219578808, 0.0002572083660434838, -0.20428378462481703], "com_shift_m": [1.9021580688116657e-05, 0.0009298648843468517, 0.00019766043649777076], "feedforward_acceleration_ned_m_s2": [-4.723382352322627e-18, -5.993426478299032e-17, 4.453396957020576e-16], "filtered_joint_acceleration_peak_rad_s2": 4.5454531748942344e-14, "inertia_diag_kg_m2": [0.20778570904639332, 0.20845671500978294, 0.21289225716148255], "mass_kg": 4.0, "raw_joint_acceleration_peak_rad_s2": 8.865544685081496e-12, "reaction_force_body_n": [2.3974069341791125e-16, 1.8893755295757523e-17, 1.78135829130277e-15], "reaction_torque_body_nm": [-3.4058101906111194e-11, -3.977417790198764e-09, -3.5123831712660364e-11]}
[gazebo_direct_motor_model-5] [INFO] [1786461063.565129715] [my_drone_gazebo_direct_motor_model]: MOTOR_DYNAMIC_STATE sim_s=34.020 cmd_min=0.0000 cmd_mean=0.0000 cmd_max=0.0000 filtered_mean=0.0000 filtered_max=0.0000 esc_throttle_mean=0.0000 total_thrust_n=0.0000 body_up_force_n=0.0000 saturated_motors=0 rated_cap_command=1.0000 voltage_v=14.8000 thrust_scale=1.000000 current_a=0.0000
[arm_coupling_monitor-9] [INFO] [1786461064.049630091] [my_drone_arm_coupling_monitor]: ARM_COUPLING_STATE {"com_body_flu_m": [-0.003981166219598141, 0.0002572083660312991, -0.20428378462341376], "com_shift_m": [1.9021580668783164e-05, 0.000929864884334667, 0.00019766043790103716], "feedforward_acceleration_ned_m_s2": [2.4724069383277353e-17, 4.1091958502937736e-17, 9.310385083786062e-16], "filtered_joint_acceleration_peak_rad_s2": 7.499461177732708e-14, "inertia_diag_kg_m2": [0.20778570904589402, 0.20845671500923493, 0.2128922571614348], "mass_kg": 4.0, "raw_joint_acceleration_peak_rad_s2": 7.1573776945939274e-12, "reaction_force_body_n": [-1.6435997234547174e-16, -9.889707362617722e-17, 3.724154359344971e-15], "reaction_torque_body_nm": [-3.3699267627116726e-11, -3.974850138296722e-09, -3.479450068030021e-11]}
[gazebo_direct_motor_model-5] [INFO] [1786461064.562686311] [my_drone_gazebo_direct_motor_model]: MOTOR_DYNAMIC_STATE sim_s=35.020 cmd_min=0.0000 cmd_mean=0.0000 cmd_max=0.0000 filtered_mean=0.0000 filtered_max=0.0000 esc_throttle_mean=0.0000 total_thrust_n=0.0000 body_up_force_n=0.0000 saturated_motors=0 rated_cap_command=1.0000 voltage_v=14.8000 thrust_scale=1.000000 current_a=0.0000
[arm_coupling_monitor-9] [INFO] [1786461065.323275198] [my_drone_arm_coupling_monitor]: ARM_COUPLING_STATE {"com_body_flu_m": [-0.003981166219624055, 0.00025720836601495975, -0.2042837846215325], "com_shift_m": [1.9021580642869865e-05, 0.0009298648843183276, 0.00019766043978231007], "feedforward_acceleration_ned_m_s2": [2.007983403056736e-17, -1.1791215365494253e-18, 6.294878836320722e-16], "filtered_joint_acceleration_peak_rad_s2": 2.8994908520173857e-14, "inertia_diag_kg_m2": [0.20778570904522456, 0.20845671500850027, 0.21289225716137086], "mass_kg": 4.0, "raw_joint_acceleration_peak_rad_s2": 8.197418881865766e-12, "reaction_force_body_n": [4.72182716491062e-18, -8.031965360673745e-17, 2.51795151439077e-15], "reaction_torque_body_nm": [-3.386132831861072e-11, -3.972855604268113e-09, -3.496723403156267e-11]}
[gazebo_direct_motor_model-5] [INFO] [1786461065.555765883] [my_drone_gazebo_direct_motor_model]: MOTOR_DYNAMIC_STATE sim_s=36.020 cmd_min=0.0000 cmd_mean=0.0000 cmd_max=0.0000 filtered_mean=0.0000 filtered_max=0.0000 esc_throttle_mean=0.0000 total_thrust_n=0.0000 body_up_force_n=0.0000 saturated_motors=0 rated_cap_command=1.0000 voltage_v=14.8000 thrust_scale=1.000000 current_a=0.0000
[gazebo_direct_motor_model-5] [INFO] [1786461066.564453532] [my_drone_gazebo_direct_motor_model]: MOTOR_DYNAMIC_STATE sim_s=37.020 cmd_min=0.0000 cmd_mean=0.0000 cmd_max=0.0000 filtered_mean=0.0000 filtered_max=0.0000 esc_throttle_mean=0.0000 total_thrust_n=0.0000 body_up_force_n=0.0000 saturated_motors=0 rated_cap_command=1.0000 voltage_v=14.8000 thrust_scale=1.000000 current_a=0.0000
[arm_coupling_monitor-9] [INFO] [1786461066.664142317] [my_drone_arm_coupling_monitor]: ARM_COUPLING_STATE {"com_body_flu_m": [-0.003981214584754452, 0.0002572078305818522, -0.20428369774655422], "com_shift_m": [1.8973215512472705e-05, 0.0009298643488852201, 0.00019774731476057683], "feedforward_acceleration_ned_m_s2": [-5.300087001800405e-09, -6.778184010920196e-07, -9.656178618122354e-07], "filtered_joint_acceleration_peak_rad_s2": 0.00017350065410515737, "inertia_diag_kg_m2": [0.20778567728842873, 0.2084566629973272, 0.21289223694004192], "mass_kg": 4.0, "raw_joint_acceleration_peak_rad_s2": 0.00137949526012635, "reaction_force_body_n": [2.711265605765053e-06, 2.120601553469055e-08, -3.86247703076829e-06], "reaction_torque_body_nm": [1.720647887246193e-05, 0.001944690494382785, -1.364704330422457e-05]}
[gazebo_direct_motor_model-5] [INFO] [1786461067.554519426] [my_drone_gazebo_direct_motor_model]: MOTOR_DYNAMIC_STATE sim_s=38.020 cmd_min=0.0000 cmd_mean=0.0000 cmd_max=0.0000 filtered_mean=0.0000 filtered_max=0.0000 esc_throttle_mean=0.0000 total_thrust_n=0.0000 body_up_force_n=0.0000 saturated_motors=0 rated_cap_command=1.0000 voltage_v=14.8000 thrust_scale=1.000000 current_a=0.0000
[arm_coupling_monitor-9] [INFO] [1786461068.055162107] [my_drone_arm_coupling_monitor]: ARM_COUPLING_STATE {"com_body_flu_m": [-0.003982925707998061, 0.0002571945121442251, -0.2042812674840044], "com_shift_m": [1.7262092268863216e-05, 0.000929851030447593, 0.00020017757731038976], "feedforward_acceleration_ned_m_s2": [-1.4463500956938102e-08, -1.8795554883260616e-06, -2.6495187211871496e-06], "filtered_joint_acceleration_peak_rad_s2": 0.00048275320544582126, "inertia_diag_kg_m2": [0.20778478290941468, 0.20845507093527726, 0.21289153999192], "mass_kg": 4.0, "raw_joint_acceleration_peak_rad_s2": 0.03944236382810976, "reaction_force_body_n": [7.518220525119153e-06, 5.783737356873631e-08, -1.0598075988666037e-05], "reaction_torque_body_nm": [0.00013634717777491907, 0.015434805599433563, -0.00011037851210313146]}
[gazebo_direct_motor_model-5] [INFO] [1786461068.561801042] [my_drone_gazebo_direct_motor_model]: MOTOR_DYNAMIC_STATE sim_s=39.020 cmd_min=0.0000 cmd_mean=0.0000 cmd_max=0.0000 filtered_mean=0.0000 filtered_max=0.0000 esc_throttle_mean=0.0000 total_thrust_n=0.0000 body_up_force_n=0.0000 saturated_motors=0 rated_cap_command=1.0000 voltage_v=14.8000 thrust_scale=1.000000 current_a=0.0000
[arm_coupling_monitor-9] [INFO] [1786461069.334122279] [my_drone_arm_coupling_monitor]: ARM_COUPLING_STATE {"com_body_flu_m": [-0.003987749052074614, 0.00025715727236139303, -0.2042744522777549], "com_shift_m": [1.2438748192310223e-05, 0.0009298137906647609, 0.00020699278355990058], "feedforward_acceleration_ned_m_s2": [-9.201062107662484e-09, -1.1645435476082746e-06, -1.6675148117953283e-06], "filtered_joint_acceleration_peak_rad_s2": 0.0003028297848575515, "inertia_diag_kg_m2": [0.20778227858351012, 0.20845059905241736, 0.21288957448334597], "mass_kg": 4.0, "raw_joint_acceleration_peak_rad_s2": 0.00048200231748028505, "reaction_force_body_n": [4.658173464353193e-06, 3.677271937944914e-08, -6.670059928151601e-06], "reaction_torque_body_nm": [0.00016928379019351064, 0.01910928150312983, -0.00019304574714140425]}
[gazebo_direct_motor_model-5] [INFO] [1786461069.559220599] [my_drone_gazebo_direct_motor_model]: MOTOR_DYNAMIC_STATE sim_s=40.020 cmd_min=0.0000 cmd_mean=0.0000 cmd_max=0.0000 filtered_mean=0.0000 filtered_max=0.0000 esc_throttle_mean=0.0000 total_thrust_n=0.0000 body_up_force_n=0.0000 saturated_motors=0 rated_cap_command=1.0000 voltage_v=14.8000 thrust_scale=1.000000 current_a=0.0000
[gazebo_direct_motor_model-5] [INFO] [1786461070.560435619] [my_drone_gazebo_direct_motor_model]: MOTOR_DYNAMIC_STATE sim_s=41.020 cmd_min=0.0000 cmd_mean=0.0000 cmd_max=0.0000 filtered_mean=0.0000 filtered_max=0.0000 esc_throttle_mean=0.0000 total_thrust_n=0.0000 body_up_force_n=0.0000 saturated_motors=0 rated_cap_command=1.0000 voltage_v=14.8000 thrust_scale=1.000000 current_a=0.0000
[arm_coupling_monitor-9] [INFO] [1786461070.636849111] [my_drone_arm_coupling_monitor]: ARM_COUPLING_STATE {"com_body_flu_m": [-0.003994178479835684, 0.0002571073297161393, -0.2042653347415396], "com_shift_m": [6.009320431240098e-06, 0.0009297638480195072, 0.0002161103197751979], "feedforward_acceleration_ned_m_s2": [2.793542317585574e-09, 3.827757341157417e-07, 5.227141206788027e-07], "filtered_joint_acceleration_peak_rad_s2": 9.497108805019118e-05, "inertia_diag_kg_m2": [0.20777893842646378, 0.20844463063454685, 0.21288694897668198], "mass_kg": 4.0, "raw_joint_acceleration_peak_rad_s2": 0.0002366662606022043, "reaction_force_body_n": [-1.5311027616817124e-06, -1.1156276740914915e-08, 2.09085670625142e-06], "reaction_torque_body_nm": [0.0001686913025853596, 0.019076485270125745, -0.00020255602000531048]}
[gazebo_direct_motor_model-5] [INFO] [1786461071.570815071] [my_drone_gazebo_direct_motor_model]: MOTOR_DYNAMIC_STATE sim_s=42.020 cmd_min=0.0000 cmd_mean=0.0000 cmd_max=0.0000 filtered_mean=0.0000 filtered_max=0.0000 esc_throttle_mean=0.0000 total_thrust_n=0.0000 body_up_force_n=0.0000 saturated_motors=0 rated_cap_command=1.0000 voltage_v=14.8000 thrust_scale=1.000000 current_a=0.0000
[arm_coupling_monitor-9] [INFO] [1786461071.690487277] [my_drone_arm_coupling_monitor]: ARM_COUPLING_STATE {"com_body_flu_m": [-0.003998453051248931, 0.0002570739277886133, -0.20425925143061519], "com_shift_m": [1.7347490179932257e-06, 0.0009297304460919812, 0.00022219363069961307], "feedforward_acceleration_ned_m_s2": [1.1089652084607979e-08, 1.426776577859405e-06, 2.0216761358707435e-06], "filtered_joint_acceleration_peak_rad_s2": 0.0003671534937599816, "inertia_diag_kg_m2": [0.20777671633661815, 0.20844065758514901, 0.21288519986370688], "mass_kg": 4.0, "raw_joint_acceleration_peak_rad_s2": 0.0004211346422806464, "reaction_force_body_n": [-5.707105809301815e-06, -4.427143019718213e-08, 8.08670537559486e-06], "reaction_torque_body_nm": [0.0001635113354306187, 0.018565114052477568, -0.0001590258471229567]}
[gazebo_direct_motor_model-5] [INFO] [1786461072.553560518] [my_drone_gazebo_direct_motor_model]: MOTOR_DYNAMIC_STATE sim_s=43.020 cmd_min=0.0000 cmd_mean=0.0000 cmd_max=0.0000 filtered_mean=0.0000 filtered_max=0.0000 esc_throttle_mean=0.0000 total_thrust_n=0.0000 body_up_force_n=0.0000 saturated_motors=0 rated_cap_command=1.0000 voltage_v=14.8000 thrust_scale=1.000000 current_a=0.0000
[arm_coupling_monitor-9] [INFO] [1786461072.964768751] [my_drone_arm_coupling_monitor]: ARM_COUPLING_STATE {"com_body_flu_m": [-0.00400169750129274, 0.000257048468726517, -0.2042546225136659], "com_shift_m": [-1.5097010258157545e-06, 0.0009297049870298849, 0.0002268225476488861], "feedforward_acceleration_ned_m_s2": [1.3780064773747986e-08, 1.7497745460533253e-06, 2.4981463129930505e-06], "filtered_joint_acceleration_peak_rad_s2": 0.0004537476482290055, "inertia_diag_kg_m2": [0.20777502898888117, 0.20843763930656434, 0.2128838703427799], "mass_kg": 4.0, "raw_joint_acceleration_peak_rad_s2": 0.09730192123763645, "reaction_force_body_n": [-6.999097794413596e-06, -5.4984782627415054e-08, 9.992586271384757e-06], "reaction_torque_body_nm": [7.768763904452927e-05, 0.008856197255256616, -5.524767515611317e-05]}
[gazebo_direct_motor_model-5] [INFO] [1786461073.584423373] [my_drone_gazebo_direct_motor_model]: MOTOR_DYNAMIC_STATE sim_s=44.020 cmd_min=0.0000 cmd_mean=0.0000 cmd_max=0.0000 filtered_mean=0.0000 filtered_max=0.0000 esc_throttle_mean=0.0000 total_thrust_n=0.0000 body_up_force_n=0.0000 saturated_motors=0 rated_cap_command=1.0000 voltage_v=14.8000 thrust_scale=1.000000 current_a=0.0000
[arm_coupling_monitor-9] [INFO] [1786461074.028063166] [my_drone_arm_coupling_monitor]: ARM_COUPLING_STATE {"com_body_flu_m": [-0.004002202248993374, 0.0002570445394655327, -0.20425390601810292], "com_shift_m": [-2.01444872644993e-06, 0.0009297010577689006, 0.00022753904321187735], "feedforward_acceleration_ned_m_s2": [7.264842247140288e-09, 7.473775787615795e-07, 1.2243076142112322e-06], "filtered_joint_acceleration_peak_rad_s2": 0.0001935443782290884, "inertia_diag_kg_m2": [0.20777476804257738, 0.2084371712788469, 0.21288366347829152], "mass_kg": 4.0, "raw_joint_acceleration_peak_rad_s2": 0.014931523730614214, "reaction_force_body_n": [-2.989510207332099e-06, -2.8997079645678783e-08, 4.897230891817656e-06], "reaction_torque_body_nm": [3.366567845711553e-06, 0.0003909696942465721, -2.7586599708428754e-07]}
[gazebo_direct_motor_model-5] [INFO] [1786461074.563694000] [my_drone_gazebo_direct_motor_model]: MOTOR_DYNAMIC_STATE sim_s=45.020 cmd_min=0.0000 cmd_mean=0.0000 cmd_max=0.0000 filtered_mean=0.0000 filtered_max=0.0000 esc_throttle_mean=0.0000 total_thrust_n=0.0000 body_up_force_n=0.0000 saturated_motors=0 rated_cap_command=1.0000 voltage_v=14.8000 thrust_scale=1.000000 current_a=0.0000
[arm_coupling_monitor-9] [INFO] [1786461075.329751708] [my_drone_arm_coupling_monitor]: ARM_COUPLING_STATE {"com_body_flu_m": [-0.004002203721088256, 0.0002570447556349449, -0.2042539299127217], "com_shift_m": [-2.0159208213316876e-06, 0.0009297012739383128, 0.00022751514859309374], "feedforward_acceleration_ned_m_s2": [-1.0136402173057437e-10, 1.0996817059094281e-09, -1.0989293281353487e-08], "filtered_joint_acceleration_peak_rad_s2": 5.853496497423687e-07, "inertia_diag_kg_m2": [0.20777477653408513, 0.20843717988738472, 0.21288366357838653], "mass_kg": 4.0, "raw_joint_acceleration_peak_rad_s2": 5.84384319327319e-05, "reaction_force_body_n": [-4.398724755043877e-09, 4.055510327663632e-10, -4.395717245654244e-08], "reaction_torque_body_nm": [8.266381620832278e-08, 9.531532425777246e-06, 8.38479351642978e-08]}
[gazebo_direct_motor_model-5] [INFO] [1786461075.552765884] [my_drone_gazebo_direct_motor_model]: MOTOR_DYNAMIC_STATE sim_s=46.020 cmd_min=0.0000 cmd_mean=0.0000 cmd_max=0.0000 filtered_mean=0.0000 filtered_max=0.0000 esc_throttle_mean=0.0000 total_thrust_n=0.0000 body_up_force_n=0.0000 saturated_motors=0 rated_cap_command=1.0000 voltage_v=14.8000 thrust_scale=1.000000 current_a=0.0000
[gazebo_direct_motor_model-5] [INFO] [1786461076.553710526] [my_drone_gazebo_direct_motor_model]: MOTOR_DYNAMIC_STATE sim_s=47.020 cmd_min=0.0000 cmd_mean=0.0000 cmd_max=0.0000 filtered_mean=0.0000 filtered_max=0.0000 esc_throttle_mean=0.0000 total_thrust_n=0.0000 body_up_force_n=0.0000 saturated_motors=0 rated_cap_command=1.0000 voltage_v=14.8000 thrust_scale=1.000000 current_a=0.0000
[arm_coupling_monitor-9] [INFO] [1786461076.637297166] [my_drone_arm_coupling_monitor]: ARM_COUPLING_STATE {"com_body_flu_m": [-0.004002203705877578, 0.0002570447681675518, -0.20425393135135306], "com_shift_m": [-2.0159056106534845e-06, 0.0009297012864709197, 0.0002275137099617408], "feedforward_acceleration_ned_m_s2": [-6.064890327490536e-12, -5.794352395037569e-12, -6.953565372724702e-10], "filtered_joint_acceleration_peak_rad_s2": 3.9015341355824084e-08, "inertia_diag_kg_m2": [0.2077747770465274, 0.20843718044538823, 0.21288366362298303], "mass_kg": 4.0, "raw_joint_acceleration_peak_rad_s2": 3.7305930129773704e-07, "reaction_force_body_n": [2.3177511171651915e-11, 2.42592550230738e-11, -2.781426150914738e-09], "reaction_torque_body_nm": [4.3409384693741664e-09, 5.000862667028178e-07, 4.401872855053281e-09]}
[gazebo_direct_motor_model-5] [INFO] [1786461077.559222989] [my_drone_gazebo_direct_motor_model]: MOTOR_DYNAMIC_STATE sim_s=48.020 cmd_min=0.0000 cmd_mean=0.0000 cmd_max=0.0000 filtered_mean=0.0000 filtered_max=0.0000 esc_throttle_mean=0.0000 total_thrust_n=0.0000 body_up_force_n=0.0000 saturated_motors=0 rated_cap_command=1.0000 voltage_v=14.8000 thrust_scale=1.000000 current_a=0.0000
[arm_coupling_monitor-9] [INFO] [1786461077.650328176] [my_drone_arm_coupling_monitor]: ARM_COUPLING_STATE {"com_body_flu_m": [-0.00400220370512735, 0.00025704476878569624, -0.2042539314223104], "com_shift_m": [-2.0159048604254798e-06, 0.0009297012870890641, 0.0002275136390043897], "feedforward_acceleration_ned_m_s2": [-6.638442887129406e-13, -7.951453829067962e-13, -7.619635903356854e-11], "filtered_joint_acceleration_peak_rad_s2": 4.2794521326945304e-09, "inertia_diag_kg_m2": [0.20777477707180253, 0.20843718047291052, 0.21288366362518263], "mass_kg": 4.0, "raw_joint_acceleration_peak_rad_s2": 2.017065026186812e-08, "reaction_force_body_n": [3.180592601834838e-12, 2.655330172430588e-12, -3.047854364280716e-10], "reaction_torque_body_nm": [4.744405681340417e-10, 5.4707523799895365e-08, 4.814444604442702e-10]}
[gazebo_direct_motor_model-5] [INFO] [1786461078.583413418] [my_drone_gazebo_direct_motor_model]: MOTOR_DYNAMIC_STATE sim_s=49.020 cmd_min=0.0000 cmd_mean=0.0000 cmd_max=0.0000 filtered_mean=0.0000 filtered_max=0.0000 esc_throttle_mean=0.0000 total_thrust_n=0.0000 body_up_force_n=0.0000 saturated_motors=0 rated_cap_command=1.0000 voltage_v=14.8000 thrust_scale=1.000000 current_a=0.0000
[arm_coupling_monitor-9] [INFO] [1786461078.724506754] [my_drone_arm_coupling_monitor]: ARM_COUPLING_STATE {"com_body_flu_m": [-0.004002203705045278, 0.00025704476885331923, -0.2042539314300729], "com_shift_m": [-2.0159047783539774e-06, 0.0009297012871566871, 0.0002275136312419046], "feedforward_acceleration_ned_m_s2": [-7.385275744944344e-14, -8.951865343411208e-14, -8.476814943038861e-12], "filtered_joint_acceleration_peak_rad_s2": 4.761210754237447e-10, "inertia_diag_kg_m2": [0.20777477707456754, 0.20843718047592136, 0.2128836636254233], "mass_kg": 4.0, "raw_joint_acceleration_peak_rad_s2": 2.169131084209129e-09, "reaction_force_body_n": [3.5807584532038457e-13, 2.9540571431040054e-13, -3.390725980545922e-11], "reaction_torque_body_nm": [5.18250327142334e-11, 5.984934344434314e-09, 5.271200929638698e-11]}
