DDS WASD: T takeoff | W/S/A/D move | R/F up/down | Q/E yaw | L land | O exit Offboard | X twice emergency disarm | Z safe exit
[0m[INFO] [1786143354.039144285] [my_drone_dds_wasd_control]: NED target initialized: N=-0.005 E=0.005 D=0.032 yaw=95.2 deg[0m
[0m[INFO] [1786143354.086575113] [my_drone_dds_wasd_control]: local vertical target sign=-1 (target = current + sign * height)[0m
[0m[INFO] [1786143354.163252689] [my_drone_dds_wasd_control]: STATE arm=1 nav=4 NED=(-0.009,0.010,0.022) vel=(0.004,0.005,-0.035) yaw_deg=95.2 failsafe=False age_s=(0.03,0.02) arm_torque_nm=0.000 motors=[0.00,0.00,0.00,0.00,0.00,0.00,0.00,0.00][0m
[0m[INFO] [1786143355.208710263] [my_drone_dds_wasd_control]: STATE arm=1 nav=4 NED=(-0.020,0.003,-0.005) vel=(-0.000,-0.001,-0.035) yaw_deg=95.2 failsafe=False age_s=(0.32,0.01) arm_torque_nm=0.000 motors=[0.00,0.00,0.00,0.00,0.00,0.00,0.00,0.00][0m
[0m[INFO] [1786143356.216383705] [my_drone_dds_wasd_control]: STATE arm=1 nav=4 NED=(-0.041,-0.008,-0.023) vel=(-0.009,-0.007,-0.030) yaw_deg=95.2 failsafe=False age_s=(0.35,0.01) arm_torque_nm=0.000 motors=[0.00,0.00,0.00,0.00,0.00,0.00,0.00,0.00][0m
[0m[INFO] [1786143356.260482915] [my_drone_dds_wasd_control]: target NED=(-0.04, -0.01, -1.22) yaw=95.2 deg[0m
[0m[INFO] [1786143356.308801249] [my_drone_dds_wasd_control]: Prestreaming Offboard setpoints for 2 seconds[0m
[0m[INFO] [1786143357.326214843] [my_drone_dds_wasd_control]: STATE arm=1 nav=4 NED=(-0.033,0.004,-0.015) vel=(0.000,0.001,-0.020) yaw_deg=95.2 failsafe=False age_s=(0.34,0.00) arm_torque_nm=0.000 motors=[0.00,0.00,0.00,0.00,0.00,0.00,0.00,0.00][0m
[0m[INFO] [1786143358.275712362] [my_drone_dds_wasd_control]: STATE arm=1 nav=4 NED=(-0.033,0.001,0.000) vel=(-0.006,-0.004,-0.009) yaw_deg=95.2 failsafe=False age_s=(0.35,0.00) arm_torque_nm=0.000 motors=[0.00,0.00,0.00,0.00,0.00,0.00,0.00,0.00][0m
[0m[INFO] [1786143358.336971396] [my_drone_dds_wasd_control]: OFFBOARD mode and ARM commands sent[0m
[0m[INFO] [1786143358.383923996] [my_drone_dds_wasd_control]: PX4 command ack: command=400 result=0[0m
[0m[INFO] [1786143359.281133198] [my_drone_dds_wasd_control]: STATE arm=2 nav=14 NED=(-0.046,-0.005,0.008) vel=(-0.012,-0.005,-0.004) yaw_deg=95.2 failsafe=False age_s=(0.42,0.01) arm_torque_nm=0.000 motors=[3.21,0.00,3.21,0.00,2.69,0.00,2.69,0.00][0m
[0m[INFO] [1786143360.311185605] [my_drone_dds_wasd_control]: STATE arm=2 nav=14 NED=(-0.022,-0.005,0.020) vel=(0.004,-0.004,0.001) yaw_deg=95.2 failsafe=False age_s=(0.46,0.01) arm_torque_nm=0.000 motors=[226.86,235.28,226.85,236.66,226.20,235.27,226.21,236.67][0m
[0m[INFO] [1786143361.315852026] [my_drone_dds_wasd_control]: STATE arm=2 nav=14 NED=(-0.022,-0.023,0.000) vel=(-0.000,-0.012,-0.007) yaw_deg=95.2 failsafe=False age_s=(0.45,0.01) arm_torque_nm=0.000 motors=[496.33,519.59,496.33,524.33,491.81,519.59,491.81,524.34][0m
[0m[INFO] [1786143362.308908633] [my_drone_dds_wasd_control]: STATE arm=2 nav=14 NED=(-0.043,-0.002,-0.012) vel=(-0.013,0.009,-0.014) yaw_deg=95.2 failsafe=False age_s=(0.43,0.01) arm_torque_nm=0.000 motors=[803.53,831.91,803.52,842.40,793.90,831.90,793.91,842.41][0m
[0m[INFO] [1786143363.308674882] [my_drone_dds_wasd_control]: STATE arm=2 nav=14 NED=(-0.059,0.002,-0.017) vel=(-0.025,0.006,0.029) yaw_deg=95.2 failsafe=False age_s=(0.41,0.01) arm_torque_nm=0.000 motors=[823.39,838.62,823.36,854.85,809.23,838.60,809.26,854.88][0m
[0m[INFO] [1786143364.311708673] [my_drone_dds_wasd_control]: STATE arm=2 nav=14 NED=(-0.054,0.004,-0.030) vel=(0.002,0.012,-0.023) yaw_deg=95.3 failsafe=False age_s=(0.40,0.02) arm_torque_nm=0.014 motors=[812.60,838.97,812.46,837.48,825.39,838.84,825.52,837.61][0m
[0m[INFO] [1786143365.314547530] [my_drone_dds_wasd_control]: STATE arm=2 nav=14 NED=(-0.021,-0.009,0.019) vel=(-0.004,-0.004,0.455) yaw_deg=95.0 failsafe=False age_s=(0.40,0.01) arm_torque_nm=0.000 motors=[922.17,919.17,922.25,923.36,911.32,919.25,911.24,923.28][0m
[0m[INFO] [1786143366.356933715] [my_drone_dds_wasd_control]: STATE arm=2 nav=14 NED=(-0.019,-0.015,-0.018) vel=(-0.010,-0.015,-0.107) yaw_deg=95.1 failsafe=False age_s=(0.43,0.01) arm_torque_nm=0.001 motors=[815.82,841.72,815.83,846.25,810.35,841.73,810.34,846.24][0m
[0m[INFO] [1786143367.447209015] [my_drone_dds_wasd_control]: STATE arm=2 nav=14 NED=(-0.026,0.000,0.011) vel=(-0.045,0.061,0.024) yaw_deg=95.7 failsafe=False age_s=(0.47,0.01) arm_torque_nm=0.064 motors=[911.71,792.70,911.41,852.94,876.84,792.40,877.14,853.24][0m
[0m[INFO] [1786143368.517240884] [my_drone_dds_wasd_control]: STATE arm=2 nav=14 NED=(-0.037,-0.007,-0.074) vel=(-0.001,-0.048,0.097) yaw_deg=95.2 failsafe=False age_s=(0.01,0.00) arm_torque_nm=0.000 motors=[862.39,879.65,862.33,883.75,862.80,879.60,862.85,883.81][0m
[31m[ERROR] [1786143369.360719906] [my_drone_dds_wasd_control]: Arm reaction-torque safety gate exceeded; requesting LAND norm=0.692 N m limit=0.500[0m
[33m[WARN] [1786143369.393051613] [my_drone_dds_wasd_control]: LAND requested; Offboard setpoint stream stopped[0m
[0m[INFO] [1786143369.436655643] [my_drone_dds_wasd_control]: PX4 command ack: command=21 result=0[0m
[0m[INFO] [1786143369.480821703] [my_drone_dds_wasd_control]: STATE arm=2 nav=18 NED=(-0.046,-0.012,0.031) vel=(-0.007,-0.095,0.193) yaw_deg=95.3 failsafe=False age_s=(0.04,0.04) arm_torque_nm=0.692 motors=[969.23,1000.00,969.09,1000.00,965.32,1000.00,965.45,1000.00][0m
[0m[INFO] [1786143370.524639015] [my_drone_dds_wasd_control]: STATE arm=2 nav=18 NED=(-0.055,-0.007,-0.145) vel=(-0.047,0.038,-0.112) yaw_deg=95.9 failsafe=False age_s=(0.32,0.01) arm_torque_nm=0.000 motors=[794.58,803.74,794.43,812.16,799.32,803.59,799.48,812.32][0m
[0m[INFO] [1786143371.559064198] [my_drone_dds_wasd_control]: STATE arm=2 nav=18 NED=(-0.005,0.065,0.073) vel=(0.149,-0.019,0.066) yaw_deg=92.4 failsafe=False age_s=(0.36,0.00) arm_torque_nm=0.506 motors=[768.29,789.17,768.63,765.97,762.34,789.52,762.00,765.62][0m
[0m[INFO] [1786143372.613394530] [my_drone_dds_wasd_control]: STATE arm=2 nav=18 NED=(-0.001,0.075,0.074) vel=(0.093,-0.028,0.059) yaw_deg=93.1 failsafe=False age_s=(0.40,0.01) arm_torque_nm=0.082 motors=[671.37,900.97,671.66,857.16,690.93,901.26,690.64,856.87][0m
[0m[INFO] [1786143373.664730974] [my_drone_dds_wasd_control]: STATE arm=2 nav=18 NED=(-0.022,0.080,-0.025) vel=(-0.028,0.051,-0.144) yaw_deg=93.3 failsafe=False age_s=(0.39,0.01) arm_torque_nm=0.000 motors=[662.96,808.70,663.10,788.04,672.24,808.84,672.11,787.90][0m
[0m[INFO] [1786143374.675454293] [my_drone_dds_wasd_control]: STATE arm=2 nav=18 NED=(-0.064,0.113,-0.089) vel=(-0.062,0.021,-0.103) yaw_deg=92.1 failsafe=False age_s=(0.42,0.02) arm_torque_nm=0.003 motors=[571.45,839.54,571.78,812.35,570.74,839.88,570.40,812.02][0m
[0m[INFO] [1786143375.734903650] [my_drone_dds_wasd_control]: STATE arm=2 nav=18 NED=(-0.056,0.109,-0.082) vel=(-0.042,0.015,-0.047) yaw_deg=91.9 failsafe=False age_s=(0.45,0.01) arm_torque_nm=0.000 motors=[493.49,909.92,493.76,882.47,497.77,910.20,497.49,882.19][0m
[0m[INFO] [1786143376.731914508] [my_drone_dds_wasd_control]: STATE arm=2 nav=18 NED=(-0.033,0.104,-0.024) vel=(0.005,0.017,0.049) yaw_deg=91.0 failsafe=False age_s=(0.45,0.01) arm_torque_nm=0.000 motors=[534.60,923.67,534.90,894.03,538.70,923.97,538.39,893.72][0m
[0m[INFO] [1786143377.772434918] [my_drone_dds_wasd_control]: STATE arm=2 nav=18 NED=(-0.051,0.104,0.080) vel=(-0.034,0.066,0.112) yaw_deg=91.0 failsafe=False age_s=(0.49,0.01) arm_torque_nm=0.046 motors=[620.84,865.85,621.12,850.16,613.10,866.13,612.82,849.88][0m
[0m[INFO] [1786143380.317791638] [my_drone_dds_wasd_control]: STATE arm=2 nav=18 NED=(-0.045,0.151,0.065) vel=(0.049,-0.009,0.090) yaw_deg=90.9 failsafe=False age_s=(0.50,0.00) arm_torque_nm=0.000 motors=[533.05,981.25,533.35,945.32,544.07,981.54,543.77,945.03][0m
[0m[INFO] [1786143381.361315221] [my_drone_dds_wasd_control]: STATE arm=2 nav=18 NED=(-0.014,0.127,0.051) vel=(0.033,0.072,0.004) yaw_deg=90.5 failsafe=False age_s=(0.03,0.01) arm_torque_nm=0.002 motors=[625.68,880.16,625.99,851.81,628.57,880.47,628.27,851.50][0m
[0m[INFO] [1786143382.411859611] [my_drone_dds_wasd_control]: STATE arm=2 nav=18 NED=(-0.018,0.086,0.103) vel=(0.019,-0.100,0.119) yaw_deg=90.5 failsafe=False age_s=(0.07,0.02) arm_torque_nm=0.000 motors=[587.15,977.02,587.44,939.07,601.51,977.30,601.22,938.79][0m
[0m[INFO] [1786143383.418489427] [my_drone_dds_wasd_control]: STATE arm=2 nav=18 NED=(-0.055,0.126,0.018) vel=(-0.032,0.155,-0.140) yaw_deg=90.4 failsafe=False age_s=(0.06,0.01) arm_torque_nm=0.000 motors=[687.32,799.63,687.54,785.12,683.03,799.86,682.80,784.89][0m
[0m[INFO] [1786143384.459123430] [my_drone_dds_wasd_control]: STATE arm=2 nav=18 NED=(-0.072,0.107,-0.026) vel=(-0.059,0.102,-0.076) yaw_deg=90.6 failsafe=False age_s=(0.10,0.02) arm_torque_nm=0.000 motors=[776.72,769.08,776.89,833.03,699.23,769.24,699.07,832.87][0m
[0m[INFO] [1786143385.514121643] [my_drone_dds_wasd_control]: STATE arm=2 nav=18 NED=(-0.062,0.100,-0.017) vel=(-0.027,0.041,-0.023) yaw_deg=91.2 failsafe=False age_s=(0.14,0.01) arm_torque_nm=0.000 motors=[732.66,838.61,732.90,831.79,718.93,838.86,718.68,831.54][0m
[0m[INFO] [1786143386.515577451] [my_drone_dds_wasd_control]: STATE arm=2 nav=18 NED=(-0.078,0.127,-0.054) vel=(-0.078,0.099,-0.203) yaw_deg=91.7 failsafe=False age_s=(0.13,0.01) arm_torque_nm=0.000 motors=[756.89,754.45,757.06,785.48,711.26,754.62,711.08,785.30][0m
[0m[INFO] [1786143387.518708710] [my_drone_dds_wasd_control]: STATE arm=2 nav=18 NED=(-0.079,0.084,-0.169) vel=(-0.065,0.034,-0.232) yaw_deg=92.4 failsafe=False age_s=(0.13,0.01) arm_torque_nm=0.005 motors=[680.27,771.77,680.40,810.00,631.04,771.90,630.91,809.87][0m
[0m[INFO] [1786143388.555093448] [my_drone_dds_wasd_control]: STATE arm=2 nav=18 NED=(-0.060,0.099,-0.183) vel=(-0.024,0.086,-0.168) yaw_deg=92.9 failsafe=False age_s=(0.17,0.02) arm_torque_nm=0.000 motors=[676.01,748.00,676.08,773.20,644.70,748.08,644.62,773.13][0m
[0m[INFO] [1786143389.563235849] [my_drone_dds_wasd_control]: STATE arm=2 nav=18 NED=(-0.020,0.082,-0.116) vel=(0.039,-0.046,-0.066) yaw_deg=93.3 failsafe=False age_s=(0.16,0.02) arm_torque_nm=0.000 motors=[617.88,856.02,618.01,861.48,602.10,856.14,601.98,861.36][0m
ARM_FLIGHT_SENT_work_a
[0m[INFO] [1786143390.614931576] [my_drone_dds_wasd_control]: STATE arm=2 nav=18 NED=(-0.001,0.086,-0.141) vel=(0.072,-0.036,-0.060) yaw_deg=93.5 failsafe=False age_s=(0.20,0.01) arm_torque_nm=0.001 motors=[624.01,869.37,624.14,857.92,624.17,869.50,624.04,857.78][0m
[0m[INFO] [1786143391.640042598] [my_drone_dds_wasd_control]: STATE arm=2 nav=18 NED=(0.016,0.082,-0.103) vel=(0.073,-0.095,0.081) yaw_deg=93.7 failsafe=False age_s=(0.19,0.01) arm_torque_nm=0.000 motors=[590.21,967.27,590.35,939.49,606.69,967.40,606.55,939.35][0m
[0m[INFO] [1786143392.619477553] [my_drone_dds_wasd_control]: STATE arm=2 nav=18 NED=(0.027,0.053,-0.040) vel=(0.044,0.028,-0.058) yaw_deg=93.7 failsafe=False age_s=(0.19,0.01) arm_torque_nm=0.050 motors=[662.94,867.66,663.09,834.26,683.42,867.81,683.26,834.10][0m
[0m[INFO] [1786143393.656224627] [my_drone_dds_wasd_control]: STATE arm=2 nav=18 NED=(0.011,0.008,0.046) vel=(0.003,-0.011,0.172) yaw_deg=93.9 failsafe=False age_s=(0.22,0.01) arm_torque_nm=0.049 motors=[639.97,997.06,640.14,959.63,663.86,997.22,663.70,959.47][0m
[0m[INFO] [1786143394.667919020] [my_drone_dds_wasd_control]: STATE arm=2 nav=18 NED=(0.002,0.054,0.128) vel=(0.022,0.046,0.071) yaw_deg=93.8 failsafe=False age_s=(0.21,0.01) arm_torque_nm=0.000 motors=[672.87,950.19,673.01,909.91,701.40,950.33,701.26,909.77][0m
[0m[INFO] [1786143395.700582697] [my_drone_dds_wasd_control]: STATE arm=2 nav=18 NED=(-0.019,0.036,0.125) vel=(-0.055,-0.006,0.048) yaw_deg=94.5 failsafe=False age_s=(0.21,0.01) arm_torque_nm=0.000 motors=[648.00,981.87,647.97,967.43,665.19,981.84,665.22,967.46][0m
[0m[INFO] [1786143396.712680473] [my_drone_dds_wasd_control]: STATE arm=2 nav=18 NED=(-0.055,0.123,0.049) vel=(-0.013,0.118,-0.171) yaw_deg=95.0 failsafe=False age_s=(0.24,0.00) arm_torque_nm=0.050 motors=[773.20,791.36,772.76,800.60,800.67,790.92,801.10,801.04][0m
[0m[INFO] [1786143397.761304815] [my_drone_dds_wasd_control]: STATE arm=2 nav=18 NED=(-0.149,0.109,-0.060) vel=(-0.154,0.044,-0.267) yaw_deg=97.2 failsafe=False age_s=(0.29,0.01) arm_torque_nm=0.002 motors=[744.82,799.62,744.74,812.34,738.54,799.54,738.61,812.42][0m
[0m[INFO] [1786143398.807886422] [my_drone_dds_wasd_control]: STATE arm=2 nav=18 NED=(-0.058,-0.008,-0.182) vel=(-0.019,-0.006,-0.271) yaw_deg=95.5 failsafe=False age_s=(0.33,0.00) arm_torque_nm=0.000 motors=[578.97,974.09,579.29,973.41,553.40,974.41,553.09,973.10][0m
[0m[INFO] [1786143399.868660493] [my_drone_dds_wasd_control]: STATE arm=2 nav=18 NED=(-0.038,0.105,-0.179) vel=(0.005,0.256,-0.144) yaw_deg=95.1 failsafe=False age_s=(0.37,0.01) arm_torque_nm=0.128 motors=[835.31,757.27,835.52,742.72,832.96,757.48,832.76,742.52][0m
[0m[INFO] [1786143400.874236895] [my_drone_dds_wasd_control]: STATE arm=2 nav=18 NED=(-0.004,0.238,-0.120) vel=(-0.007,-0.038,0.085) yaw_deg=97.6 failsafe=False age_s=(0.36,0.01) arm_torque_nm=0.281 motors=[904.56,748.09,903.87,828.09,882.45,747.40,883.14,828.78][0m
[0m[INFO] [1786143401.912533036] [my_drone_dds_wasd_control]: STATE arm=2 nav=18 NED=(-0.002,0.338,-0.167) vel=(0.095,-0.077,-0.187) yaw_deg=97.4 failsafe=False age_s=(0.40,0.00) arm_torque_nm=0.092 motors=[853.48,761.14,853.35,728.84,896.84,761.01,896.97,728.97][0m
[0m[INFO] [1786143402.952660182] [my_drone_dds_wasd_control]: STATE arm=2 nav=18 NED=(-0.008,0.341,-0.226) vel=(0.029,0.014,-0.279) yaw_deg=97.3 failsafe=False age_s=(0.45,0.01) arm_torque_nm=0.098 motors=[865.80,707.79,865.64,679.70,907.76,707.62,907.92,679.87][0m
[0m[INFO] [1786143403.963353354] [my_drone_dds_wasd_control]: STATE arm=2 nav=18 NED=(-0.029,0.339,-0.265) vel=(0.006,0.093,-0.083) yaw_deg=97.1 failsafe=False age_s=(0.44,0.01) arm_torque_nm=0.098 motors=[932.99,654.11,932.84,616.60,982.76,653.96,982.91,616.75][0m
[0m[INFO] [1786143405.020692420] [my_drone_dds_wasd_control]: STATE arm=2 nav=18 NED=(-0.024,0.355,-0.262) vel=(0.004,-0.058,-0.242) yaw_deg=97.1 failsafe=False age_s=(0.48,0.02) arm_torque_nm=0.098 motors=[839.07,670.57,838.91,636.69,886.14,670.41,886.30,636.84][0m
[0m[INFO] [1786143406.011558795] [my_drone_dds_wasd_control]: STATE arm=2 nav=18 NED=(-0.069,0.447,-0.127) vel=(-0.080,0.424,-0.060) yaw_deg=97.6 failsafe=False age_s=(0.47,0.00) arm_torque_nm=0.097 motors=[1000.00,534.52,1000.00,500.20,1000.00,534.13,1000.00,500.59][0m
[0m[INFO] [1786143407.071074846] [my_drone_dds_wasd_control]: STATE arm=2 nav=18 NED=(0.006,1.025,0.615) vel=(0.601,0.082,0.019) yaw_deg=97.5 failsafe=False age_s=(0.01,0.01) arm_torque_nm=0.098 motors=[901.74,1000.00,902.51,750.74,1000.00,1000.00,1000.00,749.98][0m
[0m[INFO] [1786143408.101367450] [my_drone_dds_wasd_control]: STATE arm=2 nav=18 NED=(0.096,0.450,0.565) vel=(0.171,0.015,-0.243) yaw_deg=82.0 failsafe=False age_s=(0.49,0.02) arm_torque_nm=0.068 motors=[676.82,934.82,677.58,826.32,721.05,935.58,720.29,825.55][0m
[0m[INFO] [1786143409.108710776] [my_drone_dds_wasd_control]: STATE arm=2 nav=18 NED=(0.056,0.357,0.530) vel=(0.032,-0.077,-0.281) yaw_deg=79.5 failsafe=False age_s=(0.02,0.02) arm_torque_nm=0.090 motors=[591.81,998.56,592.31,822.62,726.18,999.05,725.68,822.13][0m
[0m[INFO] [1786143410.178008929] [my_drone_dds_wasd_control]: STATE arm=2 nav=18 NED=(0.040,0.358,0.467) vel=(-0.043,-0.095,-0.136) yaw_deg=79.8 failsafe=False age_s=(0.06,0.00) arm_torque_nm=0.095 motors=[641.75,951.23,641.02,847.95,806.47,950.50,807.21,848.68][0m
[0m[INFO] [1786143411.188045732] [my_drone_dds_wasd_control]: STATE arm=2 nav=18 NED=(0.055,0.362,0.367) vel=(0.005,-0.049,-0.336) yaw_deg=82.3 failsafe=False age_s=(0.02,0.02) arm_torque_nm=0.142 motors=[558.20,967.56,557.20,818.67,790.49,966.56,791.48,819.67][0m
[0m[INFO] [1786143413.583087116] [my_drone_dds_wasd_control]: STATE arm=2 nav=18 NED=(0.034,0.413,0.427) vel=(-0.060,0.040,-0.177) yaw_deg=84.2 failsafe=False age_s=(0.05,0.02) arm_torque_nm=0.070 motors=[582.35,1000.00,583.47,827.99,764.13,1000.00,763.01,826.87][0m
[0m[INFO] [1786143414.580584298] [my_drone_dds_wasd_control]: STATE arm=2 nav=18 NED=(0.020,0.426,0.560) vel=(-0.042,0.031,0.074) yaw_deg=86.7 failsafe=False age_s=(0.03,0.00) arm_torque_nm=0.155 motors=[591.19,1000.00,590.52,957.35,817.58,1000.00,818.25,958.01][0m
[0m[INFO] [1786143415.569686812] [my_drone_dds_wasd_control]: STATE arm=2 nav=18 NED=(0.070,0.407,0.667) vel=(0.025,-0.018,0.126) yaw_deg=84.2 failsafe=False age_s=(0.52,0.02) arm_torque_nm=0.148 motors=[625.74,1000.00,625.88,929.00,847.22,1000.00,847.08,928.86][0m
[0m[INFO] [1786143416.608688241] [my_drone_dds_wasd_control]: STATE arm=2 nav=18 NED=(0.081,0.395,0.721) vel=(0.046,-0.031,-0.123) yaw_deg=84.7 failsafe=False age_s=(0.02,0.01) arm_torque_nm=0.102 motors=[585.97,1000.00,585.49,871.77,870.45,1000.00,870.94,872.25][0m
[0m[INFO] [1786143417.610546177] [my_drone_dds_wasd_control]: STATE arm=2 nav=18 NED=(0.254,0.418,0.708) vel=(0.270,0.078,0.159) yaw_deg=87.5 failsafe=False age_s=(0.02,0.01) arm_torque_nm=0.134 motors=[653.10,999.32,648.79,928.78,1000.00,995.01,1000.00,933.09][0m
[0m[INFO] [1786143418.674913916] [my_drone_dds_wasd_control]: STATE arm=2 nav=18 NED=(0.525,0.514,0.744) vel=(0.347,0.098,0.241) yaw_deg=135.4 failsafe=False age_s=(0.05,0.02) arm_torque_nm=0.371 motors=[270.38,1000.00,261.65,1000.00,1000.00,1000.00,1000.00,1000.00][0m
[0m[INFO] [1786143419.664216610] [my_drone_dds_wasd_control]: STATE arm=2 nav=18 NED=(0.881,0.031,0.872) vel=(0.340,-0.628,0.146) yaw_deg=95.3 failsafe=False age_s=(0.05,0.02) arm_torque_nm=0.141 motors=[699.93,1000.00,709.39,781.00,716.23,1000.00,706.77,771.54][0m
[0m[INFO] [1786143420.661858988] [my_drone_dds_wasd_control]: STATE arm=2 nav=18 NED=(0.718,-0.659,0.923) vel=(-0.070,-1.024,0.242) yaw_deg=92.1 failsafe=False age_s=(0.03,0.01) arm_torque_nm=0.124 motors=[517.31,1000.00,514.93,1000.00,750.76,1000.00,753.14,1000.00][0m
[0m[INFO] [1786143421.710913062] [my_drone_dds_wasd_control]: STATE arm=2 nav=18 NED=(0.660,-1.497,0.916) vel=(-0.026,-1.048,0.002) yaw_deg=72.5 failsafe=False age_s=(0.07,0.01) arm_torque_nm=0.160 motors=[635.31,1000.00,642.69,980.47,616.23,1000.00,608.86,973.09][0m
[0m[INFO] [1786143422.721389355] [my_drone_dds_wasd_control]: STATE arm=2 nav=18 NED=(0.635,-2.825,0.708) vel=(0.018,-1.866,-0.081) yaw_deg=46.4 failsafe=False age_s=(0.06,0.01) arm_torque_nm=0.097 motors=[549.07,1000.00,551.89,879.93,942.54,1000.00,939.72,877.10][0m
ARM_FLIGHT_SAFETY_ABORT drift=2.901m altitude_delta=0.700m
ARM_FLIGHT_SAFETY_LAND
[0m[INFO] [1786143423.716112216] [my_drone_dds_wasd_control]: STATE arm=2 nav=18 NED=(0.504,-4.391,0.783) vel=(-0.330,-1.797,0.354) yaw_deg=47.1 failsafe=False age_s=(0.05,0.01) arm_torque_nm=0.064 motors=[408.02,1000.00,411.65,1000.00,644.16,1000.00,640.53,1000.00][0m
[0m[INFO] [1786143424.721650538] [my_drone_dds_wasd_control]: STATE arm=2 nav=18 NED=(0.239,-4.895,0.736) vel=(0.033,0.176,-0.072) yaw_deg=-0.2 failsafe=False age_s=(0.03,0.00) arm_torque_nm=0.228 motors=[520.13,1000.00,518.66,1000.00,925.41,1000.00,926.88,1000.00][0m
[0m[INFO] [1786143425.775476252] [my_drone_dds_wasd_control]: STATE arm=2 nav=18 NED=(-0.089,-4.629,0.750) vel=(-0.832,0.321,-0.010) yaw_deg=-2.5 failsafe=False age_s=(0.07,0.01) arm_torque_nm=0.263 motors=[443.84,1000.00,440.79,1000.00,721.24,1000.00,724.29,1000.00][0m
[0m[INFO] [1786143426.813516482] [my_drone_dds_wasd_control]: STATE arm=2 nav=18 NED=(-0.977,-4.497,0.712) vel=(-1.491,0.508,-0.121) yaw_deg=-26.9 failsafe=False age_s=(0.11,0.02) arm_torque_nm=0.240 motors=[826.81,1000.00,830.87,971.70,802.20,1000.00,798.15,967.64][0m
[0m[INFO] [1786143427.804022754] [my_drone_dds_wasd_control]: STATE arm=2 nav=18 NED=(-2.546,-4.164,0.796) vel=(-1.190,0.505,0.182) yaw_deg=-123.4 failsafe=False age_s=(0.10,0.00) arm_torque_nm=0.762 motors=[636.94,1000.00,642.23,819.44,959.12,1000.00,953.83,814.15][0m
[0m[INFO] [1786143428.861116547] [my_drone_dds_wasd_control]: STATE arm=2 nav=18 NED=(-3.209,-3.852,0.826) vel=(0.028,0.189,0.031) yaw_deg=-61.6 failsafe=False age_s=(0.14,0.01) arm_torque_nm=0.366 motors=[240.72,1000.00,223.84,1000.00,1000.00,1000.00,1000.00,1000.00][0m
[0m[INFO] [1786143429.915104521] [my_drone_dds_wasd_control]: STATE arm=2 nav=18 NED=(-2.919,-4.281,0.825) vel=(0.306,0.127,-0.029) yaw_deg=46.4 failsafe=False age_s=(0.18,0.02) arm_torque_nm=0.212 motors=[253.21,936.92,234.13,1000.00,1000.00,917.84,1000.00,1000.00][0m
[0m[INFO] [1786143430.922868338] [my_drone_dds_wasd_control]: STATE arm=2 nav=18 NED=(-2.689,-3.885,0.733) vel=(-0.024,0.228,-0.089) yaw_deg=157.9 failsafe=False age_s=(0.17,0.02) arm_torque_nm=0.082 motors=[303.22,874.49,284.22,1000.00,1000.00,855.50,1000.00,1000.00][0m
[0m[INFO] [1786143431.968778861] [my_drone_dds_wasd_control]: STATE arm=2 nav=18 NED=(-2.874,-3.578,0.686) vel=(0.175,-0.131,-0.164) yaw_deg=-114.2 failsafe=False age_s=(0.21,0.00) arm_torque_nm=0.097 motors=[169.95,648.75,142.39,1000.00,1000.00,621.19,1000.00,1000.00][0m
[0m[INFO] [1786143433.053471768] [my_drone_dds_wasd_control]: STATE arm=2 nav=18 NED=(-2.685,-3.549,0.642) vel=(0.159,-0.011,-0.070) yaw_deg=-122.1 failsafe=False age_s=(0.25,0.01) arm_torque_nm=0.154 motors=[682.61,1000.00,680.59,1000.00,896.94,1000.00,898.96,1000.00][0m
[0m[INFO] [1786143434.015483513] [my_drone_dds_wasd_control]: STATE arm=2 nav=18 NED=(-2.649,-3.424,0.610) vel=(0.012,-0.144,-0.186) yaw_deg=-142.5 failsafe=False age_s=(0.24,0.01) arm_torque_nm=0.484 motors=[644.49,1000.00,642.17,1000.00,838.47,1000.00,840.80,1000.00][0m
[0m[INFO] [1786143435.054243581] [my_drone_dds_wasd_control]: STATE arm=2 nav=18 NED=(-2.563,-3.412,0.592) vel=(0.019,0.037,-0.156) yaw_deg=-156.8 failsafe=False age_s=(0.28,0.02) arm_torque_nm=0.123 motors=[695.91,1000.00,694.68,1000.00,845.78,1000.00,847.01,1000.00][0m
[0m[INFO] [1786143436.078091034] [my_drone_dds_wasd_control]: STATE arm=2 nav=18 NED=(-2.373,-3.430,0.637) vel=(-0.025,-0.138,-0.061) yaw_deg=-160.7 failsafe=False age_s=(0.27,0.01) arm_torque_nm=0.114 motors=[703.04,1000.00,700.45,1000.00,816.89,1000.00,819.48,1000.00][0m
[0m[INFO] [1786143437.110969257] [my_drone_dds_wasd_control]: STATE arm=2 nav=18 NED=(-1.738,-3.399,0.621) vel=(0.773,-0.022,-0.228) yaw_deg=-167.7 failsafe=False age_s=(0.30,0.01) arm_torque_nm=0.094 motors=[632.73,1000.00,630.77,1000.00,743.92,1000.00,745.89,1000.00][0m
[0m[INFO] [1786143438.157632211] [my_drone_dds_wasd_control]: STATE arm=2 nav=18 NED=(-0.712,-3.388,0.640) vel=(0.962,0.010,-0.078) yaw_deg=-168.2 failsafe=False age_s=(0.34,0.02) arm_torque_nm=0.117 motors=[674.45,1000.00,672.25,1000.00,762.55,1000.00,764.75,1000.00][0m
[INFO] [1786143429.037415068] [arm_preset_control]: Sent preset retracted over /arm_controller/joint_trajectory
[INFO] [1786143437.941370752] [arm_preset_control]: ARM_PRESET_REACHED preset=retracted max_error=0.079996 rad
[0m[INFO] [1786143439.248741618] [my_drone_dds_wasd_control]: STATE arm=2 nav=18 NED=(0.874,-3.367,0.684) vel=(1.021,-0.048,0.002) yaw_deg=-177.0 failsafe=False age_s=(0.38,0.00) arm_torque_nm=0.150 motors=[660.97,1000.00,658.91,1000.00,700.25,1000.00,702.32,1000.00][0m
[0m[INFO] [1786143440.254212793] [my_drone_dds_wasd_control]: STATE arm=2 nav=18 NED=(1.583,-3.368,0.730) vel=(0.693,0.008,-0.001) yaw_deg=-179.7 failsafe=False age_s=(0.41,0.01) arm_torque_nm=0.075 motors=[678.76,1000.00,677.16,1000.00,736.16,1000.00,737.76,1000.00][0m
[0m[INFO] [1786143441.274809080] [my_drone_dds_wasd_control]: STATE arm=2 nav=18 NED=(2.455,-3.378,0.761) vel=(0.873,-0.019,0.117) yaw_deg=174.9 failsafe=False age_s=(0.41,0.01) arm_torque_nm=0.153 motors=[717.07,1000.00,716.34,1000.00,708.23,1000.00,708.97,1000.00][0m
[0m[INFO] [1786143442.313403504] [my_drone_dds_wasd_control]: STATE arm=2 nav=18 NED=(3.821,-3.443,0.794) vel=(1.530,-0.044,0.070) yaw_deg=162.4 failsafe=False age_s=(0.45,0.02) arm_torque_nm=0.097 motors=[576.62,1000.00,574.10,1000.00,673.03,1000.00,675.55,1000.00][0m
[0m[INFO] [1786143443.367560747] [my_drone_dds_wasd_control]: STATE arm=2 nav=18 NED=(5.471,-3.523,0.827) vel=(1.535,-0.125,0.187) yaw_deg=145.4 failsafe=False age_s=(0.49,0.01) arm_torque_nm=0.183 motors=[605.46,1000.00,606.33,1000.00,681.41,1000.00,680.53,1000.00][0m
[0m[INFO] [1786143444.423800352] [my_drone_dds_wasd_control]: STATE arm=2 nav=18 NED=(6.831,-3.697,0.824) vel=(1.008,-0.149,0.128) yaw_deg=124.3 failsafe=False age_s=(0.03,0.02) arm_torque_nm=0.400 motors=[601.74,1000.00,603.68,1000.00,812.32,1000.00,810.39,1000.00][0m
[0m[INFO] [1786143445.418604776] [my_drone_dds_wasd_control]: STATE arm=2 nav=18 NED=(7.334,-3.787,0.836) vel=(0.037,-0.302,-0.009) yaw_deg=126.0 failsafe=False age_s=(0.02,0.02) arm_torque_nm=0.075 motors=[679.36,1000.00,676.00,1000.00,792.29,1000.00,795.66,1000.00][0m
[0m[INFO] [1786143448.154642917] [my_drone_dds_wasd_control]: STATE arm=2 nav=18 NED=(7.372,-4.487,0.843) vel=(-0.010,-0.718,0.041) yaw_deg=119.3 failsafe=False age_s=(0.05,0.02) arm_torque_nm=0.108 motors=[638.09,1000.00,636.69,1000.00,719.48,1000.00,720.88,1000.00][0m
[0m[INFO] [1786143449.220186507] [my_drone_dds_wasd_control]: STATE arm=2 nav=18 NED=(7.387,-4.868,0.846) vel=(-0.031,-0.026,0.026) yaw_deg=120.1 failsafe=False age_s=(0.07,0.01) arm_torque_nm=0.179 motors=[676.75,1000.00,675.67,1000.00,767.46,1000.00,768.54,1000.00][0m
[0m[INFO] [1786143450.217684242] [my_drone_dds_wasd_control]: STATE arm=2 nav=18 NED=(7.434,-4.961,0.869) vel=(0.036,-0.233,0.025) yaw_deg=120.0 failsafe=False age_s=(0.06,0.01) arm_torque_nm=0.430 motors=[704.14,1000.00,702.84,1000.00,794.48,1000.00,795.79,1000.00][0m
[0m[INFO] [1786143451.281629700] [my_drone_dds_wasd_control]: STATE arm=2 nav=18 NED=(7.469,-5.287,0.889) vel=(0.002,-0.287,0.096) yaw_deg=119.1 failsafe=False age_s=(0.10,0.02) arm_torque_nm=0.327 motors=[686.46,1000.00,686.12,1000.00,699.12,1000.00,699.46,1000.00][0m
[0m[INFO] [1786143452.317698799] [my_drone_dds_wasd_control]: STATE arm=2 nav=18 NED=(7.520,-5.543,0.917) vel=(0.052,-0.273,0.089) yaw_deg=119.6 failsafe=False age_s=(0.12,0.00) arm_torque_nm=0.018 motors=[681.64,1000.00,680.60,1000.00,768.34,1000.00,769.39,1000.00][0m
[0m[INFO] [1786143453.333313052] [my_drone_dds_wasd_control]: STATE arm=2 nav=18 NED=(7.537,-5.748,0.929) vel=(0.053,-0.047,0.134) yaw_deg=119.3 failsafe=False age_s=(0.10,0.01) arm_torque_nm=0.113 motors=[651.10,1000.00,649.67,1000.00,777.60,1000.00,779.03,1000.00][0m
[0m[INFO] [1786143454.316541696] [my_drone_dds_wasd_control]: STATE arm=2 nav=18 NED=(7.524,-5.823,0.959) vel=(0.017,-0.077,0.110) yaw_deg=118.8 failsafe=False age_s=(0.10,0.01) arm_torque_nm=0.059 motors=[670.70,1000.00,669.81,1000.00,759.65,1000.00,760.54,1000.00][0m
[0m[INFO] [1786143455.364628861] [my_drone_dds_wasd_control]: STATE arm=2 nav=18 NED=(7.532,-6.001,0.963) vel=(0.053,-0.339,0.058) yaw_deg=117.4 failsafe=False age_s=(0.13,0.00) arm_torque_nm=0.112 motors=[699.99,1000.00,699.08,1000.00,769.69,1000.00,770.60,1000.00][0m
[0m[INFO] [1786143456.373484960] [my_drone_dds_wasd_control]: STATE arm=2 nav=18 NED=(7.606,-6.490,0.956) vel=(0.043,-0.429,0.001) yaw_deg=119.4 failsafe=False age_s=(0.13,0.00) arm_torque_nm=0.060 motors=[675.31,1000.00,674.00,1000.00,773.96,1000.00,775.28,1000.00][0m
[0m[INFO] [1786143457.409607329] [my_drone_dds_wasd_control]: STATE arm=2 nav=18 NED=(7.621,-6.942,0.909) vel=(0.073,-0.819,0.074) yaw_deg=119.0 failsafe=False age_s=(0.17,0.01) arm_torque_nm=0.198 motors=[633.56,1000.00,631.94,1000.00,722.25,1000.00,723.87,1000.00][0m
[0m[INFO] [1786143458.407716363] [my_drone_dds_wasd_control]: STATE arm=2 nav=18 NED=(7.624,-7.878,0.890) vel=(0.012,-1.112,0.069) yaw_deg=117.1 failsafe=False age_s=(0.16,0.00) arm_torque_nm=0.113 motors=[726.12,1000.00,727.10,1000.00,661.44,1000.00,660.46,1000.00][0m
[0m[INFO] [1786143459.460955950] [my_drone_dds_wasd_control]: STATE arm=2 nav=18 NED=(7.632,-8.830,0.890) vel=(-0.016,-0.760,-0.057) yaw_deg=112.2 failsafe=False age_s=(0.20,0.01) arm_torque_nm=0.066 motors=[614.72,1000.00,613.14,1000.00,634.30,1000.00,635.89,1000.00][0m
[0m[INFO] [1786143460.467737992] [my_drone_dds_wasd_control]: STATE arm=2 nav=18 NED=(7.710,-9.710,0.869) vel=(0.051,-1.141,0.078) yaw_deg=119.9 failsafe=False age_s=(0.19,0.01) arm_torque_nm=0.129 motors=[604.00,1000.00,598.98,1000.00,741.10,1000.00,746.12,1000.00][0m
[0m[INFO] [1786143461.533708192] [my_drone_dds_wasd_control]: STATE arm=2 nav=18 NED=(7.732,-10.627,0.875) vel=(-0.034,-0.716,0.035) yaw_deg=124.0 failsafe=False age_s=(0.23,0.02) arm_torque_nm=0.256 motors=[696.61,1000.00,695.49,1000.00,697.09,1000.00,698.21,1000.00][0m
[0m[INFO] [1786143462.569503708] [my_drone_dds_wasd_control]: STATE arm=2 nav=18 NED=(7.925,-11.414,0.783) vel=(0.415,-1.025,-0.148) yaw_deg=119.8 failsafe=False age_s=(0.27,0.01) arm_torque_nm=0.054 motors=[924.16,1000.00,924.20,1000.00,915.34,1000.00,915.30,1000.00][0m
[0m[INFO] [1786143463.601286887] [my_drone_dds_wasd_control]: STATE arm=2 nav=18 NED=(8.012,-11.834,0.816) vel=(0.004,-0.194,0.075) yaw_deg=115.2 failsafe=False age_s=(0.24,0.01) arm_torque_nm=0.129 motors=[702.87,1000.00,705.36,1000.00,625.31,1000.00,622.83,1000.00][0m
[0m[INFO] [1786143464.640256375] [my_drone_dds_wasd_control]: STATE arm=2 nav=18 NED=(8.008,-11.937,0.766) vel=(-0.046,-0.007,-0.088) yaw_deg=114.3 failsafe=False age_s=(0.25,0.00) arm_torque_nm=0.025 motors=[740.28,1000.00,739.90,1000.00,740.97,1000.00,741.35,1000.00][0m
[0m[INFO] [1786143465.696958833] [my_drone_dds_wasd_control]: STATE arm=2 nav=18 NED=(8.023,-12.038,0.685) vel=(0.047,-0.146,-0.209) yaw_deg=114.2 failsafe=False age_s=(0.25,0.01) arm_torque_nm=0.088 motors=[732.34,1000.00,731.81,1000.00,753.76,1000.00,754.30,1000.00][0m
[0m[INFO] [1786143466.741011077] [my_drone_dds_wasd_control]: STATE arm=2 nav=18 NED=(8.038,-12.165,0.661) vel=(0.032,-0.239,-0.115) yaw_deg=114.2 failsafe=False age_s=(0.25,0.01) arm_torque_nm=0.240 motors=[710.78,1000.00,710.22,1000.00,766.77,1000.00,767.34,1000.00][0m
[0m[INFO] [1786143467.803454180] [my_drone_dds_wasd_control]: STATE arm=2 nav=18 NED=(8.057,-12.279,0.632) vel=(0.024,-0.288,-0.154) yaw_deg=113.1 failsafe=False age_s=(0.23,0.01) arm_torque_nm=0.156 motors=[722.79,1000.00,722.22,1000.00,752.62,1000.00,753.19,1000.00][0m
[0m[INFO] [1786143468.807418707] [my_drone_dds_wasd_control]: STATE arm=2 nav=18 NED=(8.069,-12.406,0.625) vel=(0.075,-0.317,0.046) yaw_deg=110.2 failsafe=False age_s=(0.12,0.00) arm_torque_nm=1.079 motors=[662.38,1000.00,661.92,1000.00,734.58,1000.00,735.03,1000.00][0m
[0m[INFO] [1786143469.849497651] [my_drone_dds_wasd_control]: STATE arm=2 nav=18 NED=(8.085,-12.465,0.494) vel=(0.010,-0.022,-0.355) yaw_deg=110.3 failsafe=False age_s=(0.10,0.01) arm_torque_nm=0.124 motors=[732.23,1000.00,731.92,1000.00,742.84,1000.00,743.14,1000.00][0m
[0m[INFO] [1786143470.836588358] [my_drone_dds_wasd_control]: STATE arm=2 nav=18 NED=(8.102,-12.485,0.437) vel=(0.042,-0.004,-0.303) yaw_deg=109.1 failsafe=False age_s=(0.02,0.01) arm_torque_nm=0.215 motors=[723.93,1000.00,723.68,1000.00,752.13,1000.00,752.39,1000.00][0m
[0m[INFO] [1786143471.908763994] [my_drone_dds_wasd_control]: STATE arm=2 nav=18 NED=(8.108,-12.506,0.444) vel=(0.058,-0.022,-0.175) yaw_deg=108.5 failsafe=False age_s=(0.53,0.02) arm_torque_nm=0.300 motors=[740.81,1000.00,740.55,1000.00,773.18,1000.00,773.43,1000.00][0m
[0m[INFO] [1786143472.934721823] [my_drone_dds_wasd_control]: STATE arm=2 nav=18 NED=(8.095,-12.508,0.561) vel=(-0.013,-0.045,0.101) yaw_deg=108.1 failsafe=False age_s=(0.50,0.03) arm_torque_nm=0.102 motors=[744.65,1000.00,744.33,1000.00,772.70,1000.00,773.02,1000.00][0m
[0m[INFO] [1786143474.057450434] [my_drone_dds_wasd_control]: STATE arm=2 nav=18 NED=(8.088,-12.543,0.684) vel=(-0.029,-0.163,0.036) yaw_deg=107.8 failsafe=False age_s=(0.41,0.01) arm_torque_nm=0.021 motors=[745.23,1000.00,744.84,1000.00,770.56,1000.00,770.95,1000.00][0m
[0m[INFO] [1786143474.975356432] [my_drone_dds_wasd_control]: STATE arm=2 nav=18 NED=(8.052,-12.582,0.656) vel=(-0.022,-0.073,-0.071) yaw_deg=107.3 failsafe=False age_s=(0.30,0.01) arm_torque_nm=0.125 motors=[736.05,1000.00,735.74,1000.00,771.09,1000.00,771.41,1000.00][0m
[0m[INFO] [1786143476.099081424] [my_drone_dds_wasd_control]: STATE arm=2 nav=18 NED=(8.038,-12.592,0.698) vel=(-0.054,0.019,0.065) yaw_deg=106.6 failsafe=False age_s=(0.26,0.00) arm_torque_nm=0.043 motors=[724.54,1000.00,724.28,1000.00,771.66,1000.00,771.92,1000.00][0m
[0m[INFO] [1786143477.094358181] [my_drone_dds_wasd_control]: STATE arm=2 nav=18 NED=(8.034,-12.649,0.739) vel=(-0.067,0.009,-0.007) yaw_deg=106.4 failsafe=False age_s=(0.25,0.04) arm_torque_nm=0.054 motors=[734.81,1000.00,734.60,1000.00,755.00,1000.00,755.20,1000.00][0m
[0m[INFO] [1786143478.114342229] [my_drone_dds_wasd_control]: STATE arm=2 nav=18 NED=(8.040,-12.729,0.694) vel=(0.017,-0.204,-0.071) yaw_deg=105.8 failsafe=False age_s=(0.16,0.01) arm_torque_nm=0.063 motors=[706.54,1000.00,706.61,1000.00,722.69,1000.00,722.61,1000.00][0m
[0m[INFO] [1786143479.141437112] [my_drone_dds_wasd_control]: STATE arm=2 nav=18 NED=(8.043,-12.777,0.626) vel=(0.017,-0.126,-0.209) yaw_deg=105.0 failsafe=False age_s=(0.12,0.01) arm_torque_nm=0.080 motors=[745.46,1000.00,745.56,1000.00,755.64,1000.00,755.54,1000.00][0m
[0m[INFO] [1786143480.159950227] [my_drone_dds_wasd_control]: STATE arm=2 nav=18 NED=(8.060,-12.775,0.563) vel=(-0.056,-0.092,-0.107) yaw_deg=104.1 failsafe=False age_s=(0.05,0.02) arm_torque_nm=0.157 motors=[765.90,1000.00,765.77,1000.00,735.33,1000.00,735.47,1000.00][0m
[0m[INFO] [1786143481.208644296] [my_drone_dds_wasd_control]: STATE arm=2 nav=18 NED=(8.067,-12.783,0.555) vel=(0.043,-0.203,-0.215) yaw_deg=103.6 failsafe=False age_s=(0.06,0.01) arm_torque_nm=0.096 motors=[714.75,1000.00,715.10,1000.00,707.93,1000.00,707.58,1000.00][0m
[0m[INFO] [1786143482.262054838] [my_drone_dds_wasd_control]: STATE arm=2 nav=18 NED=(8.059,-12.991,0.622) vel=(0.005,-0.192,-0.078) yaw_deg=102.4 failsafe=False age_s=(0.04,0.01) arm_torque_nm=0.034 motors=[650.20,1000.00,650.18,1000.00,685.88,1000.00,685.91,1000.00][0m
[0m[INFO] [1786143483.239996495] [my_drone_dds_wasd_control]: STATE arm=2 nav=18 NED=(8.064,-13.043,0.545) vel=(0.005,-0.072,-0.283) yaw_deg=102.2 failsafe=False age_s=(0.47,0.03) arm_torque_nm=0.131 motors=[728.28,1000.00,728.36,1000.00,764.00,1000.00,763.92,1000.00][0m
[0m[INFO] [1786143484.287665879] [my_drone_dds_wasd_control]: STATE arm=2 nav=18 NED=(8.041,-13.049,0.489) vel=(-0.080,0.125,-0.161) yaw_deg=101.7 failsafe=False age_s=(0.37,0.01) arm_torque_nm=0.068 motors=[804.65,1000.00,804.40,1000.00,837.45,1000.00,837.71,1000.00][0m
[0m[INFO] [1786143485.340107394] [my_drone_dds_wasd_control]: STATE arm=2 nav=18 NED=(8.081,-13.109,0.542) vel=(-0.033,0.193,0.048) yaw_deg=101.0 failsafe=False age_s=(0.32,0.01) arm_torque_nm=0.102 motors=[825.58,1000.00,825.35,1000.00,863.39,1000.00,863.62,1000.00][0m
[0m[INFO] [1786143486.401056977] [my_drone_dds_wasd_control]: STATE arm=2 nav=18 NED=(8.113,-13.162,0.548) vel=(0.003,0.222,-0.008) yaw_deg=100.2 failsafe=False age_s=(0.32,0.01) arm_torque_nm=0.113 motors=[831.65,1000.00,831.44,1000.00,871.62,1000.00,871.84,1000.00][0m
[0m[INFO] [1786143487.487146776] [my_drone_dds_wasd_control]: STATE arm=2 nav=18 NED=(8.109,-13.222,0.550) vel=(-0.020,0.084,-0.065) yaw_deg=99.8 failsafe=False age_s=(0.32,0.02) arm_torque_nm=0.135 motors=[801.23,1000.00,801.02,1000.00,834.81,1000.00,835.02,1000.00][0m
[0m[INFO] [1786143488.778650597] [my_drone_dds_wasd_control]: STATE arm=2 nav=18 NED=(8.111,-13.394,0.579) vel=(0.039,-0.491,-0.253) yaw_deg=98.5 failsafe=False age_s=(0.24,0.02) arm_torque_nm=0.108 motors=[720.73,1000.00,720.71,1000.00,737.38,1000.00,737.40,1000.00][0m
[0m[INFO] [1786143489.570759161] [my_drone_dds_wasd_control]: STATE arm=2 nav=18 NED=(8.102,-13.457,0.612) vel=(0.113,-0.042,0.079) yaw_deg=98.8 failsafe=False age_s=(0.12,0.00) arm_torque_nm=0.310 motors=[732.79,1000.00,732.25,1000.00,839.54,1000.00,840.08,1000.00][0m
[0m[INFO] [1786143490.617866875] [my_drone_dds_wasd_control]: STATE arm=2 nav=18 NED=(8.090,-13.507,0.625) vel=(0.010,-0.123,-0.175) yaw_deg=97.9 failsafe=False age_s=(0.05,0.02) arm_torque_nm=0.108 motors=[746.41,1000.00,746.17,1000.00,759.48,1000.00,759.72,1000.00][0m
[0m[INFO] [1786143491.667374917] [my_drone_dds_wasd_control]: STATE arm=2 nav=18 NED=(8.033,-13.549,0.618) vel=(-0.051,-0.018,0.002) yaw_deg=97.2 failsafe=False age_s=(0.56,0.02) arm_torque_nm=0.039 motors=[726.63,1000.00,726.52,1000.00,769.93,1000.00,770.03,1000.00][0m
[0m[INFO] [1786143492.729522930] [my_drone_dds_wasd_control]: STATE arm=2 nav=18 NED=(8.039,-13.564,0.711) vel=(-0.077,-0.048,0.149) yaw_deg=96.8 failsafe=False age_s=(0.50,0.01) arm_torque_nm=0.075 motors=[729.83,1000.00,729.54,1000.00,763.87,1000.00,764.15,1000.00][0m
[0m[INFO] [1786143493.700581524] [my_drone_dds_wasd_control]: STATE arm=2 nav=18 NED=(8.062,-13.657,0.802) vel=(-0.020,-0.202,0.109) yaw_deg=96.2 failsafe=False age_s=(0.32,0.01) arm_torque_nm=0.135 motors=[677.73,1000.00,677.52,1000.00,715.93,1000.00,716.14,1000.00][0m
[0m[INFO] [1786143494.825848567] [my_drone_dds_wasd_control]: STATE arm=2 nav=18 NED=(8.072,-13.654,0.820) vel=(0.035,-0.129,0.051) yaw_deg=95.3 failsafe=False age_s=(0.30,0.02) arm_torque_nm=0.119 motors=[731.79,1000.00,731.71,1000.00,776.01,1000.00,776.08,1000.00][0m
[0m[INFO] [1786143497.364166265] [my_drone_dds_wasd_control]: STATE arm=2 nav=18 NED=(8.096,-13.666,0.851) vel=(0.049,-0.099,0.078) yaw_deg=94.0 failsafe=False age_s=(0.22,0.02) arm_torque_nm=0.111 motors=[727.49,1000.00,727.41,1000.00,766.86,1000.00,766.94,1000.00][0m
[0m[INFO] [1786143498.335776936] [my_drone_dds_wasd_control]: STATE arm=2 nav=18 NED=(8.102,-13.699,0.867) vel=(0.074,-0.148,0.063) yaw_deg=93.2 failsafe=False age_s=(0.12,0.02) arm_torque_nm=0.110 motors=[741.23,1000.00,741.17,1000.00,795.50,1000.00,795.56,1000.00][0m
[0m[INFO] [1786143499.364837788] [my_drone_dds_wasd_control]: STATE arm=2 nav=18 NED=(8.107,-13.698,0.908) vel=(0.082,-0.043,0.189) yaw_deg=92.5 failsafe=False age_s=(0.59,0.01) arm_torque_nm=0.034 motors=[732.83,1000.00,732.75,1000.00,781.73,1000.00,781.81,1000.00][0m
[0m[INFO] [1786143500.419087991] [my_drone_dds_wasd_control]: STATE arm=2 nav=18 NED=(8.081,-13.616,0.970) vel=(0.022,0.185,0.187) yaw_deg=91.7 failsafe=False age_s=(0.48,0.01) arm_torque_nm=0.145 motors=[887.20,1000.00,887.35,1000.00,944.70,1000.00,944.56,1000.00][0m
[0m[INFO] [1786143501.441735743] [my_drone_dds_wasd_control]: STATE arm=2 nav=18 NED=(8.052,-13.697,0.904) vel=(-0.011,0.015,-0.018) yaw_deg=90.9 failsafe=False age_s=(0.39,0.01) arm_torque_nm=0.135 motors=[767.55,1000.00,767.43,1000.00,807.92,1000.00,808.04,1000.00][0m
[0m[INFO] [1786143502.441268028] [my_drone_dds_wasd_control]: STATE arm=2 nav=18 NED=(8.034,-13.828,0.861) vel=(-0.041,-0.025,0.062) yaw_deg=89.6 failsafe=False age_s=(0.33,0.01) arm_torque_nm=0.114 motors=[780.05,1000.00,780.04,1000.00,783.82,1000.00,783.83,1000.00][0m
[0m[INFO] [1786143503.436608951] [my_drone_dds_wasd_control]: STATE arm=2 nav=18 NED=(8.025,-13.897,0.858) vel=(-0.037,0.054,0.029) yaw_deg=88.9 failsafe=False age_s=(0.24,0.01) arm_torque_nm=0.069 motors=[816.20,1000.00,816.11,1000.00,859.07,1000.00,859.17,1000.00][0m
[0m[INFO] [1786143504.493871753] [my_drone_dds_wasd_control]: STATE arm=2 nav=18 NED=(8.039,-13.944,0.793) vel=(-0.015,0.157,-0.022) yaw_deg=87.5 failsafe=False age_s=(0.25,0.01) arm_torque_nm=0.120 motors=[820.94,1000.00,820.86,1000.00,863.62,1000.00,863.70,1000.00][0m
[0m[INFO] [1786143505.488491678] [my_drone_dds_wasd_control]: STATE arm=2 nav=18 NED=(8.045,-14.168,0.769) vel=(-0.015,0.089,-0.023) yaw_deg=85.8 failsafe=False age_s=(0.20,0.00) arm_torque_nm=0.041 motors=[789.29,1000.00,789.29,1000.00,826.87,1000.00,826.87,1000.00][0m
[0m[INFO] [1786143506.540330596] [my_drone_dds_wasd_control]: STATE arm=2 nav=18 NED=(8.008,-14.176,0.727) vel=(-0.026,0.206,-0.050) yaw_deg=85.0 failsafe=False age_s=(0.19,0.00) arm_torque_nm=0.092 motors=[824.34,1000.00,824.23,1000.00,865.38,1000.00,865.48,1000.00][0m
[0m[INFO] [1786143507.595447565] [my_drone_dds_wasd_control]: STATE arm=2 nav=18 NED=(8.027,-14.174,0.729) vel=(0.010,0.189,0.010) yaw_deg=84.4 failsafe=False age_s=(0.14,0.01) arm_torque_nm=0.344 motors=[820.34,1000.00,820.17,1000.00,867.64,1000.00,867.81,1000.00][0m
[0m[INFO] [1786143508.527899925] [my_drone_dds_wasd_control]: STATE arm=2 nav=18 NED=(8.056,-14.306,0.703) vel=(0.034,0.092,-0.057) yaw_deg=82.0 failsafe=False age_s=(0.10,0.01) arm_torque_nm=0.031 motors=[748.93,1000.00,748.77,1000.00,798.45,1000.00,798.60,1000.00][0m
[0m[INFO] [1786143509.567968134] [my_drone_dds_wasd_control]: STATE arm=2 nav=18 NED=(8.031,-14.465,0.733) vel=(0.000,-0.398,0.102) yaw_deg=78.1 failsafe=False age_s=(0.02,0.02) arm_torque_nm=0.082 motors=[736.19,1000.00,737.79,1000.00,727.29,1000.00,725.69,1000.00][0m
[0m[INFO] [1786143510.566790164] [my_drone_dds_wasd_control]: STATE arm=2 nav=18 NED=(7.951,-14.786,0.814) vel=(-0.042,-0.385,0.213) yaw_deg=72.7 failsafe=False age_s=(0.04,0.01) arm_torque_nm=0.041 motors=[668.18,1000.00,667.76,1000.00,750.23,1000.00,750.66,1000.00][0m
[0m[INFO] [1786143511.624116878] [my_drone_dds_wasd_control]: STATE arm=2 nav=18 NED=(7.914,-14.817,0.836) vel=(-0.028,0.046,0.057) yaw_deg=71.2 failsafe=False age_s=(0.04,0.02) arm_torque_nm=0.113 motors=[756.03,1000.00,756.05,1000.00,799.19,1000.00,799.17,1000.00][0m
[0m[INFO] [1786143512.634702926] [my_drone_dds_wasd_control]: STATE arm=2 nav=18 NED=(7.913,-14.873,0.888) vel=(-0.038,-0.064,0.112) yaw_deg=68.9 failsafe=False age_s=(0.50,0.01) arm_torque_nm=0.106 motors=[757.25,1000.00,757.29,1000.00,791.64,1000.00,791.60,1000.00][0m
[0m[INFO] [1786143513.686676106] [my_drone_dds_wasd_control]: STATE arm=2 nav=18 NED=(7.856,-15.105,0.931) vel=(-0.030,-0.322,0.072) yaw_deg=60.3 failsafe=False age_s=(0.52,0.01) arm_torque_nm=0.266 motors=[754.66,1000.00,756.59,1000.00,731.27,1000.00,729.34,1000.00][0m
[0m[INFO] [1786143514.737279054] [my_drone_dds_wasd_control]: STATE arm=2 nav=18 NED=(7.798,-15.193,0.903) vel=(-0.003,-0.017,0.060) yaw_deg=56.9 failsafe=False age_s=(0.52,0.00) arm_torque_nm=0.113 motors=[739.23,1000.00,739.16,1000.00,809.22,1000.00,809.29,1000.00][0m
[0m[INFO] [1786143515.758513036] [my_drone_dds_wasd_control]: STATE arm=2 nav=18 NED=(7.663,-15.358,0.887) vel=(-0.049,-0.106,0.059) yaw_deg=49.3 failsafe=False age_s=(0.48,0.00) arm_torque_nm=0.194 motors=[743.15,1000.00,743.59,1000.00,775.40,1000.00,774.96,1000.00][0m
[0m[INFO] [1786143516.783381470] [my_drone_dds_wasd_control]: STATE arm=2 nav=18 NED=(7.614,-15.371,0.859) vel=(-0.137,-0.022,-0.014) yaw_deg=48.1 failsafe=False age_s=(0.47,0.00) arm_torque_nm=0.185 motors=[764.14,1000.00,764.02,1000.00,813.66,1000.00,813.78,1000.00][0m
[0m[INFO] [1786143517.833008415] [my_drone_dds_wasd_control]: STATE arm=2 nav=18 NED=(7.580,-15.415,0.856) vel=(-0.128,-0.073,0.054) yaw_deg=44.5 failsafe=False age_s=(0.41,0.00) arm_torque_nm=0.434 motors=[760.39,1000.00,760.56,1000.00,809.03,1000.00,808.86,1000.00][0m
[0m[INFO] [1786143518.830524827] [my_drone_dds_wasd_control]: STATE arm=2 nav=18 NED=(7.555,-15.432,0.859) vel=(-0.102,-0.048,-0.030) yaw_deg=43.2 failsafe=False age_s=(0.40,0.02) arm_torque_nm=0.126 motors=[755.50,1000.00,755.44,1000.00,806.98,1000.00,807.03,1000.00][0m
[0m[INFO] [1786143519.831719174] [my_drone_dds_wasd_control]: STATE arm=2 nav=18 NED=(7.458,-15.487,0.785) vel=(-0.039,-0.010,-0.079) yaw_deg=40.8 failsafe=False age_s=(0.37,0.01) arm_torque_nm=0.160 motors=[763.72,1000.00,763.54,1000.00,829.44,1000.00,829.63,1000.00][0m
[0m[INFO] [1786143520.899550547] [my_drone_dds_wasd_control]: STATE arm=2 nav=18 NED=(7.436,-15.515,0.755) vel=(-0.046,-0.055,-0.101) yaw_deg=40.2 failsafe=False age_s=(0.39,0.02) arm_torque_nm=0.118 motors=[743.54,1000.00,743.38,1000.00,804.78,1000.00,804.94,1000.00][0m
[0m[INFO] [1786143521.900513956] [my_drone_dds_wasd_control]: STATE arm=2 nav=18 NED=(7.411,-15.503,0.694) vel=(-0.013,0.025,-0.169) yaw_deg=37.4 failsafe=False age_s=(0.34,0.02) arm_torque_nm=0.452 motors=[756.60,1000.00,756.41,1000.00,824.55,1000.00,824.74,1000.00][0m
[0m[INFO] [1786143522.902804758] [my_drone_dds_wasd_control]: STATE arm=2 nav=18 NED=(7.416,-15.481,0.630) vel=(0.018,0.015,-0.128) yaw_deg=36.1 failsafe=False age_s=(0.24,0.01) arm_torque_nm=0.405 motors=[709.51,1000.00,709.98,1000.00,812.80,1000.00,812.33,1000.00][0m
[0m[INFO] [1786143523.942837347] [my_drone_dds_wasd_control]: STATE arm=2 nav=18 NED=(7.413,-15.481,0.651) vel=(0.049,0.034,-0.050) yaw_deg=35.4 failsafe=False age_s=(0.21,0.00) arm_torque_nm=0.140 motors=[750.86,1000.00,750.65,1000.00,830.10,1000.00,830.31,1000.00][0m
[0m[INFO] [1786143524.946294787] [my_drone_dds_wasd_control]: STATE arm=2 nav=18 NED=(7.383,-15.536,0.675) vel=(0.025,-0.077,-0.109) yaw_deg=33.3 failsafe=False age_s=(0.14,0.01) arm_torque_nm=0.099 motors=[747.30,1000.00,747.12,1000.00,827.17,1000.00,827.35,1000.00][0m
[0m[INFO] [1786143526.000952500] [my_drone_dds_wasd_control]: STATE arm=2 nav=18 NED=(7.321,-15.567,0.711) vel=(0.025,-0.078,0.012) yaw_deg=30.8 failsafe=False age_s=(0.11,0.01) arm_torque_nm=0.231 motors=[759.33,1000.00,759.39,1000.00,822.71,1000.00,822.65,1000.00][0m
[0m[INFO] [1786143527.041566642] [my_drone_dds_wasd_control]: STATE arm=2 nav=18 NED=(7.250,-15.590,0.626) vel=(-0.085,-0.068,-0.239) yaw_deg=29.0 failsafe=False age_s=(0.08,0.00) arm_torque_nm=0.537 motors=[749.25,1000.00,748.96,1000.00,847.20,1000.00,847.48,1000.00][0m
[0m[INFO] [1786143528.037271306] [my_drone_dds_wasd_control]: STATE arm=2 nav=18 NED=(7.202,-15.598,0.553) vel=(-0.193,-0.067,-0.209) yaw_deg=27.9 failsafe=False age_s=(0.01,0.01) arm_torque_nm=0.245 motors=[762.79,1000.00,763.19,1000.00,785.47,1000.00,785.07,1000.00][0m
[0m[INFO] [1786143530.644661808] [my_drone_dds_wasd_control]: STATE arm=2 nav=18 NED=(7.155,-15.589,0.516) vel=(-0.076,-0.052,-0.063) yaw_deg=27.3 failsafe=False age_s=(0.53,0.01) arm_torque_nm=0.094 motors=[746.83,1000.00,746.50,1000.00,833.46,1000.00,833.79,1000.00][0m
[0m[INFO] [1786143531.592019851] [my_drone_dds_wasd_control]: STATE arm=2 nav=18 NED=(7.148,-15.583,0.575) vel=(0.072,0.009,-0.001) yaw_deg=26.0 failsafe=False age_s=(0.42,0.01) arm_torque_nm=0.310 motors=[778.37,1000.00,778.44,1000.00,841.67,1000.00,841.60,1000.00][0m
[0m[INFO] [1786143532.599991448] [my_drone_dds_wasd_control]: STATE arm=2 nav=18 NED=(7.097,-15.591,0.620) vel=(-0.015,0.004,0.048) yaw_deg=25.0 failsafe=False age_s=(0.35,0.01) arm_torque_nm=0.079 motors=[829.64,1000.00,830.14,1000.00,851.71,1000.00,851.21,1000.00][0m
[0m[INFO] [1786143533.654238019] [my_drone_dds_wasd_control]: STATE arm=2 nav=18 NED=(7.052,-15.585,0.583) vel=(-0.019,0.048,-0.125) yaw_deg=23.8 failsafe=False age_s=(0.33,0.01) arm_torque_nm=0.080 motors=[783.13,1000.00,783.47,1000.00,843.70,1000.00,843.36,1000.00][0m
[0m[INFO] [1786143534.640219392] [my_drone_dds_wasd_control]: STATE arm=2 nav=18 NED=(7.017,-15.561,0.579) vel=(-0.033,-0.005,-0.191) yaw_deg=23.2 failsafe=False age_s=(0.18,0.01) arm_torque_nm=0.187 motors=[716.98,1000.00,716.94,1000.00,799.69,1000.00,799.73,1000.00][0m
[0m[INFO] [1786143535.726989545] [my_drone_dds_wasd_control]: STATE arm=2 nav=18 NED=(6.965,-15.622,0.626) vel=(-0.067,-0.087,-0.160) yaw_deg=21.0 failsafe=False age_s=(0.12,0.01) arm_torque_nm=0.292 motors=[724.74,1000.00,724.75,1000.00,781.84,1000.00,781.84,1000.00][0m
[0m[INFO] [1786143536.726056751] [my_drone_dds_wasd_control]: STATE arm=2 nav=18 NED=(6.913,-15.655,0.735) vel=(-0.070,-0.120,0.038) yaw_deg=19.9 failsafe=False age_s=(0.04,0.02) arm_torque_nm=0.135 motors=[744.22,1000.00,744.19,1000.00,810.90,1000.00,810.93,1000.00][0m
[0m[INFO] [1786143537.770971058] [my_drone_dds_wasd_control]: STATE arm=2 nav=18 NED=(6.822,-15.641,0.773) vel=(-0.169,-0.048,-0.044) yaw_deg=18.0 failsafe=False age_s=(0.01,0.00) arm_torque_nm=0.118 motors=[720.90,1000.00,720.74,1000.00,789.65,1000.00,789.81,1000.00][0m
[0m[INFO] [1786143538.785034557] [my_drone_dds_wasd_control]: STATE arm=2 nav=18 NED=(6.656,-15.623,0.709) vel=(-0.171,0.002,-0.218) yaw_deg=16.1 failsafe=False age_s=(0.01,0.00) arm_torque_nm=0.066 motors=[706.20,1000.00,706.23,1000.00,755.27,1000.00,755.23,1000.00][0m
[0m[INFO] [1786143539.850707688] [my_drone_dds_wasd_control]: STATE arm=2 nav=18 NED=(6.616,-15.615,0.626) vel=(-0.050,0.002,-0.190) yaw_deg=14.2 failsafe=False age_s=(0.53,0.01) arm_torque_nm=0.069 motors=[734.48,1000.00,734.30,1000.00,804.84,1000.00,805.02,1000.00][0m
[0m[INFO] [1786143540.909305199] [my_drone_dds_wasd_control]: STATE arm=2 nav=18 NED=(6.564,-15.619,0.642) vel=(0.095,0.074,0.033) yaw_deg=13.1 failsafe=False age_s=(0.48,0.02) arm_torque_nm=0.096 motors=[843.29,1000.00,842.92,1000.00,904.49,1000.00,904.85,1000.00][0m
[0m[INFO] [1786143541.936877283] [my_drone_dds_wasd_control]: STATE arm=2 nav=18 NED=(6.412,-15.628,0.575) vel=(0.060,0.035,-0.142) yaw_deg=10.1 failsafe=False age_s=(0.43,0.00) arm_torque_nm=0.227 motors=[819.57,1000.00,819.20,1000.00,897.95,1000.00,898.32,1000.00][0m
[0m[INFO] [1786143542.964006155] [my_drone_dds_wasd_control]: STATE arm=2 nav=18 NED=(6.429,-15.590,0.626) vel=(0.114,0.069,0.088) yaw_deg=9.1 failsafe=False age_s=(0.32,0.01) arm_torque_nm=0.039 motors=[768.74,1000.00,768.40,1000.00,845.86,1000.00,846.20,1000.00][0m
[0m[INFO] [1786143544.004716425] [my_drone_dds_wasd_control]: STATE arm=2 nav=18 NED=(6.352,-15.595,0.782) vel=(-0.228,0.055,0.161) yaw_deg=7.6 failsafe=False age_s=(0.27,0.00) arm_torque_nm=0.176 motors=[755.64,1000.00,755.46,1000.00,813.01,1000.00,813.19,1000.00][0m
[0m[INFO] [1786143544.993878555] [my_drone_dds_wasd_control]: STATE arm=2 nav=18 NED=(6.193,-15.575,0.843) vel=(-0.175,0.085,0.082) yaw_deg=6.6 failsafe=False age_s=(0.22,0.01) arm_torque_nm=0.055 motors=[774.77,1000.00,774.49,1000.00,841.34,1000.00,841.62,1000.00][0m
Traceback (most recent call last):
  File "/mnt/e/清洁无人机/drone_sim_ws/scripts/test_ros2_dds_arm_flight_pty.py", line 254, in <module>
    raise SystemExit(main())
                     ^^^^^^
  File "/mnt/e/清洁无人机/drone_sim_ws/scripts/test_ros2_dds_arm_flight_pty.py", line 183, in main
    raise RuntimeError("flight controller did not finish before timeout")
RuntimeError: flight controller did not finish before timeout
