DDS WASD: T takeoff | W/S/A/D move | R/F up/down | Q/E yaw | L land | O exit Offboard | X twice emergency disarm | Z safe exit
[0m[INFO] [1786173029.467304972] [my_drone_dds_wasd_control]: NED target initialized: N=-0.048 E=0.019 D=0.020 yaw=99.9 deg[0m
[0m[INFO] [1786173029.481957925] [my_drone_dds_wasd_control]: local vertical target sign=-1 (target = current + sign * height)[0m
[0m[INFO] [1786173029.636496718] [my_drone_dds_wasd_control]: STATE arm=1 nav=4 NED=(-0.051,0.013,0.029) vel=(-0.015,-0.000,0.017) yaw_deg=99.9 failsafe=False age_s=(0.01,0.02) arm_torque_nm=0.000 motors=[0.00,0.00,0.00,0.00,0.00,0.00,0.00,0.00][0m
[0m[INFO] [1786173030.690900087] [my_drone_dds_wasd_control]: STATE arm=1 nav=4 NED=(-0.044,-0.003,0.043) vel=(-0.008,-0.010,0.014) yaw_deg=99.9 failsafe=False age_s=(0.05,0.01) arm_torque_nm=0.000 motors=[0.00,0.00,0.00,0.00,0.00,0.00,0.00,0.00][0m
[0m[INFO] [1786173031.711892310] [my_drone_dds_wasd_control]: target NED=(-0.02, 0.01, -1.17) yaw=100.0 deg[0m
[0m[INFO] [1786173031.730246033] [my_drone_dds_wasd_control]: Prestreaming Offboard setpoints for 2 seconds[0m
[0m[INFO] [1786173031.747060174] [my_drone_dds_wasd_control]: STATE arm=1 nav=4 NED=(-0.016,0.014,0.033) vel=(0.008,0.007,0.009) yaw_deg=100.0 failsafe=False age_s=(0.10,0.05) arm_torque_nm=0.000 motors=[0.00,0.00,0.00,0.00,0.00,0.00,0.00,0.00][0m
[0m[INFO] [1786173032.788735382] [my_drone_dds_wasd_control]: STATE arm=1 nav=4 NED=(-0.012,0.014,0.020) vel=(0.003,0.006,0.005) yaw_deg=100.0 failsafe=False age_s=(0.18,0.01) arm_torque_nm=0.000 motors=[0.00,0.00,0.00,0.00,0.00,0.00,0.00,0.00][0m
[0m[INFO] [1786173033.734714412] [my_drone_dds_wasd_control]: OFFBOARD mode and ARM commands sent[0m
[0m[INFO] [1786173033.752487360] [my_drone_dds_wasd_control]: PX4 command ack: command=400 result=0[0m
[0m[INFO] [1786173033.835751601] [my_drone_dds_wasd_control]: STATE arm=2 nav=14 NED=(-0.015,0.012,0.033) vel=(0.001,0.004,0.012) yaw_deg=100.0 failsafe=False age_s=(0.02,0.02) arm_torque_nm=0.000 motors=[1.69,0.27,1.69,0.39,1.65,0.27,1.65,0.39][0m
[0m[INFO] [1786173034.892232293] [my_drone_dds_wasd_control]: STATE arm=2 nav=14 NED=(-0.015,0.015,0.059) vel=(0.004,0.005,0.018) yaw_deg=100.0 failsafe=False age_s=(0.13,0.01) arm_torque_nm=0.000 motors=[67.53,69.59,67.54,70.24,66.70,69.59,66.70,70.24][0m
[0m[INFO] [1786173035.933950732] [my_drone_dds_wasd_control]: STATE arm=2 nav=14 NED=(-0.041,0.014,0.067) vel=(-0.006,0.001,0.025) yaw_deg=100.0 failsafe=False age_s=(0.18,0.02) arm_torque_nm=0.000 motors=[742.82,779.74,742.82,787.86,734.69,779.74,734.69,787.86][0m
[0m[INFO] [1786173036.949960816] [my_drone_dds_wasd_control]: STATE arm=2 nav=14 NED=(-0.022,0.024,0.063) vel=(0.008,0.004,0.015) yaw_deg=100.0 failsafe=False age_s=(0.17,0.02) arm_torque_nm=0.000 motors=[756.85,792.85,756.85,801.07,748.69,792.85,748.69,801.07][0m
[0m[INFO] [1786173037.939208530] [my_drone_dds_wasd_control]: STATE arm=2 nav=14 NED=(-0.033,0.031,0.054) vel=(-0.010,0.021,0.027) yaw_deg=100.0 failsafe=False age_s=(0.16,0.02) arm_torque_nm=0.001 motors=[781.77,799.00,781.76,806.26,775.20,798.99,775.21,806.27][0m
[0m[INFO] [1786173038.937158016] [my_drone_dds_wasd_control]: STATE arm=2 nav=14 NED=(-0.039,0.019,0.047) vel=(-0.008,-0.007,0.003) yaw_deg=100.0 failsafe=False age_s=(0.15,0.02) arm_torque_nm=0.000 motors=[783.33,819.90,783.31,831.08,773.97,819.88,773.99,831.10][0m
[0m[INFO] [1786173039.987136030] [my_drone_dds_wasd_control]: STATE arm=2 nav=14 NED=(-0.034,0.002,0.062) vel=(0.010,0.003,0.005) yaw_deg=100.0 failsafe=False age_s=(0.19,0.01) arm_torque_nm=0.000 motors=[776.91,857.61,776.90,834.97,800.97,857.60,800.98,834.99][0m
[0m[INFO] [1786173041.034747316] [my_drone_dds_wasd_control]: STATE arm=2 nav=14 NED=(-0.026,0.005,0.151) vel=(-0.004,-0.024,0.112) yaw_deg=100.1 failsafe=False age_s=(0.14,0.02) arm_torque_nm=0.000 motors=[830.90,875.59,830.87,886.08,822.25,875.56,822.27,886.11][0m
[0m[INFO] [1786173042.040050230] [my_drone_dds_wasd_control]: STATE arm=2 nav=14 NED=(-0.022,-0.110,0.200) vel=(0.045,-0.161,0.011) yaw_deg=99.6 failsafe=False age_s=(0.13,0.00) arm_torque_nm=0.000 motors=[833.80,880.07,833.85,884.80,825.04,880.12,824.99,884.75][0m
[0m[INFO] [1786173043.088621683] [my_drone_dds_wasd_control]: STATE arm=2 nav=14 NED=(0.026,-0.236,0.121) vel=(0.048,-0.061,-0.075) yaw_deg=99.8 failsafe=False age_s=(0.17,0.01) arm_torque_nm=0.000 motors=[833.42,869.85,833.42,879.92,823.26,869.85,823.26,879.92][0m
[0m[INFO] [1786173044.105210697] [my_drone_dds_wasd_control]: STATE arm=2 nav=14 NED=(0.033,-0.269,0.022) vel=(-0.003,-0.020,-0.105) yaw_deg=100.4 failsafe=False age_s=(0.17,0.01) arm_torque_nm=0.000 motors=[826.19,872.24,826.13,883.76,820.28,872.18,820.35,883.83][0m
[0m[INFO] [1786173045.084451412] [my_drone_dds_wasd_control]: STATE arm=2 nav=14 NED=(0.080,-0.340,-0.099) vel=(0.050,-0.093,-0.119) yaw_deg=99.5 failsafe=False age_s=(0.16,0.01) arm_torque_nm=0.000 motors=[828.56,872.26,828.62,877.18,818.50,872.33,818.44,877.11][0m
[0m[INFO] [1786173046.135378797] [my_drone_dds_wasd_control]: STATE arm=2 nav=14 NED=(0.103,-0.407,-0.233) vel=(0.012,-0.004,-0.114) yaw_deg=99.9 failsafe=False age_s=(0.20,0.00) arm_torque_nm=0.000 motors=[829.81,867.61,829.80,878.34,820.27,867.59,820.29,878.36][0m
[0m[INFO] [1786173047.187686010] [my_drone_dds_wasd_control]: STATE arm=2 nav=14 NED=(0.120,-0.391,-0.343) vel=(0.003,0.015,-0.107) yaw_deg=99.9 failsafe=False age_s=(0.24,0.01) arm_torque_nm=0.000 motors=[825.70,872.13,825.69,880.30,818.15,872.13,818.16,880.30][0m
[0m[INFO] [1786173048.191019442] [my_drone_dds_wasd_control]: STATE arm=2 nav=14 NED=(0.160,-0.434,-0.456) vel=(0.030,-0.048,-0.102) yaw_deg=99.9 failsafe=False age_s=(0.23,0.01) arm_torque_nm=0.000 motors=[827.20,868.97,827.19,877.76,818.60,868.97,818.60,877.76][0m
[0m[INFO] [1786173049.237340792] [my_drone_dds_wasd_control]: STATE arm=2 nav=14 NED=(0.149,-0.440,-0.568) vel=(-0.021,0.034,-0.085) yaw_deg=100.0 failsafe=False age_s=(0.28,0.02) arm_torque_nm=0.000 motors=[828.54,868.29,828.54,877.72,819.59,868.29,819.60,877.72][0m
[0m[INFO] [1786173050.244684860] [my_drone_dds_wasd_control]: STATE arm=2 nav=14 NED=(0.129,-0.393,-0.642) vel=(-0.011,0.026,-0.071) yaw_deg=100.1 failsafe=False age_s=(0.27,0.00) arm_torque_nm=0.000 motors=[826.22,872.54,826.20,881.12,818.88,872.53,818.89,881.14][0m
[0m[INFO] [1786173051.293108827] [my_drone_dds_wasd_control]: STATE arm=2 nav=14 NED=(0.131,-0.427,-0.725) vel=(0.004,-0.040,-0.069) yaw_deg=99.8 failsafe=False age_s=(0.31,0.01) arm_torque_nm=0.000 motors=[828.25,869.55,828.27,877.29,818.32,869.58,818.30,877.26][0m
[0m[INFO] [1786173052.332721604] [my_drone_dds_wasd_control]: STATE arm=2 nav=14 NED=(0.129,-0.453,-0.795) vel=(-0.013,0.026,-0.056) yaw_deg=100.0 failsafe=False age_s=(0.35,0.02) arm_torque_nm=0.000 motors=[828.35,868.72,828.34,877.85,820.09,868.71,820.10,877.86][0m
[0m[INFO] [1786173056.438265282] [my_drone_dds_wasd_control]: STATE arm=2 nav=14 NED=(0.112,-0.418,-0.847) vel=(-0.004,0.015,-0.051) yaw_deg=100.1 failsafe=False age_s=(0.37,0.00) arm_torque_nm=0.000 motors=[825.42,871.15,825.40,880.24,817.96,871.13,817.98,880.26][0m
[0m[INFO] [1786173057.487882053] [my_drone_dds_wasd_control]: STATE arm=2 nav=14 NED=(0.108,-0.440,-0.900) vel=(-0.001,-0.024,-0.040) yaw_deg=99.8 failsafe=False age_s=(0.41,0.01) arm_torque_nm=0.000 motors=[829.51,869.58,829.53,878.04,819.00,869.60,818.98,878.02][0m
[0m[INFO] [1786173058.504194812] [my_drone_dds_wasd_control]: STATE arm=2 nav=14 NED=(0.085,-0.430,-0.932) vel=(-0.013,0.036,-0.019) yaw_deg=99.9 failsafe=False age_s=(0.40,0.01) arm_torque_nm=0.000 motors=[831.00,873.68,831.00,881.47,823.03,873.68,823.03,881.47][0m
[0m[INFO] [1786173059.537701300] [my_drone_dds_wasd_control]: STATE arm=2 nav=14 NED=(0.092,-0.378,-0.967) vel=(0.016,0.018,0.027) yaw_deg=99.9 failsafe=False age_s=(0.44,0.00) arm_torque_nm=0.000 motors=[827.09,871.16,827.09,880.17,818.60,871.15,818.61,880.17][0m
[0m[INFO] [1786173060.585619268] [my_drone_dds_wasd_control]: STATE arm=2 nav=14 NED=(0.074,-0.393,-0.985) vel=(-0.010,-0.022,-0.025) yaw_deg=99.8 failsafe=False age_s=(0.48,0.01) arm_torque_nm=0.000 motors=[831.39,870.41,831.40,879.46,821.11,870.43,821.10,879.44][0m
[0m[INFO] [1786173061.640749010] [my_drone_dds_wasd_control]: STATE arm=2 nav=14 NED=(0.023,-0.406,-1.005) vel=(-0.013,0.018,-0.048) yaw_deg=99.9 failsafe=False age_s=(0.02,0.00) arm_torque_nm=0.000 motors=[824.35,867.45,824.34,874.73,817.55,867.45,817.56,874.74][0m
ARM_FLIGHT_HOVER_READY offboard_elapsed_s=25.6
[0m[INFO] [1786173062.684610346] [my_drone_dds_wasd_control]: STATE arm=2 nav=14 NED=(0.041,-0.395,-1.036) vel=(0.024,-0.005,-0.059) yaw_deg=100.0 failsafe=False age_s=(0.06,0.01) arm_torque_nm=0.000 motors=[820.95,864.51,820.94,874.03,812.42,864.49,812.43,874.05][0m
[0m[INFO] [1786173063.683906156] [my_drone_dds_wasd_control]: STATE arm=2 nav=14 NED=(0.097,-0.396,-1.061) vel=(0.014,-0.008,-0.005) yaw_deg=100.0 failsafe=False age_s=(0.06,0.01) arm_torque_nm=0.000 motors=[831.01,870.88,831.01,880.40,821.58,870.88,821.58,880.40][0m
[0m[INFO] [1786173064.685634156] [my_drone_dds_wasd_control]: STATE arm=2 nav=14 NED=(0.115,-0.343,-1.047) vel=(-0.001,0.043,0.022) yaw_deg=99.9 failsafe=False age_s=(0.05,0.01) arm_torque_nm=0.000 motors=[835.34,879.10,835.34,887.02,827.23,879.11,827.23,887.02][0m
[0m[INFO] [1786173065.735076559] [my_drone_dds_wasd_control]: STATE arm=2 nav=14 NED=(0.125,-0.310,-1.077) vel=(0.005,-0.004,-0.060) yaw_deg=99.9 failsafe=False age_s=(0.09,0.00) arm_torque_nm=0.000 motors=[821.02,864.62,821.03,873.36,811.75,864.63,811.74,873.36][0m
[0m[INFO] [1786173066.792583775] [my_drone_dds_wasd_control]: STATE arm=2 nav=14 NED=(0.138,-0.351,-1.090) vel=(0.000,-0.021,0.012) yaw_deg=100.1 failsafe=False age_s=(0.13,0.01) arm_torque_nm=0.000 motors=[832.64,873.55,832.62,882.70,824.83,873.53,824.85,882.71][0m
ARM_FLIGHT_SENT_work_a
[0m[INFO] [1786173067.788357189] [my_drone_dds_wasd_control]: STATE arm=2 nav=14 NED=(0.152,-0.366,-1.077) vel=(0.002,0.015,-0.016) yaw_deg=100.1 failsafe=False age_s=(0.12,0.01) arm_torque_nm=0.000 motors=[828.47,871.58,828.46,880.25,820.58,871.57,820.59,880.26][0m
[0m[INFO] [1786173068.838985259] [my_drone_dds_wasd_control]: STATE arm=2 nav=14 NED=(0.182,-0.380,-1.101) vel=(0.009,-0.019,0.005) yaw_deg=99.9 failsafe=False age_s=(0.17,0.00) arm_torque_nm=0.000 motors=[831.48,874.46,831.49,882.98,821.59,874.48,821.57,882.96][0m
[0m[INFO] [1786173069.887873046] [my_drone_dds_wasd_control]: STATE arm=2 nav=14 NED=(0.176,-0.426,-1.084) vel=(-0.014,-0.017,-0.019) yaw_deg=99.9 failsafe=False age_s=(0.21,0.01) arm_torque_nm=0.000 motors=[829.35,870.18,829.35,878.93,820.29,870.19,820.28,878.93][0m
[0m[INFO] [1786173070.892322472] [my_drone_dds_wasd_control]: STATE arm=2 nav=14 NED=(0.145,-0.421,-1.086) vel=(-0.012,0.020,-0.019) yaw_deg=100.0 failsafe=False age_s=(0.20,0.01) arm_torque_nm=0.000 motors=[828.23,871.88,828.22,879.82,820.89,871.87,820.90,879.83][0m
[0m[INFO] [1786173071.889445743] [my_drone_dds_wasd_control]: STATE arm=2 nav=14 NED=(0.157,-0.399,-1.116) vel=(0.006,-0.000,-0.036) yaw_deg=100.0 failsafe=False age_s=(0.19,0.01) arm_torque_nm=0.003 motors=[824.72,867.47,824.72,876.64,815.46,867.47,815.46,876.64][0m
[0m[INFO] [1786173072.897253885] [my_drone_dds_wasd_control]: STATE arm=2 nav=14 NED=(0.172,-0.389,-1.155) vel=(-0.013,0.004,-0.009) yaw_deg=99.9 failsafe=False age_s=(0.18,0.01) arm_torque_nm=0.009 motors=[827.80,868.88,827.80,877.58,818.82,868.88,818.82,877.58][0m
[0m[INFO] [1786173073.942292251] [my_drone_dds_wasd_control]: STATE arm=2 nav=14 NED=(0.180,-0.336,-1.151) vel=(-0.005,0.037,-0.010) yaw_deg=100.0 failsafe=False age_s=(0.23,0.00) arm_torque_nm=0.021 motors=[825.31,868.31,825.31,876.70,817.13,868.31,817.14,876.70][0m
[0m[INFO] [1786173074.943437278] [my_drone_dds_wasd_control]: STATE arm=2 nav=14 NED=(0.168,-0.351,-1.075) vel=(-0.010,-0.023,0.075) yaw_deg=99.9 failsafe=False age_s=(0.22,0.00) arm_torque_nm=0.032 motors=[840.55,884.01,840.55,893.07,830.80,884.02,830.80,893.06][0m
[0m[INFO] [1786173075.989646598] [my_drone_dds_wasd_control]: STATE arm=2 nav=14 NED=(0.147,-0.388,-1.077) vel=(-0.022,-0.007,-0.021) yaw_deg=99.9 failsafe=False age_s=(0.26,0.01) arm_torque_nm=0.044 motors=[830.89,872.09,830.90,879.94,822.47,872.09,822.46,879.93][0m
[0m[INFO] [1786173076.988080215] [my_drone_dds_wasd_control]: STATE arm=2 nav=14 NED=(0.135,-0.356,-1.132) vel=(-0.004,0.029,0.020) yaw_deg=100.0 failsafe=False age_s=(0.25,0.01) arm_torque_nm=0.056 motors=[832.98,877.30,832.97,886.26,825.10,877.28,825.12,886.27][0m
[0m[INFO] [1786173077.995555598] [my_drone_dds_wasd_control]: STATE arm=2 nav=14 NED=(0.143,-0.362,-1.131) vel=(-0.002,-0.028,0.038) yaw_deg=99.9 failsafe=False age_s=(0.24,0.01) arm_torque_nm=0.067 motors=[837.55,880.39,837.55,889.69,828.00,880.40,827.99,889.69][0m
[0m[INFO] [1786173078.988587748] [my_drone_dds_wasd_control]: STATE arm=2 nav=14 NED=(0.168,-0.360,-1.301) vel=(0.001,0.010,-0.097) yaw_deg=100.1 failsafe=False age_s=(0.24,0.01) arm_torque_nm=0.075 motors=[807.24,846.26,807.22,855.24,799.31,846.25,799.32,855.25][0m
[0m[INFO] [1786173080.036171354] [my_drone_dds_wasd_control]: STATE arm=2 nav=14 NED=(0.141,-0.343,-1.243) vel=(-0.014,0.013,0.049) yaw_deg=100.0 failsafe=False age_s=(0.28,0.00) arm_torque_nm=0.081 motors=[830.91,874.51,830.91,883.52,821.88,874.51,821.89,883.52][0m
[0m[INFO] [1786173081.102523432] [my_drone_dds_wasd_control]: STATE arm=2 nav=14 NED=(0.115,-0.336,-1.149) vel=(-0.012,-0.014,0.031) yaw_deg=99.8 failsafe=False age_s=(0.32,0.01) arm_torque_nm=0.085 motors=[832.00,873.91,832.02,882.40,822.02,873.93,822.00,882.38][0m
[0m[INFO] [1786173082.139340172] [my_drone_dds_wasd_control]: STATE arm=2 nav=14 NED=(0.056,-0.358,-1.011) vel=(-0.029,0.005,0.051) yaw_deg=99.9 failsafe=False age_s=(0.36,0.00) arm_torque_nm=0.088 motors=[844.10,884.95,844.10,894.41,834.66,884.95,834.66,894.41][0m
[0m[INFO] [1786173083.193774998] [my_drone_dds_wasd_control]: STATE arm=2 nav=14 NED=(0.056,-0.337,-0.985) vel=(0.003,0.013,-0.016) yaw_deg=100.0 failsafe=False age_s=(0.40,0.01) arm_torque_nm=0.090 motors=[834.60,877.35,834.59,887.47,825.42,877.34,825.43,887.49][0m
[0m[INFO] [1786173084.191532066] [my_drone_dds_wasd_control]: STATE arm=2 nav=14 NED=(0.043,-0.380,-1.088) vel=(-0.014,-0.033,-0.066) yaw_deg=99.9 failsafe=False age_s=(0.40,0.01) arm_torque_nm=0.091 motors=[822.68,862.37,822.69,872.31,812.30,862.38,812.29,872.30][0m
[0m[INFO] [1786173085.240078489] [my_drone_dds_wasd_control]: STATE arm=2 nav=14 NED=(0.030,-0.426,-1.129) vel=(-0.013,-0.003,-0.020) yaw_deg=99.9 failsafe=False age_s=(0.44,0.00) arm_torque_nm=0.092 motors=[827.06,866.97,827.06,876.53,817.35,866.98,817.35,876.53][0m
[0m[INFO] [1786173086.288136066] [my_drone_dds_wasd_control]: STATE arm=2 nav=14 NED=(0.027,-0.421,-1.115) vel=(0.001,0.011,-0.010) yaw_deg=100.0 failsafe=False age_s=(0.48,0.01) arm_torque_nm=0.092 motors=[828.91,869.62,828.90,880.88,818.26,869.61,818.27,880.89][0m
[0m[INFO] [1786173087.289347591] [my_drone_dds_wasd_control]: STATE arm=2 nav=14 NED=(0.009,-0.399,-1.122) vel=(-0.015,0.001,-0.007) yaw_deg=100.0 failsafe=False age_s=(0.47,0.01) arm_torque_nm=0.093 motors=[831.14,870.58,831.14,881.31,820.31,870.58,820.31,881.30][0m
[0m[INFO] [1786173090.488774673] [my_drone_dds_wasd_control]: STATE arm=2 nav=14 NED=(-0.013,-0.347,-1.158) vel=(-0.012,0.035,-0.029) yaw_deg=99.9 failsafe=False age_s=(0.47,0.02) arm_torque_nm=0.093 motors=[825.36,864.39,825.37,874.32,814.94,864.39,814.93,874.31][0m
[0m[INFO] [1786173091.542099081] [my_drone_dds_wasd_control]: STATE arm=2 nav=14 NED=(-0.016,-0.309,-1.166) vel=(0.004,0.009,0.017) yaw_deg=99.9 failsafe=False age_s=(0.01,0.01) arm_torque_nm=0.093 motors=[830.36,869.53,830.36,881.33,818.45,869.53,818.45,881.33][0m
[0m[INFO] [1786173092.544195670] [my_drone_dds_wasd_control]: STATE arm=2 nav=14 NED=(-0.017,-0.319,-1.065) vel=(-0.013,-0.010,0.017) yaw_deg=99.9 failsafe=False age_s=(0.50,0.01) arm_torque_nm=0.093 motors=[836.36,873.41,836.37,885.32,824.18,873.42,824.17,885.31][0m
[0m[INFO] [1786173093.595594477] [my_drone_dds_wasd_control]: STATE arm=2 nav=14 NED=(-0.022,-0.299,-1.021) vel=(-0.014,0.023,-0.006) yaw_deg=100.0 failsafe=False age_s=(0.04,0.02) arm_torque_nm=0.093 motors=[832.54,870.78,832.54,882.78,821.01,870.78,821.02,882.79][0m
[0m[INFO] [1786173094.636225838] [my_drone_dds_wasd_control]: STATE arm=2 nav=14 NED=(-0.014,-0.277,-0.935) vel=(-0.002,-0.000,-0.017) yaw_deg=100.0 failsafe=False age_s=(0.08,0.01) arm_torque_nm=0.094 motors=[836.31,873.76,836.31,887.09,822.92,873.76,822.92,887.09][0m
[0m[INFO] [1786173095.639014565] [my_drone_dds_wasd_control]: STATE arm=2 nav=14 NED=(-0.027,-0.281,-0.932) vel=(-0.021,-0.006,-0.055) yaw_deg=99.9 failsafe=False age_s=(0.08,0.01) arm_torque_nm=0.094 motors=[831.39,866.24,831.40,879.45,817.82,866.24,817.82,879.44][0m
[0m[INFO] [1786173096.641519716] [my_drone_dds_wasd_control]: STATE arm=2 nav=14 NED=(-0.086,-0.270,-0.995) vel=(-0.033,0.015,-0.121) yaw_deg=99.9 failsafe=False age_s=(0.07,0.01) arm_torque_nm=0.094 motors=[818.20,852.92,818.20,866.17,804.85,852.92,804.84,866.16][0m
[0m[INFO] [1786173097.688257760] [my_drone_dds_wasd_control]: STATE arm=2 nav=14 NED=(-0.104,-0.273,-0.958) vel=(-0.003,-0.010,-0.028) yaw_deg=99.9 failsafe=False age_s=(0.11,0.02) arm_torque_nm=0.094 motors=[831.53,866.50,831.53,881.02,816.85,866.51,816.85,881.01][0m
[0m[INFO] [1786173098.740001870] [my_drone_dds_wasd_control]: STATE arm=2 nav=14 NED=(-0.111,-0.310,-0.882) vel=(-0.017,-0.018,-0.007) yaw_deg=99.9 failsafe=False age_s=(0.15,0.01) arm_torque_nm=0.094 motors=[839.04,870.23,839.04,886.43,822.71,870.24,822.71,886.43][0m
[0m[INFO] [1786173099.736028983] [my_drone_dds_wasd_control]: STATE arm=2 nav=14 NED=(-0.148,-0.291,-0.821) vel=(-0.026,0.022,-0.057) yaw_deg=100.0 failsafe=False age_s=(0.14,0.01) arm_torque_nm=0.094 motors=[829.41,863.16,829.40,877.98,815.36,863.15,815.37,877.99][0m
[0m[INFO] [1786173100.787965620] [my_drone_dds_wasd_control]: STATE arm=2 nav=14 NED=(-0.147,-0.271,-0.689) vel=(0.005,-0.004,-0.077) yaw_deg=99.9 failsafe=False age_s=(0.18,0.02) arm_torque_nm=0.094 motors=[866.51,895.53,866.52,913.50,848.30,895.53,848.30,913.50][0m
[0m[INFO] [1786173101.789657291] [my_drone_dds_wasd_control]: STATE arm=2 nav=14 NED=(-0.167,-0.301,-0.544) vel=(-0.035,-0.014,-0.129) yaw_deg=99.9 failsafe=False age_s=(0.18,0.02) arm_torque_nm=0.095 motors=[863.01,889.42,863.02,908.11,843.42,889.43,843.41,908.10][0m
[0m[INFO] [1786173102.861657391] [my_drone_dds_wasd_control]: STATE arm=2 nav=14 NED=(-0.211,-0.291,-0.410) vel=(-0.022,0.028,-0.131) yaw_deg=99.9 failsafe=False age_s=(0.22,0.01) arm_torque_nm=0.095 motors=[830.07,861.11,830.07,877.35,813.97,861.10,813.97,877.35][0m
[0m[INFO] [1786173103.892013950] [my_drone_dds_wasd_control]: STATE arm=2 nav=14 NED=(-0.176,-0.298,-0.239) vel=(0.024,-0.019,-0.077) yaw_deg=99.8 failsafe=False age_s=(0.26,0.02) arm_torque_nm=0.095 motors=[850.11,879.01,850.12,898.38,830.17,879.02,830.17,898.37][0m
[0m[INFO] [1786173104.892979455] [my_drone_dds_wasd_control]: STATE arm=2 nav=14 NED=(-0.187,-0.337,-0.101) vel=(-0.040,-0.010,-0.111) yaw_deg=99.9 failsafe=False age_s=(0.25,0.02) arm_torque_nm=0.095 motors=[858.37,882.40,858.36,903.89,837.26,882.40,837.27,903.89][0m
[0m[INFO] [1786173105.887713795] [my_drone_dds_wasd_control]: STATE arm=2 nav=14 NED=(-0.238,-0.314,-0.145) vel=(-0.034,0.033,-0.202) yaw_deg=100.1 failsafe=False age_s=(0.24,0.02) arm_torque_nm=0.095 motors=[828.80,857.57,828.78,876.37,811.71,857.55,811.73,876.39][0m
[0m[INFO] [1786173106.884636549] [my_drone_dds_wasd_control]: STATE arm=2 nav=14 NED=(-0.202,-0.291,-0.150) vel=(0.030,-0.005,-0.202) yaw_deg=99.8 failsafe=False age_s=(0.24,0.02) arm_torque_nm=0.095 motors=[830.68,854.98,830.70,875.82,808.06,855.01,808.04,875.79][0m
[0m[INFO] [1786173107.888026702] [my_drone_dds_wasd_control]: STATE arm=2 nav=14 NED=(-0.193,-0.298,-0.157) vel=(-0.033,0.002,-0.165) yaw_deg=99.9 failsafe=False age_s=(0.23,0.02) arm_torque_nm=0.094 motors=[839.30,858.31,839.30,882.03,815.46,858.31,815.45,882.02][0m
[0m[INFO] [1786173108.935691433] [my_drone_dds_wasd_control]: STATE arm=2 nav=14 NED=(-0.227,-0.259,-0.215) vel=(-0.024,0.038,-0.195) yaw_deg=100.0 failsafe=False age_s=(0.27,0.01) arm_torque_nm=0.096 motors=[826.66,851.12,826.64,872.23,807.00,851.10,807.02,872.24][0m
[0m[INFO] [1786173109.935438005] [my_drone_dds_wasd_control]: STATE arm=2 nav=14 NED=(-0.217,-0.213,-0.218) vel=(0.010,0.002,-0.184) yaw_deg=99.9 failsafe=False age_s=(0.26,0.01) arm_torque_nm=0.103 motors=[831.31,850.62,831.31,875.39,805.98,850.63,805.98,875.38][0m
[0m[INFO] [1786173110.983985604] [my_drone_dds_wasd_control]: STATE arm=2 nav=14 NED=(-0.289,-0.202,-0.207) vel=(-0.069,0.006,-0.116) yaw_deg=99.8 failsafe=False age_s=(0.31,0.02) arm_torque_nm=0.100 motors=[846.31,862.29,846.33,887.53,819.44,862.31,819.43,887.51][0m
[0m[INFO] [1786173112.034739575] [my_drone_dds_wasd_control]: STATE arm=2 nav=14 NED=(-0.367,-0.161,-0.209) vel=(-0.028,0.030,-0.134) yaw_deg=99.9 failsafe=False age_s=(0.35,0.01) arm_torque_nm=0.099 motors=[841.94,862.23,841.93,886.57,818.53,862.22,818.55,886.58][0m
[0m[INFO] [1786173113.089100313] [my_drone_dds_wasd_control]: STATE arm=2 nav=14 NED=(-0.313,-0.154,-0.256) vel=(0.028,-0.015,-0.151) yaw_deg=99.9 failsafe=False age_s=(0.39,0.02) arm_torque_nm=0.097 motors=[842.57,855.79,842.57,885.25,813.43,855.78,813.43,885.25][0m
[0m[INFO] [1786173114.089464301] [my_drone_dds_wasd_control]: STATE arm=2 nav=14 NED=(-0.337,-0.206,-0.382) vel=(-0.053,-0.022,-0.180) yaw_deg=99.9 failsafe=False age_s=(0.38,0.02) arm_torque_nm=0.098 motors=[832.94,843.74,832.94,872.36,803.67,843.75,803.66,872.35][0m
[0m[INFO] [1786173115.087809559] [my_drone_dds_wasd_control]: STATE arm=2 nav=14 NED=(-0.384,-0.200,-0.420) vel=(-0.009,0.022,-0.129) yaw_deg=99.9 failsafe=False age_s=(0.37,0.02) arm_torque_nm=0.096 motors=[837.80,853.13,837.80,879.46,811.65,853.13,811.65,879.46][0m
[0m[INFO] [1786173116.139671472] [my_drone_dds_wasd_control]: STATE arm=2 nav=14 NED=(-0.373,-0.212,-0.465) vel=(0.010,-0.026,-0.124) yaw_deg=99.7 failsafe=False age_s=(0.42,0.01) arm_torque_nm=0.099 motors=[840.88,848.58,840.90,880.96,806.97,848.60,806.95,880.94][0m
[0m[INFO] [1786173117.189956829] [my_drone_dds_wasd_control]: STATE arm=2 nav=14 NED=(-0.421,-0.204,-0.456) vel=(-0.069,0.015,-0.097) yaw_deg=99.9 failsafe=False age_s=(0.46,0.02) arm_torque_nm=0.096 motors=[848.38,853.86,848.37,886.02,816.67,853.86,816.67,886.03][0m
[0m[INFO] [1786173118.238810644] [my_drone_dds_wasd_control]: STATE arm=2 nav=14 NED=(-0.464,-0.125,-0.505) vel=(0.006,0.042,-0.113) yaw_deg=99.9 failsafe=False age_s=(0.50,0.01) arm_torque_nm=0.097 motors=[841.78,852.13,841.77,883.08,811.25,852.13,811.26,883.08][0m
[0m[INFO] [1786173119.284956422] [my_drone_dds_wasd_control]: STATE arm=2 nav=14 NED=(-0.448,-0.135,-0.559) vel=(0.001,-0.037,-0.129) yaw_deg=99.8 failsafe=False age_s=(0.04,0.02) arm_torque_nm=0.095 motors=[841.95,842.83,841.97,879.13,804.16,842.85,804.15,879.11][0m
[0m[INFO] [1786173120.293165620] [my_drone_dds_wasd_control]: STATE arm=2 nav=14 NED=(-0.486,-0.155,-0.569) vel=(-0.054,0.014,-0.089) yaw_deg=99.9 failsafe=False age_s=(0.03,0.02) arm_torque_nm=0.095 motors=[847.99,849.11,847.98,883.71,813.86,849.11,813.87,883.72][0m
[0m[INFO] [1786173121.336902700] [my_drone_dds_wasd_control]: STATE arm=2 nav=14 NED=(-0.502,-0.138,-0.564) vel=(0.016,0.015,-0.117) yaw_deg=100.0 failsafe=False age_s=(0.07,0.01) arm_torque_nm=0.095 motors=[841.11,845.52,841.09,881.56,806.51,845.51,806.53,881.58][0m
[0m[INFO] [1786173122.333739648] [my_drone_dds_wasd_control]: STATE arm=2 nav=14 NED=(-0.465,-0.208,-0.532) vel=(0.008,-0.060,-0.121) yaw_deg=99.7 failsafe=False age_s=(0.06,0.01) arm_torque_nm=0.095 motors=[847.73,842.48,847.76,881.87,806.25,842.50,806.23,881.84][0m
[0m[INFO] [1786173123.338376330] [my_drone_dds_wasd_control]: STATE arm=2 nav=14 NED=(-0.493,-0.206,-0.515) vel=(-0.049,0.037,-0.072) yaw_deg=99.9 failsafe=False age_s=(0.06,0.01) arm_torque_nm=0.095 motors=[856.82,852.33,856.81,890.74,818.87,852.33,818.88,890.75][0m
[0m[INFO] [1786173124.393113194] [my_drone_dds_wasd_control]: STATE arm=2 nav=14 NED=(-0.487,-0.142,-0.525) vel=(0.026,0.023,-0.085) yaw_deg=99.8 failsafe=False age_s=(0.10,0.02) arm_torque_nm=0.095 motors=[853.43,852.95,853.44,892.31,813.19,852.96,813.18,892.30][0m
[0m[INFO] [1786173125.435333144] [my_drone_dds_wasd_control]: STATE arm=2 nav=14 NED=(-0.449,-0.176,-0.586) vel=(0.001,-0.047,-0.096) yaw_deg=99.9 failsafe=False age_s=(0.14,0.01) arm_torque_nm=0.095 motors=[855.01,842.79,855.01,887.34,810.84,842.79,810.84,887.34][0m
[0m[INFO] [1786173126.491760950] [my_drone_dds_wasd_control]: STATE arm=2 nav=14 NED=(-0.513,-0.143,-0.611) vel=(-0.048,0.056,-0.073) yaw_deg=99.9 failsafe=False age_s=(0.18,0.02) arm_torque_nm=0.095 motors=[853.79,846.52,853.79,886.87,813.45,846.52,813.45,886.87][0m
[0m[INFO] [1786173127.540036556] [my_drone_dds_wasd_control]: STATE arm=2 nav=14 NED=(-0.524,-0.061,-0.597) vel=(0.029,0.012,-0.096) yaw_deg=100.0 failsafe=False age_s=(0.22,0.01) arm_torque_nm=0.095 motors=[849.05,841.26,849.04,886.06,805.33,841.24,805.34,886.07][0m
[0m[INFO] [1786173128.539887581] [my_drone_dds_wasd_control]: STATE arm=2 nav=14 NED=(-0.536,-0.138,-0.522) vel=(-0.024,-0.063,-0.059) yaw_deg=99.7 failsafe=False age_s=(0.22,0.01) arm_torque_nm=0.095 motors=[865.96,848.58,865.99,895.35,816.78,848.61,816.76,895.32][0m
[0m[INFO] [1786173129.581665713] [my_drone_dds_wasd_control]: STATE arm=2 nav=14 NED=(-0.600,-0.162,-0.511) vel=(-0.050,0.037,-0.084) yaw_deg=100.0 failsafe=False age_s=(0.26,0.02) arm_torque_nm=0.095 motors=[861.37,846.96,861.35,893.12,817.29,846.93,817.32,893.15][0m
[0m[INFO] [1786173130.633313639] [my_drone_dds_wasd_control]: STATE arm=2 nav=14 NED=(-0.598,-0.114,-0.570) vel=(0.032,0.005,-0.097) yaw_deg=100.0 failsafe=False age_s=(0.30,0.01) arm_torque_nm=0.094 motors=[857.45,844.56,857.44,893.02,810.07,844.54,810.08,893.04][0m
[0m[INFO] [1786173131.647569781] [my_drone_dds_wasd_control]: STATE arm=2 nav=14 NED=(-0.572,-0.140,-0.659) vel=(-0.002,-0.038,-0.088) yaw_deg=99.8 failsafe=False age_s=(0.29,0.01) arm_torque_nm=0.094 motors=[861.75,838.70,861.77,889.35,809.46,838.72,809.45,889.33][0m
[0m[INFO] [1786173132.636099536] [my_drone_dds_wasd_control]: STATE arm=2 nav=14 NED=(-0.599,-0.134,-0.721) vel=(-0.023,0.036,-0.071) yaw_deg=99.9 failsafe=False age_s=(0.28,0.01) arm_torque_nm=0.094 motors=[860.03,841.26,860.03,889.33,812.19,841.26,812.19,889.33][0m
[0m[INFO] [1786173133.691844536] [my_drone_dds_wasd_control]: STATE arm=2 nav=14 NED=(-0.587,-0.099,-0.808) vel=(0.038,-0.006,-0.064) yaw_deg=99.9 failsafe=False age_s=(0.33,0.02) arm_torque_nm=0.094 motors=[858.72,839.65,858.71,891.87,807.20,839.64,807.21,891.88][0m
[0m[INFO] [1786173134.692759707] [my_drone_dds_wasd_control]: STATE arm=2 nav=14 NED=(-0.548,-0.154,-0.903) vel=(0.009,-0.049,-0.050) yaw_deg=99.9 failsafe=False age_s=(0.32,0.02) arm_torque_nm=0.094 motors=[862.11,835.42,862.12,888.69,808.35,835.43,808.34,888.68][0m
[0m[INFO] [1786173135.737663693] [my_drone_dds_wasd_control]: STATE arm=2 nav=14 NED=(-0.568,-0.153,-0.990) vel=(-0.009,0.034,0.023) yaw_deg=99.9 failsafe=False age_s=(0.36,0.01) arm_torque_nm=0.094 motors=[860.40,836.33,860.40,888.57,808.38,836.33,808.38,888.57][0m
[0m[INFO] [1786173136.788142068] [my_drone_dds_wasd_control]: STATE arm=2 nav=14 NED=(-0.548,-0.155,-1.047) vel=(0.038,-0.025,-0.019) yaw_deg=99.9 failsafe=False age_s=(0.40,0.02) arm_torque_nm=0.094 motors=[862.42,837.60,862.42,892.78,807.10,837.60,807.09,892.78][0m
[0m[INFO] [1786173137.793459979] [my_drone_dds_wasd_control]: STATE arm=2 nav=14 NED=(-0.509,-0.214,-1.096) vel=(0.010,-0.038,0.026) yaw_deg=100.0 failsafe=False age_s=(0.39,0.02) arm_torque_nm=0.094 motors=[888.76,857.90,888.75,915.29,832.09,857.89,832.10,915.29][0m
[0m[INFO] [1786173138.792240064] [my_drone_dds_wasd_control]: STATE arm=2 nav=14 NED=(-0.498,-0.206,-1.180) vel=(-0.001,0.036,-0.006) yaw_deg=100.1 failsafe=False age_s=(0.39,0.02) arm_torque_nm=0.092 motors=[865.98,836.75,865.96,893.06,811.17,836.74,811.19,893.08][0m
[0m[INFO] [1786173139.846892232] [my_drone_dds_wasd_control]: STATE arm=2 nav=14 NED=(-0.477,-0.171,-1.245) vel=(0.031,-0.007,0.004) yaw_deg=99.9 failsafe=False age_s=(0.43,0.01) arm_torque_nm=0.093 motors=[863.31,833.41,863.32,891.11,804.76,833.42,804.75,891.10][0m
[0m[INFO] [1786173140.893307158] [my_drone_dds_wasd_control]: STATE arm=2 nav=14 NED=(-0.463,-0.186,-1.292) vel=(0.006,-0.023,0.013) yaw_deg=99.9 failsafe=False age_s=(0.47,0.02) arm_torque_nm=0.093 motors=[865.94,831.34,865.95,889.79,806.71,831.35,806.70,889.78][0m
[0m[INFO] [1786173141.940886211] [my_drone_dds_wasd_control]: STATE arm=2 nav=14 NED=(-0.464,-0.174,-1.329) vel=(0.003,0.027,0.019) yaw_deg=100.0 failsafe=False age_s=(0.01,0.01) arm_torque_nm=0.093 motors=[868.37,835.83,868.36,895.03,809.87,835.82,809.88,895.04][0m
[INFO] [1786173070.209700420] [arm_preset_control]: Sent preset work_a over /arm_controller/joint_trajectory
[INFO] [1786173142.491749624] [arm_preset_control]: ARM_PRESET_REACHED preset=work_a max_error=0.059988 rad
[0m[INFO] [1786173142.988418168] [my_drone_dds_wasd_control]: STATE arm=2 nav=14 NED=(-0.445,-0.158,-1.355) vel=(0.026,-0.013,0.021) yaw_deg=100.0 failsafe=False age_s=(0.05,0.02) arm_torque_nm=0.098 motors=[865.32,831.64,865.31,892.01,805.24,831.63,805.25,892.01][0m
[0m[INFO] [1786173143.995799747] [my_drone_dds_wasd_control]: STATE arm=2 nav=14 NED=(-0.433,-0.194,-1.387) vel=(0.006,-0.027,0.012) yaw_deg=99.9 failsafe=False age_s=(0.04,0.02) arm_torque_nm=0.093 motors=[865.53,827.91,865.54,888.80,803.89,827.92,803.89,888.79][0m
[0m[INFO] [1786173145.053018867] [my_drone_dds_wasd_control]: STATE arm=2 nav=14 NED=(-0.443,-0.195,-1.412) vel=(0.009,0.015,0.020) yaw_deg=100.0 failsafe=False age_s=(0.08,0.01) arm_torque_nm=0.092 motors=[864.95,828.79,864.94,890.11,804.51,828.78,804.52,890.12][0m
[0m[INFO] [1786173146.036518666] [my_drone_dds_wasd_control]: STATE arm=2 nav=14 NED=(-0.410,-0.180,-1.425) vel=(0.036,-0.011,0.022) yaw_deg=100.0 failsafe=False age_s=(0.07,0.01) arm_torque_nm=0.092 motors=[865.55,829.17,865.55,891.41,803.33,829.17,803.33,891.41][0m
[0m[INFO] [1786173147.095961191] [my_drone_dds_wasd_control]: STATE arm=2 nav=14 NED=(-0.380,-0.214,-1.435) vel=(0.016,-0.025,0.028) yaw_deg=100.0 failsafe=False age_s=(0.12,0.02) arm_torque_nm=0.093 motors=[868.45,827.82,868.45,891.29,804.80,827.82,804.80,891.29][0m
[0m[INFO] [1786173148.086018744] [my_drone_dds_wasd_control]: STATE arm=2 nav=14 NED=(-0.386,-0.215,-1.452) vel=(0.010,0.014,0.031) yaw_deg=100.0 failsafe=False age_s=(0.11,0.02) arm_torque_nm=0.093 motors=[866.99,828.73,866.99,891.20,805.07,828.73,805.08,891.21][0m
[0m[INFO] [1786173149.140108609] [my_drone_dds_wasd_control]: STATE arm=2 nav=14 NED=(-0.352,-0.232,-1.462) vel=(0.045,-0.026,0.036) yaw_deg=99.9 failsafe=False age_s=(0.15,0.01) arm_torque_nm=0.091 motors=[868.16,829.46,868.17,893.03,803.59,829.47,803.57,893.02][0m
[0m[INFO] [1786173150.140564978] [my_drone_dds_wasd_control]: STATE arm=2 nav=14 NED=(-0.309,-0.260,-1.478) vel=(0.028,-0.020,0.036) yaw_deg=100.0 failsafe=False age_s=(0.14,0.01) arm_torque_nm=0.089 motors=[869.48,826.68,869.48,891.47,804.81,826.68,804.81,891.47][0m
[0m[INFO] [1786173151.144931581] [my_drone_dds_wasd_control]: STATE arm=2 nav=14 NED=(-0.299,-0.258,-1.495) vel=(0.013,0.012,0.040) yaw_deg=100.0 failsafe=False age_s=(0.14,0.01) arm_torque_nm=0.088 motors=[871.25,831.81,871.24,896.18,807.89,831.80,807.90,896.20][0m
[0m[INFO] [1786173152.203142811] [my_drone_dds_wasd_control]: STATE arm=2 nav=14 NED=(-0.264,-0.267,-1.504) vel=(0.042,-0.023,0.040) yaw_deg=99.9 failsafe=False age_s=(0.18,0.02) arm_torque_nm=0.093 motors=[868.62,828.07,868.63,892.86,803.32,828.07,803.31,892.86][0m
[0m[INFO] [1786173153.241233265] [my_drone_dds_wasd_control]: STATE arm=2 nav=14 NED=(-0.226,-0.306,-1.490) vel=(0.022,-0.021,0.041) yaw_deg=99.9 failsafe=False age_s=(0.22,0.01) arm_torque_nm=0.081 motors=[870.68,827.15,870.68,892.46,805.12,827.16,805.12,892.45][0m
[0m[INFO] [1786173154.253862198] [my_drone_dds_wasd_control]: STATE arm=2 nav=14 NED=(-0.208,-0.331,-1.481) vel=(0.016,-0.002,0.038) yaw_deg=100.0 failsafe=False age_s=(0.21,0.01) arm_torque_nm=0.075 motors=[869.03,828.05,869.02,893.23,804.75,828.04,804.76,893.24][0m
[0m[INFO] [1786173155.248224681] [my_drone_dds_wasd_control]: STATE arm=2 nav=14 NED=(-0.190,-0.326,-1.477) vel=(0.028,-0.002,0.034) yaw_deg=100.0 failsafe=False age_s=(0.20,0.01) arm_torque_nm=0.067 motors=[869.54,827.05,869.53,892.56,804.50,827.04,804.50,892.57][0m
[0m[INFO] [1786173156.290917811] [my_drone_dds_wasd_control]: STATE arm=2 nav=14 NED=(-0.164,-0.305,-1.475) vel=(0.022,0.007,0.040) yaw_deg=99.9 failsafe=False age_s=(0.25,0.02) arm_torque_nm=0.051 motors=[870.50,828.07,870.50,893.40,804.50,828.07,804.49,893.39][0m
[0m[INFO] [1786173157.344796561] [my_drone_dds_wasd_control]: STATE arm=2 nav=14 NED=(-0.155,-0.303,-1.472) vel=(0.018,-0.002,0.040) yaw_deg=99.9 failsafe=False age_s=(0.29,0.01) arm_torque_nm=0.021 motors=[870.33,828.56,870.33,893.66,804.67,828.57,804.66,893.65][0m
[0m[INFO] [1786173158.390678563] [my_drone_dds_wasd_control]: STATE arm=2 nav=14 NED=(-0.149,-0.312,-1.467) vel=(0.028,-0.005,0.042) yaw_deg=100.0 failsafe=False age_s=(0.33,0.02) arm_torque_nm=0.027 motors=[871.05,828.24,871.04,893.92,805.63,828.23,805.64,893.92][0m
[0m[INFO] [1786173159.438437421] [my_drone_dds_wasd_control]: STATE arm=2 nav=14 NED=(-0.136,-0.333,-1.463) vel=(0.015,-0.009,0.040) yaw_deg=100.0 failsafe=False age_s=(0.37,0.01) arm_torque_nm=0.009 motors=[871.19,827.63,871.19,894.07,804.88,827.63,804.88,894.07][0m
[0m[INFO] [1786173160.438659556] [my_drone_dds_wasd_control]: STATE arm=2 nav=14 NED=(-0.100,-0.336,-1.454) vel=(0.031,-0.001,0.039) yaw_deg=100.0 failsafe=False age_s=(0.36,0.01) arm_torque_nm=0.008 motors=[870.27,828.67,870.27,893.82,805.27,828.67,805.27,893.82][0m
[0m[INFO] [1786173161.440354281] [my_drone_dds_wasd_control]: STATE arm=2 nav=14 NED=(-0.051,-0.342,-1.456) vel=(0.036,-0.001,0.038) yaw_deg=100.0 failsafe=False age_s=(0.36,0.01) arm_torque_nm=0.001 motors=[874.22,831.39,874.22,897.65,808.00,831.39,808.00,897.65][0m
[0m[INFO] [1786173162.491521438] [my_drone_dds_wasd_control]: STATE arm=2 nav=14 NED=(-0.014,-0.371,-1.464) vel=(0.020,-0.012,0.034) yaw_deg=100.0 failsafe=False age_s=(0.40,0.02) arm_torque_nm=0.000 motors=[873.60,830.32,873.60,896.33,807.66,830.32,807.66,896.33][0m
[0m[INFO] [1786173163.491830754] [my_drone_dds_wasd_control]: STATE arm=2 nav=14 NED=(0.002,-0.387,-1.479) vel=(0.021,0.000,0.039) yaw_deg=99.9 failsafe=False age_s=(0.39,0.02) arm_torque_nm=0.000 motors=[869.72,827.81,869.72,892.35,804.88,827.81,804.87,892.34][0m
[0m[INFO] [1786173164.544292043] [my_drone_dds_wasd_control]: STATE arm=2 nav=14 NED=(0.046,-0.424,-1.483) vel=(0.028,-0.015,0.025) yaw_deg=100.0 failsafe=False age_s=(0.43,0.01) arm_torque_nm=0.000 motors=[871.16,828.30,871.15,894.60,805.27,828.30,805.28,894.61][0m
[0m[INFO] [1786173165.586281882] [my_drone_dds_wasd_control]: STATE arm=2 nav=14 NED=(0.072,-0.443,-1.475) vel=(0.008,0.002,0.042) yaw_deg=99.9 failsafe=False age_s=(0.47,0.02) arm_torque_nm=0.000 motors=[871.17,827.74,871.18,893.03,805.51,827.75,805.51,893.03][0m
[0m[INFO] [1786173166.598377637] [my_drone_dds_wasd_control]: STATE arm=2 nav=14 NED=(0.066,-0.406,-1.461) vel=(0.004,0.029,0.043) yaw_deg=100.0 failsafe=False age_s=(0.47,0.02) arm_torque_nm=0.000 motors=[870.81,829.04,870.81,894.70,805.45,829.04,805.46,894.70][0m
[0m[INFO] [1786173167.638287857] [my_drone_dds_wasd_control]: STATE arm=2 nav=14 NED=(0.092,-0.379,-1.457) vel=(0.018,0.003,0.061) yaw_deg=99.9 failsafe=False age_s=(0.00,0.01) arm_torque_nm=0.000 motors=[871.22,828.82,871.22,894.32,805.32,828.82,805.31,894.31][0m
[0m[INFO] [1786173168.687401074] [my_drone_dds_wasd_control]: STATE arm=2 nav=14 NED=(0.125,-0.392,-1.454) vel=(0.007,0.001,0.040) yaw_deg=100.0 failsafe=False age_s=(0.05,0.02) arm_torque_nm=0.000 motors=[871.69,827.66,871.68,893.81,805.99,827.66,806.00,893.82][0m
ARM_FLIGHT_SENT_retracted
[0m[INFO] [1786173169.739142009] [my_drone_dds_wasd_control]: STATE arm=2 nav=14 NED=(0.100,-0.364,-1.452) vel=(-0.010,0.028,0.099) yaw_deg=100.0 failsafe=False age_s=(0.09,0.01) arm_torque_nm=0.000 motors=[870.73,828.86,870.73,893.73,805.83,828.86,805.83,893.73][0m
[0m[INFO] [1786173170.744514291] [my_drone_dds_wasd_control]: STATE arm=2 nav=14 NED=(0.073,-0.361,-1.444) vel=(0.001,-0.010,0.099) yaw_deg=99.9 failsafe=False age_s=(0.08,0.01) arm_torque_nm=0.000 motors=[871.09,829.37,871.10,894.49,805.24,829.38,805.23,894.48][0m
[0m[INFO] [1786173171.785823728] [my_drone_dds_wasd_control]: STATE arm=2 nav=14 NED=(0.062,-0.398,-1.447) vel=(-0.005,-0.014,0.096) yaw_deg=99.9 failsafe=False age_s=(0.12,0.02) arm_torque_nm=0.000 motors=[895.16,852.08,895.17,918.29,828.59,852.09,828.58,918.29][0m
[0m[INFO] [1786173172.785800105] [my_drone_dds_wasd_control]: STATE arm=2 nav=14 NED=(0.039,-0.367,-1.459) vel=(-0.009,0.029,0.034) yaw_deg=100.0 failsafe=False age_s=(0.11,0.02) arm_torque_nm=0.000 motors=[868.83,827.54,868.82,893.57,804.23,827.52,804.25,893.59][0m
[0m[INFO] [1786173173.795681740] [my_drone_dds_wasd_control]: STATE arm=2 nav=14 NED=(0.066,-0.346,-1.442) vel=(0.017,-0.007,0.044) yaw_deg=100.0 failsafe=False age_s=(0.10,0.02) arm_torque_nm=0.001 motors=[874.27,827.53,874.27,894.64,806.91,827.54,806.91,894.64][0m
[0m[INFO] [1786173174.844035027] [my_drone_dds_wasd_control]: STATE arm=2 nav=14 NED=(0.116,-0.325,-1.434) vel=(0.014,0.006,0.034) yaw_deg=100.0 failsafe=False age_s=(0.15,0.01) arm_torque_nm=0.006 motors=[871.93,827.05,871.93,893.35,805.61,827.05,805.61,893.35][0m
[0m[INFO] [1786173175.838986967] [my_drone_dds_wasd_control]: STATE arm=2 nav=14 NED=(0.126,-0.289,-1.421) vel=(-0.005,0.022,0.028) yaw_deg=100.0 failsafe=False age_s=(0.14,0.01) arm_torque_nm=0.014 motors=[870.17,827.52,870.17,893.40,804.20,827.52,804.20,893.40][0m
[0m[INFO] [1786173176.895027202] [my_drone_dds_wasd_control]: STATE arm=2 nav=14 NED=(0.129,-0.295,-1.418) vel=(0.011,-0.025,0.028) yaw_deg=100.0 failsafe=False age_s=(0.18,0.02) arm_torque_nm=0.023 motors=[869.32,828.40,869.32,893.06,804.53,828.40,804.53,893.06][0m
[0m[INFO] [1786173177.940646857] [my_drone_dds_wasd_control]: STATE arm=2 nav=14 NED=(0.132,-0.339,-1.391) vel=(-0.001,-0.014,0.031) yaw_deg=99.9 failsafe=False age_s=(0.22,0.01) arm_torque_nm=0.038 motors=[872.57,827.58,872.57,893.68,806.38,827.58,806.38,893.68][0m
[0m[INFO] [1786173178.989056025] [my_drone_dds_wasd_control]: STATE arm=2 nav=14 NED=(0.122,-0.305,-1.382) vel=(-0.010,0.024,0.020) yaw_deg=100.0 failsafe=False age_s=(0.27,0.02) arm_torque_nm=0.052 motors=[868.99,828.11,868.98,893.34,804.21,828.10,804.22,893.35][0m
[0m[INFO] [1786173179.990325625] [my_drone_dds_wasd_control]: STATE arm=2 nav=14 NED=(0.104,-0.283,-1.380) vel=(0.000,-0.015,0.022) yaw_deg=99.9 failsafe=False age_s=(0.26,0.02) arm_torque_nm=0.062 motors=[869.82,828.27,869.83,893.62,804.03,828.27,804.03,893.61][0m
[0m[INFO] [1786173181.039891034] [my_drone_dds_wasd_control]: STATE arm=2 nav=14 NED=(0.067,-0.296,-1.388) vel=(-0.008,-0.009,0.024) yaw_deg=99.9 failsafe=False age_s=(0.30,0.01) arm_torque_nm=0.071 motors=[870.45,827.43,870.45,891.97,805.37,827.44,805.37,891.97][0m
[0m[INFO] [1786173182.085936766] [my_drone_dds_wasd_control]: STATE arm=2 nav=14 NED=(0.069,-0.313,-1.396) vel=(0.011,-0.002,0.025) yaw_deg=100.0 failsafe=False age_s=(0.34,0.02) arm_torque_nm=0.074 motors=[868.70,828.31,868.69,893.08,804.34,828.30,804.34,893.08][0m
[0m[INFO] [1786173183.141264081] [my_drone_dds_wasd_control]: STATE arm=2 nav=14 NED=(0.085,-0.337,-1.392) vel=(0.017,-0.026,0.029) yaw_deg=100.0 failsafe=False age_s=(0.38,0.01) arm_torque_nm=0.083 motors=[870.44,828.22,870.44,893.24,805.43,828.22,805.43,893.24][0m
[0m[INFO] [1786173184.135313659] [my_drone_dds_wasd_control]: STATE arm=2 nav=14 NED=(0.117,-0.364,-1.387) vel=(0.020,-0.008,0.028) yaw_deg=100.0 failsafe=False age_s=(0.37,0.00) arm_torque_nm=0.081 motors=[870.14,828.56,870.14,892.52,806.13,828.56,806.13,892.52][0m
[0m[INFO] [1786173185.189175267] [my_drone_dds_wasd_control]: STATE arm=2 nav=14 NED=(0.165,-0.365,-1.387) vel=(0.028,-0.001,0.027) yaw_deg=100.0 failsafe=False age_s=(0.39,0.01) arm_torque_nm=0.080 motors=[869.08,829.05,869.08,893.61,804.94,829.04,804.95,893.61][0m
[0m[INFO] [1786173186.193838076] [my_drone_dds_wasd_control]: STATE arm=2 nav=14 NED=(0.199,-0.389,-1.401) vel=(0.020,-0.024,0.028) yaw_deg=99.9 failsafe=False age_s=(0.39,0.01) arm_torque_nm=0.080 motors=[868.75,829.30,868.75,892.27,805.21,829.31,805.20,892.27][0m
[0m[INFO] [1786173187.188541572] [my_drone_dds_wasd_control]: STATE arm=2 nav=14 NED=(0.229,-0.414,-1.377) vel=(0.021,-0.007,0.019) yaw_deg=100.0 failsafe=False age_s=(0.38,0.01) arm_torque_nm=0.091 motors=[867.88,828.46,867.88,892.01,805.02,828.45,805.03,892.02][0m
[0m[INFO] [1786173188.248489343] [my_drone_dds_wasd_control]: STATE arm=2 nav=14 NED=(0.229,-0.423,-1.384) vel=(0.007,-0.003,0.025) yaw_deg=100.0 failsafe=False age_s=(0.42,0.00) arm_torque_nm=0.083 motors=[867.48,830.07,867.48,892.78,805.20,830.07,805.21,892.78][0m
[0m[INFO] [1786173189.237049768] [my_drone_dds_wasd_control]: STATE arm=2 nav=14 NED=(0.212,-0.420,-1.356) vel=(0.010,-0.008,0.026) yaw_deg=99.9 failsafe=False age_s=(0.41,0.00) arm_torque_nm=0.091 motors=[868.60,831.77,868.61,893.00,806.88,831.78,806.88,893.00][0m
[0m[INFO] [1786173190.288842467] [my_drone_dds_wasd_control]: STATE arm=2 nav=14 NED=(0.242,-0.393,-1.356) vel=(0.029,0.017,0.020) yaw_deg=100.0 failsafe=False age_s=(0.45,0.01) arm_torque_nm=0.092 motors=[867.80,830.50,867.80,892.09,806.21,830.50,806.21,892.09][0m
[0m[INFO] [1786173191.284122901] [my_drone_dds_wasd_control]: STATE arm=2 nav=14 NED=(0.273,-0.375,-1.363) vel=(0.020,-0.000,0.021) yaw_deg=100.0 failsafe=False age_s=(0.45,0.01) arm_torque_nm=0.092 motors=[866.35,831.61,866.35,892.61,805.34,831.61,805.34,892.61][0m
[0m[INFO] [1786173192.290622300] [my_drone_dds_wasd_control]: STATE arm=2 nav=14 NED=(0.308,-0.411,-1.373) vel=(0.033,-0.027,0.020) yaw_deg=100.0 failsafe=False age_s=(0.44,0.01) arm_torque_nm=0.093 motors=[865.66,831.41,865.66,890.49,806.55,831.41,806.55,890.49][0m
[0m[INFO] [1786173193.286701510] [my_drone_dds_wasd_control]: STATE arm=2 nav=14 NED=(0.344,-0.420,-1.372) vel=(0.033,0.006,0.035) yaw_deg=100.0 failsafe=False age_s=(0.43,0.01) arm_torque_nm=0.093 motors=[865.22,830.39,865.22,890.49,805.69,830.38,805.69,890.49][0m
[0m[INFO] [1786173194.335522386] [my_drone_dds_wasd_control]: STATE arm=2 nav=14 NED=(0.360,-0.428,-1.378) vel=(0.019,-0.015,0.026) yaw_deg=100.0 failsafe=False age_s=(0.47,0.00) arm_torque_nm=0.093 motors=[864.56,834.12,864.56,891.97,806.53,834.12,806.53,891.96][0m
[0m[INFO] [1786173195.335834250] [my_drone_dds_wasd_control]: STATE arm=2 nav=14 NED=(0.380,-0.438,-1.373) vel=(0.029,-0.015,0.023) yaw_deg=99.9 failsafe=False age_s=(0.46,0.00) arm_torque_nm=0.093 motors=[864.91,833.49,864.92,890.36,807.33,833.50,807.33,890.35][0m
[0m[INFO] [1786173196.342441891] [my_drone_dds_wasd_control]: STATE arm=2 nav=14 NED=(0.403,-0.414,-1.371) vel=(0.022,0.018,0.019) yaw_deg=100.0 failsafe=False age_s=(0.46,0.00) arm_torque_nm=0.093 motors=[863.31,833.51,863.31,890.27,807.02,833.50,807.02,890.28][0m
[0m[INFO] [1786173197.390024566] [my_drone_dds_wasd_control]: STATE arm=2 nav=14 NED=(0.445,-0.417,-1.391) vel=(0.028,-0.019,0.026) yaw_deg=100.0 failsafe=False age_s=(0.50,0.01) arm_torque_nm=0.094 motors=[862.35,835.23,862.35,891.08,806.34,835.23,806.34,891.08][0m
[0m[INFO] [1786173198.440142848] [my_drone_dds_wasd_control]: STATE arm=2 nav=14 NED=(0.462,-0.458,-1.384) vel=(0.019,-0.020,0.031) yaw_deg=99.9 failsafe=False age_s=(0.04,0.00) arm_torque_nm=0.094 motors=[863.66,836.14,863.66,890.15,809.26,836.14,809.26,890.14][0m
[0m[INFO] [1786173199.441774697] [my_drone_dds_wasd_control]: STATE arm=2 nav=14 NED=(0.473,-0.447,-1.370) vel=(0.018,0.015,0.028) yaw_deg=100.0 failsafe=False age_s=(0.03,0.00) arm_torque_nm=0.094 motors=[861.91,837.30,861.90,890.97,809.06,837.29,809.08,890.98][0m
[0m[INFO] [1786173200.438754093] [my_drone_dds_wasd_control]: STATE arm=2 nav=14 NED=(0.511,-0.445,-1.350) vel=(0.033,-0.016,0.025) yaw_deg=100.0 failsafe=False age_s=(0.02,0.00) arm_torque_nm=0.094 motors=[861.01,839.31,861.01,891.12,808.93,839.32,808.93,891.11][0m
[0m[INFO] [1786173203.934962379] [my_drone_dds_wasd_control]: STATE arm=2 nav=14 NED=(0.544,-0.460,-1.336) vel=(0.021,-0.010,0.020) yaw_deg=99.9 failsafe=False age_s=(0.06,0.01) arm_torque_nm=0.094 motors=[861.76,838.00,861.77,889.56,809.50,838.01,809.49,889.55][0m
[0m[INFO] [1786173204.957545821] [my_drone_dds_wasd_control]: STATE arm=2 nav=14 NED=(0.554,-0.454,-1.359) vel=(0.012,0.009,0.036) yaw_deg=100.0 failsafe=False age_s=(0.05,0.01) arm_torque_nm=0.093 motors=[857.39,838.70,857.38,888.43,808.34,838.69,808.35,888.44][0m
[0m[INFO] [1786173205.938277293] [my_drone_dds_wasd_control]: STATE arm=2 nav=14 NED=(0.590,-0.474,-1.364) vel=(0.034,-0.029,0.023) yaw_deg=99.9 failsafe=False age_s=(0.04,0.01) arm_torque_nm=0.094 motors=[861.26,843.85,861.26,892.52,812.28,843.86,812.27,892.51][0m
[0m[INFO] [1786173206.993840402] [my_drone_dds_wasd_control]: STATE arm=2 nav=14 NED=(0.626,-0.515,-1.356) vel=(0.015,-0.019,0.023) yaw_deg=99.9 failsafe=False age_s=(0.08,0.02) arm_torque_nm=0.094 motors=[858.58,840.38,858.59,888.36,810.21,840.38,810.21,888.36][0m
[0m[INFO] [1786173208.037186004] [my_drone_dds_wasd_control]: STATE arm=2 nav=14 NED=(0.632,-0.526,-1.352) vel=(0.009,0.007,0.022) yaw_deg=100.0 failsafe=False age_s=(0.13,0.01) arm_torque_nm=0.095 motors=[855.81,842.76,855.81,888.37,810.58,842.76,810.59,888.37][0m
[0m[INFO] [1786173209.036764362] [my_drone_dds_wasd_control]: STATE arm=2 nav=14 NED=(0.660,-0.518,-1.340) vel=(0.034,-0.004,0.020) yaw_deg=99.9 failsafe=False age_s=(0.12,0.01) arm_torque_nm=0.095 motors=[855.73,843.10,855.74,888.58,810.02,843.10,810.02,888.57][0m
[0m[INFO] [1786173210.086479495] [my_drone_dds_wasd_control]: STATE arm=2 nav=14 NED=(0.676,-0.537,-1.343) vel=(0.011,-0.011,0.022) yaw_deg=100.0 failsafe=False age_s=(0.16,0.02) arm_torque_nm=0.095 motors=[855.48,843.49,855.48,888.06,810.90,843.49,810.90,888.06][0m
[0m[INFO] [1786173211.085393374] [my_drone_dds_wasd_control]: STATE arm=2 nav=14 NED=(0.686,-0.567,-1.340) vel=(0.010,-0.006,0.021) yaw_deg=100.0 failsafe=False age_s=(0.15,0.02) arm_torque_nm=0.095 motors=[853.54,845.07,853.53,887.42,811.88,845.06,811.89,887.43][0m
[0m[INFO] [1786173212.134302003] [my_drone_dds_wasd_control]: STATE arm=2 nav=14 NED=(0.722,-0.580,-1.327) vel=(0.027,-0.004,0.017) yaw_deg=100.0 failsafe=False age_s=(0.19,0.01) arm_torque_nm=0.095 motors=[853.27,845.31,853.27,887.69,810.85,845.32,810.85,887.69][0m
[0m[INFO] [1786173213.146461880] [my_drone_dds_wasd_control]: STATE arm=2 nav=14 NED=(0.700,-0.575,-1.342) vel=(-0.012,0.001,0.056) yaw_deg=100.0 failsafe=False age_s=(0.19,0.01) arm_torque_nm=0.095 motors=[858.04,852.93,858.04,893.49,817.39,852.93,817.39,893.49][0m
[0m[INFO] [1786173214.191307821] [my_drone_dds_wasd_control]: STATE arm=2 nav=14 NED=(0.659,-0.560,-1.348) vel=(0.001,0.007,0.021) yaw_deg=99.9 failsafe=False age_s=(0.23,0.02) arm_torque_nm=0.095 motors=[849.86,848.60,849.87,886.10,811.94,848.60,811.94,886.09][0m
[0m[INFO] [1786173215.190748869] [my_drone_dds_wasd_control]: STATE arm=2 nav=14 NED=(0.659,-0.568,-1.337) vel=(0.021,-0.010,0.025) yaw_deg=99.8 failsafe=False age_s=(0.22,0.02) arm_torque_nm=0.095 motors=[851.09,849.64,851.10,887.31,812.30,849.65,812.29,887.29][0m
[0m[INFO] [1786173216.241263993] [my_drone_dds_wasd_control]: STATE arm=2 nav=14 NED=(0.708,-0.582,-1.324) vel=(0.017,-0.005,0.235) yaw_deg=100.0 failsafe=False age_s=(0.26,0.01) arm_torque_nm=0.095 motors=[872.40,874.24,872.38,911.50,836.12,874.23,836.14,911.51][0m
[0m[INFO] [1786173217.287560055] [my_drone_dds_wasd_control]: STATE arm=2 nav=14 NED=(0.731,-0.593,-1.335) vel=(0.015,0.001,0.015) yaw_deg=100.1 failsafe=False age_s=(0.30,0.02) arm_torque_nm=0.095 motors=[847.23,851.14,847.22,886.42,813.02,851.13,813.03,886.43][0m
[0m[INFO] [1786173218.286798205] [my_drone_dds_wasd_control]: STATE arm=2 nav=14 NED=(0.750,-0.606,-1.334) vel=(0.015,-0.012,0.020) yaw_deg=100.0 failsafe=False age_s=(0.29,0.02) arm_torque_nm=0.095 motors=[850.98,856.16,850.99,890.21,816.45,856.17,816.44,890.20][0m
[0m[INFO] [1786173219.343223696] [my_drone_dds_wasd_control]: STATE arm=2 nav=14 NED=(0.751,-0.610,-1.338) vel=(-0.003,0.005,0.014) yaw_deg=99.9 failsafe=False age_s=(0.34,0.01) arm_torque_nm=0.096 motors=[846.06,851.69,846.07,884.43,812.69,851.70,812.68,884.42][0m
[0m[INFO] [1786173220.345587665] [my_drone_dds_wasd_control]: STATE arm=2 nav=14 NED=(0.750,-0.585,-1.359) vel=(0.004,0.014,0.019) yaw_deg=100.0 failsafe=False age_s=(0.33,0.01) arm_torque_nm=0.096 motors=[843.90,853.25,843.90,884.62,812.73,853.25,812.73,884.62][0m
[0m[INFO] [1786173221.398633669] [my_drone_dds_wasd_control]: STATE arm=2 nav=14 NED=(0.757,-0.571,-1.366) vel=(0.008,-0.003,0.017) yaw_deg=100.0 failsafe=False age_s=(0.37,0.02) arm_torque_nm=0.096 motors=[843.20,852.91,843.20,883.90,812.19,852.91,812.19,883.90][0m
[0m[INFO] [1786173222.443693460] [my_drone_dds_wasd_control]: STATE arm=2 nav=14 NED=(0.756,-0.560,-1.343) vel=(-0.007,0.007,0.031) yaw_deg=100.0 failsafe=False age_s=(0.41,0.01) arm_torque_nm=0.096 motors=[842.66,853.22,842.65,883.03,813.20,853.22,813.21,883.03][0m
[0m[INFO] [1786173223.487725064] [my_drone_dds_wasd_control]: STATE arm=2 nav=14 NED=(0.720,-0.530,-1.341) vel=(-0.014,0.013,0.010) yaw_deg=100.0 failsafe=False age_s=(0.45,0.02) arm_torque_nm=0.096 motors=[840.51,855.13,840.52,882.62,812.75,855.13,812.75,882.62][0m
[0m[INFO] [1786173224.493985592] [my_drone_dds_wasd_control]: STATE arm=2 nav=14 NED=(0.731,-0.508,-1.342) vel=(0.012,-0.001,0.015) yaw_deg=99.9 failsafe=False age_s=(0.45,0.02) arm_torque_nm=0.095 motors=[841.11,856.05,841.11,883.09,813.74,856.05,813.74,883.08][0m
[0m[INFO] [1786173225.490389947] [my_drone_dds_wasd_control]: STATE arm=2 nav=14 NED=(0.737,-0.513,-1.344) vel=(-0.006,-0.004,0.017) yaw_deg=100.0 failsafe=False age_s=(0.44,0.02) arm_torque_nm=0.095 motors=[840.59,856.60,840.59,883.30,814.21,856.60,814.22,883.31][0m
[0m[INFO] [1786173226.498002403] [my_drone_dds_wasd_control]: STATE arm=2 nav=14 NED=(0.728,-0.504,-1.328) vel=(-0.012,0.004,0.019) yaw_deg=100.0 failsafe=False age_s=(0.43,0.02) arm_torque_nm=0.095 motors=[839.82,859.07,839.81,883.67,815.49,859.07,815.50,883.67][0m
[0m[INFO] [1786173227.543436289] [my_drone_dds_wasd_control]: STATE arm=2 nav=14 NED=(0.708,-0.552,-1.311) vel=(-0.003,-0.032,0.011) yaw_deg=99.9 failsafe=False age_s=(0.47,0.01) arm_torque_nm=0.095 motors=[839.28,859.19,839.29,883.13,814.76,859.19,814.75,883.12][0m
[0m[INFO] [1786173228.594487873] [my_drone_dds_wasd_control]: STATE arm=2 nav=14 NED=(0.692,-0.572,-1.328) vel=(-0.019,-0.001,0.004) yaw_deg=100.0 failsafe=False age_s=(0.01,0.02) arm_torque_nm=0.095 motors=[840.33,860.69,840.33,884.02,817.17,860.68,817.17,884.02][0m
[0m[INFO] [1786173229.643509896] [my_drone_dds_wasd_control]: STATE arm=2 nav=14 NED=(0.693,-0.544,-1.320) vel=(-0.006,0.016,-0.014) yaw_deg=100.0 failsafe=False age_s=(0.05,0.01) arm_torque_nm=0.095 motors=[832.45,856.71,832.44,878.82,811.15,856.70,811.16,878.83][0m
[0m[INFO] [1786173230.650979337] [my_drone_dds_wasd_control]: STATE arm=2 nav=14 NED=(0.689,-0.525,-1.324) vel=(-0.010,-0.005,0.002) yaw_deg=99.9 failsafe=False age_s=(0.05,0.01) arm_torque_nm=0.095 motors=[834.97,858.61,834.97,880.00,813.08,858.62,813.08,879.99][0m
[0m[INFO] [1786173231.688879542] [my_drone_dds_wasd_control]: STATE arm=2 nav=14 NED=(0.689,-0.533,-1.312) vel=(-0.009,0.001,0.013) yaw_deg=99.9 failsafe=False age_s=(0.09,0.02) arm_torque_nm=0.095 motors=[836.06,861.50,836.07,881.10,816.24,861.50,816.24,881.09][0m
[0m[INFO] [1786173232.738310783] [my_drone_dds_wasd_control]: STATE arm=2 nav=14 NED=(0.689,-0.520,-1.306) vel=(-0.004,0.010,0.014) yaw_deg=100.0 failsafe=False age_s=(0.13,0.01) arm_torque_nm=0.095 motors=[835.30,863.05,835.30,882.61,816.11,863.05,816.12,882.61][0m
[0m[INFO] [1786173233.783252783] [my_drone_dds_wasd_control]: STATE arm=2 nav=14 NED=(0.705,-0.536,-1.307) vel=(-0.006,-0.010,0.017) yaw_deg=100.0 failsafe=False age_s=(0.17,0.02) arm_torque_nm=0.095 motors=[835.56,863.35,835.56,882.01,816.78,863.35,816.78,882.00][0m
[0m[INFO] [1786173234.787553409] [my_drone_dds_wasd_control]: STATE arm=2 nav=14 NED=(0.687,-0.551,-1.298) vel=(-0.022,0.000,0.017) yaw_deg=100.0 failsafe=False age_s=(0.16,0.02) arm_torque_nm=0.095 motors=[835.07,864.40,835.06,882.23,817.52,864.39,817.52,882.23][0m
[0m[INFO] [1786173235.841370315] [my_drone_dds_wasd_control]: STATE arm=2 nav=14 NED=(0.670,-0.565,-1.295) vel=(-0.018,-0.001,0.018) yaw_deg=100.0 failsafe=False age_s=(0.21,0.01) arm_torque_nm=0.095 motors=[834.57,865.67,834.57,882.46,817.98,865.67,817.98,882.46][0m
[0m[INFO] [1786173236.837391620] [my_drone_dds_wasd_control]: STATE arm=2 nav=14 NED=(0.655,-0.556,-1.306) vel=(-0.021,0.009,0.010) yaw_deg=100.0 failsafe=False age_s=(0.20,0.01) arm_torque_nm=0.095 motors=[833.35,864.06,833.35,880.54,816.62,864.06,816.62,880.53][0m
[0m[INFO] [1786173237.889466680] [my_drone_dds_wasd_control]: STATE arm=2 nav=14 NED=(0.658,-0.509,-1.319) vel=(-0.014,0.026,0.014) yaw_deg=100.0 failsafe=False age_s=(0.24,0.02) arm_torque_nm=0.094 motors=[832.49,865.15,832.50,880.63,816.83,865.16,816.83,880.63][0m
[0m[INFO] [1786173238.893157268] [my_drone_dds_wasd_control]: STATE arm=2 nav=14 NED=(0.630,-0.482,-1.325) vel=(-0.027,0.011,0.014) yaw_deg=99.9 failsafe=False age_s=(0.23,0.02) arm_torque_nm=0.094 motors=[832.09,865.28,832.09,880.42,816.69,865.28,816.69,880.42][0m
[0m[INFO] [1786173239.890124310] [my_drone_dds_wasd_control]: STATE arm=2 nav=14 NED=(0.616,-0.460,-1.331) vel=(-0.018,0.014,0.017) yaw_deg=100.0 failsafe=False age_s=(0.22,0.02) arm_torque_nm=0.092 motors=[831.17,866.25,831.17,880.04,817.75,866.24,817.75,880.04][0m
[0m[INFO] [1786173240.934257742] [my_drone_dds_wasd_control]: STATE arm=2 nav=14 NED=(0.611,-0.447,-1.322) vel=(-0.020,0.005,0.019) yaw_deg=100.0 failsafe=False age_s=(0.27,0.01) arm_torque_nm=0.094 motors=[831.77,866.97,831.77,881.13,817.53,866.97,817.53,881.13][0m
[0m[INFO] [1786173241.986932889] [my_drone_dds_wasd_control]: STATE arm=2 nav=14 NED=(0.579,-0.480,-1.337) vel=(-0.033,-0.019,0.017) yaw_deg=99.9 failsafe=False age_s=(0.31,0.02) arm_torque_nm=0.094 motors=[830.45,866.71,830.46,879.74,817.13,866.71,817.12,879.74][0m
[0m[INFO] [1786173242.985779807] [my_drone_dds_wasd_control]: STATE arm=2 nav=14 NED=(0.535,-0.472,-1.345) vel=(-0.029,0.018,0.023) yaw_deg=100.0 failsafe=False age_s=(0.30,0.02) arm_torque_nm=0.094 motors=[830.80,867.32,830.80,879.79,818.71,867.32,818.71,879.80][0m
[0m[INFO] [1786173243.983915736] [my_drone_dds_wasd_control]: STATE arm=2 nav=14 NED=(0.495,-0.443,-1.329) vel=(-0.025,0.011,0.043) yaw_deg=100.0 failsafe=False age_s=(0.29,0.02) arm_torque_nm=0.094 motors=[834.03,872.55,834.03,885.29,821.38,872.55,821.38,885.29][0m
[0m[INFO] [1786173244.983967638] [my_drone_dds_wasd_control]: STATE arm=2 nav=14 NED=(0.476,-0.458,-1.301) vel=(-0.020,-0.017,0.024) yaw_deg=99.9 failsafe=False age_s=(0.28,0.02) arm_torque_nm=0.093 motors=[832.39,870.02,832.40,881.52,820.12,870.03,820.11,881.51][0m
[INFO] [1786173172.729762869] [arm_preset_control]: Sent preset retracted over /arm_controller/joint_trajectory
[INFO] [1786173245.288238310] [arm_preset_control]: ARM_PRESET_REACHED preset=retracted max_error=0.059988 rad
[0m[INFO] [1786173246.033905145] [my_drone_dds_wasd_control]: STATE arm=2 nav=14 NED=(0.448,-0.458,-1.288) vel=(-0.021,0.015,0.015) yaw_deg=100.0 failsafe=False age_s=(0.33,0.01) arm_torque_nm=0.093 motors=[830.83,869.04,830.83,880.78,819.58,869.04,819.58,880.79][0m
[0m[INFO] [1786173247.041695665] [my_drone_dds_wasd_control]: STATE arm=2 nav=14 NED=(0.424,-0.420,-1.289) vel=(-0.017,0.018,0.015) yaw_deg=100.0 failsafe=False age_s=(0.32,0.01) arm_torque_nm=0.093 motors=[829.65,869.73,829.64,881.14,818.70,869.73,818.70,881.14][0m
[0m[INFO] [1786173248.088797573] [my_drone_dds_wasd_control]: STATE arm=2 nav=14 NED=(0.396,-0.412,-1.283) vel=(-0.018,-0.006,0.017) yaw_deg=99.9 failsafe=False age_s=(0.36,0.02) arm_torque_nm=0.093 motors=[830.56,870.24,830.56,880.54,819.82,870.24,819.81,880.53][0m
[0m[INFO] [1786173249.134883846] [my_drone_dds_wasd_control]: STATE arm=2 nav=14 NED=(0.359,-0.432,-1.275) vel=(-0.023,0.001,0.014) yaw_deg=99.9 failsafe=False age_s=(0.40,0.01) arm_torque_nm=0.092 motors=[830.63,869.98,830.63,880.45,819.85,869.98,819.84,880.44][0m
[0m[INFO] [1786173250.138159867] [my_drone_dds_wasd_control]: STATE arm=2 nav=14 NED=(0.325,-0.426,-1.294) vel=(-0.019,0.008,0.012) yaw_deg=100.0 failsafe=False age_s=(0.39,0.01) arm_torque_nm=0.092 motors=[828.11,869.99,828.11,879.06,819.08,869.99,819.08,879.06][0m
[0m[INFO] [1786173252.835736602] [my_drone_dds_wasd_control]: STATE arm=2 nav=14 NED=(0.343,-0.428,-1.293) vel=(0.006,-0.001,0.018) yaw_deg=100.0 failsafe=False age_s=(0.39,0.01) arm_torque_nm=0.091 motors=[829.70,870.26,829.70,880.26,819.79,870.26,819.79,880.26][0m
[0m[INFO] [1786173253.892420949] [my_drone_dds_wasd_control]: STATE arm=2 nav=14 NED=(0.319,-0.398,-1.283) vel=(-0.029,0.021,0.015) yaw_deg=100.0 failsafe=False age_s=(0.43,0.00) arm_torque_nm=0.091 motors=[829.25,870.10,829.25,880.54,819.32,870.09,819.32,880.55][0m
[0m[INFO] [1786173254.932324913] [my_drone_dds_wasd_control]: STATE arm=2 nav=14 NED=(0.299,-0.386,-1.282) vel=(-0.011,0.003,0.227) yaw_deg=99.9 failsafe=False age_s=(0.47,0.01) arm_torque_nm=0.089 motors=[850.68,895.88,850.69,903.82,842.28,895.88,842.27,903.81][0m
[0m[INFO] [1786173255.932153960] [my_drone_dds_wasd_control]: STATE arm=2 nav=14 NED=(0.338,-0.383,-1.290) vel=(0.018,0.002,0.232) yaw_deg=100.0 failsafe=False age_s=(0.46,0.01) arm_torque_nm=0.086 motors=[852.39,894.77,852.39,904.81,842.59,894.77,842.59,904.81][0m
[0m[INFO] [1786173256.932854917] [my_drone_dds_wasd_control]: STATE arm=2 nav=14 NED=(0.332,-0.404,-1.294) vel=(-0.026,-0.001,0.233) yaw_deg=100.0 failsafe=False age_s=(0.46,0.01) arm_torque_nm=0.087 motors=[852.21,894.89,852.21,904.97,842.38,894.89,842.38,904.97][0m
[0m[INFO] [1786173257.988957694] [my_drone_dds_wasd_control]: STATE arm=2 nav=14 NED=(0.259,-0.421,-1.284) vel=(-0.031,-0.001,0.014) yaw_deg=100.0 failsafe=False age_s=(0.50,0.00) arm_torque_nm=0.077 motors=[828.25,871.50,828.25,879.40,820.48,871.50,820.48,879.40][0m
[0m[INFO] [1786173258.991568766] [my_drone_dds_wasd_control]: STATE arm=2 nav=14 NED=(0.240,-0.415,-1.270) vel=(-0.003,0.009,0.010) yaw_deg=99.9 failsafe=False age_s=(0.49,0.00) arm_torque_nm=0.069 motors=[829.26,871.29,829.27,880.40,819.48,871.30,819.47,880.39][0m
[0m[INFO] [1786173260.036750830] [my_drone_dds_wasd_control]: STATE arm=2 nav=14 NED=(0.213,-0.425,-1.262) vel=(-0.026,-0.006,0.002) yaw_deg=99.9 failsafe=False age_s=(0.03,0.01) arm_torque_nm=0.060 motors=[828.01,869.80,828.01,878.93,818.65,869.81,818.65,878.93][0m
[0m[INFO] [1786173261.089674012] [my_drone_dds_wasd_control]: STATE arm=2 nav=14 NED=(0.188,-0.427,-1.279) vel=(-0.012,0.008,-0.104) yaw_deg=100.0 failsafe=False age_s=(0.07,0.00) arm_torque_nm=0.048 motors=[806.95,849.44,806.94,856.99,799.96,849.43,799.97,856.99][0m
[0m[INFO] [1786173262.087426136] [my_drone_dds_wasd_control]: STATE arm=2 nav=14 NED=(0.199,-0.427,-1.225) vel=(0.006,0.008,0.064) yaw_deg=100.0 failsafe=False age_s=(0.06,0.00) arm_torque_nm=0.036 motors=[837.48,880.00,837.48,889.49,827.95,880.00,827.95,889.49][0m
[0m[INFO] [1786173263.136570785] [my_drone_dds_wasd_control]: STATE arm=2 nav=14 NED=(0.208,-0.404,-1.174) vel=(-0.015,0.013,-0.002) yaw_deg=100.0 failsafe=False age_s=(0.10,0.01) arm_torque_nm=0.024 motors=[830.48,872.26,830.48,881.58,821.16,872.26,821.17,881.58][0m
[0m[INFO] [1786173264.136786762] [my_drone_dds_wasd_control]: STATE arm=2 nav=14 NED=(0.156,-0.392,-1.188) vel=(-0.028,0.008,-0.051) yaw_deg=100.0 failsafe=False age_s=(0.10,0.01) arm_torque_nm=0.014 motors=[820.58,863.75,820.58,871.70,812.58,863.75,812.58,871.70][0m
[0m[INFO] [1786173265.140930652] [my_drone_dds_wasd_control]: STATE arm=2 nav=14 NED=(0.129,-0.385,-1.197) vel=(-0.004,0.011,0.034) yaw_deg=99.9 failsafe=False age_s=(0.09,0.01) arm_torque_nm=0.007 motors=[833.96,876.45,833.96,884.93,825.31,876.45,825.30,884.93][0m
[0m[INFO] [1786173266.184841106] [my_drone_dds_wasd_control]: STATE arm=2 nav=14 NED=(0.153,-0.382,-1.198) vel=(-0.001,0.005,-0.030) yaw_deg=100.0 failsafe=False age_s=(0.13,0.00) arm_torque_nm=0.002 motors=[824.59,866.33,824.59,876.01,815.05,866.33,815.05,876.01][0m
[0m[INFO] [1786173267.190115447] [my_drone_dds_wasd_control]: STATE arm=2 nav=14 NED=(0.143,-0.407,-1.211) vel=(-0.016,-0.009,-0.022) yaw_deg=99.9 failsafe=False age_s=(0.12,0.00) arm_torque_nm=0.000 motors=[823.78,866.64,823.79,874.45,815.70,866.64,815.70,874.45][0m
[0m[INFO] [1786173268.236298785] [my_drone_dds_wasd_control]: STATE arm=2 nav=14 NED=(0.129,-0.392,-1.202) vel=(0.003,0.019,0.004) yaw_deg=99.9 failsafe=False age_s=(0.16,0.01) arm_torque_nm=0.000 motors=[828.11,871.38,828.11,879.26,820.26,871.38,820.27,879.26][0m
[0m[INFO] [1786173269.238529686] [my_drone_dds_wasd_control]: STATE arm=2 nav=14 NED=(0.142,-0.379,-1.184) vel=(-0.000,0.005,0.001) yaw_deg=100.0 failsafe=False age_s=(0.16,0.01) arm_torque_nm=0.000 motors=[829.06,871.53,829.05,881.11,819.70,871.52,819.71,881.11][0m
[0m[INFO] [1786173270.287095200] [my_drone_dds_wasd_control]: STATE arm=2 nav=14 NED=(0.133,-0.382,-1.204) vel=(-0.019,0.000,-0.014) yaw_deg=99.9 failsafe=False age_s=(0.20,0.00) arm_torque_nm=0.000 motors=[824.69,866.56,824.69,874.74,816.36,866.56,816.36,874.74][0m
[0m[INFO] [1786173271.335135828] [my_drone_dds_wasd_control]: STATE arm=2 nav=14 NED=(0.142,-0.413,-1.168) vel=(0.002,-0.003,0.013) yaw_deg=100.0 failsafe=False age_s=(0.24,0.01) arm_torque_nm=0.000 motors=[830.04,873.55,830.03,882.22,821.61,873.55,821.61,882.22][0m
[0m[INFO] [1786173272.387900349] [my_drone_dds_wasd_control]: STATE arm=2 nav=14 NED=(0.125,-0.449,-1.132) vel=(-0.018,-0.013,0.020) yaw_deg=100.0 failsafe=False age_s=(0.28,0.00) arm_torque_nm=0.000 motors=[834.03,876.57,834.03,885.52,825.07,876.57,825.07,885.52][0m
[0m[INFO] [1786173273.384734792] [my_drone_dds_wasd_control]: STATE arm=2 nav=14 NED=(0.146,-0.451,-1.132) vel=(0.003,0.010,-0.009) yaw_deg=100.0 failsafe=False age_s=(0.27,0.00) arm_torque_nm=0.000 motors=[829.81,873.02,829.81,880.75,822.14,873.02,822.14,880.75][0m
ARM_FLIGHT_SENT_LAND
[33m[WARN] [1786173273.900528610] [my_drone_dds_wasd_control]: LAND requested; Offboard setpoint stream stopped[0m
[0m[INFO] [1786173273.917679647] [my_drone_dds_wasd_control]: PX4 command ack: command=21 result=0[0m
[0m[INFO] [1786173274.436298639] [my_drone_dds_wasd_control]: STATE arm=2 nav=18 NED=(0.172,-0.443,-1.125) vel=(0.010,0.006,0.300) yaw_deg=100.0 failsafe=False age_s=(0.24,0.01) arm_torque_nm=0.000 motors=[808.86,848.08,808.86,857.47,799.34,848.08,799.34,857.47][0m
[0m[INFO] [1786173275.491870829] [my_drone_dds_wasd_control]: STATE arm=2 nav=18 NED=(0.202,-0.427,-0.800) vel=(0.010,-0.030,0.287) yaw_deg=100.0 failsafe=False age_s=(0.29,0.00) arm_torque_nm=0.000 motors=[824.09,867.25,824.09,876.08,815.19,867.25,815.19,876.07][0m
[0m[INFO] [1786173276.489546721] [my_drone_dds_wasd_control]: STATE arm=2 nav=18 NED=(0.207,-0.482,-0.396) vel=(0.018,-0.058,0.328) yaw_deg=99.9 failsafe=False age_s=(0.28,0.00) arm_torque_nm=0.000 motors=[836.77,879.35,836.77,887.28,828.50,879.36,828.49,887.27][0m
[0m[INFO] [1786173277.539012067] [my_drone_dds_wasd_control]: STATE arm=2 nav=18 NED=(0.217,-0.528,-0.031) vel=(0.007,-0.030,0.303) yaw_deg=100.0 failsafe=False age_s=(0.32,0.01) arm_torque_nm=0.000 motors=[836.62,879.02,836.62,888.23,827.51,879.02,827.51,888.23][0m
[0m[INFO] [1786173278.587600151] [my_drone_dds_wasd_control]: STATE arm=2 nav=18 NED=(0.235,-0.563,0.221) vel=(0.014,-0.046,0.252) yaw_deg=100.0 failsafe=False age_s=(0.36,0.00) arm_torque_nm=0.000 motors=[820.36,863.30,820.36,871.76,812.01,863.30,812.01,871.76][0m
[0m[INFO] [1786173279.592558142] [my_drone_dds_wasd_control]: STATE arm=2 nav=18 NED=(0.225,-0.590,0.442) vel=(0.000,-0.034,0.219) yaw_deg=99.9 failsafe=False age_s=(0.35,0.00) arm_torque_nm=0.000 motors=[811.39,851.83,811.39,860.48,802.53,851.83,802.53,860.47][0m
[0m[INFO] [1786173280.603754186] [my_drone_dds_wasd_control]: STATE arm=2 nav=18 NED=(0.253,-0.691,0.687) vel=(0.106,-0.489,-0.036) yaw_deg=100.2 failsafe=False age_s=(0.06,0.02) arm_torque_nm=0.192 motors=[678.58,895.19,678.49,904.44,676.63,895.10,676.71,904.53][0m
[0m[INFO] [1786173281.637836056] [my_drone_dds_wasd_control]: STATE arm=2 nav=18 NED=(0.238,-2.166,0.612) vel=(-0.079,-1.973,-0.084) yaw_deg=97.1 failsafe=False age_s=(0.11,0.01) arm_torque_nm=0.039 motors=[673.32,870.37,674.44,878.15,572.19,871.49,571.07,877.04][0m
[0m[INFO] [1786173282.684585769] [my_drone_dds_wasd_control]: STATE arm=2 nav=18 NED=(0.232,-4.997,0.681) vel=(-0.021,-3.079,0.063) yaw_deg=89.1 failsafe=False age_s=(0.15,0.00) arm_torque_nm=0.081 motors=[697.04,938.38,700.63,838.99,495.84,941.97,492.25,835.40][0m
[0m[INFO] [1786173283.685342359] [my_drone_dds_wasd_control]: STATE arm=2 nav=18 NED=(0.220,-8.390,0.703) vel=(-0.020,-3.578,-0.023) yaw_deg=79.6 failsafe=False age_s=(0.14,0.00) arm_torque_nm=0.000 motors=[647.65,948.39,651.57,818.22,449.68,952.31,445.76,814.30][0m
[0m[INFO] [1786173287.038843623] [my_drone_dds_wasd_control]: STATE arm=2 nav=18 NED=(0.243,-12.132,0.743) vel=(0.119,-3.749,0.174) yaw_deg=87.6 failsafe=False age_s=(0.18,0.01) arm_torque_nm=0.004 motors=[551.14,989.94,553.81,855.32,462.28,992.61,459.61,852.65][0m
[0m[INFO] [1786173288.092823223] [my_drone_dds_wasd_control]: STATE arm=2 nav=18 NED=(0.339,-15.940,0.838) vel=(0.017,-3.675,0.098) yaw_deg=122.8 failsafe=False age_s=(0.22,0.02) arm_torque_nm=0.000 motors=[423.77,849.37,421.37,976.79,497.25,846.97,499.65,979.18][0m
[0m[INFO] [1786173289.137939516] [my_drone_dds_wasd_control]: STATE arm=2 nav=18 NED=(0.356,-19.445,0.823) vel=(0.051,-3.073,-0.001) yaw_deg=119.2 failsafe=False age_s=(0.26,0.01) arm_torque_nm=0.000 motors=[337.86,826.68,334.84,1000.00,414.81,823.66,417.82,1000.00][0m
[0m[INFO] [1786173290.138120909] [my_drone_dds_wasd_control]: STATE arm=2 nav=18 NED=(0.349,-21.817,0.778) vel=(-0.036,-1.918,-0.082) yaw_deg=115.4 failsafe=False age_s=(0.25,0.01) arm_torque_nm=0.041 motors=[277.23,785.67,273.96,981.81,354.60,782.41,357.87,985.08][0m
[0m[INFO] [1786173291.149287874] [my_drone_dds_wasd_control]: STATE arm=2 nav=18 NED=(0.326,-22.870,0.704) vel=(-0.024,-0.183,-0.163) yaw_deg=113.4 failsafe=False age_s=(0.25,0.01) arm_torque_nm=0.110 motors=[228.08,723.37,226.92,795.75,252.81,722.21,253.97,796.91][0m
[0m[INFO] [1786173292.196469891] [my_drone_dds_wasd_control]: STATE arm=2 nav=18 NED=(0.283,-22.766,0.726) vel=(-0.094,0.190,0.031) yaw_deg=111.0 failsafe=False age_s=(0.29,0.02) arm_torque_nm=0.207 motors=[284.63,684.74,283.90,740.42,290.21,684.01,290.94,741.16][0m
[0m[INFO] [1786173293.188015698] [my_drone_dds_wasd_control]: STATE arm=2 nav=18 NED=(0.287,-22.796,0.793) vel=(-0.024,-0.009,0.016) yaw_deg=109.7 failsafe=False age_s=(0.28,0.02) arm_torque_nm=0.085 motors=[0.00,177.86,0.00,237.14,0.00,176.87,0.00,238.13][0m
[0m[INFO] [1786173294.237448217] [my_drone_dds_wasd_control]: STATE arm=2 nav=18 NED=(0.302,-22.796,0.815) vel=(0.012,-0.010,0.021) yaw_deg=109.7 failsafe=False age_s=(0.32,0.01) arm_torque_nm=0.004 motors=[0.00,177.61,0.00,237.35,0.00,176.61,0.00,238.35][0m
[0m[INFO] [1786173295.085536404] [my_drone_dds_wasd_control]: LANDING_DISARMED_CONFIRMED[0m
ARM_FLIGHT_METRICS horizontal_drift_m=0.742 altitude_span_m=1.403 samples=200
DDS_ARM_FLIGHT_PASS
