[0m[INFO] [1786148990.191757689] [my_drone_dds_wasd_control]: ARM_FEEDFORWARD enabled; reading bounded NED acceleration[0m
DDS WASD: T takeoff | W/S/A/D move | R/F up/down | Q/E yaw | L land | O exit Offboard | X twice emergency disarm | Z safe exit
[0m[INFO] [1786148990.254514799] [my_drone_dds_wasd_control]: NED target initialized: N=-0.010 E=0.072 D=-0.043 yaw=94.7 deg[0m
[0m[INFO] [1786148990.322039368] [my_drone_dds_wasd_control]: local vertical target sign=-1 (target = current + sign * height)[0m
[0m[INFO] [1786148990.381899528] [my_drone_dds_wasd_control]: STATE arm=1 nav=4 NED=(-0.010,0.072,-0.043) vel=(0.006,0.024,0.004) yaw_deg=94.7 failsafe=False age_s=(0.13,0.13) arm_torque_nm=0.000 motors=[0.00,0.00,0.00,0.00,0.00,0.00,0.00,0.00][0m
[0m[INFO] [1786148991.468993000] [my_drone_dds_wasd_control]: STATE arm=1 nav=4 NED=(-0.019,0.053,-0.037) vel=(-0.001,0.010,0.004) yaw_deg=94.7 failsafe=False age_s=(0.22,0.00) arm_torque_nm=0.000 motors=[0.00,0.00,0.00,0.00,0.00,0.00,0.00,0.00][0m
[0m[INFO] [1786148992.530455024] [my_drone_dds_wasd_control]: target NED=(-0.03, 0.05, -0.64) yaw=94.6 deg[0m
[0m[INFO] [1786148992.581252060] [my_drone_dds_wasd_control]: Prestreaming Offboard setpoints for 2 seconds[0m
[0m[INFO] [1786148992.770128855] [my_drone_dds_wasd_control]: STATE arm=1 nav=4 NED=(-0.029,0.045,-0.045) vel=(-0.007,0.006,0.001) yaw_deg=94.6 failsafe=False age_s=(0.34,0.17) arm_torque_nm=0.000 motors=[0.00,0.00,0.00,0.00,0.00,0.00,0.00,0.00][0m
[0m[INFO] [1786148993.714861788] [my_drone_dds_wasd_control]: STATE arm=1 nav=4 NED=(-0.040,0.049,-0.332) vel=(-0.013,0.004,-0.734) yaw_deg=94.6 failsafe=False age_s=(0.22,0.09) arm_torque_nm=0.000 motors=[0.00,0.00,0.00,0.00,0.00,0.00,0.00,0.00][0m
[0m[INFO] [1786148994.974223082] [my_drone_dds_wasd_control]: OFFBOARD mode and ARM commands sent[0m
[0m[INFO] [1786148995.458135296] [my_drone_dds_wasd_control]: STATE arm=1 nav=4 NED=(-0.044,0.047,-0.735) vel=(-0.011,0.001,-0.937) yaw_deg=94.7 failsafe=False age_s=(0.73,0.01) arm_torque_nm=0.000 motors=[0.00,2.50,0.00,2.62,0.00,2.49,0.00,2.63][0m
[31m[ERROR] [1786148995.651816085] [my_drone_dds_wasd_control]: PX4 status timeout: stopping Offboard stream[0m
[0m[INFO] [1786148995.776562458] [my_drone_dds_wasd_control]: PX4 command ack: command=400 result=0[0m
[0m[INFO] [1786148996.388750966] [my_drone_dds_wasd_control]: STATE arm=2 nav=14 NED=(-0.040,0.049,-0.881) vel=(-0.007,0.003,-1.331) yaw_deg=94.7 failsafe=False age_s=(0.22,0.13) arm_torque_nm=0.000 motors=[0.00,3.17,0.00,3.04,0.00,3.18,0.00,3.04][0m
[0m[INFO] [1786148997.635063959] [my_drone_dds_wasd_control]: STATE arm=2 nav=14 NED=(-0.041,0.050,-1.068) vel=(-0.007,0.003,-1.351) yaw_deg=94.7 failsafe=False age_s=(1.23,0.29) arm_torque_nm=0.000 motors=[0.00,3.00,0.00,2.97,0.00,2.99,0.00,2.97][0m
[0m[INFO] [1786148998.955899218] [my_drone_dds_wasd_control]: STATE arm=2 nav=14 NED=(-0.042,0.052,-1.411) vel=(-0.006,0.002,-1.379) yaw_deg=94.6 failsafe=False age_s=(2.35,0.27) arm_torque_nm=0.000 motors=[0.00,3.20,0.00,3.20,0.00,3.21,0.00,3.20][0m
[0m[INFO] [1786149001.372995612] [my_drone_dds_wasd_control]: STATE arm=2 nav=5 NED=(-0.043,0.053,-1.725) vel=(-0.005,0.002,-1.405) yaw_deg=94.6 failsafe=True age_s=(0.14,0.10) arm_torque_nm=0.000 motors=[0.00,3.69,0.00,3.36,0.00,3.69,0.00,3.36][0m
[0m[INFO] [1786149001.964063339] [my_drone_dds_wasd_control]: STATE arm=2 nav=5 NED=(-0.043,0.053,-1.841) vel=(-0.006,0.002,-1.413) yaw_deg=94.6 failsafe=True age_s=(1.27,0.24) arm_torque_nm=0.000 motors=[0.00,3.58,0.00,3.29,0.00,3.58,0.00,3.29][0m
[0m[INFO] [1786149003.560832290] [my_drone_dds_wasd_control]: STATE arm=2 nav=5 NED=(-0.044,0.054,-2.079) vel=(-0.005,0.002,-1.685) yaw_deg=94.6 failsafe=True age_s=(0.96,0.44) arm_torque_nm=0.000 motors=[0.00,3.71,0.00,3.36,0.00,3.71,0.00,3.36][0m
[0m[INFO] [1786149004.365422956] [my_drone_dds_wasd_control]: STATE arm=2 nav=5 NED=(-0.043,0.054,-2.257) vel=(-0.004,0.002,-2.431) yaw_deg=94.6 failsafe=True age_s=(2.03,0.22) arm_torque_nm=0.000 motors=[0.00,3.57,0.00,3.18,0.00,3.57,0.00,3.18][0m
[0m[INFO] [1786149005.881751504] [my_drone_dds_wasd_control]: STATE arm=2 nav=5 NED=(-0.042,0.055,-2.900) vel=(-0.004,0.002,-3.723) yaw_deg=94.6 failsafe=True age_s=(0.46,0.11) arm_torque_nm=0.000 motors=[0.00,3.92,0.00,2.91,0.00,3.92,0.00,2.91][0m
[0m[INFO] [1786149006.504942194] [my_drone_dds_wasd_control]: STATE arm=2 nav=5 NED=(-0.041,0.055,-3.285) vel=(-0.004,0.002,-4.247) yaw_deg=94.6 failsafe=True age_s=(1.49,0.20) arm_torque_nm=0.000 motors=[0.00,3.96,0.00,3.34,0.00,3.97,0.00,3.34][0m
[0m[INFO] [1786149007.577225825] [my_drone_dds_wasd_control]: STATE arm=2 nav=5 NED=(-0.040,0.055,-3.762) vel=(-0.004,0.002,-4.872) yaw_deg=94.6 failsafe=True age_s=(2.51,0.09) arm_torque_nm=0.000 motors=[0.00,3.67,0.00,3.40,0.00,3.68,0.00,3.40][0m
[0m[INFO] [1786149008.333657001] [my_drone_dds_wasd_control]: STATE arm=2 nav=5 NED=(-0.040,0.055,-4.557) vel=(-0.004,0.001,-5.277) yaw_deg=94.6 failsafe=True age_s=(0.38,0.36) arm_torque_nm=0.000 motors=[0.00,3.95,0.00,3.26,0.00,3.95,0.00,3.25][0m
[0m[INFO] [1786149009.410089967] [my_drone_dds_wasd_control]: STATE arm=2 nav=5 NED=(-0.039,0.055,-6.225) vel=(-0.003,0.000,-6.618) yaw_deg=94.6 failsafe=True age_s=(1.39,0.25) arm_torque_nm=0.000 motors=[0.00,3.59,0.00,3.32,0.00,3.60,0.00,3.32][0m
[0m[INFO] [1786149010.301547042] [my_drone_dds_wasd_control]: STATE arm=2 nav=5 NED=(-0.023,0.048,-14.476) vel=(0.005,-0.008,-11.795) yaw_deg=94.6 failsafe=True age_s=(0.08,0.01) arm_torque_nm=0.000 motors=[0.00,4.03,0.00,3.49,0.00,4.04,0.00,3.49][0m
[0m[INFO] [1786149011.276852273] [my_drone_dds_wasd_control]: STATE arm=2 nav=5 NED=(-0.020,0.018,-25.162) vel=(0.005,-0.022,-11.550) yaw_deg=94.6 failsafe=True age_s=(0.06,0.01) arm_torque_nm=0.000 motors=[0.00,3.87,0.00,3.63,0.00,3.87,0.00,3.63][0m
[0m[INFO] [1786149012.278419272] [my_drone_dds_wasd_control]: STATE arm=2 nav=5 NED=(-0.000,0.015,-36.243) vel=(0.013,-0.020,-11.456) yaw_deg=94.7 failsafe=True age_s=(0.05,0.02) arm_torque_nm=0.000 motors=[0.00,3.95,0.00,3.00,0.00,3.95,0.00,3.00][0m
[0m[INFO] [1786149013.224665523] [my_drone_dds_wasd_control]: STATE arm=2 nav=5 NED=(0.015,0.007,-47.530) vel=(0.016,-0.019,-11.393) yaw_deg=94.7 failsafe=True age_s=(0.03,0.02) arm_torque_nm=0.000 motors=[0.00,4.05,0.00,3.18,0.00,4.05,0.00,3.17][0m
[0m[INFO] [1786149014.271146769] [my_drone_dds_wasd_control]: STATE arm=2 nav=5 NED=(0.019,0.001,-59.572) vel=(0.011,-0.018,-11.345) yaw_deg=94.7 failsafe=True age_s=(0.07,0.00) arm_torque_nm=0.000 motors=[0.00,4.09,0.00,3.43,0.00,4.10,0.00,3.42][0m
[0m[INFO] [1786149015.329732759] [my_drone_dds_wasd_control]: STATE arm=2 nav=5 NED=(-0.009,0.030,-0.007) vel=(0.003,0.013,-0.010) yaw_deg=94.7 failsafe=True age_s=(0.11,0.01) arm_torque_nm=0.000 motors=[0.00,3.99,0.00,3.39,0.00,3.99,0.00,3.38][0m
[0m[INFO] [1786149016.349548357] [my_drone_dds_wasd_control]: STATE arm=2 nav=5 NED=(0.007,0.052,0.087) vel=(0.012,0.016,0.011) yaw_deg=94.7 failsafe=True age_s=(0.24,0.01) arm_torque_nm=0.000 motors=[0.00,4.03,0.00,3.08,0.00,4.04,0.00,3.08][0m
[0m[INFO] [1786149017.367194410] [my_drone_dds_wasd_control]: STATE arm=2 nav=5 NED=(0.018,0.031,0.050) vel=(0.012,-0.006,0.022) yaw_deg=94.7 failsafe=True age_s=(0.28,0.02) arm_torque_nm=0.000 motors=[0.00,3.92,0.00,3.96,0.00,3.92,0.00,3.95][0m
[0m[INFO] [1786149018.383802741] [my_drone_dds_wasd_control]: STATE arm=1 nav=14 NED=(-0.000,0.022,0.034) vel=(-0.006,-0.010,0.030) yaw_deg=94.7 failsafe=False age_s=(0.28,0.02) arm_torque_nm=0.000 motors=[0.00,0.00,0.00,0.00,0.00,0.00,0.00,0.00][0m
[0m[INFO] [1786149019.408561574] [my_drone_dds_wasd_control]: STATE arm=1 nav=14 NED=(0.013,0.036,0.053) vel=(0.012,0.002,0.038) yaw_deg=94.7 failsafe=False age_s=(0.33,0.00) arm_torque_nm=0.000 motors=[0.00,0.00,0.00,0.00,0.00,0.00,0.00,0.00][0m
[0m[INFO] [1786149020.477904775] [my_drone_dds_wasd_control]: STATE arm=1 nav=14 NED=(0.032,0.034,0.035) vel=(0.018,-0.001,0.040) yaw_deg=94.7 failsafe=False age_s=(0.36,0.01) arm_torque_nm=0.000 motors=[0.00,0.00,0.00,0.00,0.00,0.00,0.00,0.00][0m
[0m[INFO] [1786149021.521442410] [my_drone_dds_wasd_control]: STATE arm=1 nav=14 NED=(0.020,0.053,0.050) vel=(0.011,0.007,0.049) yaw_deg=94.7 failsafe=False age_s=(0.40,0.02) arm_torque_nm=0.000 motors=[0.00,0.00,0.00,0.00,0.00,0.00,0.00,0.00][0m
[0m[INFO] [1786149022.563644874] [my_drone_dds_wasd_control]: STATE arm=1 nav=14 NED=(0.005,0.044,0.053) vel=(0.004,0.002,0.057) yaw_deg=94.7 failsafe=False age_s=(0.44,0.01) arm_torque_nm=0.000 motors=[0.00,0.00,0.00,0.00,0.00,0.00,0.00,0.00][0m
[0m[INFO] [1786149023.611828445] [my_drone_dds_wasd_control]: STATE arm=1 nav=14 NED=(-0.002,0.054,0.053) vel=(-0.000,0.010,0.058) yaw_deg=94.7 failsafe=False age_s=(0.48,0.02) arm_torque_nm=0.000 motors=[0.00,0.00,0.00,0.00,0.00,0.00,0.00,0.00][0m
[0m[INFO] [1786149024.629388379] [my_drone_dds_wasd_control]: STATE arm=1 nav=14 NED=(0.017,0.042,0.053) vel=(0.010,-0.000,0.054) yaw_deg=94.7 failsafe=False age_s=(0.48,0.02) arm_torque_nm=0.000 motors=[0.00,0.00,0.00,0.00,0.00,0.00,0.00,0.00][0m
[0m[INFO] [1786149025.623401757] [my_drone_dds_wasd_control]: STATE arm=1 nav=14 NED=(0.018,0.040,0.042) vel=(0.006,0.001,0.047) yaw_deg=94.7 failsafe=False age_s=(0.47,0.02) arm_torque_nm=0.000 motors=[0.00,0.00,0.00,0.00,0.00,0.00,0.00,0.00][0m
[0m[INFO] [1786149026.671205176] [my_drone_dds_wasd_control]: STATE arm=1 nav=14 NED=(-0.003,0.028,0.026) vel=(-0.006,-0.004,0.039) yaw_deg=94.7 failsafe=False age_s=(0.01,0.01) arm_torque_nm=0.000 motors=[0.00,0.00,0.00,0.00,0.00,0.00,0.00,0.00][0m
[0m[INFO] [1786149027.680132461] [my_drone_dds_wasd_control]: STATE arm=1 nav=14 NED=(-0.019,0.045,0.036) vel=(-0.015,0.007,0.042) yaw_deg=94.7 failsafe=False age_s=(0.50,0.01) arm_torque_nm=0.000 motors=[0.00,0.00,0.00,0.00,0.00,0.00,0.00,0.00][0m
[0m[INFO] [1786149028.683201158] [my_drone_dds_wasd_control]: STATE arm=1 nav=14 NED=(-0.017,0.076,0.038) vel=(-0.011,0.020,0.040) yaw_deg=94.7 failsafe=False age_s=(0.49,0.01) arm_torque_nm=0.000 motors=[0.00,0.00,0.00,0.00,0.00,0.00,0.00,0.00][0m
[0m[INFO] [1786149029.727594945] [my_drone_dds_wasd_control]: STATE arm=1 nav=14 NED=(-0.019,0.069,0.047) vel=(-0.011,0.013,0.043) yaw_deg=94.7 failsafe=False age_s=(0.03,0.02) arm_torque_nm=0.000 motors=[0.00,0.00,0.00,0.00,0.00,0.00,0.00,0.00][0m
[0m[INFO] [1786149030.765994741] [my_drone_dds_wasd_control]: STATE arm=1 nav=14 NED=(-0.019,0.059,0.040) vel=(-0.005,0.006,0.039) yaw_deg=94.7 failsafe=False age_s=(0.07,0.01) arm_torque_nm=0.000 motors=[0.00,0.00,0.00,0.00,0.00,0.00,0.00,0.00][0m
[0m[INFO] [1786149031.816799992] [my_drone_dds_wasd_control]: STATE arm=1 nav=14 NED=(0.006,0.041,0.023) vel=(0.014,-0.004,0.033) yaw_deg=94.7 failsafe=False age_s=(0.12,0.02) arm_torque_nm=0.000 motors=[0.00,0.00,0.00,0.00,0.00,0.00,0.00,0.00][0m
[0m[INFO] [1786149032.827568546] [my_drone_dds_wasd_control]: STATE arm=1 nav=14 NED=(-0.012,0.026,0.033) vel=(-0.002,-0.011,0.037) yaw_deg=94.7 failsafe=False age_s=(0.11,0.02) arm_torque_nm=0.000 motors=[0.00,0.00,0.00,0.00,0.00,0.00,0.00,0.00][0m
[0m[INFO] [1786149035.429084452] [my_drone_dds_wasd_control]: STATE arm=1 nav=14 NED=(-0.039,0.016,0.008) vel=(-0.014,-0.009,0.027) yaw_deg=94.7 failsafe=False age_s=(0.13,0.01) arm_torque_nm=0.000 motors=[0.00,0.00,0.00,0.00,0.00,0.00,0.00,0.00][0m
[0m[INFO] [1786149036.481762497] [my_drone_dds_wasd_control]: STATE arm=1 nav=14 NED=(-0.024,0.032,-0.006) vel=(0.001,0.002,0.026) yaw_deg=94.7 failsafe=False age_s=(0.18,0.00) arm_torque_nm=0.000 motors=[0.00,0.00,0.00,0.00,0.00,0.00,0.00,0.00][0m
[0m[INFO] [1786149037.475748140] [my_drone_dds_wasd_control]: STATE arm=1 nav=14 NED=(0.001,0.031,-0.008) vel=(0.011,-0.003,0.026) yaw_deg=94.7 failsafe=False age_s=(0.17,0.00) arm_torque_nm=0.000 motors=[0.00,0.00,0.00,0.00,0.00,0.00,0.00,0.00][0m
[0m[INFO] [1786149038.479868530] [my_drone_dds_wasd_control]: STATE arm=1 nav=14 NED=(-0.002,0.040,0.002) vel=(0.001,0.002,0.036) yaw_deg=94.7 failsafe=False age_s=(0.16,0.00) arm_torque_nm=0.000 motors=[0.00,0.00,0.00,0.00,0.00,0.00,0.00,0.00][0m
[0m[INFO] [1786149039.514163320] [my_drone_dds_wasd_control]: STATE arm=1 nav=14 NED=(-0.012,0.010,0.012) vel=(-0.005,-0.017,0.036) yaw_deg=94.7 failsafe=False age_s=(0.20,0.01) arm_torque_nm=0.000 motors=[0.00,0.00,0.00,0.00,0.00,0.00,0.00,0.00][0m
[0m[INFO] [1786149040.567467075] [my_drone_dds_wasd_control]: STATE arm=1 nav=14 NED=(-0.025,0.007,0.014) vel=(-0.012,-0.014,0.030) yaw_deg=94.7 failsafe=False age_s=(0.24,0.00) arm_torque_nm=0.000 motors=[0.00,0.00,0.00,0.00,0.00,0.00,0.00,0.00][0m
[0m[INFO] [1786149041.615420894] [my_drone_dds_wasd_control]: STATE arm=1 nav=14 NED=(0.005,0.014,0.007) vel=(0.007,-0.007,0.025) yaw_deg=94.7 failsafe=False age_s=(0.29,0.01) arm_torque_nm=0.000 motors=[0.00,0.00,0.00,0.00,0.00,0.00,0.00,0.00][0m
[0m[INFO] [1786149042.620560338] [my_drone_dds_wasd_control]: STATE arm=1 nav=14 NED=(-0.002,0.014,-0.003) vel=(0.003,-0.006,0.026) yaw_deg=94.7 failsafe=False age_s=(0.28,0.01) arm_torque_nm=0.000 motors=[0.00,0.00,0.00,0.00,0.00,0.00,0.00,0.00][0m
[0m[INFO] [1786149043.672369037] [my_drone_dds_wasd_control]: STATE arm=1 nav=14 NED=(-0.021,0.028,0.003) vel=(-0.001,0.005,0.027) yaw_deg=94.7 failsafe=False age_s=(0.32,0.00) arm_torque_nm=0.000 motors=[0.00,0.00,0.00,0.00,0.00,0.00,0.00,0.00][0m
[0m[INFO] [1786149044.716483158] [my_drone_dds_wasd_control]: STATE arm=1 nav=14 NED=(-0.019,0.016,-0.003) vel=(0.005,-0.007,0.026) yaw_deg=94.7 failsafe=False age_s=(0.36,0.01) arm_torque_nm=0.000 motors=[0.00,0.00,0.00,0.00,0.00,0.00,0.00,0.00][0m
[0m[INFO] [1786149045.764858699] [my_drone_dds_wasd_control]: STATE arm=1 nav=14 NED=(-0.012,0.031,-0.022) vel=(0.014,0.001,0.020) yaw_deg=94.7 failsafe=False age_s=(0.40,0.00) arm_torque_nm=0.000 motors=[0.00,0.00,0.00,0.00,0.00,0.00,0.00,0.00][0m
[0m[INFO] [1786149046.828119932] [my_drone_dds_wasd_control]: STATE arm=1 nav=14 NED=(-0.025,0.037,-0.033) vel=(0.002,-0.000,0.018) yaw_deg=94.7 failsafe=False age_s=(0.45,0.01) arm_torque_nm=0.000 motors=[0.00,0.00,0.00,0.00,0.00,0.00,0.00,0.00][0m
[0m[INFO] [1786149047.864074660] [my_drone_dds_wasd_control]: STATE arm=1 nav=14 NED=(0.002,0.034,-0.023) vel=(0.014,-0.002,0.024) yaw_deg=94.7 failsafe=False age_s=(0.49,0.02) arm_torque_nm=0.000 motors=[0.00,0.00,0.00,0.00,0.00,0.00,0.00,0.00][0m
[0m[INFO] [1786149048.939608156] [my_drone_dds_wasd_control]: STATE arm=1 nav=14 NED=(0.012,0.044,0.001) vel=(0.015,0.005,0.038) yaw_deg=94.7 failsafe=False age_s=(0.03,0.01) arm_torque_nm=0.000 motors=[0.00,0.00,0.00,0.00,0.00,0.00,0.00,0.00][0m
[0m[INFO] [1786149049.966465124] [my_drone_dds_wasd_control]: STATE arm=1 nav=14 NED=(0.003,0.055,0.007) vel=(0.006,0.010,0.033) yaw_deg=94.7 failsafe=False age_s=(0.07,0.00) arm_torque_nm=0.000 motors=[0.00,0.00,0.00,0.00,0.00,0.00,0.00,0.00][0m
[0m[INFO] [1786149051.057129312] [my_drone_dds_wasd_control]: STATE arm=1 nav=14 NED=(-0.017,0.073,0.010) vel=(-0.011,0.017,0.030) yaw_deg=94.7 failsafe=False age_s=(0.11,0.01) arm_torque_nm=0.000 motors=[0.00,0.00,0.00,0.00,0.00,0.00,0.00,0.00][0m
[0m[INFO] [1786149052.019439308] [my_drone_dds_wasd_control]: STATE arm=1 nav=14 NED=(-0.032,0.048,0.016) vel=(-0.016,-0.002,0.037) yaw_deg=94.7 failsafe=False age_s=(0.09,0.02) arm_torque_nm=0.000 motors=[0.00,0.00,0.00,0.00,0.00,0.00,0.00,0.00][0m
[0m[INFO] [1786149053.113021455] [my_drone_dds_wasd_control]: STATE arm=1 nav=14 NED=(-0.040,0.035,0.028) vel=(-0.017,-0.005,0.058) yaw_deg=94.7 failsafe=False age_s=(0.13,0.02) arm_torque_nm=0.000 motors=[0.00,0.00,0.00,0.00,0.00,0.00,0.00,0.00][0m
[0m[INFO] [1786149054.080967607] [my_drone_dds_wasd_control]: STATE arm=1 nav=14 NED=(-0.027,0.037,0.003) vel=(-0.003,-0.001,-0.005) yaw_deg=94.7 failsafe=False age_s=(0.10,0.01) arm_torque_nm=0.000 motors=[0.00,0.00,0.00,0.00,0.00,0.00,0.00,0.00][0m
[0m[INFO] [1786149055.135142740] [my_drone_dds_wasd_control]: STATE arm=1 nav=14 NED=(-0.009,0.046,-0.010) vel=(0.009,0.006,0.006) yaw_deg=94.7 failsafe=False age_s=(0.14,0.00) arm_torque_nm=0.000 motors=[0.00,0.00,0.00,0.00,0.00,0.00,0.00,0.00][0m
[0m[INFO] [1786149056.187905738] [my_drone_dds_wasd_control]: STATE arm=1 nav=14 NED=(-0.013,0.047,0.003) vel=(0.004,0.013,0.024) yaw_deg=94.7 failsafe=False age_s=(0.17,0.01) arm_torque_nm=0.000 motors=[0.00,0.00,0.00,0.00,0.00,0.00,0.00,0.00][0m
[0m[INFO] [1786149057.212760071] [my_drone_dds_wasd_control]: STATE arm=1 nav=14 NED=(-0.034,0.053,0.001) vel=(-0.007,0.010,0.023) yaw_deg=94.7 failsafe=False age_s=(0.20,0.01) arm_torque_nm=0.000 motors=[0.00,0.00,0.00,0.00,0.00,0.00,0.00,0.00][0m
[0m[INFO] [1786149058.235306250] [my_drone_dds_wasd_control]: STATE arm=1 nav=14 NED=(-0.035,0.026,0.003) vel=(-0.003,-0.008,0.031) yaw_deg=94.7 failsafe=False age_s=(0.19,0.01) arm_torque_nm=0.000 motors=[0.00,0.00,0.00,0.00,0.00,0.00,0.00,0.00][0m
[0m[INFO] [1786149059.260880269] [my_drone_dds_wasd_control]: STATE arm=1 nav=14 NED=(-0.022,0.032,0.010) vel=(0.006,0.002,0.032) yaw_deg=94.7 failsafe=False age_s=(0.23,0.00) arm_torque_nm=0.000 motors=[0.00,0.00,0.00,0.00,0.00,0.00,0.00,0.00][0m
[0m[INFO] [1786149060.263378779] [my_drone_dds_wasd_control]: STATE arm=1 nav=14 NED=(-0.029,0.047,0.008) vel=(-0.003,0.010,0.028) yaw_deg=94.7 failsafe=False age_s=(0.22,0.02) arm_torque_nm=0.000 motors=[0.00,0.00,0.00,0.00,0.00,0.00,0.00,0.00][0m
[0m[INFO] [1786149061.279464439] [my_drone_dds_wasd_control]: STATE arm=1 nav=14 NED=(-0.040,0.060,-0.003) vel=(-0.005,0.017,0.022) yaw_deg=94.7 failsafe=False age_s=(0.21,0.02) arm_torque_nm=0.000 motors=[0.00,0.00,0.00,0.00,0.00,0.00,0.00,0.00][0m
[0m[INFO] [1786149062.274334841] [my_drone_dds_wasd_control]: STATE arm=1 nav=14 NED=(-0.036,0.042,-0.014) vel=(-0.003,0.001,0.018) yaw_deg=94.7 failsafe=False age_s=(0.20,0.02) arm_torque_nm=0.000 motors=[0.00,0.00,0.00,0.00,0.00,0.00,0.00,0.00][0m
[0m[INFO] [1786149063.321714937] [my_drone_dds_wasd_control]: STATE arm=1 nav=14 NED=(-0.039,0.030,-0.024) vel=(-0.003,-0.006,0.016) yaw_deg=94.7 failsafe=False age_s=(0.25,0.01) arm_torque_nm=0.000 motors=[0.00,0.00,0.00,0.00,0.00,0.00,0.00,0.00][0m
[0m[INFO] [1786149064.378946135] [my_drone_dds_wasd_control]: STATE arm=1 nav=14 NED=(-0.036,0.028,-0.016) vel=(0.004,-0.008,0.019) yaw_deg=94.7 failsafe=False age_s=(0.29,0.02) arm_torque_nm=0.000 motors=[0.00,0.00,0.00,0.00,0.00,0.00,0.00,0.00][0m
[0m[INFO] [1786149065.419553142] [my_drone_dds_wasd_control]: STATE arm=1 nav=14 NED=(-0.032,0.033,0.000) vel=(0.001,-0.004,0.024) yaw_deg=94.7 failsafe=False age_s=(0.33,0.01) arm_torque_nm=0.000 motors=[0.00,0.00,0.00,0.00,0.00,0.00,0.00,0.00][0m
[0m[INFO] [1786149066.424972382] [my_drone_dds_wasd_control]: STATE arm=1 nav=14 NED=(-0.026,0.035,0.004) vel=(0.007,-0.003,0.021) yaw_deg=94.7 failsafe=False age_s=(0.32,0.01) arm_torque_nm=0.000 motors=[0.00,0.00,0.00,0.00,0.00,0.00,0.00,0.00][0m
[0m[INFO] [1786149067.481162539] [my_drone_dds_wasd_control]: STATE arm=1 nav=14 NED=(-0.022,0.047,0.023) vel=(0.008,0.006,0.034) yaw_deg=94.7 failsafe=False age_s=(0.36,0.02) arm_torque_nm=0.000 motors=[0.00,0.00,0.00,0.00,0.00,0.00,0.00,0.00][0m
[0m[INFO] [1786149070.180621008] [my_drone_dds_wasd_control]: STATE arm=1 nav=14 NED=(-0.024,0.048,0.008) vel=(0.003,0.007,0.025) yaw_deg=94.7 failsafe=False age_s=(0.40,0.00) arm_torque_nm=0.000 motors=[0.00,0.00,0.00,0.00,0.00,0.00,0.00,0.00][0m
[0m[INFO] [1786149071.244227418] [my_drone_dds_wasd_control]: STATE arm=1 nav=14 NED=(-0.027,0.053,-0.007) vel=(-0.003,0.007,0.017) yaw_deg=94.7 failsafe=False age_s=(0.39,0.02) arm_torque_nm=0.000 motors=[0.00,0.00,0.00,0.00,0.00,0.00,0.00,0.00][0m
[0m[INFO] [1786149072.242468436] [my_drone_dds_wasd_control]: STATE arm=1 nav=14 NED=(-0.011,0.061,0.038) vel=(0.005,0.015,0.101) yaw_deg=94.7 failsafe=False age_s=(0.40,0.01) arm_torque_nm=0.000 motors=[0.00,0.00,0.00,0.00,0.00,0.00,0.00,0.00][0m
[0m[INFO] [1786149073.291923362] [my_drone_dds_wasd_control]: STATE arm=1 nav=14 NED=(0.007,0.061,0.053) vel=(0.009,0.009,0.077) yaw_deg=94.7 failsafe=False age_s=(0.44,0.02) arm_torque_nm=0.000 motors=[0.00,0.00,0.00,0.00,0.00,0.00,0.00,0.00][0m
[0m[INFO] [1786149074.327186094] [my_drone_dds_wasd_control]: STATE arm=1 nav=14 NED=(0.025,0.054,0.022) vel=(0.018,-0.001,0.048) yaw_deg=94.7 failsafe=False age_s=(0.43,0.02) arm_torque_nm=0.000 motors=[0.00,0.00,0.00,0.00,0.00,0.00,0.00,0.00][0m
[0m[INFO] [1786149075.316985252] [my_drone_dds_wasd_control]: STATE arm=1 nav=14 NED=(0.017,0.044,0.008) vel=(0.010,-0.004,0.033) yaw_deg=94.7 failsafe=False age_s=(0.47,0.01) arm_torque_nm=0.000 motors=[0.00,0.00,0.00,0.00,0.00,0.00,0.00,0.00][0m
[0m[INFO] [1786149076.375548135] [my_drone_dds_wasd_control]: STATE arm=1 nav=14 NED=(0.002,0.059,-0.012) vel=(-0.002,0.009,0.026) yaw_deg=94.7 failsafe=False age_s=(0.01,0.02) arm_torque_nm=0.000 motors=[0.00,0.00,0.00,0.00,0.00,0.00,0.00,0.00][0m
[0m[INFO] [1786149077.375683106] [my_drone_dds_wasd_control]: STATE arm=1 nav=14 NED=(0.016,0.060,-0.014) vel=(0.011,0.006,0.022) yaw_deg=94.7 failsafe=False age_s=(0.50,0.02) arm_torque_nm=0.000 motors=[0.00,0.00,0.00,0.00,0.00,0.00,0.00,0.00][0m
[0m[INFO] [1786149078.435199641] [my_drone_dds_wasd_control]: STATE arm=1 nav=14 NED=(0.011,0.073,-0.004) vel=(0.004,0.014,0.025) yaw_deg=94.7 failsafe=False age_s=(0.04,0.01) arm_torque_nm=0.000 motors=[0.00,0.00,0.00,0.00,0.00,0.00,0.00,0.00][0m
[0m[INFO] [1786149079.478923837] [my_drone_dds_wasd_control]: STATE arm=1 nav=14 NED=(-0.007,0.040,-0.007) vel=(-0.004,-0.008,0.022) yaw_deg=94.7 failsafe=False age_s=(0.08,0.02) arm_torque_nm=0.000 motors=[0.00,0.00,0.00,0.00,0.00,0.00,0.00,0.00][0m
[0m[INFO] [1786149080.470517013] [my_drone_dds_wasd_control]: STATE arm=1 nav=14 NED=(-0.003,0.025,-0.000) vel=(0.000,-0.014,0.022) yaw_deg=94.7 failsafe=False age_s=(0.07,0.02) arm_torque_nm=0.000 motors=[0.00,0.00,0.00,0.00,0.00,0.00,0.00,0.00][0m
[0m[INFO] [1786149081.541986826] [my_drone_dds_wasd_control]: STATE arm=1 nav=14 NED=(-0.002,0.022,0.013) vel=(-0.003,-0.010,0.023) yaw_deg=94.7 failsafe=False age_s=(0.12,0.01) arm_torque_nm=0.000 motors=[0.00,0.00,0.00,0.00,0.00,0.00,0.00,0.00][0m
[0m[INFO] [1786149082.572279030] [my_drone_dds_wasd_control]: STATE arm=1 nav=14 NED=(-0.011,0.039,0.005) vel=(-0.007,0.001,0.019) yaw_deg=94.7 failsafe=False age_s=(0.16,0.02) arm_torque_nm=0.000 motors=[0.00,0.00,0.00,0.00,0.00,0.00,0.00,0.00][0m
[0m[INFO] [1786149083.565485249] [my_drone_dds_wasd_control]: STATE arm=1 nav=14 NED=(0.005,0.049,0.002) vel=(0.001,0.005,0.019) yaw_deg=94.7 failsafe=False age_s=(0.15,0.02) arm_torque_nm=0.000 motors=[0.00,0.00,0.00,0.00,0.00,0.00,0.00,0.00][0m
[0m[INFO] [1786149084.728508401] [my_drone_dds_wasd_control]: STATE arm=1 nav=14 NED=(0.017,0.028,-0.003) vel=(0.009,-0.003,0.022) yaw_deg=94.7 failsafe=False age_s=(0.18,0.02) arm_torque_nm=0.000 motors=[0.00,0.00,0.00,0.00,0.00,0.00,0.00,0.00][0m
[0m[INFO] [1786149085.639513620] [my_drone_dds_wasd_control]: STATE arm=1 nav=14 NED=(0.019,0.025,0.010) vel=(0.010,-0.001,0.044) yaw_deg=94.7 failsafe=False age_s=(0.14,0.00) arm_torque_nm=0.000 motors=[0.00,0.00,0.00,0.00,0.00,0.00,0.00,0.00][0m
[0m[INFO] [1786149086.683607370] [my_drone_dds_wasd_control]: STATE arm=1 nav=14 NED=(0.019,0.020,0.026) vel=(0.010,-0.005,0.038) yaw_deg=94.7 failsafe=False age_s=(0.17,0.01) arm_torque_nm=0.000 motors=[0.00,0.00,0.00,0.00,0.00,0.00,0.00,0.00][0m
[0m[INFO] [1786149087.731102941] [my_drone_dds_wasd_control]: STATE arm=1 nav=14 NED=(0.007,0.022,0.036) vel=(-0.000,-0.004,0.035) yaw_deg=94.7 failsafe=False age_s=(0.22,0.02) arm_torque_nm=0.000 motors=[0.00,0.00,0.00,0.00,0.00,0.00,0.00,0.00][0m
[0m[INFO] [1786149088.722841572] [my_drone_dds_wasd_control]: STATE arm=1 nav=14 NED=(0.004,0.026,0.017) vel=(-0.004,0.001,0.025) yaw_deg=94.7 failsafe=False age_s=(0.21,0.02) arm_torque_nm=0.000 motors=[0.00,0.00,0.00,0.00,0.00,0.00,0.00,0.00][0m
[0m[INFO] [1786149089.773087733] [my_drone_dds_wasd_control]: STATE arm=1 nav=14 NED=(-0.010,0.031,0.012) vel=(-0.007,0.002,0.023) yaw_deg=94.7 failsafe=False age_s=(0.25,0.00) arm_torque_nm=0.000 motors=[0.00,0.00,0.00,0.00,0.00,0.00,0.00,0.00][0m
[0m[INFO] [1786149090.771642255] [my_drone_dds_wasd_control]: STATE arm=1 nav=14 NED=(-0.014,0.020,0.018) vel=(-0.001,-0.005,0.023) yaw_deg=94.7 failsafe=False age_s=(0.24,0.01) arm_torque_nm=0.000 motors=[0.00,0.00,0.00,0.00,0.00,0.00,0.00,0.00][0m
[0m[INFO] [1786149091.826984358] [my_drone_dds_wasd_control]: STATE arm=1 nav=14 NED=(-0.027,0.017,0.020) vel=(-0.005,-0.005,0.021) yaw_deg=94.7 failsafe=False age_s=(0.28,0.02) arm_torque_nm=0.000 motors=[0.00,0.00,0.00,0.00,0.00,0.00,0.00,0.00][0m
[0m[INFO] [1786149092.866197673] [my_drone_dds_wasd_control]: STATE arm=1 nav=14 NED=(-0.042,0.030,0.026) vel=(-0.011,0.004,0.021) yaw_deg=94.7 failsafe=False age_s=(0.31,0.01) arm_torque_nm=0.000 motors=[0.00,0.00,0.00,0.00,0.00,0.00,0.00,0.00][0m
[0m[INFO] [1786149093.921379515] [my_drone_dds_wasd_control]: STATE arm=1 nav=14 NED=(-0.056,0.037,0.035) vel=(-0.015,0.002,0.021) yaw_deg=94.7 failsafe=False age_s=(0.35,0.02) arm_torque_nm=0.000 motors=[0.00,0.00,0.00,0.00,0.00,0.00,0.00,0.00][0m
[0m[INFO] [1786149094.971006628] [my_drone_dds_wasd_control]: STATE arm=1 nav=14 NED=(-0.042,0.020,0.032) vel=(-0.003,-0.008,0.018) yaw_deg=94.7 failsafe=False age_s=(0.39,0.01) arm_torque_nm=0.000 motors=[0.00,0.00,0.00,0.00,0.00,0.00,0.00,0.00][0m
[0m[INFO] [1786149096.022234509] [my_drone_dds_wasd_control]: STATE arm=1 nav=14 NED=(-0.040,0.031,0.032) vel=(-0.001,-0.002,0.019) yaw_deg=94.7 failsafe=False age_s=(0.43,0.02) arm_torque_nm=0.000 motors=[0.00,0.00,0.00,0.00,0.00,0.00,0.00,0.00][0m
[0m[INFO] [1786149097.029984549] [my_drone_dds_wasd_control]: STATE arm=1 nav=14 NED=(-0.042,0.032,0.022) vel=(-0.005,-0.004,0.016) yaw_deg=94.7 failsafe=False age_s=(0.42,0.01) arm_torque_nm=0.000 motors=[0.00,0.00,0.00,0.00,0.00,0.00,0.00,0.00][0m
[0m[INFO] [1786149098.025698979] [my_drone_dds_wasd_control]: STATE arm=1 nav=14 NED=(-0.042,0.025,0.004) vel=(-0.002,-0.009,0.010) yaw_deg=94.7 failsafe=False age_s=(0.41,0.00) arm_torque_nm=0.000 motors=[0.00,0.00,0.00,0.00,0.00,0.00,0.00,0.00][0m
[0m[INFO] [1786149099.083448941] [my_drone_dds_wasd_control]: STATE arm=1 nav=14 NED=(-0.035,0.033,-0.001) vel=(0.004,-0.002,0.010) yaw_deg=94.7 failsafe=False age_s=(0.44,0.01) arm_torque_nm=0.000 motors=[0.00,0.00,0.00,0.00,0.00,0.00,0.00,0.00][0m
[0m[INFO] [1786149100.083543201] [my_drone_dds_wasd_control]: STATE arm=1 nav=14 NED=(-0.035,0.044,-0.011) vel=(-0.001,0.003,0.010) yaw_deg=94.7 failsafe=False age_s=(0.43,0.01) arm_torque_nm=0.000 motors=[0.00,0.00,0.00,0.00,0.00,0.00,0.00,0.00][0m
[0m[INFO] [1786149101.127990398] [my_drone_dds_wasd_control]: STATE arm=1 nav=14 NED=(-0.029,0.031,-0.013) vel=(-0.003,-0.005,0.010) yaw_deg=94.7 failsafe=False age_s=(0.48,0.00) arm_torque_nm=0.000 motors=[0.00,0.00,0.00,0.00,0.00,0.00,0.00,0.00][0m
[0m[INFO] [1786149103.844664098] [my_drone_dds_wasd_control]: STATE arm=1 nav=14 NED=(-0.017,0.021,-0.017) vel=(-0.000,-0.010,0.011) yaw_deg=94.7 failsafe=False age_s=(0.01,0.00) arm_torque_nm=0.000 motors=[0.00,0.00,0.00,0.00,0.00,0.00,0.00,0.00][0m
[0m[INFO] [1786149104.869749489] [my_drone_dds_wasd_control]: STATE arm=1 nav=14 NED=(-0.032,0.021,-0.037) vel=(-0.014,-0.004,0.004) yaw_deg=94.7 failsafe=False age_s=(0.05,0.01) arm_torque_nm=0.000 motors=[0.00,0.00,0.00,0.00,0.00,0.00,0.00,0.00][0m
[0m[INFO] [1786149105.878827846] [my_drone_dds_wasd_control]: STATE arm=1 nav=14 NED=(-0.040,0.017,-0.034) vel=(-0.016,-0.004,0.006) yaw_deg=94.7 failsafe=False age_s=(0.04,0.01) arm_torque_nm=0.000 motors=[0.00,0.00,0.00,0.00,0.00,0.00,0.00,0.00][0m
[0m[INFO] [1786149106.923834781] [my_drone_dds_wasd_control]: STATE arm=1 nav=14 NED=(-0.026,0.009,-0.044) vel=(-0.002,-0.007,0.003) yaw_deg=94.7 failsafe=False age_s=(0.08,0.00) arm_torque_nm=0.000 motors=[0.00,0.00,0.00,0.00,0.00,0.00,0.00,0.00][0m
[0m[INFO] [1786149107.967036602] [my_drone_dds_wasd_control]: STATE arm=1 nav=14 NED=(-0.025,0.024,-0.042) vel=(-0.001,0.001,0.005) yaw_deg=94.7 failsafe=False age_s=(0.12,0.01) arm_torque_nm=0.000 motors=[0.00,0.00,0.00,0.00,0.00,0.00,0.00,0.00][0m
[0m[INFO] [1786149108.982952749] [my_drone_dds_wasd_control]: STATE arm=1 nav=14 NED=(-0.033,0.035,-0.040) vel=(-0.007,0.004,0.007) yaw_deg=94.7 failsafe=False age_s=(0.12,0.01) arm_torque_nm=0.000 motors=[0.00,0.00,0.00,0.00,0.00,0.00,0.00,0.00][0m
[0m[INFO] [1786149110.021970842] [my_drone_dds_wasd_control]: STATE arm=1 nav=14 NED=(-0.022,0.038,-0.045) vel=(0.002,0.006,0.008) yaw_deg=94.7 failsafe=False age_s=(0.16,0.00) arm_torque_nm=0.000 motors=[0.00,0.00,0.00,0.00,0.00,0.00,0.00,0.00][0m
[0m[INFO] [1786149111.315664365] [my_drone_dds_wasd_control]: STATE arm=1 nav=14 NED=(-0.030,0.037,-0.052) vel=(-0.006,0.006,0.006) yaw_deg=94.7 failsafe=False age_s=(0.20,0.01) arm_torque_nm=0.000 motors=[0.00,0.00,0.00,0.00,0.00,0.00,0.00,0.00][0m
[0m[INFO] [1786149112.139625732] [my_drone_dds_wasd_control]: STATE arm=1 nav=14 NED=(-0.035,0.038,-0.038) vel=(-0.013,0.004,0.009) yaw_deg=94.7 failsafe=False age_s=(0.24,0.02) arm_torque_nm=0.000 motors=[0.00,0.00,0.00,0.00,0.00,0.00,0.00,0.00][0m
[0m[INFO] [1786149113.132148091] [my_drone_dds_wasd_control]: STATE arm=1 nav=14 NED=(-0.026,0.045,-0.032) vel=(-0.008,0.006,0.009) yaw_deg=94.7 failsafe=False age_s=(0.23,0.02) arm_torque_nm=0.000 motors=[0.00,0.00,0.00,0.00,0.00,0.00,0.00,0.00][0m
[0m[INFO] [1786149114.142384938] [my_drone_dds_wasd_control]: STATE arm=1 nav=14 NED=(-0.006,0.048,-0.031) vel=(0.003,0.008,0.009) yaw_deg=94.7 failsafe=False age_s=(0.20,0.00) arm_torque_nm=0.000 motors=[0.00,0.00,0.00,0.00,0.00,0.00,0.00,0.00][0m
[0m[INFO] [1786149115.179553661] [my_drone_dds_wasd_control]: STATE arm=1 nav=14 NED=(0.003,0.028,-0.026) vel=(0.007,-0.004,0.009) yaw_deg=94.7 failsafe=False age_s=(0.25,0.01) arm_torque_nm=0.000 motors=[0.00,0.00,0.00,0.00,0.00,0.00,0.00,0.00][0m
[0m[INFO] [1786149116.181527206] [my_drone_dds_wasd_control]: STATE arm=1 nav=14 NED=(0.011,0.013,-0.016) vel=(0.008,-0.016,0.012) yaw_deg=94.7 failsafe=False age_s=(0.24,0.01) arm_torque_nm=0.000 motors=[0.00,0.00,0.00,0.00,0.00,0.00,0.00,0.00][0m
[0m[INFO] [1786149117.285808476] [my_drone_dds_wasd_control]: STATE arm=1 nav=14 NED=(0.004,0.018,-0.019) vel=(0.005,-0.007,0.011) yaw_deg=94.7 failsafe=False age_s=(0.28,0.02) arm_torque_nm=0.000 motors=[0.00,0.00,0.00,0.00,0.00,0.00,0.00,0.00][0m
[0m[INFO] [1786149118.282732560] [my_drone_dds_wasd_control]: STATE arm=1 nav=14 NED=(-0.018,0.026,-0.027) vel=(-0.009,-0.002,0.008) yaw_deg=94.7 failsafe=False age_s=(0.32,0.01) arm_torque_nm=0.000 motors=[0.00,0.00,0.00,0.00,0.00,0.00,0.00,0.00][0m
[0m[INFO] [1786149119.274241465] [my_drone_dds_wasd_control]: STATE arm=1 nav=14 NED=(-0.028,0.025,-0.033) vel=(-0.009,-0.005,0.007) yaw_deg=94.7 failsafe=False age_s=(0.32,0.00) arm_torque_nm=0.000 motors=[0.00,0.00,0.00,0.00,0.00,0.00,0.00,0.00][0m
[0m[INFO] [1786149120.285397018] [my_drone_dds_wasd_control]: STATE arm=1 nav=14 NED=(-0.012,0.018,-0.025) vel=(-0.001,-0.008,0.010) yaw_deg=94.7 failsafe=False age_s=(0.30,0.00) arm_torque_nm=0.000 motors=[0.00,0.00,0.00,0.00,0.00,0.00,0.00,0.00][0m
[0m[INFO] [1786149121.273536105] [my_drone_dds_wasd_control]: STATE arm=1 nav=14 NED=(-0.001,0.004,-0.018) vel=(0.005,-0.019,0.012) yaw_deg=94.7 failsafe=False age_s=(0.28,0.02) arm_torque_nm=0.000 motors=[0.00,0.00,0.00,0.00,0.00,0.00,0.00,0.00][0m
[0m[INFO] [1786149122.269726300] [my_drone_dds_wasd_control]: STATE arm=1 nav=14 NED=(-0.005,0.015,-0.006) vel=(-0.001,-0.007,0.014) yaw_deg=94.7 failsafe=False age_s=(0.26,0.02) arm_torque_nm=0.000 motors=[0.00,0.00,0.00,0.00,0.00,0.00,0.00,0.00][0m
[0m[INFO] [1786149123.313981866] [my_drone_dds_wasd_control]: STATE arm=1 nav=14 NED=(0.001,0.030,-0.008) vel=(0.005,0.006,0.010) yaw_deg=94.7 failsafe=False age_s=(0.30,0.00) arm_torque_nm=0.000 motors=[0.00,0.00,0.00,0.00,0.00,0.00,0.00,0.00][0m
[0m[INFO] [1786149124.378272288] [my_drone_dds_wasd_control]: STATE arm=1 nav=14 NED=(0.007,0.041,-0.021) vel=(0.009,0.012,0.007) yaw_deg=94.7 failsafe=False age_s=(0.34,0.01) arm_torque_nm=0.000 motors=[0.00,0.00,0.00,0.00,0.00,0.00,0.00,0.00][0m
[0m[INFO] [1786149125.365001914] [my_drone_dds_wasd_control]: STATE arm=1 nav=14 NED=(0.008,0.056,-0.028) vel=(0.008,0.017,0.004) yaw_deg=94.7 failsafe=False age_s=(0.33,0.01) arm_torque_nm=0.000 motors=[0.00,0.00,0.00,0.00,0.00,0.00,0.00,0.00][0m
[0m[INFO] [1786149126.372640643] [my_drone_dds_wasd_control]: STATE arm=1 nav=14 NED=(-0.005,0.053,-0.036) vel=(-0.003,0.007,0.002) yaw_deg=94.7 failsafe=False age_s=(0.32,0.01) arm_torque_nm=0.000 motors=[0.00,0.00,0.00,0.00,0.00,0.00,0.00,0.00][0m
[0m[INFO] [1786149127.401651152] [my_drone_dds_wasd_control]: STATE arm=1 nav=14 NED=(0.002,0.032,-0.054) vel=(0.006,-0.009,-0.004) yaw_deg=94.7 failsafe=False age_s=(0.31,0.00) arm_torque_nm=0.000 motors=[0.00,0.00,0.00,0.00,0.00,0.00,0.00,0.00][0m
[0m[INFO] [1786149128.426353530] [my_drone_dds_wasd_control]: STATE arm=1 nav=14 NED=(0.013,0.026,-0.063) vel=(0.014,-0.014,-0.005) yaw_deg=94.7 failsafe=False age_s=(0.35,0.01) arm_torque_nm=0.000 motors=[0.00,0.00,0.00,0.00,0.00,0.00,0.00,0.00][0m
[0m[INFO] [1786149129.480824219] [my_drone_dds_wasd_control]: STATE arm=1 nav=14 NED=(0.013,0.027,-0.072) vel=(0.015,-0.011,-0.004) yaw_deg=94.7 failsafe=False age_s=(0.38,0.01) arm_torque_nm=0.000 motors=[0.00,0.00,0.00,0.00,0.00,0.00,0.00,0.00][0m
[0m[INFO] [1786149130.479196821] [my_drone_dds_wasd_control]: STATE arm=1 nav=14 NED=(0.004,0.025,-0.068) vel=(0.005,-0.009,-0.001) yaw_deg=94.7 failsafe=False age_s=(0.33,0.01) arm_torque_nm=0.000 motors=[0.00,0.00,0.00,0.00,0.00,0.00,0.00,0.00][0m
[0m[INFO] [1786149131.492225754] [my_drone_dds_wasd_control]: STATE arm=1 nav=14 NED=(-0.022,0.027,-0.051) vel=(-0.008,-0.002,0.006) yaw_deg=94.7 failsafe=False age_s=(0.31,0.00) arm_torque_nm=0.000 motors=[0.00,0.00,0.00,0.00,0.00,0.00,0.00,0.00][0m
[0m[INFO] [1786149132.623938123] [my_drone_dds_wasd_control]: STATE arm=1 nav=14 NED=(-0.015,0.045,-0.037) vel=(-0.003,0.010,-0.009) yaw_deg=94.7 failsafe=False age_s=(0.34,0.00) arm_torque_nm=0.000 motors=[0.00,0.00,0.00,0.00,0.00,0.00,0.00,0.00][0m
[0m[INFO] [1786149133.546844195] [my_drone_dds_wasd_control]: STATE arm=1 nav=14 NED=(-0.011,0.045,-0.054) vel=(0.001,0.009,-0.023) yaw_deg=94.7 failsafe=False age_s=(0.29,0.00) arm_torque_nm=0.000 motors=[0.00,0.00,0.00,0.00,0.00,0.00,0.00,0.00][0m
[0m[INFO] [1786149134.527852189] [my_drone_dds_wasd_control]: STATE arm=1 nav=14 NED=(-0.002,0.034,-0.068) vel=(0.004,-0.001,-0.021) yaw_deg=94.7 failsafe=False age_s=(0.28,0.00) arm_torque_nm=0.000 motors=[0.00,0.00,0.00,0.00,0.00,0.00,0.00,0.00][0m
[0m[INFO] [1786149137.172083367] [my_drone_dds_wasd_control]: STATE arm=1 nav=14 NED=(0.002,0.015,-0.070) vel=(0.003,-0.013,-0.013) yaw_deg=94.7 failsafe=False age_s=(0.29,0.02) arm_torque_nm=0.000 motors=[0.00,0.00,0.00,0.00,0.00,0.00,0.00,0.00][0m
[0m[INFO] [1786149138.233514177] [my_drone_dds_wasd_control]: STATE arm=1 nav=14 NED=(0.008,0.009,-0.063) vel=(0.009,-0.014,-0.005) yaw_deg=94.7 failsafe=False age_s=(0.33,0.00) arm_torque_nm=0.000 motors=[0.00,0.00,0.00,0.00,0.00,0.00,0.00,0.00][0m
[0m[INFO] [1786149139.268487195] [my_drone_dds_wasd_control]: STATE arm=1 nav=14 NED=(0.021,0.016,-0.059) vel=(0.012,-0.001,0.001) yaw_deg=94.7 failsafe=False age_s=(0.37,0.01) arm_torque_nm=0.000 motors=[0.00,0.00,0.00,0.00,0.00,0.00,0.00,0.00][0m
[0m[INFO] [1786149140.277682905] [my_drone_dds_wasd_control]: STATE arm=1 nav=14 NED=(0.017,0.038,-0.060) vel=(0.005,0.009,0.003) yaw_deg=94.7 failsafe=False age_s=(0.36,0.01) arm_torque_nm=0.000 motors=[0.00,0.00,0.00,0.00,0.00,0.00,0.00,0.00][0m
[0m[INFO] [1786149141.310470346] [my_drone_dds_wasd_control]: STATE arm=1 nav=14 NED=(-0.005,0.041,-0.062) vel=(-0.006,0.007,0.003) yaw_deg=94.7 failsafe=False age_s=(0.32,0.01) arm_torque_nm=0.000 motors=[0.00,0.00,0.00,0.00,0.00,0.00,0.00,0.00][0m
[0m[INFO] [1786149142.269548434] [my_drone_dds_wasd_control]: STATE arm=1 nav=14 NED=(-0.003,0.050,-0.069) vel=(-0.001,0.008,0.002) yaw_deg=94.7 failsafe=False age_s=(0.30,0.01) arm_torque_nm=0.000 motors=[0.00,0.00,0.00,0.00,0.00,0.00,0.00,0.00][0m
[0m[INFO] [1786149143.367850554] [my_drone_dds_wasd_control]: STATE arm=1 nav=14 NED=(0.012,0.054,-0.064) vel=(0.010,0.005,0.004) yaw_deg=94.7 failsafe=False age_s=(0.32,0.00) arm_torque_nm=0.000 motors=[0.00,0.00,0.00,0.00,0.00,0.00,0.00,0.00][0m
[0m[INFO] [1786149144.324461448] [my_drone_dds_wasd_control]: STATE arm=1 nav=14 NED=(0.028,0.041,-0.046) vel=(0.017,-0.004,0.011) yaw_deg=94.7 failsafe=False age_s=(0.30,0.01) arm_torque_nm=0.000 motors=[0.00,0.00,0.00,0.00,0.00,0.00,0.00,0.00][0m
[0m[INFO] [1786149145.383344492] [my_drone_dds_wasd_control]: STATE arm=1 nav=14 NED=(0.005,0.037,-0.037) vel=(-0.002,-0.007,0.011) yaw_deg=94.7 failsafe=False age_s=(0.34,0.02) arm_torque_nm=0.000 motors=[0.00,0.00,0.00,0.00,0.00,0.00,0.00,0.00][0m
[0m[INFO] [1786149146.418549992] [my_drone_dds_wasd_control]: STATE arm=1 nav=14 NED=(0.005,0.043,-0.038) vel=(-0.004,-0.000,0.011) yaw_deg=94.7 failsafe=False age_s=(0.33,0.00) arm_torque_nm=0.000 motors=[0.00,0.00,0.00,0.00,0.00,0.00,0.00,0.00][0m
[0m[INFO] [1786149147.373806286] [my_drone_dds_wasd_control]: STATE arm=1 nav=14 NED=(0.009,0.048,-0.025) vel=(-0.004,0.005,0.014) yaw_deg=94.7 failsafe=False age_s=(0.31,0.00) arm_torque_nm=0.000 motors=[0.00,0.00,0.00,0.00,0.00,0.00,0.00,0.00][0m
[0m[INFO] [1786149148.419414299] [my_drone_dds_wasd_control]: STATE arm=1 nav=14 NED=(-0.025,0.040,-0.030) vel=(-0.019,0.003,0.010) yaw_deg=94.7 failsafe=False age_s=(0.35,0.00) arm_torque_nm=0.000 motors=[0.00,0.00,0.00,0.00,0.00,0.00,0.00,0.00][0m
[0m[INFO] [1786149149.436670789] [my_drone_dds_wasd_control]: STATE arm=1 nav=14 NED=(-0.036,0.053,-0.033) vel=(-0.020,0.009,0.010) yaw_deg=94.7 failsafe=False age_s=(0.33,0.02) arm_torque_nm=0.000 motors=[0.00,0.00,0.00,0.00,0.00,0.00,0.00,0.00][0m
[0m[INFO] [1786149150.471998431] [my_drone_dds_wasd_control]: STATE arm=1 nav=14 NED=(-0.044,0.036,-0.040) vel=(-0.017,-0.005,0.009) yaw_deg=94.7 failsafe=False age_s=(0.37,0.01) arm_torque_nm=0.000 motors=[0.00,0.00,0.00,0.00,0.00,0.00,0.00,0.00][0m
[0m[INFO] [1786149151.518621332] [my_drone_dds_wasd_control]: STATE arm=1 nav=14 NED=(-0.044,0.034,-0.050) vel=(-0.011,-0.001,0.005) yaw_deg=94.7 failsafe=False age_s=(0.38,0.02) arm_torque_nm=0.000 motors=[0.00,0.00,0.00,0.00,0.00,0.00,0.00,0.00][0m
[0m[INFO] [1786149152.523305500] [my_drone_dds_wasd_control]: STATE arm=1 nav=14 NED=(-0.024,0.047,-0.061) vel=(0.004,0.010,0.002) yaw_deg=94.7 failsafe=False age_s=(0.37,0.02) arm_torque_nm=0.000 motors=[0.00,0.00,0.00,0.00,0.00,0.00,0.00,0.00][0m
[0m[INFO] [1786149153.531814377] [my_drone_dds_wasd_control]: STATE arm=1 nav=14 NED=(0.006,0.067,-0.064) vel=(0.023,0.021,0.001) yaw_deg=94.7 failsafe=False age_s=(0.37,0.02) arm_torque_nm=0.000 motors=[0.00,0.00,0.00,0.00,0.00,0.00,0.00,0.00][0m
[0m[INFO] [1786149154.528904234] [my_drone_dds_wasd_control]: STATE arm=1 nav=14 NED=(0.003,0.066,-0.059) vel=(0.013,0.013,0.003) yaw_deg=94.7 failsafe=False age_s=(0.36,0.02) arm_torque_nm=0.000 motors=[0.00,0.00,0.00,0.00,0.00,0.00,0.00,0.00][0m
[0m[INFO] [1786149155.549401189] [my_drone_dds_wasd_control]: STATE arm=1 nav=14 NED=(0.001,0.043,-0.048) vel=(0.013,-0.001,0.005) yaw_deg=94.7 failsafe=False age_s=(0.35,0.02) arm_torque_nm=0.000 motors=[0.00,0.00,0.00,0.00,0.00,0.00,0.00,0.00][0m
[0m[INFO] [1786149156.574080038] [my_drone_dds_wasd_control]: STATE arm=1 nav=14 NED=(0.015,0.031,-0.044) vel=(0.016,-0.005,0.005) yaw_deg=94.7 failsafe=False age_s=(0.39,0.00) arm_torque_nm=0.000 motors=[0.00,0.00,0.00,0.00,0.00,0.00,0.00,0.00][0m
[0m[INFO] [1786149157.571939261] [my_drone_dds_wasd_control]: STATE arm=1 nav=14 NED=(0.004,0.040,-0.058) vel=(0.004,0.005,0.001) yaw_deg=94.7 failsafe=False age_s=(0.38,0.00) arm_torque_nm=0.000 motors=[0.00,0.00,0.00,0.00,0.00,0.00,0.00,0.00][0m
[0m[INFO] [1786149158.670695949] [my_drone_dds_wasd_control]: STATE arm=1 nav=14 NED=(0.005,0.038,-0.053) vel=(0.005,0.007,0.005) yaw_deg=94.7 failsafe=False age_s=(0.42,0.01) arm_torque_nm=0.000 motors=[0.00,0.00,0.00,0.00,0.00,0.00,0.00,0.00][0m
[0m[INFO] [1786149159.688147843] [my_drone_dds_wasd_control]: STATE arm=1 nav=14 NED=(0.003,0.042,-0.041) vel=(0.005,0.009,0.009) yaw_deg=94.7 failsafe=False age_s=(0.45,0.01) arm_torque_nm=0.000 motors=[0.00,0.00,0.00,0.00,0.00,0.00,0.00,0.00][0m
[0m[INFO] [1786149160.678351510] [my_drone_dds_wasd_control]: STATE arm=1 nav=14 NED=(0.008,0.037,-0.047) vel=(0.005,0.000,0.007) yaw_deg=94.7 failsafe=False age_s=(0.43,0.01) arm_torque_nm=0.000 motors=[0.00,0.00,0.00,0.00,0.00,0.00,0.00,0.00][0m
[0m[INFO] [1786149161.744831301] [my_drone_dds_wasd_control]: STATE arm=1 nav=14 NED=(-0.003,0.010,-0.048) vel=(0.000,-0.016,0.009) yaw_deg=94.7 failsafe=False age_s=(0.46,0.00) arm_torque_nm=0.000 motors=[0.00,0.00,0.00,0.00,0.00,0.00,0.00,0.00][0m
[0m[INFO] [1786149162.762429087] [my_drone_dds_wasd_control]: STATE arm=1 nav=14 NED=(-0.020,0.004,-0.027) vel=(-0.007,-0.015,0.013) yaw_deg=94.7 failsafe=False age_s=(0.50,0.01) arm_torque_nm=0.000 motors=[0.00,0.00,0.00,0.00,0.00,0.00,0.00,0.00][0m
[0m[INFO] [1786149163.767098615] [my_drone_dds_wasd_control]: STATE arm=1 nav=14 NED=(-0.034,0.012,-0.027) vel=(-0.016,-0.009,0.012) yaw_deg=94.7 failsafe=False age_s=(0.49,0.01) arm_torque_nm=0.000 motors=[0.00,0.00,0.00,0.00,0.00,0.00,0.00,0.00][0m
[0m[INFO] [1786149164.837048007] [my_drone_dds_wasd_control]: STATE arm=1 nav=14 NED=(-0.019,0.005,-0.037) vel=(-0.009,-0.013,0.008) yaw_deg=94.7 failsafe=False age_s=(0.03,0.00) arm_torque_nm=0.000 motors=[0.00,0.00,0.00,0.00,0.00,0.00,0.00,0.00][0m
[0m[INFO] [1786149165.886190742] [my_drone_dds_wasd_control]: STATE arm=1 nav=14 NED=(-0.002,0.001,-0.045) vel=(0.004,-0.012,0.006) yaw_deg=94.7 failsafe=False age_s=(0.08,0.01) arm_torque_nm=0.000 motors=[0.00,0.00,0.00,0.00,0.00,0.00,0.00,0.00][0m
[0m[INFO] [1786149166.867123268] [my_drone_dds_wasd_control]: STATE arm=1 nav=14 NED=(-0.013,0.030,-0.048) vel=(0.003,0.007,0.005) yaw_deg=94.7 failsafe=False age_s=(0.07,0.01) arm_torque_nm=0.000 motors=[0.00,0.00,0.00,0.00,0.00,0.00,0.00,0.00][0m
[0m[INFO] [1786149167.926552252] [my_drone_dds_wasd_control]: STATE arm=1 nav=14 NED=(-0.015,0.046,-0.059) vel=(0.005,0.014,0.004) yaw_deg=94.7 failsafe=False age_s=(0.11,0.00) arm_torque_nm=0.000 motors=[0.00,0.00,0.00,0.00,0.00,0.00,0.00,0.00][0m
[0m[INFO] [1786149168.910172504] [my_drone_dds_wasd_control]: STATE arm=1 nav=14 NED=(-0.007,0.043,-0.047) vel=(0.006,0.007,0.008) yaw_deg=94.7 failsafe=False age_s=(0.10,0.00) arm_torque_nm=0.000 motors=[0.00,0.00,0.00,0.00,0.00,0.00,0.00,0.00][0m
[0m[INFO] [1786149171.676554384] [my_drone_dds_wasd_control]: STATE arm=1 nav=14 NED=(-0.005,0.031,-0.054) vel=(0.003,-0.002,0.005) yaw_deg=94.7 failsafe=False age_s=(0.14,0.01) arm_torque_nm=0.000 motors=[0.00,0.00,0.00,0.00,0.00,0.00,0.00,0.00][0m
[0m[INFO] [1786149172.684201831] [my_drone_dds_wasd_control]: STATE arm=1 nav=14 NED=(-0.006,0.031,-0.047) vel=(0.006,0.002,0.003) yaw_deg=94.7 failsafe=False age_s=(0.13,0.00) arm_torque_nm=0.000 motors=[0.00,0.00,0.00,0.00,0.00,0.00,0.00,0.00][0m
[0m[INFO] [1786149173.722575952] [my_drone_dds_wasd_control]: STATE arm=1 nav=14 NED=(-0.016,0.026,-0.053) vel=(-0.001,-0.002,0.000) yaw_deg=94.7 failsafe=False age_s=(0.16,0.01) arm_torque_nm=0.000 motors=[0.00,0.00,0.00,0.00,0.00,0.00,0.00,0.00][0m
[0m[INFO] [1786149174.781644884] [my_drone_dds_wasd_control]: STATE arm=1 nav=14 NED=(-0.023,0.046,-0.053) vel=(-0.000,0.011,0.001) yaw_deg=94.7 failsafe=False age_s=(0.21,0.00) arm_torque_nm=0.000 motors=[0.00,0.00,0.00,0.00,0.00,0.00,0.00,0.00][0m
[0m[INFO] [1786149175.816770000] [my_drone_dds_wasd_control]: STATE arm=1 nav=14 NED=(-0.022,0.028,-0.049) vel=(0.001,-0.004,0.003) yaw_deg=94.7 failsafe=False age_s=(0.25,0.01) arm_torque_nm=0.000 motors=[0.00,0.00,0.00,0.00,0.00,0.00,0.00,0.00][0m
[0m[INFO] [1786149176.825015602] [my_drone_dds_wasd_control]: STATE arm=1 nav=14 NED=(-0.033,0.031,-0.057) vel=(-0.002,0.000,0.002) yaw_deg=94.7 failsafe=False age_s=(0.24,0.01) arm_torque_nm=0.000 motors=[0.00,0.00,0.00,0.00,0.00,0.00,0.00,0.00][0m
[0m[INFO] [1786149177.818691849] [my_drone_dds_wasd_control]: STATE arm=1 nav=14 NED=(-0.048,0.043,-0.059) vel=(-0.011,0.009,0.003) yaw_deg=94.7 failsafe=False age_s=(0.23,0.01) arm_torque_nm=0.000 motors=[0.00,0.00,0.00,0.00,0.00,0.00,0.00,0.00][0m
[0m[INFO] [1786149178.874193976] [my_drone_dds_wasd_control]: STATE arm=1 nav=14 NED=(-0.049,0.047,-0.049) vel=(-0.011,0.010,0.006) yaw_deg=94.7 failsafe=False age_s=(0.28,0.02) arm_torque_nm=0.000 motors=[0.00,0.00,0.00,0.00,0.00,0.00,0.00,0.00][0m
[0m[INFO] [1786149179.872081950] [my_drone_dds_wasd_control]: STATE arm=1 nav=14 NED=(-0.045,0.049,-0.051) vel=(-0.003,0.009,0.004) yaw_deg=94.7 failsafe=False age_s=(0.26,0.02) arm_torque_nm=0.000 motors=[0.00,0.00,0.00,0.00,0.00,0.00,0.00,0.00][0m
[0m[INFO] [1786149180.926512952] [my_drone_dds_wasd_control]: STATE arm=1 nav=14 NED=(-0.028,0.057,-0.038) vel=(0.008,0.014,0.007) yaw_deg=94.7 failsafe=False age_s=(0.31,0.01) arm_torque_nm=0.000 motors=[0.00,0.00,0.00,0.00,0.00,0.00,0.00,0.00][0m
[0m[INFO] [1786149181.982547749] [my_drone_dds_wasd_control]: STATE arm=1 nav=14 NED=(-0.024,0.052,-0.049) vel=(0.003,0.010,0.003) yaw_deg=94.7 failsafe=False age_s=(0.35,0.02) arm_torque_nm=0.000 motors=[0.00,0.00,0.00,0.00,0.00,0.00,0.00,0.00][0m
[0m[INFO] [1786149183.017383961] [my_drone_dds_wasd_control]: STATE arm=1 nav=14 NED=(-0.020,0.045,-0.046) vel=(0.003,0.002,0.004) yaw_deg=94.7 failsafe=False age_s=(0.39,0.01) arm_torque_nm=0.000 motors=[0.00,0.00,0.00,0.00,0.00,0.00,0.00,0.00][0m
[0m[INFO] [1786149184.033131724] [my_drone_dds_wasd_control]: STATE arm=1 nav=14 NED=(-0.034,0.023,-0.033) vel=(-0.006,-0.011,0.008) yaw_deg=94.7 failsafe=False age_s=(0.38,0.01) arm_torque_nm=0.000 motors=[0.00,0.00,0.00,0.00,0.00,0.00,0.00,0.00][0m
[0m[INFO] [1786149185.070139677] [my_drone_dds_wasd_control]: STATE arm=1 nav=14 NED=(-0.048,0.020,-0.039) vel=(-0.012,-0.011,0.004) yaw_deg=94.7 failsafe=False age_s=(0.42,0.00) arm_torque_nm=0.000 motors=[0.00,0.00,0.00,0.00,0.00,0.00,0.00,0.00][0m
[0m[INFO] [1786149186.131421976] [my_drone_dds_wasd_control]: STATE arm=1 nav=14 NED=(-0.041,0.023,-0.022) vel=(-0.007,-0.004,0.009) yaw_deg=94.7 failsafe=False age_s=(0.46,0.00) arm_torque_nm=0.000 motors=[0.00,0.00,0.00,0.00,0.00,0.00,0.00,0.00][0m
[0m[INFO] [1786149187.139914487] [my_drone_dds_wasd_control]: STATE arm=1 nav=14 NED=(-0.034,0.021,-0.036) vel=(-0.000,-0.002,0.005) yaw_deg=94.7 failsafe=False age_s=(0.45,0.02) arm_torque_nm=0.000 motors=[0.00,0.00,0.00,0.00,0.00,0.00,0.00,0.00][0m
[0m[INFO] [1786149188.211251757] [my_drone_dds_wasd_control]: STATE arm=1 nav=14 NED=(-0.030,0.030,-0.055) vel=(-0.003,0.005,0.001) yaw_deg=94.7 failsafe=False age_s=(0.48,0.01) arm_torque_nm=0.000 motors=[0.00,0.00,0.00,0.00,0.00,0.00,0.00,0.00][0m
[0m[INFO] [1786149189.191951571] [my_drone_dds_wasd_control]: STATE arm=1 nav=14 NED=(-0.029,0.032,-0.061) vel=(-0.002,0.004,0.001) yaw_deg=94.7 failsafe=False age_s=(0.46,0.01) arm_torque_nm=0.000 motors=[0.00,0.00,0.00,0.00,0.00,0.00,0.00,0.00][0m
[0m[INFO] [1786149190.456847445] [my_drone_dds_wasd_control]: STATE arm=1 nav=14 NED=(-0.033,0.018,-0.075) vel=(-0.005,-0.005,-0.001) yaw_deg=94.7 failsafe=False age_s=(0.50,0.01) arm_torque_nm=0.000 motors=[0.00,0.00,0.00,0.00,0.00,0.00,0.00,0.00][0m
[0m[INFO] [1786149191.299630909] [my_drone_dds_wasd_control]: STATE arm=1 nav=14 NED=(-0.042,0.049,-0.066) vel=(-0.014,0.015,0.000) yaw_deg=94.7 failsafe=False age_s=(0.03,0.00) arm_torque_nm=0.000 motors=[0.00,0.00,0.00,0.00,0.00,0.00,0.00,0.00][0m
[0m[INFO] [1786149192.361606737] [my_drone_dds_wasd_control]: STATE arm=1 nav=14 NED=(-0.045,0.074,-0.063) vel=(-0.015,0.025,0.001) yaw_deg=94.7 failsafe=False age_s=(0.02,0.02) arm_torque_nm=0.000 motors=[0.00,0.00,0.00,0.00,0.00,0.00,0.00,0.00][0m
[0m[INFO] [1786149193.317828620] [my_drone_dds_wasd_control]: STATE arm=1 nav=14 NED=(-0.029,0.075,-0.063) vel=(-0.002,0.017,0.001) yaw_deg=94.7 failsafe=False age_s=(0.51,0.02) arm_torque_nm=0.000 motors=[0.00,0.00,0.00,0.00,0.00,0.00,0.00,0.00][0m
[0m[INFO] [1786149194.528582782] [my_drone_dds_wasd_control]: STATE arm=1 nav=14 NED=(-0.020,0.046,-0.056) vel=(0.003,-0.004,0.002) yaw_deg=94.7 failsafe=False age_s=(0.01,0.01) arm_torque_nm=0.000 motors=[0.00,0.00,0.00,0.00,0.00,0.00,0.00,0.00][0m
[0m[INFO] [1786149195.396343040] [my_drone_dds_wasd_control]: STATE arm=1 nav=14 NED=(-0.017,0.031,-0.049) vel=(0.003,-0.009,0.003) yaw_deg=94.7 failsafe=False age_s=(0.51,0.01) arm_torque_nm=0.000 motors=[0.00,0.00,0.00,0.00,0.00,0.00,0.00,0.00][0m
[0m[INFO] [1786149196.377381527] [my_drone_dds_wasd_control]: STATE arm=1 nav=14 NED=(-0.018,0.023,-0.031) vel=(-0.006,-0.009,0.009) yaw_deg=94.6 failsafe=False age_s=(0.53,0.01) arm_torque_nm=0.000 motors=[0.00,0.00,0.00,0.00,0.00,0.00,0.00,0.00][0m
[0m[INFO] [1786149197.383364934] [my_drone_dds_wasd_control]: STATE arm=1 nav=14 NED=(-0.013,0.014,-0.018) vel=(-0.002,-0.014,0.013) yaw_deg=94.6 failsafe=False age_s=(0.48,0.02) arm_torque_nm=0.000 motors=[0.00,0.00,0.00,0.00,0.00,0.00,0.00,0.00][0m
[0m[INFO] [1786149198.419560578] [my_drone_dds_wasd_control]: STATE arm=1 nav=14 NED=(-0.018,0.024,-0.008) vel=(-0.006,-0.003,0.013) yaw_deg=94.6 failsafe=False age_s=(0.49,0.01) arm_torque_nm=0.000 motors=[0.00,0.00,0.00,0.00,0.00,0.00,0.00,0.00][0m
[0m[INFO] [1786149199.415903268] [my_drone_dds_wasd_control]: STATE arm=1 nav=14 NED=(-0.024,0.039,-0.006) vel=(-0.007,0.006,0.012) yaw_deg=94.6 failsafe=False age_s=(0.47,0.01) arm_torque_nm=0.000 motors=[0.00,0.00,0.00,0.00,0.00,0.00,0.00,0.00][0m
[0m[INFO] [1786149200.485695320] [my_drone_dds_wasd_control]: STATE arm=1 nav=14 NED=(-0.013,0.045,-0.008) vel=(0.006,0.009,0.009) yaw_deg=94.6 failsafe=False age_s=(0.01,0.00) arm_torque_nm=0.000 motors=[0.00,0.00,0.00,0.00,0.00,0.00,0.00,0.00][0m
[0m[INFO] [1786149201.468068496] [my_drone_dds_wasd_control]: STATE arm=1 nav=14 NED=(-0.013,0.037,-0.026) vel=(0.005,0.004,0.003) yaw_deg=94.6 failsafe=False age_s=(0.01,0.00) arm_torque_nm=0.000 motors=[0.00,0.00,0.00,0.00,0.00,0.00,0.00,0.00][0m
[0m[INFO] [1786149202.471938440] [my_drone_dds_wasd_control]: STATE arm=1 nav=14 NED=(-0.019,0.030,-0.043) vel=(0.003,-0.000,-0.002) yaw_deg=94.6 failsafe=False age_s=(0.50,0.00) arm_torque_nm=0.000 motors=[0.00,0.00,0.00,0.00,0.00,0.00,0.00,0.00][0m
[0m[INFO] [1786149203.486267058] [my_drone_dds_wasd_control]: STATE arm=1 nav=14 NED=(0.007,0.018,-0.055) vel=(0.015,-0.009,-0.006) yaw_deg=94.6 failsafe=False age_s=(0.50,0.02) arm_torque_nm=0.000 motors=[0.00,0.00,0.00,0.00,0.00,0.00,0.00,0.00][0m
[0m[INFO] [1786149206.122626325] [my_drone_dds_wasd_control]: STATE arm=1 nav=14 NED=(0.002,0.040,-0.043) vel=(0.005,0.002,-0.001) yaw_deg=94.6 failsafe=False age_s=(0.49,0.01) arm_torque_nm=0.000 motors=[0.00,0.00,0.00,0.00,0.00,0.00,0.00,0.00][0m
[0m[INFO] [1786149207.175103107] [my_drone_dds_wasd_control]: STATE arm=1 nav=14 NED=(-0.009,0.046,-0.058) vel=(-0.001,0.003,-0.003) yaw_deg=94.6 failsafe=False age_s=(0.03,0.02) arm_torque_nm=0.000 motors=[0.00,0.00,0.00,0.00,0.00,0.00,0.00,0.00][0m
[0m[INFO] [1786149208.220085480] [my_drone_dds_wasd_control]: STATE arm=1 nav=14 NED=(-0.008,0.038,-0.070) vel=(-0.002,-0.004,-0.004) yaw_deg=94.6 failsafe=False age_s=(0.07,0.01) arm_torque_nm=0.000 motors=[0.00,0.00,0.00,0.00,0.00,0.00,0.00,0.00][0m
[0m[INFO] [1786149209.229515423] [my_drone_dds_wasd_control]: STATE arm=1 nav=14 NED=(-0.011,0.029,-0.071) vel=(-0.000,-0.006,-0.005) yaw_deg=94.6 failsafe=False age_s=(0.06,0.00) arm_torque_nm=0.000 motors=[0.00,0.00,0.00,0.00,0.00,0.00,0.00,0.00][0m
[0m[INFO] [1786149210.268709686] [my_drone_dds_wasd_control]: STATE arm=1 nav=14 NED=(-0.018,0.033,-0.052) vel=(-0.008,-0.001,0.002) yaw_deg=94.6 failsafe=False age_s=(0.10,0.01) arm_torque_nm=0.000 motors=[0.00,0.00,0.00,0.00,0.00,0.00,0.00,0.00][0m
[0m[INFO] [1786149211.311215319] [my_drone_dds_wasd_control]: STATE arm=1 nav=14 NED=(-0.019,0.040,-0.044) vel=(-0.002,0.002,0.003) yaw_deg=94.6 failsafe=False age_s=(0.14,0.00) arm_torque_nm=0.000 motors=[0.00,0.00,0.00,0.00,0.00,0.00,0.00,0.00][0m
[0m[INFO] [1786149212.317917821] [my_drone_dds_wasd_control]: STATE arm=1 nav=14 NED=(-0.012,0.036,-0.041) vel=(0.004,-0.002,0.003) yaw_deg=94.6 failsafe=False age_s=(0.13,0.00) arm_torque_nm=0.000 motors=[0.00,0.00,0.00,0.00,0.00,0.00,0.00,0.00][0m
[0m[INFO] [1786149213.379373031] [my_drone_dds_wasd_control]: STATE arm=1 nav=14 NED=(-0.005,0.019,-0.046) vel=(0.008,-0.008,0.001) yaw_deg=94.6 failsafe=False age_s=(0.18,0.01) arm_torque_nm=0.000 motors=[0.00,0.00,0.00,0.00,0.00,0.00,0.00,0.00][0m
[0m[INFO] [1786149214.381417395] [my_drone_dds_wasd_control]: STATE arm=1 nav=14 NED=(-0.015,0.027,-0.055) vel=(-0.006,-0.004,-0.002) yaw_deg=94.6 failsafe=False age_s=(0.17,0.01) arm_torque_nm=0.000 motors=[0.00,0.00,0.00,0.00,0.00,0.00,0.00,0.00][0m
[0m[INFO] [1786149215.438407022] [my_drone_dds_wasd_control]: STATE arm=1 nav=14 NED=(-0.023,0.035,-0.060) vel=(-0.007,-0.000,-0.002) yaw_deg=94.6 failsafe=False age_s=(0.20,0.01) arm_torque_nm=0.000 motors=[0.00,0.00,0.00,0.00,0.00,0.00,0.00,0.00][0m
[0m[INFO] [1786149216.482952601] [my_drone_dds_wasd_control]: STATE arm=1 nav=14 NED=(0.008,0.025,-0.061) vel=(0.012,-0.004,0.000) yaw_deg=94.6 failsafe=False age_s=(0.24,0.02) arm_torque_nm=0.000 motors=[0.00,0.00,0.00,0.00,0.00,0.00,0.00,0.00][0m
[0m[INFO] [1786149217.479857849] [my_drone_dds_wasd_control]: STATE arm=1 nav=14 NED=(-0.007,0.034,-0.061) vel=(-0.002,-0.000,0.001) yaw_deg=94.6 failsafe=False age_s=(0.22,0.01) arm_torque_nm=0.000 motors=[0.00,0.00,0.00,0.00,0.00,0.00,0.00,0.00][0m
[0m[INFO] [1786149218.541477097] [my_drone_dds_wasd_control]: STATE arm=1 nav=14 NED=(-0.013,0.042,-0.055) vel=(-0.001,0.004,0.003) yaw_deg=94.6 failsafe=False age_s=(0.26,0.02) arm_torque_nm=0.000 motors=[0.00,0.00,0.00,0.00,0.00,0.00,0.00,0.00][0m
[0m[INFO] [1786149219.526484057] [my_drone_dds_wasd_control]: STATE arm=1 nav=14 NED=(-0.007,0.037,-0.054) vel=(0.003,0.001,0.004) yaw_deg=94.6 failsafe=False age_s=(0.24,0.01) arm_torque_nm=0.000 motors=[0.00,0.00,0.00,0.00,0.00,0.00,0.00,0.00][0m
[0m[INFO] [1786149220.581759268] [my_drone_dds_wasd_control]: STATE arm=1 nav=14 NED=(0.002,0.043,-0.047) vel=(0.004,0.007,0.007) yaw_deg=94.6 failsafe=False age_s=(0.28,0.01) arm_torque_nm=0.000 motors=[0.00,0.00,0.00,0.00,0.00,0.00,0.00,0.00][0m
[0m[INFO] [1786149221.615313858] [my_drone_dds_wasd_control]: STATE arm=1 nav=14 NED=(-0.019,0.046,-0.041) vel=(-0.011,0.005,0.007) yaw_deg=94.6 failsafe=False age_s=(0.32,0.02) arm_torque_nm=0.000 motors=[0.00,0.00,0.00,0.00,0.00,0.00,0.00,0.00][0m
[0m[INFO] [1786149222.618846892] [my_drone_dds_wasd_control]: STATE arm=1 nav=14 NED=(-0.016,0.047,-0.029) vel=(-0.005,0.005,0.008) yaw_deg=94.6 failsafe=False age_s=(0.31,0.02) arm_torque_nm=0.000 motors=[0.00,0.00,0.00,0.00,0.00,0.00,0.00,0.00][0m
[0m[INFO] [1786149223.707470860] [my_drone_dds_wasd_control]: STATE arm=1 nav=14 NED=(-0.019,0.025,-0.033) vel=(-0.007,-0.007,0.005) yaw_deg=94.6 failsafe=False age_s=(0.34,0.02) arm_torque_nm=0.000 motors=[0.00,0.00,0.00,0.00,0.00,0.00,0.00,0.00][0m
[0m[INFO] [1786149224.690940359] [my_drone_dds_wasd_control]: STATE arm=1 nav=14 NED=(-0.043,0.009,-0.055) vel=(-0.016,-0.011,-0.037) yaw_deg=94.6 failsafe=False age_s=(0.32,0.01) arm_torque_nm=0.000 motors=[0.00,0.00,0.00,0.00,0.00,0.00,0.00,0.00][0m
[0m[INFO] [1786149225.757899958] [my_drone_dds_wasd_control]: STATE arm=1 nav=14 NED=(-0.025,0.014,-0.084) vel=(0.000,-0.007,-0.012) yaw_deg=94.6 failsafe=False age_s=(0.35,0.02) arm_torque_nm=0.000 motors=[0.00,0.00,0.00,0.00,0.00,0.00,0.00,0.00][0m
[0m[INFO] [1786149226.742435185] [my_drone_dds_wasd_control]: STATE arm=1 nav=14 NED=(-0.049,0.010,-0.078) vel=(-0.014,-0.009,-0.005) yaw_deg=94.6 failsafe=False age_s=(0.30,0.02) arm_torque_nm=0.000 motors=[0.00,0.00,0.00,0.00,0.00,0.00,0.00,0.00][0m
[0m[INFO] [1786149227.817662257] [my_drone_dds_wasd_control]: STATE arm=1 nav=14 NED=(-0.027,0.026,-0.069) vel=(0.002,0.004,0.010) yaw_deg=94.6 failsafe=False age_s=(0.32,0.01) arm_torque_nm=0.000 motors=[0.00,0.00,0.00,0.00,0.00,0.00,0.00,0.00][0m
[0m[INFO] [1786149228.850846355] [my_drone_dds_wasd_control]: STATE arm=1 nav=14 NED=(-0.032,0.033,-0.070) vel=(0.001,0.005,0.021) yaw_deg=94.6 failsafe=False age_s=(0.34,0.01) arm_torque_nm=0.000 motors=[0.00,0.00,0.00,0.00,0.00,0.00,0.00,0.00][0m
[0m[INFO] [1786149229.827801849] [my_drone_dds_wasd_control]: STATE arm=1 nav=14 NED=(-0.031,0.029,-0.069) vel=(0.001,-0.002,-0.011) yaw_deg=94.6 failsafe=False age_s=(0.32,0.01) arm_torque_nm=0.000 motors=[0.00,0.00,0.00,0.00,0.00,0.00,0.00,0.00][0m
[0m[INFO] [1786149230.819980096] [my_drone_dds_wasd_control]: STATE arm=1 nav=14 NED=(-0.022,0.027,-0.069) vel=(0.006,-0.001,-0.006) yaw_deg=94.6 failsafe=False age_s=(0.31,0.01) arm_torque_nm=0.000 motors=[0.00,0.00,0.00,0.00,0.00,0.00,0.00,0.00][0m
[0m[INFO] [1786149231.875810567] [my_drone_dds_wasd_control]: STATE arm=1 nav=14 NED=(-0.010,0.026,-0.056) vel=(0.014,-0.002,0.000) yaw_deg=94.6 failsafe=False age_s=(0.35,0.02) arm_torque_nm=0.000 motors=[0.00,0.00,0.00,0.00,0.00,0.00,0.00,0.00][0m
[0m[INFO] [1786149232.913463330] [my_drone_dds_wasd_control]: STATE arm=1 nav=14 NED=(-0.015,0.038,-0.044) vel=(0.004,0.005,0.006) yaw_deg=94.6 failsafe=False age_s=(0.38,0.00) arm_torque_nm=0.000 motors=[0.00,0.00,0.00,0.00,0.00,0.00,0.00,0.00][0m
[0m[INFO] [1786149233.915621410] [my_drone_dds_wasd_control]: STATE arm=1 nav=14 NED=(-0.030,0.048,-0.022) vel=(-0.009,0.009,0.010) yaw_deg=94.6 failsafe=False age_s=(0.36,0.01) arm_torque_nm=0.000 motors=[0.00,0.00,0.00,0.00,0.00,0.00,0.00,0.00][0m
[0m[INFO] [1786149234.980855609] [my_drone_dds_wasd_control]: STATE arm=1 nav=14 NED=(-0.022,0.045,-0.031) vel=(-0.002,0.004,0.005) yaw_deg=94.6 failsafe=False age_s=(0.40,0.02) arm_torque_nm=0.000 motors=[0.00,0.00,0.00,0.00,0.00,0.00,0.00,0.00][0m
[0m[INFO] [1786149235.980623549] [my_drone_dds_wasd_control]: STATE arm=1 nav=14 NED=(-0.003,0.048,-0.038) vel=(0.003,0.008,0.002) yaw_deg=94.6 failsafe=False age_s=(0.39,0.02) arm_torque_nm=0.000 motors=[0.00,0.00,0.00,0.00,0.00,0.00,0.00,0.00][0m
[0m[INFO] [1786149237.063917492] [my_drone_dds_wasd_control]: STATE arm=1 nav=14 NED=(-0.015,0.030,-0.044) vel=(-0.008,-0.005,0.002) yaw_deg=94.6 failsafe=False age_s=(0.43,0.01) arm_torque_nm=0.000 motors=[0.00,0.00,0.00,0.00,0.00,0.00,0.00,0.00][0m
[0m[INFO] [1786149239.699755540] [my_drone_dds_wasd_control]: STATE arm=1 nav=14 NED=(-0.027,0.016,-0.029) vel=(-0.016,-0.010,0.050) yaw_deg=94.6 failsafe=False age_s=(0.42,0.00) arm_torque_nm=0.000 motors=[0.00,0.00,0.00,0.00,0.00,0.00,0.00,0.00][0m
[0m[INFO] [1786149240.758806254] [my_drone_dds_wasd_control]: STATE arm=1 nav=14 NED=(-0.034,0.014,0.010) vel=(-0.017,-0.008,0.058) yaw_deg=94.6 failsafe=False age_s=(0.46,0.01) arm_torque_nm=0.000 motors=[0.00,0.00,0.00,0.00,0.00,0.00,0.00,0.00][0m
[0m[INFO] [1786149241.779723243] [my_drone_dds_wasd_control]: STATE arm=1 nav=14 NED=(-0.029,0.008,0.008) vel=(-0.008,-0.010,0.054) yaw_deg=94.6 failsafe=False age_s=(0.49,0.01) arm_torque_nm=0.000 motors=[0.00,0.00,0.00,0.00,0.00,0.00,0.00,0.00][0m
[0m[INFO] [1786149242.762882162] [my_drone_dds_wasd_control]: STATE arm=1 nav=14 NED=(-0.013,0.041,0.003) vel=(0.001,0.008,0.051) yaw_deg=94.6 failsafe=False age_s=(0.45,0.02) arm_torque_nm=0.000 motors=[0.00,0.00,0.00,0.00,0.00,0.00,0.00,0.00][0m
[0m[INFO] [1786149243.778970683] [my_drone_dds_wasd_control]: STATE arm=1 nav=14 NED=(-0.000,0.054,-0.009) vel=(0.008,0.010,0.031) yaw_deg=94.6 failsafe=False age_s=(0.43,0.01) arm_torque_nm=0.000 motors=[0.00,0.00,0.00,0.00,0.00,0.00,0.00,0.00][0m
[0m[INFO] [1786149244.824625643] [my_drone_dds_wasd_control]: STATE arm=1 nav=14 NED=(-0.009,0.044,-0.014) vel=(0.004,0.004,0.021) yaw_deg=94.6 failsafe=False age_s=(0.47,0.02) arm_torque_nm=0.000 motors=[0.00,0.00,0.00,0.00,0.00,0.00,0.00,0.00][0m
[0m[INFO] [1786149245.814943803] [my_drone_dds_wasd_control]: STATE arm=1 nav=14 NED=(-0.015,0.032,-0.008) vel=(0.004,-0.008,0.015) yaw_deg=94.6 failsafe=False age_s=(0.46,0.01) arm_torque_nm=0.000 motors=[0.00,0.00,0.00,0.00,0.00,0.00,0.00,0.00][0m
[0m[INFO] [1786149246.879357884] [my_drone_dds_wasd_control]: STATE arm=1 nav=14 NED=(-0.025,0.029,-0.013) vel=(-0.005,-0.009,0.007) yaw_deg=94.6 failsafe=False age_s=(0.50,0.00) arm_torque_nm=0.000 motors=[0.00,0.00,0.00,0.00,0.00,0.00,0.00,0.00][0m
[0m[INFO] [1786149247.872633537] [my_drone_dds_wasd_control]: STATE arm=1 nav=14 NED=(-0.018,0.017,-0.016) vel=(0.001,-0.012,0.016) yaw_deg=94.6 failsafe=False age_s=(0.49,0.00) arm_torque_nm=0.000 motors=[0.00,0.00,0.00,0.00,0.00,0.00,0.00,0.00][0m
[0m[INFO] [1786149248.931281958] [my_drone_dds_wasd_control]: STATE arm=1 nav=14 NED=(-0.007,0.041,-0.002) vel=(0.005,0.011,0.012) yaw_deg=94.6 failsafe=False age_s=(0.03,0.01) arm_torque_nm=0.000 motors=[0.00,0.00,0.00,0.00,0.00,0.00,0.00,0.00][0m
[0m[INFO] [1786149249.967439051] [my_drone_dds_wasd_control]: STATE arm=1 nav=14 NED=(-0.010,0.055,-0.017) vel=(0.005,0.015,0.004) yaw_deg=94.6 failsafe=False age_s=(0.05,0.00) arm_torque_nm=0.000 motors=[0.00,0.00,0.00,0.00,0.00,0.00,0.00,0.00][0m
[0m[INFO] [1786149250.981317916] [my_drone_dds_wasd_control]: STATE arm=1 nav=14 NED=(-0.019,0.057,-0.048) vel=(-0.004,0.011,-0.009) yaw_deg=94.6 failsafe=False age_s=(0.04,0.02) arm_torque_nm=0.000 motors=[0.00,0.00,0.00,0.00,0.00,0.00,0.00,0.00][0m
[0m[INFO] [1786149251.975981668] [my_drone_dds_wasd_control]: STATE arm=1 nav=14 NED=(-0.028,0.051,-0.060) vel=(-0.008,0.001,-0.006) yaw_deg=94.6 failsafe=False age_s=(0.02,0.00) arm_torque_nm=0.000 motors=[0.00,0.00,0.00,0.00,0.00,0.00,0.00,0.00][0m
[0m[INFO] [1786149253.061807202] [my_drone_dds_wasd_control]: STATE arm=1 nav=14 NED=(-0.028,0.040,-0.049) vel=(-0.007,-0.007,0.006) yaw_deg=94.6 failsafe=False age_s=(0.53,0.01) arm_torque_nm=0.000 motors=[0.00,0.00,0.00,0.00,0.00,0.00,0.00,0.00][0m
[0m[INFO] [1786149254.041625126] [my_drone_dds_wasd_control]: STATE arm=1 nav=14 NED=(-0.021,0.029,-0.046) vel=(-0.003,-0.009,0.007) yaw_deg=94.6 failsafe=False age_s=(0.46,0.00) arm_torque_nm=0.000 motors=[0.00,0.00,0.00,0.00,0.00,0.00,0.00,0.00][0m
[0m[INFO] [1786149255.056657706] [my_drone_dds_wasd_control]: STATE arm=1 nav=14 NED=(-0.027,0.019,-0.061) vel=(-0.007,-0.010,-0.001) yaw_deg=94.6 failsafe=False age_s=(0.41,0.02) arm_torque_nm=0.000 motors=[0.00,0.00,0.00,0.00,0.00,0.00,0.00,0.00][0m
[0m[INFO] [1786149256.107378445] [my_drone_dds_wasd_control]: STATE arm=1 nav=14 NED=(-0.023,0.024,-0.054) vel=(0.000,-0.001,0.007) yaw_deg=94.6 failsafe=False age_s=(0.38,0.01) arm_torque_nm=0.000 motors=[0.00,0.00,0.00,0.00,0.00,0.00,0.00,0.00][0m
[0m[INFO] [1786149257.139506405] [my_drone_dds_wasd_control]: STATE arm=1 nav=14 NED=(-0.024,0.038,-0.037) vel=(0.000,0.008,0.010) yaw_deg=94.6 failsafe=False age_s=(0.34,0.02) arm_torque_nm=0.000 motors=[0.00,0.00,0.00,0.00,0.00,0.00,0.00,0.00][0m
[0m[INFO] [1786149258.172627306] [my_drone_dds_wasd_control]: STATE arm=1 nav=14 NED=(-0.040,0.055,-0.048) vel=(-0.007,0.018,0.011) yaw_deg=94.7 failsafe=False age_s=(0.28,0.01) arm_torque_nm=0.000 motors=[0.00,0.00,0.00,0.00,0.00,0.00,0.00,0.00][0m
[0m[INFO] [1786149259.226840836] [my_drone_dds_wasd_control]: STATE arm=1 nav=14 NED=(-0.030,0.037,-0.038) vel=(-0.009,-0.001,0.031) yaw_deg=94.7 failsafe=False age_s=(0.21,0.00) arm_torque_nm=0.000 motors=[0.00,0.00,0.00,0.00,0.00,0.00,0.00,0.00][0m
[0m[INFO] [1786149260.274203151] [my_drone_dds_wasd_control]: STATE arm=1 nav=14 NED=(-0.025,0.023,-0.021) vel=(-0.008,-0.011,0.028) yaw_deg=94.7 failsafe=False age_s=(0.20,0.04) arm_torque_nm=0.000 motors=[0.00,0.00,0.00,0.00,0.00,0.00,0.00,0.00][0m
[0m[INFO] [1786149261.280896252] [my_drone_dds_wasd_control]: STATE arm=1 nav=14 NED=(-0.021,0.030,-0.013) vel=(-0.004,-0.006,0.032) yaw_deg=94.7 failsafe=False age_s=(0.15,0.01) arm_torque_nm=0.000 motors=[0.00,0.00,0.00,0.00,0.00,0.00,0.00,0.00][0m
[0m[INFO] [1786149262.339479570] [my_drone_dds_wasd_control]: STATE arm=1 nav=14 NED=(-0.040,0.019,0.009) vel=(-0.013,-0.011,0.032) yaw_deg=94.7 failsafe=False age_s=(0.12,0.01) arm_torque_nm=0.000 motors=[0.00,0.00,0.00,0.00,0.00,0.00,0.00,0.00][0m
[0m[INFO] [1786149263.373604599] [my_drone_dds_wasd_control]: STATE arm=1 nav=14 NED=(-0.045,0.026,0.002) vel=(-0.011,-0.003,0.020) yaw_deg=94.7 failsafe=False age_s=(0.09,0.02) arm_torque_nm=0.000 motors=[0.00,0.00,0.00,0.00,0.00,0.00,0.00,0.00][0m
[0m[INFO] [1786149264.469043035] [my_drone_dds_wasd_control]: STATE arm=1 nav=14 NED=(-0.038,0.051,-0.004) vel=(-0.004,0.012,0.020) yaw_deg=94.7 failsafe=False age_s=(0.09,0.00) arm_torque_nm=0.000 motors=[0.00,0.00,0.00,0.00,0.00,0.00,0.00,0.00][0m
[0m[INFO] [1786149265.502023324] [my_drone_dds_wasd_control]: STATE arm=1 nav=14 NED=(-0.020,0.057,0.010) vel=(0.005,0.010,0.029) yaw_deg=94.7 failsafe=False age_s=(0.06,0.03) arm_torque_nm=0.000 motors=[0.00,0.00,0.00,0.00,0.00,0.00,0.00,0.00][0m
[0m[INFO] [1786149266.466823904] [my_drone_dds_wasd_control]: STATE arm=1 nav=14 NED=(-0.011,0.060,0.016) vel=(0.008,0.010,0.024) yaw_deg=94.7 failsafe=False age_s=(0.52,0.01) arm_torque_nm=0.000 motors=[0.00,0.00,0.00,0.00,0.00,0.00,0.00,0.00][0m
[0m[INFO] [1786149267.477573380] [my_drone_dds_wasd_control]: STATE arm=1 nav=14 NED=(-0.016,0.053,0.009) vel=(-0.000,0.008,0.008) yaw_deg=94.7 failsafe=False age_s=(0.47,0.02) arm_torque_nm=0.000 motors=[0.00,0.00,0.00,0.00,0.00,0.00,0.00,0.00][0m
[0m[INFO] [1786149268.549570805] [my_drone_dds_wasd_control]: STATE arm=1 nav=14 NED=(-0.029,0.039,-0.021) vel=(-0.004,-0.004,-0.002) yaw_deg=94.7 failsafe=False age_s=(0.46,0.01) arm_torque_nm=0.000 motors=[0.00,0.00,0.00,0.00,0.00,0.00,0.00,0.00][0m
[0m[INFO] [1786149269.577205491] [my_drone_dds_wasd_control]: STATE arm=1 nav=14 NED=(-0.008,0.025,-0.034) vel=(0.013,-0.009,-0.004) yaw_deg=94.7 failsafe=False age_s=(0.43,0.03) arm_torque_nm=0.000 motors=[0.00,0.00,0.00,0.00,0.00,0.00,0.00,0.00][0m
[0m[INFO] [1786149270.637473904] [my_drone_dds_wasd_control]: STATE arm=1 nav=14 NED=(-0.011,0.012,-0.032) vel=(0.004,-0.015,0.019) yaw_deg=94.7 failsafe=False age_s=(0.43,0.01) arm_torque_nm=0.000 motors=[0.00,0.00,0.00,0.00,0.00,0.00,0.00,0.00][0m
[0m[INFO] [1786149273.276344992] [my_drone_dds_wasd_control]: STATE arm=1 nav=14 NED=(-0.008,0.004,-0.033) vel=(0.010,-0.015,0.013) yaw_deg=94.7 failsafe=False age_s=(0.41,0.01) arm_torque_nm=0.000 motors=[0.00,0.00,0.00,0.00,0.00,0.00,0.00,0.00][0m
[0m[INFO] [1786149274.334629859] [my_drone_dds_wasd_control]: STATE arm=1 nav=14 NED=(0.003,-0.020,-0.017) vel=(0.009,-0.029,0.020) yaw_deg=94.6 failsafe=False age_s=(0.42,0.01) arm_torque_nm=0.000 motors=[0.00,0.00,0.00,0.00,0.00,0.00,0.00,0.00][0m
[0m[INFO] [1786149275.317624910] [my_drone_dds_wasd_control]: STATE arm=1 nav=14 NED=(0.000,-0.022,0.004) vel=(0.007,-0.024,0.019) yaw_deg=94.7 failsafe=False age_s=(0.35,0.01) arm_torque_nm=0.000 motors=[0.00,0.00,0.00,0.00,0.00,0.00,0.00,0.00][0m
[0m[INFO] [1786149276.391752734] [my_drone_dds_wasd_control]: STATE arm=1 nav=14 NED=(-0.008,-0.003,0.005) vel=(-0.004,-0.006,0.014) yaw_deg=94.6 failsafe=False age_s=(0.27,0.01) arm_torque_nm=0.000 motors=[0.00,0.00,0.00,0.00,0.00,0.00,0.00,0.00][0m
[0m[INFO] [1786149277.375907239] [my_drone_dds_wasd_control]: STATE arm=1 nav=14 NED=(-0.016,0.021,0.014) vel=(-0.012,0.007,0.046) yaw_deg=94.7 failsafe=False age_s=(0.24,0.01) arm_torque_nm=0.000 motors=[0.00,0.00,0.00,0.00,0.00,0.00,0.00,0.00][0m
[0m[INFO] [1786149278.420536166] [my_drone_dds_wasd_control]: STATE arm=1 nav=14 NED=(-0.005,0.036,0.029) vel=(-0.001,0.014,0.063) yaw_deg=94.6 failsafe=False age_s=(0.21,0.01) arm_torque_nm=0.000 motors=[0.00,0.00,0.00,0.00,0.00,0.00,0.00,0.00][0m
[0m[INFO] [1786149279.465224715] [my_drone_dds_wasd_control]: STATE arm=1 nav=14 NED=(0.009,0.044,0.044) vel=(0.008,0.013,0.050) yaw_deg=94.6 failsafe=False age_s=(0.17,0.00) arm_torque_nm=0.000 motors=[0.00,0.00,0.00,0.00,0.00,0.00,0.00,0.00][0m
[0m[INFO] [1786149280.490364261] [my_drone_dds_wasd_control]: STATE arm=1 nav=14 NED=(0.007,0.034,0.021) vel=(0.003,0.002,0.035) yaw_deg=94.6 failsafe=False age_s=(0.10,0.02) arm_torque_nm=0.000 motors=[0.00,0.00,0.00,0.00,0.00,0.00,0.00,0.00][0m
[0m[INFO] [1786149281.493724921] [my_drone_dds_wasd_control]: STATE arm=1 nav=14 NED=(-0.001,0.025,-0.003) vel=(0.001,-0.005,0.018) yaw_deg=94.6 failsafe=False age_s=(0.04,0.00) arm_torque_nm=0.000 motors=[0.00,0.00,0.00,0.00,0.00,0.00,0.00,0.00][0m
[0m[INFO] [1786149282.646648741] [my_drone_dds_wasd_control]: STATE arm=1 nav=14 NED=(0.006,0.023,-0.008) vel=(0.006,-0.007,0.012) yaw_deg=94.6 failsafe=False age_s=(0.01,0.01) arm_torque_nm=0.000 motors=[0.00,0.00,0.00,0.00,0.00,0.00,0.00,0.00][0m
[0m[INFO] [1786149283.574845527] [my_drone_dds_wasd_control]: STATE arm=1 nav=14 NED=(0.022,0.028,-0.010) vel=(0.015,-0.002,0.008) yaw_deg=94.6 failsafe=False age_s=(0.52,0.01) arm_torque_nm=0.000 motors=[0.00,0.00,0.00,0.00,0.00,0.00,0.00,0.00][0m
[0m[INFO] [1786149284.588660823] [my_drone_dds_wasd_control]: STATE arm=1 nav=14 NED=(0.004,0.043,-0.017) vel=(0.004,0.005,0.004) yaw_deg=94.6 failsafe=False age_s=(0.44,0.01) arm_torque_nm=0.000 motors=[0.00,0.00,0.00,0.00,0.00,0.00,0.00,0.00][0m
[0m[INFO] [1786149285.580494907] [my_drone_dds_wasd_control]: STATE arm=1 nav=14 NED=(-0.002,0.036,-0.032) vel=(0.003,0.000,0.001) yaw_deg=94.6 failsafe=False age_s=(0.36,0.00) arm_torque_nm=0.000 motors=[0.00,0.00,0.00,0.00,0.00,0.00,0.00,0.00][0m
[0m[INFO] [1786149286.576061051] [my_drone_dds_wasd_control]: STATE arm=1 nav=14 NED=(-0.008,0.022,-0.030) vel=(0.002,-0.004,0.005) yaw_deg=94.6 failsafe=False age_s=(0.31,0.01) arm_torque_nm=0.000 motors=[0.00,0.00,0.00,0.00,0.00,0.00,0.00,0.00][0m
[0m[INFO] [1786149287.618172314] [my_drone_dds_wasd_control]: STATE arm=1 nav=14 NED=(-0.014,0.007,-0.022) vel=(-0.002,-0.011,0.011) yaw_deg=94.6 failsafe=False age_s=(0.31,0.01) arm_torque_nm=0.000 motors=[0.00,0.00,0.00,0.00,0.00,0.00,0.00,0.00][0m
[0m[INFO] [1786149288.623222046] [my_drone_dds_wasd_control]: STATE arm=1 nav=14 NED=(-0.021,0.014,-0.009) vel=(-0.008,-0.005,0.032) yaw_deg=94.6 failsafe=False age_s=(0.23,0.01) arm_torque_nm=0.000 motors=[0.00,0.00,0.00,0.00,0.00,0.00,0.00,0.00][0m
[0m[INFO] [1786149289.685628340] [my_drone_dds_wasd_control]: STATE arm=1 nav=14 NED=(-0.015,0.025,0.011) vel=(-0.003,-0.003,0.070) yaw_deg=94.6 failsafe=False age_s=(0.24,0.02) arm_torque_nm=0.000 motors=[0.00,0.00,0.00,0.00,0.00,0.00,0.00,0.00][0m
[0m[INFO] [1786149290.728067345] [my_drone_dds_wasd_control]: STATE arm=1 nav=14 NED=(-0.034,0.039,0.055) vel=(-0.011,0.005,0.134) yaw_deg=94.6 failsafe=False age_s=(0.19,0.02) arm_torque_nm=0.000 motors=[0.00,0.00,0.00,0.00,0.00,0.00,0.00,0.00][0m
[0m[INFO] [1786149291.828618128] [my_drone_dds_wasd_control]: STATE arm=1 nav=14 NED=(-0.038,0.045,0.096) vel=(-0.008,0.011,0.109) yaw_deg=94.6 failsafe=False age_s=(0.17,0.04) arm_torque_nm=0.000 motors=[0.00,0.00,0.00,0.00,0.00,0.00,0.00,0.00][0m
[0m[INFO] [1786149292.868835406] [my_drone_dds_wasd_control]: STATE arm=1 nav=14 NED=(-0.043,0.041,0.090) vel=(-0.006,0.004,0.094) yaw_deg=94.6 failsafe=False age_s=(0.13,0.01) arm_torque_nm=0.000 motors=[0.00,0.00,0.00,0.00,0.00,0.00,0.00,0.00][0m
[0m[INFO] [1786149294.194238009] [my_drone_dds_wasd_control]: STATE arm=1 nav=14 NED=(-0.034,0.043,0.101) vel=(0.002,0.005,0.090) yaw_deg=94.6 failsafe=False age_s=(0.13,0.01) arm_torque_nm=0.000 motors=[0.00,0.00,0.00,0.00,0.00,0.00,0.00,0.00][0m
[0m[INFO] [1786149294.974588818] [my_drone_dds_wasd_control]: STATE arm=1 nav=14 NED=(-0.031,0.042,0.098) vel=(0.001,-0.001,0.073) yaw_deg=94.6 failsafe=False age_s=(0.09,0.00) arm_torque_nm=0.000 motors=[0.00,0.00,0.00,0.00,0.00,0.00,0.00,0.00][0m
[0m[INFO] [1786149295.991690898] [my_drone_dds_wasd_control]: STATE arm=1 nav=14 NED=(-0.006,0.043,0.116) vel=(0.012,0.002,0.106) yaw_deg=94.6 failsafe=False age_s=(0.01,0.02) arm_torque_nm=0.000 motors=[0.00,0.00,0.00,0.00,0.00,0.00,0.00,0.00][0m
[0m[INFO] [1786149297.031780903] [my_drone_dds_wasd_control]: STATE arm=1 nav=14 NED=(0.003,0.014,0.110) vel=(0.008,-0.016,0.067) yaw_deg=94.6 failsafe=False age_s=(0.48,0.01) arm_torque_nm=0.000 motors=[0.00,0.00,0.00,0.00,0.00,0.00,0.00,0.00][0m
[0m[INFO] [1786149298.079006933] [my_drone_dds_wasd_control]: STATE arm=1 nav=14 NED=(-0.018,0.019,0.088) vel=(-0.003,-0.005,0.041) yaw_deg=94.6 failsafe=False age_s=(0.33,0.01) arm_torque_nm=0.000 motors=[0.00,0.00,0.00,0.00,0.00,0.00,0.00,0.00][0m
[0m[INFO] [1786149299.025570575] [my_drone_dds_wasd_control]: STATE arm=1 nav=14 NED=(-0.031,0.019,0.069) vel=(-0.007,-0.004,0.038) yaw_deg=94.6 failsafe=False age_s=(0.22,0.01) arm_torque_nm=0.000 motors=[0.00,0.00,0.00,0.00,0.00,0.00,0.00,0.00][0m
[0m[INFO] [1786149300.107968667] [my_drone_dds_wasd_control]: STATE arm=1 nav=14 NED=(-0.032,0.040,0.044) vel=(-0.005,0.008,0.015) yaw_deg=94.6 failsafe=False age_s=(0.17,0.01) arm_torque_nm=0.000 motors=[0.00,0.00,0.00,0.00,0.00,0.00,0.00,0.00][0m
[0m[INFO] [1786149301.072776717] [my_drone_dds_wasd_control]: STATE arm=1 nav=14 NED=(-0.032,0.028,0.030) vel=(-0.005,-0.007,0.011) yaw_deg=94.6 failsafe=False age_s=(0.14,0.01) arm_torque_nm=0.000 motors=[0.00,0.00,0.00,0.00,0.00,0.00,0.00,0.00][0m
[0m[INFO] [1786149302.085678764] [my_drone_dds_wasd_control]: STATE arm=1 nav=14 NED=(-0.023,0.004,0.008) vel=(0.004,-0.025,-0.001) yaw_deg=94.6 failsafe=False age_s=(0.06,0.02) arm_torque_nm=0.000 motors=[0.00,0.00,0.00,0.00,0.00,0.00,0.00,0.00][0m
[0m[INFO] [1786149303.136261349] [my_drone_dds_wasd_control]: STATE arm=1 nav=14 NED=(0.000,0.003,-0.012) vel=(0.012,-0.019,0.010) yaw_deg=94.6 failsafe=False age_s=(0.55,0.02) arm_torque_nm=0.000 motors=[0.00,0.00,0.00,0.00,0.00,0.00,0.00,0.00][0m
[0m[INFO] [1786149304.127118748] [my_drone_dds_wasd_control]: STATE arm=1 nav=14 NED=(-0.006,-0.003,-0.056) vel=(0.002,-0.022,-0.040) yaw_deg=94.6 failsafe=False age_s=(0.44,0.02) arm_torque_nm=0.000 motors=[0.00,0.00,0.00,0.00,0.00,0.00,0.00,0.00][0m
[0m[INFO] [1786149305.159809353] [my_drone_dds_wasd_control]: STATE arm=1 nav=14 NED=(0.001,0.008,-0.074) vel=(0.007,-0.008,-0.036) yaw_deg=94.6 failsafe=False age_s=(0.37,0.02) arm_torque_nm=0.000 motors=[0.00,0.00,0.00,0.00,0.00,0.00,0.00,0.00][0m
[0m[INFO] [1786149307.719452176] [my_drone_dds_wasd_control]: STATE arm=1 nav=14 NED=(-0.009,0.011,-0.066) vel=(-0.002,-0.008,-0.008) yaw_deg=94.6 failsafe=False age_s=(0.32,0.02) arm_torque_nm=0.000 motors=[0.00,0.00,0.00,0.00,0.00,0.00,0.00,0.00][0m
[0m[INFO] [1786149308.806278775] [my_drone_dds_wasd_control]: STATE arm=1 nav=14 NED=(-0.012,0.012,-0.083) vel=(0.002,-0.008,-0.015) yaw_deg=94.6 failsafe=False age_s=(0.28,0.00) arm_torque_nm=0.000 motors=[0.00,0.00,0.00,0.00,0.00,0.00,0.00,0.00][0m
[0m[INFO] [1786149309.815101494] [my_drone_dds_wasd_control]: STATE arm=1 nav=14 NED=(-0.005,0.013,-0.103) vel=(0.005,-0.006,-0.043) yaw_deg=94.6 failsafe=False age_s=(0.27,0.01) arm_torque_nm=0.000 motors=[0.00,0.00,0.00,0.00,0.00,0.00,0.00,0.00][0m
[0m[INFO] [1786149310.892341914] [my_drone_dds_wasd_control]: STATE arm=1 nav=14 NED=(-0.032,0.008,-0.101) vel=(-0.012,-0.010,-0.013) yaw_deg=94.6 failsafe=False age_s=(0.21,0.00) arm_torque_nm=0.000 motors=[0.00,0.00,0.00,0.00,0.00,0.00,0.00,0.00][0m
[0m[INFO] [1786149311.957709369] [my_drone_dds_wasd_control]: STATE arm=1 nav=14 NED=(-0.009,0.026,-0.060) vel=(0.003,0.002,0.024) yaw_deg=94.6 failsafe=False age_s=(0.20,0.02) arm_torque_nm=0.000 motors=[0.00,0.00,0.00,0.00,0.00,0.00,0.00,0.00][0m
[0m[INFO] [1786149312.989951539] [my_drone_dds_wasd_control]: STATE arm=1 nav=14 NED=(-0.004,0.038,-0.027) vel=(0.004,0.005,0.028) yaw_deg=94.6 failsafe=False age_s=(0.21,0.00) arm_torque_nm=0.000 motors=[0.00,0.00,0.00,0.00,0.00,0.00,0.00,0.00][0m
[0m[INFO] [1786149314.035046528] [my_drone_dds_wasd_control]: STATE arm=1 nav=14 NED=(-0.013,0.059,-0.023) vel=(-0.002,0.018,0.017) yaw_deg=94.6 failsafe=False age_s=(0.19,0.02) arm_torque_nm=0.000 motors=[0.00,0.00,0.00,0.00,0.00,0.00,0.00,0.00][0m
[0m[INFO] [1786149315.067417426] [my_drone_dds_wasd_control]: STATE arm=1 nav=14 NED=(-0.017,0.065,-0.018) vel=(-0.003,0.018,0.008) yaw_deg=94.6 failsafe=False age_s=(0.16,0.01) arm_torque_nm=0.000 motors=[0.00,0.00,0.00,0.00,0.00,0.00,0.00,0.00][0m
[0m[INFO] [1786149316.139767280] [my_drone_dds_wasd_control]: STATE arm=1 nav=14 NED=(-0.022,0.064,-0.009) vel=(-0.008,0.009,0.026) yaw_deg=94.6 failsafe=False age_s=(0.15,0.03) arm_torque_nm=0.000 motors=[0.00,0.00,0.00,0.00,0.00,0.00,0.00,0.00][0m
[0m[INFO] [1786149317.170517409] [my_drone_dds_wasd_control]: STATE arm=1 nav=14 NED=(-0.025,0.035,0.005) vel=(-0.012,-0.012,0.019) yaw_deg=94.6 failsafe=False age_s=(0.14,0.01) arm_torque_nm=0.000 motors=[0.00,0.00,0.00,0.00,0.00,0.00,0.00,0.00][0m
[0m[INFO] [1786149318.188139112] [my_drone_dds_wasd_control]: STATE arm=1 nav=14 NED=(-0.040,0.025,0.001) vel=(-0.016,-0.010,0.009) yaw_deg=94.6 failsafe=False age_s=(0.11,0.04) arm_torque_nm=0.000 motors=[0.00,0.00,0.00,0.00,0.00,0.00,0.00,0.00][0m
[0m[INFO] [1786149319.236458485] [my_drone_dds_wasd_control]: STATE arm=1 nav=14 NED=(-0.030,0.037,-0.015) vel=(-0.008,-0.000,0.006) yaw_deg=94.6 failsafe=False age_s=(0.05,0.01) arm_torque_nm=0.000 motors=[0.00,0.00,0.00,0.00,0.00,0.00,0.00,0.00][0m
[0m[INFO] [1786149320.223372589] [my_drone_dds_wasd_control]: STATE arm=1 nav=14 NED=(-0.017,0.040,-0.026) vel=(0.003,0.004,0.002) yaw_deg=94.6 failsafe=False age_s=(0.52,0.01) arm_torque_nm=0.000 motors=[0.00,0.00,0.00,0.00,0.00,0.00,0.00,0.00][0m
[0m[INFO] [1786149321.262904228] [my_drone_dds_wasd_control]: STATE arm=1 nav=14 NED=(-0.017,0.054,-0.018) vel=(0.004,0.012,0.023) yaw_deg=94.6 failsafe=False age_s=(0.52,0.02) arm_torque_nm=0.000 motors=[0.00,0.00,0.00,0.00,0.00,0.00,0.00,0.00][0m
[0m[INFO] [1786149322.274558144] [my_drone_dds_wasd_control]: STATE arm=1 nav=14 NED=(0.006,0.047,-0.006) vel=(0.019,0.003,0.020) yaw_deg=94.6 failsafe=False age_s=(0.46,0.01) arm_torque_nm=0.000 motors=[0.00,0.00,0.00,0.00,0.00,0.00,0.00,0.00][0m
[0m[INFO] [1786149323.317291526] [my_drone_dds_wasd_control]: STATE arm=1 nav=14 NED=(0.010,0.039,-0.031) vel=(0.014,0.002,-0.025) yaw_deg=94.6 failsafe=False age_s=(0.45,0.00) arm_torque_nm=0.000 motors=[0.00,0.00,0.00,0.00,0.00,0.00,0.00,0.00][0m
[0m[INFO] [1786149324.320493964] [my_drone_dds_wasd_control]: STATE arm=1 nav=14 NED=(-0.013,0.021,-0.052) vel=(-0.003,-0.010,-0.029) yaw_deg=94.6 failsafe=False age_s=(0.39,0.02) arm_torque_nm=0.000 motors=[0.00,0.00,0.00,0.00,0.00,0.00,0.00,0.00][0m
[0m[INFO] [1786149325.330839393] [my_drone_dds_wasd_control]: STATE arm=1 nav=14 NED=(-0.017,0.037,-0.015) vel=(-0.000,0.001,0.020) yaw_deg=94.6 failsafe=False age_s=(0.34,0.05) arm_torque_nm=0.000 motors=[0.00,0.00,0.00,0.00,0.00,0.00,0.00,0.00][0m
[0m[INFO] [1786149326.372115153] [my_drone_dds_wasd_control]: STATE arm=1 nav=14 NED=(-0.013,0.032,-0.006) vel=(0.003,-0.005,0.004) yaw_deg=94.6 failsafe=False age_s=(0.34,0.01) arm_torque_nm=0.000 motors=[0.00,0.00,0.00,0.00,0.00,0.00,0.00,0.00][0m
Traceback (most recent call last):
  File "/mnt/e/清洁无人机/drone_sim_ws/scripts/test_ros2_dds_arm_flight_pty.py", line 368, in <module>
    raise SystemExit(main())
                     ^^^^^^
  File "/mnt/e/清洁无人机/drone_sim_ws/scripts/test_ros2_dds_arm_flight_pty.py", line 287, in main
    raise RuntimeError("flight controller did not finish before timeout")
RuntimeError: flight controller did not finish before timeout
