DDS WASD: T takeoff | W/S/A/D move | R/F up/down | Q/E yaw | L land | O exit Offboard | X twice emergency disarm | Z safe exit
[0m[INFO] [1786146228.193730860] [my_drone_dds_wasd_control]: NED target initialized: N=0.007 E=-0.011 D=-0.015 yaw=94.2 deg[0m
[0m[INFO] [1786146228.221341767] [my_drone_dds_wasd_control]: local vertical target sign=-1 (target = current + sign * height)[0m
[0m[INFO] [1786146228.275323318] [my_drone_dds_wasd_control]: STATE arm=1 nav=4 NED=(0.004,-0.012,-0.015) vel=(0.002,0.000,-0.001) yaw_deg=94.2 failsafe=False age_s=(0.03,0.00) arm_torque_nm=0.000 motors=[0.00,0.00,0.00,0.00,0.00,0.00,0.00,0.00][0m
[0m[INFO] [1786146229.277523958] [my_drone_dds_wasd_control]: STATE arm=1 nav=4 NED=(0.003,-0.019,-0.014) vel=(-0.004,-0.003,0.001) yaw_deg=94.2 failsafe=False age_s=(0.31,0.00) arm_torque_nm=0.000 motors=[0.00,0.00,0.00,0.00,0.00,0.00,0.00,0.00][0m
[0m[INFO] [1786146230.279123496] [my_drone_dds_wasd_control]: STATE arm=1 nav=4 NED=(-0.014,-0.020,-0.011) vel=(-0.013,-0.005,0.005) yaw_deg=94.2 failsafe=False age_s=(0.30,0.00) arm_torque_nm=0.000 motors=[0.00,0.00,0.00,0.00,0.00,0.00,0.00,0.00][0m
[0m[INFO] [1786146230.313625227] [my_drone_dds_wasd_control]: target NED=(-0.01, -0.02, -1.21) yaw=94.2 deg[0m
[0m[INFO] [1786146230.340046865] [my_drone_dds_wasd_control]: Prestreaming Offboard setpoints for 2 seconds[0m
[0m[INFO] [1786146231.327789428] [my_drone_dds_wasd_control]: STATE arm=1 nav=4 NED=(-0.021,-0.015,-0.023) vel=(-0.009,0.001,-0.002) yaw_deg=94.2 failsafe=False age_s=(0.44,0.01) arm_torque_nm=0.000 motors=[0.00,0.00,0.00,0.00,0.00,0.00,0.00,0.00][0m
[0m[INFO] [1786146232.377724667] [my_drone_dds_wasd_control]: STATE arm=1 nav=4 NED=(-0.022,-0.013,-0.038) vel=(-0.002,0.003,-0.009) yaw_deg=94.2 failsafe=False age_s=(0.48,0.00) arm_torque_nm=0.000 motors=[0.00,0.00,0.00,0.00,0.00,0.00,0.00,0.00][0m
[0m[INFO] [1786146232.404255565] [my_drone_dds_wasd_control]: OFFBOARD mode and ARM commands sent[0m
[0m[INFO] [1786146232.433937334] [my_drone_dds_wasd_control]: PX4 command ack: command=400 result=0[0m
[0m[INFO] [1786146233.438395461] [my_drone_dds_wasd_control]: STATE arm=2 nav=14 NED=(0.000,-0.022,-0.037) vel=(0.008,-0.005,-0.008) yaw_deg=94.2 failsafe=False age_s=(0.50,0.01) arm_torque_nm=0.000 motors=[0.00,5.21,0.00,0.12,1.83,5.21,1.83,0.12][0m
[0m[INFO] [1786146234.425008697] [my_drone_dds_wasd_control]: STATE arm=2 nav=14 NED=(-0.010,-0.005,-0.026) vel=(-0.005,0.005,-0.005) yaw_deg=94.2 failsafe=False age_s=(0.49,0.01) arm_torque_nm=0.000 motors=[221.72,239.21,221.72,237.16,223.61,239.21,223.61,237.15][0m
[0m[INFO] [1786146235.479388610] [my_drone_dds_wasd_control]: STATE arm=2 nav=14 NED=(-0.017,-0.016,-0.005) vel=(-0.004,-0.008,0.004) yaw_deg=94.2 failsafe=False age_s=(0.03,0.00) arm_torque_nm=0.000 motors=[515.54,550.16,515.55,550.99,513.91,550.17,513.90,550.98][0m
[0m[INFO] [1786146236.561715385] [my_drone_dds_wasd_control]: STATE arm=2 nav=14 NED=(-0.014,-0.027,0.002) vel=(0.006,-0.017,0.053) yaw_deg=94.2 failsafe=False age_s=(0.07,0.01) arm_torque_nm=0.000 motors=[798.17,854.21,798.19,854.33,796.70,854.23,796.69,854.31][0m
[0m[INFO] [1786146237.526374538] [my_drone_dds_wasd_control]: STATE arm=2 nav=14 NED=(-0.004,-0.052,-0.021) vel=(0.039,-0.011,0.034) yaw_deg=94.3 failsafe=False age_s=(0.07,0.01) arm_torque_nm=0.000 motors=[785.34,877.28,785.31,851.79,813.62,877.24,813.65,851.83][0m
[0m[INFO] [1786146238.524272342] [my_drone_dds_wasd_control]: STATE arm=2 nav=14 NED=(0.027,-0.056,0.005) vel=(0.103,-0.057,0.085) yaw_deg=94.7 failsafe=False age_s=(0.06,0.01) arm_torque_nm=0.000 motors=[797.02,905.01,796.75,872.13,852.64,904.74,852.92,872.40][0m
[0m[INFO] [1786146239.574555597] [my_drone_dds_wasd_control]: STATE arm=2 nav=14 NED=(0.000,-0.065,-0.039) vel=(0.049,-0.057,-0.056) yaw_deg=92.1 failsafe=False age_s=(0.10,0.00) arm_torque_nm=0.000 motors=[783.09,922.69,784.18,843.79,770.46,923.79,769.37,842.70][0m
[0m[INFO] [1786146240.578050712] [my_drone_dds_wasd_control]: STATE arm=2 nav=14 NED=(-0.057,-0.032,-0.058) vel=(-0.055,-0.006,-0.015) yaw_deg=94.1 failsafe=False age_s=(0.09,0.00) arm_torque_nm=0.000 motors=[780.33,913.64,780.63,863.03,806.36,913.93,806.06,862.74][0m
[0m[INFO] [1786146241.624618511] [my_drone_dds_wasd_control]: STATE arm=2 nav=14 NED=(-0.088,0.013,-0.077) vel=(-0.073,0.023,-0.114) yaw_deg=94.6 failsafe=False age_s=(0.13,0.01) arm_torque_nm=0.000 motors=[804.69,850.25,804.73,846.08,805.52,850.29,805.48,846.04][0m
[0m[INFO] [1786146242.631418135] [my_drone_dds_wasd_control]: STATE arm=2 nav=14 NED=(-0.063,-0.025,-0.087) vel=(-0.008,-0.088,-0.084) yaw_deg=94.8 failsafe=False age_s=(0.13,0.01) arm_torque_nm=0.000 motors=[795.03,883.52,794.91,887.61,801.07,883.40,801.19,887.73][0m
[0m[INFO] [1786146243.674380544] [my_drone_dds_wasd_control]: STATE arm=2 nav=14 NED=(-0.080,-0.002,-0.117) vel=(-0.047,-0.026,-0.014) yaw_deg=94.7 failsafe=False age_s=(0.17,0.00) arm_torque_nm=0.000 motors=[811.90,880.28,811.67,896.79,814.70,880.05,814.93,897.02][0m
[0m[INFO] [1786146244.734009766] [my_drone_dds_wasd_control]: STATE arm=2 nav=14 NED=(-0.059,0.091,-0.069) vel=(-0.024,0.138,0.210) yaw_deg=94.0 failsafe=False age_s=(0.21,0.01) arm_torque_nm=0.000 motors=[889.60,913.74,889.60,917.58,885.85,913.74,885.85,917.58][0m
[0m[INFO] [1786146245.729546196] [my_drone_dds_wasd_control]: STATE arm=2 nav=14 NED=(-0.033,0.140,-0.061) vel=(0.091,0.021,-0.003) yaw_deg=94.1 failsafe=False age_s=(0.20,0.01) arm_torque_nm=0.000 motors=[800.77,988.40,801.02,847.22,921.00,988.65,920.75,846.97][0m
[0m[INFO] [1786146246.789593336] [my_drone_dds_wasd_control]: STATE arm=2 nav=14 NED=(-0.015,0.100,-0.168) vel=(-0.042,-0.026,-0.433) yaw_deg=93.0 failsafe=False age_s=(0.24,0.02) arm_torque_nm=0.000 motors=[756.28,856.13,756.93,837.29,720.57,856.78,719.92,836.63][0m
[0m[INFO] [1786146247.833787365] [my_drone_dds_wasd_control]: STATE arm=2 nav=14 NED=(-0.049,0.112,-0.283) vel=(-0.040,0.013,-0.346) yaw_deg=93.8 failsafe=False age_s=(0.29,0.01) arm_torque_nm=0.000 motors=[764.26,854.61,764.60,849.69,740.72,854.95,740.38,849.35][0m
[0m[INFO] [1786146248.886258001] [my_drone_dds_wasd_control]: STATE arm=2 nav=14 NED=(-0.035,0.089,-0.294) vel=(-0.033,0.012,-0.225) yaw_deg=94.3 failsafe=False age_s=(0.33,0.00) arm_torque_nm=0.000 motors=[783.54,860.98,783.69,863.04,768.68,861.13,768.53,862.88][0m
[0m[INFO] [1786146249.877666600] [my_drone_dds_wasd_control]: STATE arm=2 nav=14 NED=(-0.002,0.040,-0.221) vel=(0.033,-0.029,-0.067) yaw_deg=94.1 failsafe=False age_s=(0.32,0.00) arm_torque_nm=0.000 motors=[818.61,914.89,818.91,896.52,811.96,915.18,811.66,896.22][0m
DYNAMIC_HOVER_SENT_LAND
[33m[WARN] [1786146252.942619328] [my_drone_dds_wasd_control]: LAND requested; Offboard setpoint stream stopped[0m
[0m[INFO] [1786146252.976423775] [my_drone_dds_wasd_control]: PX4 command ack: command=21 result=0[0m
[0m[INFO] [1786146253.328193338] [my_drone_dds_wasd_control]: STATE arm=2 nav=18 NED=(-0.060,0.182,-0.192) vel=(-0.102,0.227,0.460) yaw_deg=95.4 failsafe=False age_s=(0.11,0.00) arm_torque_nm=0.000 motors=[722.87,746.03,723.03,743.62,712.00,746.18,711.84,743.46][0m
[0m[INFO] [1786146254.392634259] [my_drone_dds_wasd_control]: STATE arm=2 nav=18 NED=(-0.060,0.193,-0.158) vel=(-0.100,-0.061,-0.054) yaw_deg=99.4 failsafe=False age_s=(0.15,0.01) arm_torque_nm=0.000 motors=[616.81,806.27,617.52,595.76,768.48,806.98,767.78,595.06][0m
[0m[INFO] [1786146255.378813826] [my_drone_dds_wasd_control]: STATE arm=2 nav=18 NED=(-0.093,0.218,-0.065) vel=(-0.044,-0.041,0.065) yaw_deg=100.9 failsafe=False age_s=(0.14,0.01) arm_torque_nm=0.000 motors=[565.60,786.79,564.08,640.86,839.11,785.26,840.64,642.38][0m
[0m[INFO] [1786146256.377199015] [my_drone_dds_wasd_control]: STATE arm=2 nav=18 NED=(-0.086,0.230,-0.000) vel=(-0.008,-0.010,0.107) yaw_deg=100.3 failsafe=False age_s=(0.13,0.01) arm_torque_nm=0.000 motors=[622.62,791.03,622.59,574.88,840.75,791.00,840.78,574.90][0m
[0m[INFO] [1786146257.382448341] [my_drone_dds_wasd_control]: STATE arm=2 nav=18 NED=(-0.080,0.245,0.009) vel=(-0.013,-0.004,0.013) yaw_deg=98.1 failsafe=False age_s=(0.12,0.01) arm_torque_nm=0.000 motors=[613.53,772.88,614.19,495.50,835.88,773.54,835.23,494.84][0m
[0m[INFO] [1786146258.425192582] [my_drone_dds_wasd_control]: STATE arm=2 nav=18 NED=(-0.077,0.255,-0.009) vel=(-0.005,0.012,-0.120) yaw_deg=96.3 failsafe=False age_s=(0.17,0.00) arm_torque_nm=0.000 motors=[563.72,755.68,564.34,427.14,840.22,756.30,839.60,426.52][0m
[0m[INFO] [1786146259.476581481] [my_drone_dds_wasd_control]: STATE arm=2 nav=18 NED=(-0.063,0.244,-0.013) vel=(-0.017,-0.007,0.068) yaw_deg=94.9 failsafe=False age_s=(0.21,0.01) arm_torque_nm=0.000 motors=[586.67,773.52,587.23,468.65,844.66,774.08,844.10,468.09][0m
[0m[INFO] [1786146260.476632722] [my_drone_dds_wasd_control]: STATE arm=2 nav=18 NED=(-0.082,0.263,0.045) vel=(-0.038,-0.006,0.057) yaw_deg=94.7 failsafe=False age_s=(0.20,0.01) arm_torque_nm=0.000 motors=[564.14,774.54,564.72,432.11,857.51,775.13,856.92,431.52][0m
[0m[INFO] [1786146261.522404098] [my_drone_dds_wasd_control]: STATE arm=2 nav=18 NED=(-0.095,0.234,0.062) vel=(-0.030,-0.016,0.055) yaw_deg=94.6 failsafe=False age_s=(0.24,0.00) arm_torque_nm=0.000 motors=[553.96,762.71,554.52,423.19,845.86,763.28,845.29,422.62][0m
[0m[INFO] [1786146262.526811994] [my_drone_dds_wasd_control]: STATE arm=2 nav=18 NED=(-0.088,0.226,0.036) vel=(0.063,0.026,0.022) yaw_deg=94.6 failsafe=False age_s=(0.23,0.00) arm_torque_nm=0.000 motors=[522.32,760.72,522.84,384.69,854.55,761.25,854.03,384.17][0m
[0m[INFO] [1786146263.582489099] [my_drone_dds_wasd_control]: STATE arm=2 nav=18 NED=(-0.068,0.234,-0.015) vel=(0.029,0.012,-0.093) yaw_deg=95.1 failsafe=False age_s=(0.28,0.01) arm_torque_nm=0.000 motors=[476.68,732.98,476.98,343.80,840.64,733.28,840.34,343.50][0m
[0m[INFO] [1786146264.623755099] [my_drone_dds_wasd_control]: STATE arm=2 nav=18 NED=(-0.079,0.255,-0.060) vel=(-0.020,-0.005,-0.084) yaw_deg=95.7 failsafe=False age_s=(0.32,0.00) arm_torque_nm=0.000 motors=[367.99,644.98,368.30,187.33,799.69,645.29,799.38,187.02][0m
[0m[INFO] [1786146265.625619672] [my_drone_dds_wasd_control]: STATE arm=2 nav=18 NED=(-0.034,0.325,-0.001) vel=(0.031,0.075,0.010) yaw_deg=97.3 failsafe=False age_s=(0.31,0.00) arm_torque_nm=0.000 motors=[109.62,81.68,114.15,0.00,619.95,86.20,615.43,0.00][0m
[0m[INFO] [1786146266.626483793] [my_drone_dds_wasd_control]: STATE arm=2 nav=18 NED=(-0.045,0.244,-0.060) vel=(0.000,-0.052,-0.060) yaw_deg=96.6 failsafe=False age_s=(0.30,0.00) arm_torque_nm=0.000 motors=[0.00,216.93,0.00,0.00,472.26,216.72,472.47,0.00][0m
[0m[INFO] [1786146267.629702251] [my_drone_dds_wasd_control]: STATE arm=2 nav=18 NED=(-0.060,0.320,-0.007) vel=(-0.005,0.003,-0.017) yaw_deg=96.7 failsafe=False age_s=(0.29,0.00) arm_torque_nm=0.000 motors=[0.00,116.44,0.00,0.00,575.61,118.96,573.09,0.00][0m
[0m[INFO] [1786146268.678403814] [my_drone_dds_wasd_control]: STATE arm=2 nav=18 NED=(-0.064,0.264,-0.002) vel=(-0.021,0.043,0.036) yaw_deg=96.1 failsafe=False age_s=(0.34,0.01) arm_torque_nm=0.000 motors=[0.00,181.15,0.00,0.00,518.75,182.48,517.42,0.00][0m
[0m[INFO] [1786146269.678842322] [my_drone_dds_wasd_control]: STATE arm=2 nav=18 NED=(-0.067,0.289,0.051) vel=(-0.013,-0.045,-0.002) yaw_deg=96.2 failsafe=False age_s=(0.33,0.01) arm_torque_nm=0.000 motors=[0.00,144.82,0.00,0.00,547.13,146.30,545.65,0.00][0m
[0m[INFO] [1786146270.729391736] [my_drone_dds_wasd_control]: STATE arm=2 nav=18 NED=(-0.062,0.266,0.010) vel=(-0.020,0.044,0.031) yaw_deg=96.1 failsafe=False age_s=(0.37,0.00) arm_torque_nm=0.000 motors=[0.00,153.52,0.00,0.00,548.08,155.57,546.03,0.00][0m
[0m[INFO] [1786146271.784499324] [my_drone_dds_wasd_control]: STATE arm=2 nav=18 NED=(-0.057,0.270,-0.011) vel=(-0.006,-0.054,-0.034) yaw_deg=96.2 failsafe=False age_s=(0.41,0.01) arm_torque_nm=0.000 motors=[0.00,169.13,0.00,0.00,527.09,170.03,526.19,0.00][0m
[0m[INFO] [1786146272.723061615] [my_drone_dds_wasd_control]: LANDING_DISARMED_CONFIRMED[0m
DDS_DYNAMIC_HOVER_METRICS {"failsafe_seen": false, "max_height_error_m": 1.152, "max_horizontal_error_m": 0.16164467204334326, "max_motor_output": 988.65, "max_state_step_m": 0.12051970793193946, "motor_saturation_fraction": 0.0, "offboard_samples": 17, "steady_hover_samples": 10, "takeoff_transient_max_height_error_m": 1.2149999999999999}
DDS_DYNAMIC_HOVER_PASS
