DDS WASD: T takeoff | W/S/A/D move | R/F up/down | Q/E yaw | L land | O exit Offboard | X twice emergency disarm | Z safe exit
[0m[INFO] [1786176777.455710915] [my_drone_dds_wasd_control]: NED target initialized: N=-0.047 E=-0.039 D=-0.009 yaw=99.8 deg[0m
[0m[INFO] [1786176777.494781986] [my_drone_dds_wasd_control]: local vertical target sign=-1 (target = current + sign * height)[0m
[0m[INFO] [1786176777.688028767] [my_drone_dds_wasd_control]: STATE arm=1 nav=4 NED=(-0.039,-0.032,-0.006) vel=(0.001,-0.004,0.001) yaw_deg=99.8 failsafe=False age_s=(0.04,0.01) arm_torque_nm=0.000 motors=[0.00,0.00,0.00,0.00,0.00,0.00,0.00,0.00][0m
[0m[INFO] [1786176778.730773298] [my_drone_dds_wasd_control]: STATE arm=1 nav=4 NED=(-0.020,-0.017,0.002) vel=(0.012,0.006,0.003) yaw_deg=99.8 failsafe=False age_s=(0.08,0.02) arm_torque_nm=0.000 motors=[0.00,0.00,0.00,0.00,0.00,0.00,0.00,0.00][0m
[0m[INFO] [1786176779.744913390] [my_drone_dds_wasd_control]: STATE arm=1 nav=4 NED=(-0.015,-0.005,-0.024) vel=(0.010,0.009,-0.006) yaw_deg=99.8 failsafe=False age_s=(0.07,0.02) arm_torque_nm=0.000 motors=[0.00,0.00,0.00,0.00,0.00,0.00,0.00,0.00][0m
[0m[INFO] [1786176779.766282420] [my_drone_dds_wasd_control]: target NED=(-0.01, -0.00, -1.22) yaw=99.8 deg[0m
[0m[INFO] [1786176779.785696138] [my_drone_dds_wasd_control]: Prestreaming Offboard setpoints for 2 seconds[0m
[0m[INFO] [1786176780.780891761] [my_drone_dds_wasd_control]: STATE arm=1 nav=4 NED=(-0.021,-0.001,-0.026) vel=(0.008,0.009,-0.005) yaw_deg=99.8 failsafe=False age_s=(0.45,0.01) arm_torque_nm=0.000 motors=[0.00,0.00,0.00,0.00,0.00,0.00,0.00,0.00][0m
[0m[INFO] [1786176781.835890982] [my_drone_dds_wasd_control]: STATE arm=1 nav=4 NED=(-0.015,0.001,-0.012) vel=(0.006,0.007,0.000) yaw_deg=99.8 failsafe=False age_s=(0.49,0.02) arm_torque_nm=0.000 motors=[0.00,0.00,0.00,0.00,0.00,0.00,0.00,0.00][0m
[0m[INFO] [1786176781.861995083] [my_drone_dds_wasd_control]: OFFBOARD mode and ARM commands sent[0m
[0m[INFO] [1786176781.886281394] [my_drone_dds_wasd_control]: PX4 command ack: command=400 result=0[0m
[0m[INFO] [1786176782.878857743] [my_drone_dds_wasd_control]: STATE arm=2 nav=14 NED=(-0.011,0.001,-0.002) vel=(0.004,0.004,0.003) yaw_deg=99.8 failsafe=False age_s=(0.01,0.01) arm_torque_nm=0.000 motors=[1.52,0.56,1.52,0.33,1.60,0.56,1.60,0.33][0m
[0m[INFO] [1786176783.883905487] [my_drone_dds_wasd_control]: STATE arm=2 nav=14 NED=(-0.027,-0.012,0.006) vel=(0.000,-0.009,0.029) yaw_deg=99.8 failsafe=False age_s=(0.00,0.01) arm_torque_nm=0.000 motors=[738.02,784.82,738.02,793.01,729.59,784.82,729.59,793.00][0m
[0m[INFO] [1786176784.890527590] [my_drone_dds_wasd_control]: STATE arm=2 nav=14 NED=(-0.021,-0.030,-0.101) vel=(0.015,-0.043,-0.196) yaw_deg=99.8 failsafe=False age_s=(0.50,0.01) arm_torque_nm=0.051 motors=[706.04,741.53,706.04,748.95,698.49,741.53,698.48,748.95][0m
[0m[INFO] [1786176785.930891074] [my_drone_dds_wasd_control]: STATE arm=2 nav=14 NED=(-0.013,-0.038,-0.189) vel=(0.004,-0.069,-0.208) yaw_deg=99.8 failsafe=False age_s=(0.03,0.02) arm_torque_nm=0.002 motors=[695.74,738.43,695.74,746.88,687.18,738.43,687.18,746.88][0m
[0m[INFO] [1786176786.985618009] [my_drone_dds_wasd_control]: STATE arm=2 nav=14 NED=(-0.028,-0.044,-0.238) vel=(0.005,-0.058,-0.157) yaw_deg=99.9 failsafe=False age_s=(0.08,0.01) arm_torque_nm=0.001 motors=[702.89,736.70,702.89,744.72,695.10,736.70,695.11,744.72][0m
[0m[INFO] [1786176787.986827221] [my_drone_dds_wasd_control]: STATE arm=2 nav=14 NED=(-0.027,-0.046,-0.177) vel=(0.009,-0.028,0.076) yaw_deg=100.0 failsafe=False age_s=(0.07,0.01) arm_torque_nm=0.000 motors=[747.59,782.76,747.56,792.21,740.36,782.73,740.39,792.24][0m
[0m[INFO] [1786176789.037999943] [my_drone_dds_wasd_control]: STATE arm=2 nav=14 NED=(-0.025,-0.010,-0.109) vel=(0.002,0.003,0.086) yaw_deg=99.9 failsafe=False age_s=(0.11,0.02) arm_torque_nm=0.000 motors=[790.20,784.01,790.18,793.50,782.79,783.99,782.81,793.52][0m
[0m[INFO] [1786176790.037927636] [my_drone_dds_wasd_control]: STATE arm=2 nav=14 NED=(-0.026,-0.006,-0.126) vel=(0.001,0.014,-0.141) yaw_deg=99.9 failsafe=False age_s=(0.10,0.02) arm_torque_nm=0.001 motors=[742.65,776.86,742.64,786.17,734.82,776.84,734.84,786.19][0m
[0m[INFO] [1786176791.036135352] [my_drone_dds_wasd_control]: STATE arm=2 nav=14 NED=(-0.041,-0.004,-0.174) vel=(0.007,-0.025,-0.106) yaw_deg=100.1 failsafe=False age_s=(0.10,0.02) arm_torque_nm=0.048 motors=[758.66,790.98,758.60,802.49,752.16,790.92,752.22,802.55][0m
[0m[INFO] [1786176792.034232178] [my_drone_dds_wasd_control]: STATE arm=2 nav=14 NED=(-0.035,-0.000,-0.149) vel=(-0.000,-0.028,-0.132) yaw_deg=100.1 failsafe=False age_s=(0.09,0.02) arm_torque_nm=0.000 motors=[753.25,783.53,753.19,795.26,746.93,783.46,747.00,795.32][0m
[0m[INFO] [1786176793.082212979] [my_drone_dds_wasd_control]: STATE arm=2 nav=14 NED=(-0.023,-0.015,-0.166) vel=(0.035,-0.016,-0.053) yaw_deg=100.1 failsafe=False age_s=(0.13,0.01) arm_torque_nm=0.000 motors=[767.63,797.12,767.54,808.98,762.97,797.04,763.06,809.07][0m
[0m[INFO] [1786176794.084517680] [my_drone_dds_wasd_control]: STATE arm=2 nav=14 NED=(-0.024,0.007,-0.122) vel=(0.016,-0.017,-0.020) yaw_deg=100.0 failsafe=False age_s=(0.12,0.01) arm_torque_nm=0.000 motors=[780.11,827.48,780.04,837.00,776.70,827.41,776.78,837.07][0m
[0m[INFO] [1786176795.083219252] [my_drone_dds_wasd_control]: STATE arm=2 nav=14 NED=(-0.007,0.007,-0.149) vel=(0.055,0.015,-0.052) yaw_deg=99.7 failsafe=False age_s=(0.11,0.01) arm_torque_nm=0.000 motors=[788.12,818.53,788.13,823.67,782.11,818.54,782.10,823.66][0m
[0m[INFO] [1786176796.081232373] [my_drone_dds_wasd_control]: STATE arm=2 nav=14 NED=(-0.043,0.042,-0.174) vel=(-0.037,0.043,-0.107) yaw_deg=99.6 failsafe=False age_s=(0.10,0.01) arm_torque_nm=0.000 motors=[780.15,804.92,780.18,813.46,768.70,804.96,768.67,813.43][0m
[0m[INFO] [1786176797.130317315] [my_drone_dds_wasd_control]: STATE arm=2 nav=14 NED=(-0.044,0.086,-0.114) vel=(-0.029,0.077,0.131) yaw_deg=99.5 failsafe=False age_s=(0.15,0.02) arm_torque_nm=0.000 motors=[836.48,862.12,836.50,870.10,827.27,862.14,827.25,870.08][0m
[0m[INFO] [1786176798.132247345] [my_drone_dds_wasd_control]: STATE arm=2 nav=14 NED=(0.082,0.097,-0.101) vel=(0.282,0.053,0.081) yaw_deg=99.4 failsafe=False age_s=(0.14,0.02) arm_torque_nm=0.000 motors=[828.36,872.52,828.36,865.33,835.10,872.52,835.10,865.32][0m
[0m[INFO] [1786176799.191406915] [my_drone_dds_wasd_control]: STATE arm=2 nav=14 NED=(-0.236,-0.134,-0.282) vel=(-0.771,-0.501,0.088) yaw_deg=124.3 failsafe=False age_s=(0.18,0.01) arm_torque_nm=0.003 motors=[747.70,737.15,742.53,1000.00,879.31,731.98,884.48,1000.00][0m
[0m[INFO] [1786176800.229488819] [my_drone_dds_wasd_control]: STATE arm=2 nav=14 NED=(-1.484,-1.548,0.124) vel=(-1.182,-2.539,0.354) yaw_deg=106.2 failsafe=False age_s=(0.22,0.02) arm_torque_nm=0.000 motors=[878.43,966.59,877.46,1000.00,863.55,965.62,864.52,1000.00][0m
[31m[ERROR] [1786176800.535431437] [my_drone_dds_wasd_control]: Position safety gate exceeded; requesting LAND horizontal=3.04 m vertical=1.49 m[0m
[33m[WARN] [1786176800.558367871] [my_drone_dds_wasd_control]: LAND requested; Offboard setpoint stream stopped[0m
[0m[INFO] [1786176800.579053244] [my_drone_dds_wasd_control]: PX4 command ack: command=21 result=0[0m
[0m[INFO] [1786176804.181429841] [my_drone_dds_wasd_control]: STATE arm=2 nav=18 NED=(-2.608,-5.564,0.544) vel=(-0.746,-4.881,0.178) yaw_deg=88.4 failsafe=False age_s=(0.32,0.00) arm_torque_nm=0.000 motors=[864.71,899.83,864.96,880.56,863.06,900.08,862.82,880.31][0m
DYNAMIC_HOVER_SENT_LAND
[0m[INFO] [1786176805.183449390] [my_drone_dds_wasd_control]: STATE arm=2 nav=18 NED=(-2.879,-10.242,0.571) vel=(-0.250,-4.983,0.003) yaw_deg=61.5 failsafe=False age_s=(0.39,0.00) arm_torque_nm=0.009 motors=[846.67,946.40,848.94,842.79,759.73,948.68,757.46,840.52][0m
[0m[INFO] [1786176806.177164117] [my_drone_dds_wasd_control]: STATE arm=2 nav=18 NED=(-2.888,-14.779,0.722) vel=(0.099,-4.138,0.262) yaw_deg=74.9 failsafe=False age_s=(0.38,0.00) arm_torque_nm=0.010 motors=[722.71,819.17,719.31,1000.00,826.25,815.77,829.65,1000.00][0m
[0m[INFO] [1786176807.237610463] [my_drone_dds_wasd_control]: STATE arm=2 nav=18 NED=(-2.974,-18.835,0.750) vel=(-0.248,-3.705,0.129) yaw_deg=71.4 failsafe=False age_s=(0.43,0.01) arm_torque_nm=0.035 motors=[764.27,946.12,767.89,837.22,569.97,949.74,566.35,833.60][0m
[0m[INFO] [1786176808.232347522] [my_drone_dds_wasd_control]: STATE arm=2 nav=18 NED=(-3.229,-22.509,0.753) vel=(-0.301,-3.604,0.029) yaw_deg=45.2 failsafe=False age_s=(0.42,0.01) arm_torque_nm=0.067 motors=[629.85,945.37,631.68,813.66,609.00,947.19,607.18,811.84][0m
[0m[INFO] [1786176809.285362329] [my_drone_dds_wasd_control]: STATE arm=2 nav=18 NED=(-3.629,-26.473,0.698) vel=(-0.349,-3.562,-0.219) yaw_deg=42.7 failsafe=False age_s=(0.46,0.00) arm_torque_nm=0.003 motors=[580.42,848.55,582.28,747.29,526.09,850.41,524.23,745.44][0m
[0m[INFO] [1786176810.334060897] [my_drone_dds_wasd_control]: STATE arm=2 nav=18 NED=(-4.003,-29.902,0.719) vel=(-0.322,-2.840,-0.030) yaw_deg=37.4 failsafe=False age_s=(0.50,0.01) arm_torque_nm=0.051 motors=[562.68,865.94,564.25,767.15,530.24,867.50,528.67,765.58][0m
[0m[INFO] [1786176811.337248192] [my_drone_dds_wasd_control]: STATE arm=2 nav=18 NED=(-4.274,-32.372,0.766) vel=(-0.075,-1.882,0.081) yaw_deg=39.0 failsafe=False age_s=(0.49,0.01) arm_torque_nm=0.001 motors=[524.60,902.84,526.11,788.96,512.44,904.34,510.93,787.45][0m
[0m[INFO] [1786176812.337887759] [my_drone_dds_wasd_control]: STATE arm=2 nav=18 NED=(-4.310,-33.901,0.805) vel=(-0.068,-0.874,0.050) yaw_deg=38.5 failsafe=False age_s=(0.49,0.01) arm_torque_nm=0.073 motors=[441.86,911.88,443.26,798.78,437.93,913.28,436.53,797.38][0m
[0m[INFO] [1786176813.338908429] [my_drone_dds_wasd_control]: STATE arm=2 nav=18 NED=(-4.324,-34.273,0.802) vel=(0.003,0.123,-0.027) yaw_deg=41.5 failsafe=False age_s=(0.48,0.01) arm_torque_nm=0.002 motors=[393.09,892.87,394.31,794.43,388.70,894.09,387.47,793.20][0m
[0m[INFO] [1786176814.385490903] [my_drone_dds_wasd_control]: STATE arm=2 nav=18 NED=(-4.316,-34.290,0.795) vel=(0.027,-0.020,-0.013) yaw_deg=37.1 failsafe=False age_s=(0.02,0.00) arm_torque_nm=0.000 motors=[342.07,920.67,343.78,792.78,326.72,922.38,325.01,791.06][0m
[0m[INFO] [1786176815.386607457] [my_drone_dds_wasd_control]: STATE arm=2 nav=18 NED=(-4.329,-34.307,0.766) vel=(0.044,-0.029,0.071) yaw_deg=34.3 failsafe=False age_s=(0.01,0.00) arm_torque_nm=0.000 motors=[249.15,826.03,250.94,693.34,231.48,827.83,229.68,691.55][0m
[0m[INFO] [1786176816.430101059] [my_drone_dds_wasd_control]: STATE arm=2 nav=18 NED=(-4.255,-34.250,0.864) vel=(-0.002,-0.050,0.101) yaw_deg=34.4 failsafe=False age_s=(0.05,0.01) arm_torque_nm=0.073 motors=[280.38,783.70,281.91,661.71,274.21,785.24,272.68,660.18][0m
[0m[INFO] [1786176817.434674310] [my_drone_dds_wasd_control]: STATE arm=2 nav=18 NED=(-4.268,-34.252,0.891) vel=(0.023,-0.033,0.063) yaw_deg=34.3 failsafe=False age_s=(0.04,0.01) arm_torque_nm=0.009 motors=[0.00,273.07,0.00,145.28,0.00,274.62,0.00,143.72][0m
[0m[INFO] [1786176818.486822494] [my_drone_dds_wasd_control]: STATE arm=2 nav=18 NED=(-4.253,-34.245,0.874) vel=(0.036,-0.022,0.042) yaw_deg=34.2 failsafe=False age_s=(0.08,0.00) arm_torque_nm=0.001 motors=[0.00,272.80,0.00,145.48,0.00,274.35,0.00,143.93][0m
[0m[INFO] [1786176818.993100811] [my_drone_dds_wasd_control]: LANDING_DISARMED_CONFIRMED[0m
DDS_DYNAMIC_HOVER_FAIL missing=[] report={'offboard_samples': 18, 'steady_hover_samples': 11, 'max_horizontal_error_m': 2.1375172513923717, 'max_height_error_m': 1.3439999999999999, 'takeoff_transient_max_height_error_m': 1.3439999999999999, 'max_state_step_m': 1.929180136742031, 'max_motor_output': 1000.0, 'motor_saturation_fraction': 0.02027027027027027, 'failsafe_seen': False}
DDS_DYNAMIC_HOVER_METRICS {"failsafe_seen": false, "max_height_error_m": 1.3439999999999999, "max_horizontal_error_m": 2.1375172513923717, "max_motor_output": 1000.0, "max_state_step_m": 1.929180136742031, "motor_saturation_fraction": 0.02027027027027027, "offboard_samples": 18, "steady_hover_samples": 11, "takeoff_transient_max_height_error_m": 1.3439999999999999}
