DDS WASD: T takeoff | W/S/A/D move | R/F up/down | Q/E yaw | L land | O exit Offboard | X twice emergency disarm | Z safe exit
[0m[INFO] [1786177942.190140554] [my_drone_dds_wasd_control]: NED target initialized: N=0.002 E=-0.028 D=-0.025 yaw=99.9 deg[0m
[0m[INFO] [1786177942.214929450] [my_drone_dds_wasd_control]: local vertical target sign=-1 (target = current + sign * height)[0m
[0m[INFO] [1786177942.452934118] [my_drone_dds_wasd_control]: STATE arm=1 nav=4 NED=(-0.006,-0.037,-0.027) vel=(-0.010,-0.016,-0.008) yaw_deg=99.9 failsafe=False age_s=(0.05,0.00) arm_torque_nm=0.000 motors=[0.00,0.00,0.00,0.00,0.00,0.00,0.00,0.00][0m
[0m[INFO] [1786177943.505274779] [my_drone_dds_wasd_control]: STATE arm=1 nav=4 NED=(-0.012,-0.039,-0.018) vel=(-0.007,-0.012,-0.004) yaw_deg=99.9 failsafe=False age_s=(0.09,0.01) arm_torque_nm=0.000 motors=[0.00,0.00,0.00,0.00,0.00,0.00,0.00,0.00][0m
[0m[INFO] [1786177944.529210190] [my_drone_dds_wasd_control]: target NED=(-0.01, -0.00, -1.22) yaw=100.0 deg[0m
[0m[INFO] [1786177944.551801280] [my_drone_dds_wasd_control]: Prestreaming Offboard setpoints for 2 seconds[0m
[0m[INFO] [1786177944.570376572] [my_drone_dds_wasd_control]: STATE arm=1 nav=4 NED=(-0.007,-0.003,-0.017) vel=(-0.005,0.012,-0.003) yaw_deg=100.0 failsafe=False age_s=(0.15,0.06) arm_torque_nm=0.000 motors=[0.00,0.00,0.00,0.00,0.00,0.00,0.00,0.00][0m
[0m[INFO] [1786177945.602674861] [my_drone_dds_wasd_control]: STATE arm=1 nav=4 NED=(-0.016,0.007,-0.020) vel=(-0.010,0.009,-0.005) yaw_deg=100.0 failsafe=False age_s=(0.50,0.01) arm_torque_nm=0.000 motors=[0.00,0.00,0.00,0.00,0.00,0.00,0.00,0.00][0m
[0m[INFO] [1786177946.557054872] [my_drone_dds_wasd_control]: OFFBOARD mode and ARM commands sent[0m
[0m[INFO] [1786177946.580780084] [my_drone_dds_wasd_control]: PX4 command ack: command=400 result=0[0m
[0m[INFO] [1786177946.653778796] [my_drone_dds_wasd_control]: STATE arm=2 nav=14 NED=(-0.022,0.005,-0.026) vel=(-0.006,0.003,-0.006) yaw_deg=99.9 failsafe=False age_s=(0.08,0.00) arm_torque_nm=0.000 motors=[1.69,0.29,1.69,0.99,1.03,0.28,1.03,0.99][0m
[0m[INFO] [1786177947.653580327] [my_drone_dds_wasd_control]: STATE arm=2 nav=14 NED=(0.002,0.001,-0.022) vel=(0.010,-0.000,-0.005) yaw_deg=99.9 failsafe=False age_s=(0.09,0.00) arm_torque_nm=0.000 motors=[69.63,72.04,69.63,72.41,69.13,72.04,69.13,72.40][0m
[0m[INFO] [1786177948.704747384] [my_drone_dds_wasd_control]: STATE arm=2 nav=14 NED=(0.037,0.007,-0.009) vel=(0.027,0.007,0.000) yaw_deg=100.0 failsafe=False age_s=(0.13,0.01) arm_torque_nm=0.000 motors=[737.87,774.48,737.88,781.29,731.02,774.48,731.02,781.29][0m
[0m[INFO] [1786177949.706042483] [my_drone_dds_wasd_control]: STATE arm=2 nav=14 NED=(0.044,0.015,0.008) vel=(0.022,0.020,0.006) yaw_deg=100.0 failsafe=False age_s=(0.12,0.01) arm_torque_nm=0.000 motors=[753.17,786.76,753.15,795.30,746.45,786.74,746.47,795.32][0m
[0m[INFO] [1786177950.752227261] [my_drone_dds_wasd_control]: STATE arm=2 nav=14 NED=(0.031,0.037,0.028) vel=(0.013,0.038,-0.082) yaw_deg=100.1 failsafe=False age_s=(0.16,0.00) arm_torque_nm=0.000 motors=[753.79,784.48,753.76,800.35,740.72,784.45,740.75,800.38][0m
[0m[INFO] [1786177954.560231628] [my_drone_dds_wasd_control]: STATE arm=2 nav=14 NED=(0.027,0.051,-0.030) vel=(0.009,0.005,-0.018) yaw_deg=100.1 failsafe=False age_s=(0.20,0.01) arm_torque_nm=0.000 motors=[772.45,796.93,772.38,810.51,765.07,796.86,765.15,810.59][0m
[0m[INFO] [1786177955.603813046] [my_drone_dds_wasd_control]: STATE arm=2 nav=14 NED=(0.036,0.038,-0.022) vel=(0.045,0.004,-0.049) yaw_deg=100.1 failsafe=False age_s=(0.24,0.02) arm_torque_nm=0.000 motors=[778.64,807.48,778.57,822.23,769.39,807.41,769.45,822.30][0m
[0m[INFO] [1786177956.611858451] [my_drone_dds_wasd_control]: STATE arm=2 nav=14 NED=(0.047,0.035,-0.032) vel=(0.032,0.022,0.007) yaw_deg=100.0 failsafe=False age_s=(0.24,0.02) arm_torque_nm=0.000 motors=[795.23,827.62,795.18,831.13,795.57,827.57,795.61,831.17][0m
[0m[INFO] [1786177957.653161334] [my_drone_dds_wasd_control]: STATE arm=2 nav=14 NED=(0.038,0.032,0.009) vel=(-0.017,0.053,0.128) yaw_deg=99.9 failsafe=False age_s=(0.28,0.01) arm_torque_nm=0.000 motors=[840.57,861.49,840.57,872.39,830.44,861.48,830.45,872.40][0m
[0m[INFO] [1786177958.650094016] [my_drone_dds_wasd_control]: STATE arm=2 nav=14 NED=(-0.032,0.188,0.001) vel=(-0.092,0.208,-0.027) yaw_deg=99.3 failsafe=False age_s=(0.27,0.01) arm_torque_nm=0.000 motors=[831.14,856.02,831.21,861.77,819.55,856.09,819.48,861.70][0m
[0m[INFO] [1786177959.702264744] [my_drone_dds_wasd_control]: STATE arm=2 nav=14 NED=(0.044,0.572,-0.041) vel=(0.297,0.586,0.002) yaw_deg=98.1 failsafe=False age_s=(0.31,0.02) arm_torque_nm=0.000 motors=[844.31,871.93,844.44,852.43,852.77,872.06,852.64,852.30][0m
[0m[INFO] [1786177960.755729360] [my_drone_dds_wasd_control]: STATE arm=2 nav=14 NED=(0.389,0.923,0.044) vel=(0.022,-0.079,0.003) yaw_deg=95.9 failsafe=False age_s=(0.35,0.01) arm_torque_nm=0.000 motors=[864.83,888.61,865.19,915.99,807.41,888.97,807.05,915.63][0m
[0m[INFO] [1786177961.753899434] [my_drone_dds_wasd_control]: STATE arm=2 nav=14 NED=(-0.084,0.396,0.082) vel=(-0.607,-0.663,-0.126) yaw_deg=99.8 failsafe=False age_s=(0.35,0.01) arm_torque_nm=0.000 motors=[841.75,865.84,841.36,881.71,858.29,865.45,858.67,882.10][0m
[0m[INFO] [1786177962.804623877] [my_drone_dds_wasd_control]: STATE arm=2 nav=14 NED=(-0.433,1.009,0.097) vel=(0.032,1.219,0.111) yaw_deg=70.3 failsafe=False age_s=(0.39,0.02) arm_torque_nm=0.000 motors=[1000.00,1000.00,1000.00,820.10,793.95,1000.00,788.30,814.46][0m
[0m[INFO] [1786177963.806063312] [my_drone_dds_wasd_control]: STATE arm=2 nav=14 NED=(-0.334,1.943,0.175) vel=(-0.054,0.357,0.049) yaw_deg=73.3 failsafe=False age_s=(0.38,0.02) arm_torque_nm=0.000 motors=[908.78,1000.00,911.81,911.52,808.72,1000.00,805.70,908.49][0m
[0m[INFO] [1786177964.860377641] [my_drone_dds_wasd_control]: STATE arm=2 nav=14 NED=(0.174,0.302,0.398) vel=(0.650,1.678,0.065) yaw_deg=93.3 failsafe=False age_s=(0.42,0.01) arm_torque_nm=0.000 motors=[1000.00,623.31,1000.00,555.44,1000.00,625.51,1000.00,553.25][0m
[0m[INFO] [1786177965.859057195] [my_drone_dds_wasd_control]: STATE arm=2 nav=14 NED=(0.502,2.759,0.436) vel=(-0.186,3.252,-0.483) yaw_deg=-31.5 failsafe=False age_s=(0.33,0.01) arm_torque_nm=0.689 motors=[1000.00,754.66,1000.00,801.38,676.71,759.46,671.91,796.58][0m
[31m[ERROR] [1786177966.051651337] [my_drone_dds_wasd_control]: Position safety gate exceeded; requesting LAND horizontal=3.03 m vertical=1.65 m[0m
[33m[WARN] [1786177966.071662429] [my_drone_dds_wasd_control]: LAND requested; Offboard setpoint stream stopped[0m
[0m[INFO] [1786177966.094009100] [my_drone_dds_wasd_control]: PX4 command ack: command=21 result=0[0m
[0m[INFO] [1786177966.906124288] [my_drone_dds_wasd_control]: STATE arm=2 nav=18 NED=(0.608,3.201,0.545) vel=(-0.176,0.642,-0.210) yaw_deg=80.6 failsafe=False age_s=(0.05,0.02) arm_torque_nm=0.792 motors=[948.64,696.58,949.57,690.14,876.93,697.51,876.00,689.20][0m
[0m[INFO] [1786177967.950759315] [my_drone_dds_wasd_control]: STATE arm=2 nav=18 NED=(0.624,3.025,0.656) vel=(-0.076,-0.568,-0.057) yaw_deg=85.2 failsafe=False age_s=(0.09,0.01) arm_torque_nm=0.134 motors=[954.84,650.85,954.98,639.82,954.49,650.98,954.35,639.68][0m
[0m[INFO] [1786177968.954009856] [my_drone_dds_wasd_control]: STATE arm=2 nav=18 NED=(0.671,2.955,0.632) vel=(0.019,-0.669,-0.094) yaw_deg=89.7 failsafe=False age_s=(0.08,0.01) arm_torque_nm=0.007 motors=[949.58,560.17,949.44,564.14,957.16,560.03,957.30,564.28][0m
[0m[INFO] [1786177969.957572427] [my_drone_dds_wasd_control]: STATE arm=2 nav=18 NED=(0.709,3.060,0.598) vel=(0.059,-0.415,-0.093) yaw_deg=90.6 failsafe=False age_s=(0.07,0.01) arm_torque_nm=0.007 motors=[950.18,477.81,949.87,487.13,967.21,477.50,967.53,487.44][0m
[0m[INFO] [1786177971.002307542] [my_drone_dds_wasd_control]: STATE arm=2 nav=18 NED=(0.708,3.163,0.587) vel=(0.040,-0.181,-0.114) yaw_deg=83.9 failsafe=False age_s=(0.12,0.02) arm_torque_nm=0.043 motors=[931.53,408.87,931.07,432.88,945.78,408.41,946.24,433.34][0m
[0m[INFO] [1786177972.056745084] [my_drone_dds_wasd_control]: STATE arm=2 nav=18 NED=(0.708,3.244,0.600) vel=(0.019,-0.137,-0.083) yaw_deg=70.0 failsafe=False age_s=(0.16,0.01) arm_torque_nm=0.010 motors=[897.26,382.10,896.65,403.27,927.24,381.49,927.85,403.88][0m
[0m[INFO] [1786177973.098946348] [my_drone_dds_wasd_control]: STATE arm=2 nav=18 NED=(0.690,3.270,0.635) vel=(-0.013,-0.052,-0.064) yaw_deg=45.1 failsafe=False age_s=(0.20,0.02) arm_torque_nm=0.042 motors=[868.69,346.78,867.93,379.10,899.49,346.03,900.24,379.86][0m
[0m[INFO] [1786177974.109642588] [my_drone_dds_wasd_control]: STATE arm=2 nav=18 NED=(0.675,3.299,0.660) vel=(-0.027,-0.001,-0.039) yaw_deg=24.8 failsafe=False age_s=(0.19,0.02) arm_torque_nm=0.009 motors=[843.19,315.90,842.28,358.44,876.70,314.99,877.61,359.35][0m
[0m[INFO] [1786177975.165994681] [my_drone_dds_wasd_control]: STATE arm=2 nav=18 NED=(0.665,3.313,0.695) vel=(-0.033,0.013,-0.022) yaw_deg=13.5 failsafe=False age_s=(0.23,0.01) arm_torque_nm=0.006 motors=[171.42,0.00,164.45,0.00,389.66,0.00,396.63,0.00][0m
[0m[INFO] [1786177976.154930748] [my_drone_dds_wasd_control]: STATE arm=2 nav=18 NED=(0.656,3.322,0.722) vel=(-0.034,0.002,-0.011) yaw_deg=3.3 failsafe=False age_s=(0.21,0.01) arm_torque_nm=0.004 motors=[177.26,0.00,170.28,0.00,383.84,0.00,390.81,0.00][0m
[0m[INFO] [1786177976.808771472] [my_drone_dds_wasd_control]: LANDING_DISARMED_CONFIRMED[0m
DDS_DYNAMIC_HOVER_FAIL missing=[] report={'offboard_samples': 17, 'steady_hover_samples': 0, 'steady_window_start_s': 20.0, 'max_horizontal_error_m': 2.806104951707972, 'max_height_error_m': 1.656, 'takeoff_transient_max_height_error_m': 1.656, 'max_state_step_m': 0.0, 'max_motor_output': 1000.0, 'motor_saturation_fraction': 0.05, 'failsafe_seen': False}
DDS_DYNAMIC_HOVER_METRICS {"failsafe_seen": false, "max_height_error_m": 1.656, "max_horizontal_error_m": 2.806104951707972, "max_motor_output": 1000.0, "max_state_step_m": 0.0, "motor_saturation_fraction": 0.05, "offboard_samples": 17, "steady_hover_samples": 0, "steady_window_start_s": 20.0, "takeoff_transient_max_height_error_m": 1.656}
