DDS WASD: T takeoff | W/S/A/D move | R/F up/down | Q/E yaw | L land | O exit Offboard | X twice emergency disarm | Z safe exit
[0m[INFO] [1786179902.835358999] [my_drone_dds_wasd_control]: NED target initialized: N=-0.013 E=-0.036 D=0.002 yaw=100.0 deg[0m
[0m[INFO] [1786179902.857924209] [my_drone_dds_wasd_control]: local vertical target sign=-1 (target = current + sign * height)[0m
[0m[INFO] [1786179903.104306697] [my_drone_dds_wasd_control]: STATE arm=1 nav=4 NED=(-0.008,-0.036,0.005) vel=(0.017,-0.001,-0.006) yaw_deg=100.0 failsafe=False age_s=(0.03,0.00) arm_torque_nm=0.000 motors=[0.00,0.00,0.00,0.00,0.00,0.00,0.00,0.00][0m
[0m[INFO] [1786179904.105960119] [my_drone_dds_wasd_control]: STATE arm=1 nav=4 NED=(-0.002,-0.033,0.007) vel=(0.019,-0.000,-0.006) yaw_deg=100.1 failsafe=False age_s=(0.03,0.00) arm_torque_nm=0.000 motors=[0.00,0.00,0.00,0.00,0.00,0.00,0.00,0.00][0m
[0m[INFO] [1786179905.102419146] [my_drone_dds_wasd_control]: STATE arm=1 nav=4 NED=(0.010,-0.027,0.006) vel=(0.015,0.002,-0.004) yaw_deg=100.1 failsafe=False age_s=(0.02,0.00) arm_torque_nm=0.000 motors=[0.00,0.00,0.00,0.00,0.00,0.00,0.00,0.00][0m
[0m[INFO] [1786179905.221216956] [my_drone_dds_wasd_control]: target NED=(0.01, -0.03, -1.20) yaw=100.1 deg[0m
[0m[INFO] [1786179905.237320646] [my_drone_dds_wasd_control]: Prestreaming Offboard setpoints for 2 seconds[0m
[0m[INFO] [1786179906.102766894] [my_drone_dds_wasd_control]: STATE arm=1 nav=4 NED=(0.003,-0.015,-0.008) vel=(0.007,0.007,-0.007) yaw_deg=100.1 failsafe=False age_s=(0.33,0.00) arm_torque_nm=0.000 motors=[0.00,0.00,0.00,0.00,0.00,0.00,0.00,0.00][0m
[0m[INFO] [1786179907.151479081] [my_drone_dds_wasd_control]: STATE arm=1 nav=4 NED=(-0.002,-0.017,-0.008) vel=(0.004,-0.000,-0.006) yaw_deg=100.1 failsafe=False age_s=(0.38,0.01) arm_torque_nm=0.000 motors=[0.00,0.00,0.00,0.00,0.00,0.00,0.00,0.00][0m
[0m[INFO] [1786179907.256172622] [my_drone_dds_wasd_control]: OFFBOARD mode and ARM commands sent[0m
[0m[INFO] [1786179907.272228205] [my_drone_dds_wasd_control]: PX4 command ack: command=400 result=0[0m
[0m[INFO] [1786179908.152031360] [my_drone_dds_wasd_control]: STATE arm=2 nav=14 NED=(-0.001,-0.019,-0.009) vel=(0.003,-0.001,-0.003) yaw_deg=100.1 failsafe=False age_s=(0.38,0.01) arm_torque_nm=0.000 motors=[1.82,0.21,1.83,0.68,1.28,0.22,1.28,0.68][0m
[0m[INFO] [1786179909.153556686] [my_drone_dds_wasd_control]: STATE arm=2 nav=14 NED=(-0.003,-0.017,-0.011) vel=(0.002,0.000,-0.122) yaw_deg=100.1 failsafe=False age_s=(0.37,0.01) arm_torque_nm=0.000 motors=[752.64,775.60,752.64,783.90,744.35,775.60,744.35,783.90][0m
[0m[INFO] [1786179910.204535287] [my_drone_dds_wasd_control]: STATE arm=2 nav=14 NED=(-0.014,-0.016,-0.027) vel=(-0.002,0.000,-0.116) yaw_deg=100.0 failsafe=False age_s=(0.41,0.00) arm_torque_nm=0.000 motors=[749.38,770.57,749.39,778.88,740.65,770.57,740.64,778.87][0m
[0m[INFO] [1786179911.253532284] [my_drone_dds_wasd_control]: STATE arm=2 nav=14 NED=(0.000,-0.021,-0.025) vel=(0.006,0.001,-0.135) yaw_deg=100.1 failsafe=False age_s=(0.46,0.01) arm_torque_nm=0.000 motors=[757.92,778.66,757.93,786.98,749.28,778.66,749.27,786.98][0m
[0m[INFO] [1786179912.251927541] [my_drone_dds_wasd_control]: STATE arm=2 nav=14 NED=(-0.003,-0.032,-0.016) vel=(0.044,-0.013,-0.107) yaw_deg=100.0 failsafe=False age_s=(0.45,0.01) arm_torque_nm=0.000 motors=[776.97,798.99,776.98,807.20,768.49,798.99,768.49,807.19][0m
[0m[INFO] [1786179913.305154696] [my_drone_dds_wasd_control]: STATE arm=2 nav=14 NED=(-0.036,-0.036,-0.023) vel=(0.002,0.001,0.010) yaw_deg=99.9 failsafe=False age_s=(0.49,0.01) arm_torque_nm=0.000 motors=[807.07,830.56,807.10,838.90,796.30,830.59,796.27,838.87][0m
[0m[INFO] [1786179914.303869394] [my_drone_dds_wasd_control]: STATE arm=2 nav=14 NED=(-0.021,-0.083,0.100) vel=(0.026,-0.106,0.061) yaw_deg=100.1 failsafe=False age_s=(0.39,0.01) arm_torque_nm=0.000 motors=[837.60,867.22,837.59,876.67,829.38,867.21,829.39,876.69][0m
[0m[INFO] [1786179915.355642407] [my_drone_dds_wasd_control]: STATE arm=2 nav=14 NED=(0.022,-0.262,0.163) vel=(0.033,-0.137,-0.016) yaw_deg=99.8 failsafe=False age_s=(0.43,0.02) arm_torque_nm=0.000 motors=[847.18,869.32,847.20,877.74,836.85,869.34,836.82,877.72][0m
[0m[INFO] [1786179916.361525520] [my_drone_dds_wasd_control]: STATE arm=2 nav=14 NED=(0.040,-0.341,0.173) vel=(0.011,-0.041,-0.095) yaw_deg=100.2 failsafe=False age_s=(0.42,0.02) arm_torque_nm=0.000 motors=[840.92,867.54,840.88,878.38,833.19,867.50,833.23,878.42][0m
[0m[INFO] [1786179917.357194207] [my_drone_dds_wasd_control]: STATE arm=2 nav=14 NED=(0.078,-0.374,0.128) vel=(0.039,-0.069,-0.154) yaw_deg=99.9 failsafe=False age_s=(0.41,0.02) arm_torque_nm=0.000 motors=[837.25,866.22,837.27,873.98,827.93,866.24,827.91,873.96][0m
[0m[INFO] [1786179918.402157009] [my_drone_dds_wasd_control]: STATE arm=2 nav=14 NED=(0.151,-0.447,0.040) vel=(0.036,-0.046,-0.158) yaw_deg=99.9 failsafe=False age_s=(0.45,0.01) arm_torque_nm=0.000 motors=[840.81,863.69,840.83,872.74,830.55,863.70,830.53,872.72][0m
[0m[INFO] [1786179919.405511125] [my_drone_dds_wasd_control]: STATE arm=2 nav=14 NED=(0.181,-0.432,-0.046) vel=(0.010,0.025,-0.166) yaw_deg=100.0 failsafe=False age_s=(0.45,0.01) arm_torque_nm=0.000 motors=[837.33,864.65,837.32,874.25,828.92,864.64,828.94,874.26][0m
[0m[INFO] [1786179920.452538091] [my_drone_dds_wasd_control]: STATE arm=2 nav=14 NED=(0.238,-0.429,-0.158) vel=(0.038,-0.028,-0.205) yaw_deg=99.9 failsafe=False age_s=(0.49,0.02) arm_torque_nm=0.000 motors=[828.84,855.80,828.85,864.63,819.04,855.81,819.03,864.62][0m
[0m[INFO] [1786179921.504344806] [my_drone_dds_wasd_control]: STATE arm=2 nav=14 NED=(0.269,-0.476,-0.225) vel=(-0.002,-0.008,-0.104) yaw_deg=100.1 failsafe=False age_s=(0.03,0.01) arm_torque_nm=0.000 motors=[846.74,869.75,846.72,880.18,837.75,869.73,837.77,880.20][0m
[0m[INFO] [1786179922.506300986] [my_drone_dds_wasd_control]: STATE arm=2 nav=14 NED=(0.247,-0.450,-0.271) vel=(-0.023,0.032,-0.156) yaw_deg=100.2 failsafe=False age_s=(0.02,0.01) arm_torque_nm=0.000 motors=[835.06,863.49,835.04,872.63,827.66,863.46,827.68,872.65][0m
[0m[INFO] [1786179923.503078404] [my_drone_dds_wasd_control]: STATE arm=2 nav=14 NED=(0.219,-0.423,-0.343) vel=(-0.008,-0.000,-0.169) yaw_deg=100.1 failsafe=False age_s=(0.01,0.01) arm_torque_nm=0.000 motors=[831.97,858.06,831.97,867.03,822.48,858.07,822.48,867.02][0m
[0m[INFO] [1786179924.551466540] [my_drone_dds_wasd_control]: STATE arm=2 nav=14 NED=(0.236,-0.416,-0.348) vel=(-0.010,0.018,-0.099) yaw_deg=100.1 failsafe=False age_s=(0.05,0.02) arm_torque_nm=0.001 motors=[845.88,870.42,845.88,879.88,835.78,870.42,835.77,879.87][0m
[0m[INFO] [1786179925.554107350] [my_drone_dds_wasd_control]: STATE arm=2 nav=14 NED=(0.218,-0.407,-0.330) vel=(-0.024,0.020,-0.121) yaw_deg=100.0 failsafe=False age_s=(0.04,0.02) arm_torque_nm=0.000 motors=[843.09,870.67,843.10,878.95,834.11,870.68,834.10,878.94][0m
[0m[INFO] [1786179926.604597610] [my_drone_dds_wasd_control]: STATE arm=2 nav=14 NED=(0.220,-0.398,-0.359) vel=(-0.001,0.008,-0.120) yaw_deg=100.1 failsafe=False age_s=(0.09,0.01) arm_torque_nm=0.001 motors=[844.01,870.37,844.01,879.45,835.32,870.36,835.33,879.46][0m
[0m[INFO] [1786179927.603933265] [my_drone_dds_wasd_control]: STATE arm=2 nav=14 NED=(0.235,-0.407,-0.435) vel=(-0.009,0.014,-0.138) yaw_deg=100.1 failsafe=False age_s=(0.08,0.01) arm_torque_nm=0.000 motors=[839.03,863.65,839.02,874.20,829.15,863.64,829.16,874.21][0m
[0m[INFO] [1786179928.603453538] [my_drone_dds_wasd_control]: STATE arm=2 nav=14 NED=(0.200,-0.420,-0.514) vel=(-0.032,0.007,-0.138) yaw_deg=100.1 failsafe=False age_s=(0.07,0.01) arm_torque_nm=0.000 motors=[833.92,860.76,833.92,869.70,825.16,860.76,825.17,869.70][0m
[0m[INFO] [1786179929.662020314] [my_drone_dds_wasd_control]: STATE arm=2 nav=14 NED=(0.174,-0.425,-0.541) vel=(-0.009,0.009,-0.103) yaw_deg=100.0 failsafe=False age_s=(0.11,0.02) arm_torque_nm=0.000 motors=[838.80,865.12,838.81,873.32,830.07,865.12,830.06,873.32][0m
[0m[INFO] [1786179930.705881290] [my_drone_dds_wasd_control]: STATE arm=2 nav=14 NED=(0.175,-0.409,-0.514) vel=(-0.011,0.020,-0.094) yaw_deg=100.0 failsafe=False age_s=(0.15,0.01) arm_torque_nm=0.000 motors=[842.45,867.49,842.46,877.39,831.94,867.50,831.94,877.38][0m
[0m[INFO] [1786179931.752803883] [my_drone_dds_wasd_control]: STATE arm=2 nav=14 NED=(0.142,-0.382,-0.469) vel=(-0.025,0.024,-0.086) yaw_deg=100.1 failsafe=False age_s=(0.20,0.02) arm_torque_nm=0.000 motors=[845.48,872.76,845.48,881.44,837.04,872.76,837.04,881.44][0m
[0m[INFO] [1786179932.751380782] [my_drone_dds_wasd_control]: STATE arm=2 nav=14 NED=(0.148,-0.375,-0.455) vel=(0.005,0.017,-0.091) yaw_deg=100.1 failsafe=False age_s=(0.19,0.02) arm_torque_nm=0.000 motors=[847.13,873.56,847.13,882.59,838.33,873.56,838.33,882.59][0m
[0m[INFO] [1786179933.808527202] [my_drone_dds_wasd_control]: STATE arm=2 nav=14 NED=(0.131,-0.359,-0.494) vel=(-0.021,0.023,-0.118) yaw_deg=100.1 failsafe=False age_s=(0.23,0.01) arm_torque_nm=0.000 motors=[841.89,866.76,841.89,876.71,831.91,866.76,831.91,876.70][0m
[0m[INFO] [1786179939.104463830] [my_drone_dds_wasd_control]: STATE arm=2 nav=14 NED=(0.104,-0.325,-0.526) vel=(-0.017,0.029,-0.091) yaw_deg=100.1 failsafe=False age_s=(0.23,0.01) arm_torque_nm=0.000 motors=[845.75,873.15,845.75,881.83,837.15,873.14,837.15,881.84][0m
[0m[INFO] [1786179940.108484225] [my_drone_dds_wasd_control]: STATE arm=2 nav=14 NED=(0.113,-0.288,-0.609) vel=(0.008,0.024,-0.105) yaw_deg=100.0 failsafe=False age_s=(0.22,0.02) arm_torque_nm=0.000 motors=[841.44,867.74,841.45,877.12,831.92,867.74,831.92,877.12][0m
[0m[INFO] [1786179941.105371620] [my_drone_dds_wasd_control]: STATE arm=2 nav=14 NED=(0.082,-0.293,-0.710) vel=(-0.025,0.007,-0.093) yaw_deg=100.0 failsafe=False age_s=(0.21,0.02) arm_torque_nm=0.000 motors=[840.12,865.24,840.13,874.47,830.27,865.24,830.26,874.46][0m
[0m[INFO] [1786179942.155531226] [my_drone_dds_wasd_control]: STATE arm=2 nav=14 NED=(0.038,-0.285,-0.813) vel=(-0.018,0.020,-0.066) yaw_deg=100.0 failsafe=False age_s=(0.26,0.01) arm_torque_nm=0.000 motors=[838.29,865.54,838.29,873.57,830.41,865.54,830.41,873.57][0m
[0m[INFO] [1786179943.155346285] [my_drone_dds_wasd_control]: STATE arm=2 nav=14 NED=(0.054,-0.268,-0.810) vel=(0.011,0.019,-0.057) yaw_deg=100.1 failsafe=False age_s=(0.25,0.00) arm_torque_nm=0.000 motors=[839.92,865.40,839.91,875.61,830.11,865.40,830.11,875.61][0m
[0m[INFO] [1786179944.165482263] [my_drone_dds_wasd_control]: STATE arm=2 nav=14 NED=(0.046,-0.248,-0.783) vel=(-0.019,0.016,-0.077) yaw_deg=100.1 failsafe=False age_s=(0.24,0.01) arm_torque_nm=0.000 motors=[837.82,862.77,837.82,872.68,828.25,862.77,828.26,872.69][0m
[0m[INFO] [1786179945.204567403] [my_drone_dds_wasd_control]: STATE arm=2 nav=14 NED=(0.012,-0.241,-0.738) vel=(-0.008,0.010,-0.038) yaw_deg=100.1 failsafe=False age_s=(0.28,0.02) arm_torque_nm=0.000 motors=[845.58,873.47,845.58,881.71,837.38,873.47,837.38,881.71][0m
[0m[INFO] [1786179946.252536623] [my_drone_dds_wasd_control]: STATE arm=2 nav=14 NED=(0.041,-0.246,-0.693) vel=(0.019,0.007,-0.056) yaw_deg=100.0 failsafe=False age_s=(0.32,0.01) arm_torque_nm=0.000 motors=[846.11,870.53,846.12,880.99,835.24,870.53,835.24,880.99][0m
[0m[INFO] [1786179947.304854383] [my_drone_dds_wasd_control]: STATE arm=2 nav=14 NED=(0.048,-0.241,-0.647) vel=(-0.011,0.011,-0.063) yaw_deg=100.1 failsafe=False age_s=(0.37,0.02) arm_torque_nm=0.000 motors=[845.49,871.91,845.49,881.02,836.36,871.91,836.36,881.02][0m
[0m[INFO] [1786179948.365237199] [my_drone_dds_wasd_control]: STATE arm=2 nav=14 NED=(0.069,-0.204,-0.601) vel=(0.017,0.025,-0.066) yaw_deg=100.0 failsafe=False age_s=(0.41,0.00) arm_torque_nm=0.000 motors=[846.45,873.32,846.46,881.72,837.43,873.33,837.43,881.72][0m
[0m[INFO] [1786179949.406798586] [my_drone_dds_wasd_control]: STATE arm=2 nav=14 NED=(0.089,-0.192,-0.568) vel=(0.009,0.008,-0.076) yaw_deg=100.1 failsafe=False age_s=(0.45,0.01) arm_torque_nm=0.000 motors=[847.25,872.80,847.25,883.03,837.46,872.79,837.47,883.04][0m
[0m[INFO] [1786179950.453039569] [my_drone_dds_wasd_control]: STATE arm=2 nav=14 NED=(0.080,-0.180,-0.569) vel=(-0.012,0.017,-0.063) yaw_deg=100.1 failsafe=False age_s=(0.49,0.01) arm_torque_nm=0.000 motors=[851.48,877.67,851.47,886.95,842.59,877.67,842.60,886.96][0m
[0m[INFO] [1786179951.502237232] [my_drone_dds_wasd_control]: STATE arm=2 nav=14 NED=(0.027,-0.188,-0.655) vel=(-0.017,-0.000,-0.093) yaw_deg=100.1 failsafe=False age_s=(0.03,0.02) arm_torque_nm=0.000 motors=[841.70,868.82,841.70,877.99,832.93,868.82,832.94,877.99][0m
DYNAMIC_HOVER_SENT_LAND
[33m[WARN] [1786179951.624720141] [my_drone_dds_wasd_control]: OFFBOARD_LANDING_STARTED; holding XY and descending to the recorded takeoff ground height[0m
[0m[INFO] [1786179952.506413683] [my_drone_dds_wasd_control]: STATE arm=2 nav=14 NED=(-0.004,-0.179,-0.652) vel=(-0.005,0.008,0.074) yaw_deg=100.1 failsafe=False age_s=(0.02,0.02) arm_torque_nm=0.000 motors=[833.57,859.43,833.57,868.13,824.60,859.43,824.60,868.13][0m
[0m[INFO] [1786179953.503830555] [my_drone_dds_wasd_control]: STATE arm=2 nav=14 NED=(-0.012,-0.161,-0.505) vel=(-0.005,0.003,0.095) yaw_deg=100.1 failsafe=False age_s=(0.02,0.02) arm_torque_nm=0.140 motors=[841.10,867.55,841.10,877.27,831.08,867.55,831.08,877.26][0m
[0m[INFO] [1786179954.553964481] [my_drone_dds_wasd_control]: STATE arm=2 nav=14 NED=(-0.014,-0.179,-0.362) vel=(-0.001,-0.018,0.104) yaw_deg=100.0 failsafe=False age_s=(0.42,0.00) arm_torque_nm=0.000 motors=[846.33,873.42,846.34,881.57,837.66,873.43,837.66,881.56][0m
[0m[INFO] [1786179955.554770612] [my_drone_dds_wasd_control]: STATE arm=2 nav=14 NED=(-0.015,-0.191,-0.178) vel=(-0.007,-0.005,-0.227) yaw_deg=100.0 failsafe=False age_s=(0.41,0.00) arm_torque_nm=0.000 motors=[794.62,822.49,794.64,831.93,783.59,822.50,783.57,831.91][0m
[0m[INFO] [1786179956.604997113] [my_drone_dds_wasd_control]: STATE arm=2 nav=14 NED=(-0.027,-0.207,-0.249) vel=(-0.010,-0.006,-0.289) yaw_deg=100.0 failsafe=False age_s=(0.45,0.01) arm_torque_nm=0.000 motors=[763.94,786.04,763.95,794.48,754.53,786.05,754.52,794.47][0m
[0m[INFO] [1786179957.606179739] [my_drone_dds_wasd_control]: STATE arm=2 nav=14 NED=(-0.024,-0.190,-0.304) vel=(-0.011,0.022,-0.223) yaw_deg=100.0 failsafe=False age_s=(0.45,0.01) arm_torque_nm=0.000 motors=[752.45,773.79,752.47,782.18,742.70,773.80,742.69,782.17][0m
[0m[INFO] [1786179958.656211399] [my_drone_dds_wasd_control]: STATE arm=2 nav=14 NED=(-0.027,-0.200,-0.279) vel=(-0.006,0.011,-0.175) yaw_deg=100.0 failsafe=False age_s=(0.49,0.00) arm_torque_nm=0.000 motors=[745.47,766.79,745.49,774.83,735.95,766.80,735.93,774.81][0m
[0m[INFO] [1786179959.711252291] [my_drone_dds_wasd_control]: STATE arm=2 nav=14 NED=(-0.036,-0.200,-0.214) vel=(-0.017,0.020,-0.203) yaw_deg=100.0 failsafe=False age_s=(0.03,0.01) arm_torque_nm=0.000 motors=[731.84,747.81,731.86,756.23,721.75,747.83,721.73,756.20][0m
[33m[WARN] [1786179960.202963224] [my_drone_dds_wasd_control]: PX4_NATIVE_LAND_HANDOFF near recorded ground height; Offboard setpoint stream stopped[0m
[0m[INFO] [1786179960.220185995] [my_drone_dds_wasd_control]: PX4 command ack: command=21 result=0[0m
[0m[INFO] [1786179960.756343448] [my_drone_dds_wasd_control]: STATE arm=2 nav=18 NED=(-0.049,-0.212,-0.212) vel=(-0.051,-0.044,-0.136) yaw_deg=100.3 failsafe=False age_s=(0.17,0.00) arm_torque_nm=0.000 motors=[677.18,699.75,677.15,714.26,664.89,699.72,664.92,714.29][0m
[0m[INFO] [1786179961.805508402] [my_drone_dds_wasd_control]: STATE arm=2 nav=18 NED=(-0.023,-0.228,-0.190) vel=(0.075,-0.156,-0.121) yaw_deg=99.6 failsafe=False age_s=(0.31,0.01) arm_torque_nm=0.000 motors=[688.98,725.31,689.05,730.57,678.62,725.37,678.56,730.51][0m
[0m[INFO] [1786179962.854485797] [my_drone_dds_wasd_control]: STATE arm=2 nav=18 NED=(-0.059,-0.225,-0.203) vel=(-0.022,-0.017,-0.196) yaw_deg=99.1 failsafe=False age_s=(0.35,0.00) arm_torque_nm=0.000 motors=[689.38,615.82,689.45,623.79,675.96,615.88,675.90,623.72][0m
[0m[INFO] [1786179963.903124073] [my_drone_dds_wasd_control]: STATE arm=2 nav=18 NED=(-0.070,-0.228,-0.206) vel=(-0.019,-0.009,-0.128) yaw_deg=99.2 failsafe=False age_s=(0.40,0.01) arm_torque_nm=0.000 motors=[669.78,573.26,669.85,579.54,658.41,573.32,658.35,579.48][0m
[0m[INFO] [1786179964.904599864] [my_drone_dds_wasd_control]: STATE arm=2 nav=18 NED=(-0.069,-0.206,-0.188) vel=(-0.024,0.058,-0.155) yaw_deg=99.1 failsafe=False age_s=(0.39,0.01) arm_torque_nm=0.000 motors=[577.37,425.25,577.44,429.97,567.41,425.31,567.34,429.91][0m
[0m[INFO] [1786179965.956385669] [my_drone_dds_wasd_control]: STATE arm=2 nav=18 NED=(-0.052,-0.152,-0.154) vel=(-0.003,0.031,-0.115) yaw_deg=99.0 failsafe=False age_s=(0.43,0.00) arm_torque_nm=0.000 motors=[89.51,0.00,89.57,0.00,85.03,0.00,84.97,0.00][0m
[0m[INFO] [1786179967.011337902] [my_drone_dds_wasd_control]: STATE arm=2 nav=18 NED=(-0.034,-0.162,-0.112) vel=(0.013,0.012,-0.049) yaw_deg=99.0 failsafe=False age_s=(0.47,0.01) arm_torque_nm=0.000 motors=[95.40,0.00,95.47,0.00,90.78,0.00,90.72,0.00][0m
[0m[INFO] [1786179967.403247129] [my_drone_dds_wasd_control]: LANDING_DISARMED_CONFIRMED[0m
DDS_DYNAMIC_HOVER_METRICS {"failsafe_seen": false, "max_height_error_m": 0.632, "max_horizontal_error_m": 0.2778002879768126, "max_motor_output": 886.96, "max_state_step_m": 0.11228980363327738, "motor_saturation_fraction": 0.0, "offboard_samples": 47, "steady_hover_samples": 12, "steady_window_duration_s": 12.0, "steady_window_start_s": 28.0, "takeoff_transient_max_height_error_m": 1.373}
DDS_DYNAMIC_HOVER_PASS
