DDS WASD: T takeoff | W/S/A/D move | R/F up/down | Q/E yaw | L land | O exit Offboard | X twice emergency disarm | Z safe exit
[0m[INFO] [1786178347.637539979] [my_drone_dds_wasd_control]: NED target initialized: N=0.037 E=0.011 D=-0.010 yaw=99.8 deg[0m
[0m[INFO] [1786178347.661538492] [my_drone_dds_wasd_control]: local vertical target sign=-1 (target = current + sign * height)[0m
[0m[INFO] [1786178347.952491962] [my_drone_dds_wasd_control]: STATE arm=1 nav=4 NED=(0.033,0.007,-0.007) vel=(0.009,-0.000,-0.013) yaw_deg=99.8 failsafe=False age_s=(0.03,0.02) arm_torque_nm=0.000 motors=[0.00,0.00,0.00,0.00,0.00,0.00,0.00,0.00][0m
[0m[INFO] [1786178348.999105766] [my_drone_dds_wasd_control]: STATE arm=1 nav=4 NED=(0.011,-0.012,-0.013) vel=(-0.004,-0.013,-0.013) yaw_deg=99.8 failsafe=False age_s=(0.07,0.01) arm_torque_nm=0.000 motors=[0.00,0.00,0.00,0.00,0.00,0.00,0.00,0.00][0m
[0m[INFO] [1786178350.031545394] [my_drone_dds_wasd_control]: target NED=(0.01, -0.02, -1.21) yaw=99.8 deg[0m
[0m[INFO] [1786178350.066557218] [my_drone_dds_wasd_control]: Prestreaming Offboard setpoints for 2 seconds[0m
[0m[INFO] [1786178350.112085082] [my_drone_dds_wasd_control]: STATE arm=1 nav=4 NED=(0.013,-0.019,-0.009) vel=(-0.001,-0.012,-0.010) yaw_deg=99.8 failsafe=False age_s=(0.17,0.07) arm_torque_nm=0.000 motors=[0.00,0.00,0.00,0.00,0.00,0.00,0.00,0.00][0m
[0m[INFO] [1786178351.144624650] [my_drone_dds_wasd_control]: STATE arm=1 nav=4 NED=(0.016,-0.013,0.000) vel=(0.005,-0.005,-0.007) yaw_deg=99.8 failsafe=False age_s=(0.48,0.02) arm_torque_nm=0.000 motors=[0.00,0.00,0.00,0.00,0.00,0.00,0.00,0.00][0m
[0m[INFO] [1786178352.091758284] [my_drone_dds_wasd_control]: OFFBOARD mode and ARM commands sent[0m
[0m[INFO] [1786178352.117308898] [my_drone_dds_wasd_control]: PX4 command ack: command=400 result=0[0m
[0m[INFO] [1786178352.149956674] [my_drone_dds_wasd_control]: STATE arm=2 nav=14 NED=(0.035,-0.019,0.012) vel=(0.015,-0.011,-0.005) yaw_deg=99.8 failsafe=False age_s=(0.03,0.03) arm_torque_nm=0.000 motors=[1.66,0.36,1.66,0.32,1.66,0.36,1.66,0.32][0m
[0m[INFO] [1786178353.188949168] [my_drone_dds_wasd_control]: STATE arm=2 nav=14 NED=(0.028,-0.038,0.011) vel=(0.005,-0.018,-0.007) yaw_deg=99.8 failsafe=False age_s=(0.08,0.01) arm_torque_nm=0.000 motors=[59.02,59.88,59.02,60.54,58.20,59.88,58.20,60.54][0m
[0m[INFO] [1786178354.184426003] [my_drone_dds_wasd_control]: STATE arm=2 nav=14 NED=(0.010,-0.003,-0.026) vel=(-0.004,0.037,-0.069) yaw_deg=99.8 failsafe=False age_s=(0.08,0.01) arm_torque_nm=0.000 motors=[736.77,756.09,736.77,764.54,728.38,756.09,728.38,764.54][0m
[0m[INFO] [1786178355.187940739] [my_drone_dds_wasd_control]: STATE arm=2 nav=14 NED=(-0.000,-0.000,-0.041) vel=(-0.004,-0.004,0.027) yaw_deg=99.8 failsafe=False age_s=(0.07,0.01) arm_torque_nm=0.000 motors=[759.47,781.12,759.47,790.15,750.93,781.12,750.94,790.15][0m
[0m[INFO] [1786178356.232173233] [my_drone_dds_wasd_control]: STATE arm=2 nav=14 NED=(0.002,-0.003,-0.003) vel=(-0.020,0.075,-0.012) yaw_deg=99.8 failsafe=False age_s=(0.11,0.02) arm_torque_nm=0.000 motors=[763.91,797.81,763.91,805.32,757.02,797.80,757.03,805.33][0m
[0m[INFO] [1786178357.232914263] [my_drone_dds_wasd_control]: STATE arm=2 nav=14 NED=(0.009,-0.018,-0.065) vel=(0.007,-0.016,-0.102) yaw_deg=99.8 failsafe=False age_s=(0.10,0.02) arm_torque_nm=0.000 motors=[758.45,774.79,758.44,783.76,750.43,774.77,750.44,783.77][0m
[0m[INFO] [1786178358.235947073] [my_drone_dds_wasd_control]: STATE arm=2 nav=14 NED=(0.007,-0.025,-0.104) vel=(-0.020,0.073,-0.237) yaw_deg=99.8 failsafe=False age_s=(0.09,0.02) arm_torque_nm=0.000 motors=[774.10,791.50,774.10,816.54,749.53,791.50,749.54,816.55][0m
[0m[INFO] [1786178359.287493148] [my_drone_dds_wasd_control]: STATE arm=2 nav=14 NED=(0.011,-0.014,-0.151) vel=(0.032,-0.068,-0.122) yaw_deg=99.7 failsafe=False age_s=(0.14,0.01) arm_torque_nm=0.000 motors=[742.96,786.29,742.97,794.38,734.27,786.30,734.26,794.37][0m
[0m[INFO] [1786178360.284239660] [my_drone_dds_wasd_control]: STATE arm=2 nav=14 NED=(0.017,-0.052,-0.140) vel=(0.022,-0.052,0.090) yaw_deg=99.9 failsafe=False age_s=(0.13,0.01) arm_torque_nm=0.001 motors=[792.14,816.32,792.13,825.62,783.91,816.30,783.92,825.63][0m
[0m[INFO] [1786178361.288535084] [my_drone_dds_wasd_control]: STATE arm=2 nav=14 NED=(0.042,-0.036,-0.104) vel=(0.020,-0.032,0.141) yaw_deg=99.9 failsafe=False age_s=(0.12,0.01) arm_torque_nm=0.000 motors=[808.82,834.48,808.81,844.29,800.35,834.46,800.37,844.30][0m
[0m[INFO] [1786178362.283634193] [my_drone_dds_wasd_control]: STATE arm=2 nav=14 NED=(0.016,-0.075,-0.093) vel=(0.004,-0.068,0.037) yaw_deg=99.5 failsafe=False age_s=(0.11,0.01) arm_torque_nm=0.000 motors=[804.92,829.34,804.95,836.68,794.93,829.37,794.90,836.64][0m
[0m[INFO] [1786178363.335198419] [my_drone_dds_wasd_control]: STATE arm=2 nav=14 NED=(-0.010,-0.011,0.028) vel=(-0.096,0.245,0.063) yaw_deg=99.7 failsafe=False age_s=(0.06,0.00) arm_torque_nm=0.000 motors=[856.40,828.14,856.37,846.99,840.57,828.10,840.61,847.02][0m
[0m[INFO] [1786178364.385895925] [my_drone_dds_wasd_control]: STATE arm=2 nav=14 NED=(-0.127,0.513,0.146) vel=(-0.037,0.257,0.052) yaw_deg=96.3 failsafe=False age_s=(0.10,0.01) arm_torque_nm=0.000 motors=[836.36,904.61,836.75,891.29,816.63,905.00,816.24,890.89][0m
[0m[INFO] [1786178365.437226950] [my_drone_dds_wasd_control]: STATE arm=2 nav=14 NED=(-0.007,0.045,0.223) vel=(0.167,-0.865,-0.052) yaw_deg=97.7 failsafe=False age_s=(0.14,0.02) arm_torque_nm=0.000 motors=[852.33,872.37,852.37,883.75,837.59,872.40,837.55,883.71][0m
[0m[INFO] [1786178366.444559127] [my_drone_dds_wasd_control]: STATE arm=2 nav=14 NED=(0.008,-0.531,0.289) vel=(-0.045,-0.006,-0.063) yaw_deg=99.5 failsafe=False age_s=(0.13,0.02) arm_torque_nm=0.000 motors=[866.35,859.69,866.18,875.07,865.45,859.52,865.62,875.24][0m
[0m[INFO] [1786178367.489615391] [my_drone_dds_wasd_control]: STATE arm=2 nav=14 NED=(-0.016,-0.190,0.244) vel=(0.055,0.151,-0.172) yaw_deg=100.9 failsafe=False age_s=(0.17,0.01) arm_torque_nm=0.000 motors=[817.97,880.75,817.73,898.47,819.98,880.51,820.21,898.71][0m
[0m[INFO] [1786178368.485555216] [my_drone_dds_wasd_control]: STATE arm=2 nav=14 NED=(0.135,-0.563,0.110) vel=(0.141,-0.610,-0.217) yaw_deg=99.2 failsafe=False age_s=(0.17,0.01) arm_torque_nm=0.000 motors=[844.40,859.62,844.51,867.92,826.51,859.73,826.40,867.81][0m
[0m[INFO] [1786178369.484351119] [my_drone_dds_wasd_control]: STATE arm=2 nav=14 NED=(0.130,-0.863,-0.007) vel=(-0.071,0.181,-0.140) yaw_deg=99.1 failsafe=False age_s=(0.16,0.01) arm_torque_nm=0.000 motors=[862.04,863.53,862.11,868.30,851.29,863.60,851.22,868.23][0m
[0m[INFO] [1786178370.534849156] [my_drone_dds_wasd_control]: STATE arm=2 nav=14 NED=(0.072,-0.435,-0.191) vel=(0.033,0.199,-0.167) yaw_deg=99.5 failsafe=False age_s=(0.20,0.02) arm_torque_nm=0.000 motors=[820.42,880.37,820.41,888.54,813.83,880.35,813.85,888.56][0m
[0m[INFO] [1786178371.586296252] [my_drone_dds_wasd_control]: STATE arm=2 nav=14 NED=(0.174,-0.732,-0.296) vel=(0.079,-0.439,-0.127) yaw_deg=99.8 failsafe=False age_s=(0.24,0.01) arm_torque_nm=0.000 motors=[851.81,861.93,851.77,876.45,840.60,861.89,840.64,876.49][0m
[0m[INFO] [1786178372.636167354] [my_drone_dds_wasd_control]: STATE arm=2 nav=14 NED=(0.148,-0.792,-0.433) vel=(-0.090,0.331,-0.123) yaw_deg=99.8 failsafe=False age_s=(0.28,0.02) arm_torque_nm=0.000 motors=[845.86,858.90,845.85,865.83,839.46,858.90,839.47,865.84][0m
[0m[INFO] [1786178373.637103071] [my_drone_dds_wasd_control]: STATE arm=2 nav=14 NED=(0.097,-0.413,-0.484) vel=(0.025,0.127,-0.102) yaw_deg=99.6 failsafe=False age_s=(0.28,0.02) arm_torque_nm=0.000 motors=[825.80,880.49,825.82,888.63,816.33,880.51,816.31,888.61][0m
[0m[INFO] [1786178374.685981490] [my_drone_dds_wasd_control]: STATE arm=2 nav=14 NED=(0.171,-0.698,-0.469) vel=(0.049,-0.331,-0.066) yaw_deg=99.6 failsafe=False age_s=(0.32,0.01) arm_torque_nm=0.000 motors=[857.22,865.36,857.24,876.58,844.97,865.37,844.95,876.56][0m
[0m[INFO] [1786178375.685442823] [my_drone_dds_wasd_control]: STATE arm=2 nav=14 NED=(0.123,-0.692,-0.435) vel=(-0.085,0.319,-0.057) yaw_deg=99.7 failsafe=False age_s=(0.31,0.01) arm_torque_nm=0.000 motors=[857.97,876.44,857.97,883.70,850.88,876.44,850.88,883.70][0m
[0m[INFO] [1786178379.441386327] [my_drone_dds_wasd_control]: STATE arm=2 nav=14 NED=(0.111,-0.377,-0.465) vel=(0.049,0.039,-0.081) yaw_deg=99.7 failsafe=False age_s=(0.34,0.00) arm_torque_nm=0.000 motors=[838.76,888.67,838.76,897.87,829.83,888.66,829.83,897.88][0m
[0m[INFO] [1786178380.486030662] [my_drone_dds_wasd_control]: STATE arm=2 nav=14 NED=(0.206,-0.623,-0.563) vel=(0.043,-0.253,-0.204) yaw_deg=99.8 failsafe=False age_s=(0.38,0.01) arm_torque_nm=0.000 motors=[832.84,839.77,832.83,851.43,821.91,839.76,821.91,851.44][0m
[0m[INFO] [1786178381.489709097] [my_drone_dds_wasd_control]: STATE arm=2 nav=14 NED=(0.187,-0.577,-0.576) vel=(-0.063,0.284,-0.081) yaw_deg=99.8 failsafe=False age_s=(0.37,0.01) arm_torque_nm=0.000 motors=[842.75,865.72,842.74,873.36,835.42,865.72,835.43,873.37][0m
[0m[INFO] [1786178382.554858349] [my_drone_dds_wasd_control]: STATE arm=2 nav=14 NED=(0.168,-0.353,-0.446) vel=(0.034,-0.009,0.042) yaw_deg=99.8 failsafe=False age_s=(0.41,0.00) arm_torque_nm=0.000 motors=[858.69,902.30,858.70,912.26,848.24,902.31,848.24,912.26][0m
[0m[INFO] [1786178383.585756019] [my_drone_dds_wasd_control]: STATE arm=2 nav=14 NED=(0.181,-0.632,-0.286) vel=(-0.021,-0.270,-0.108) yaw_deg=99.8 failsafe=False age_s=(0.45,0.01) arm_torque_nm=0.000 motors=[861.40,873.36,861.38,887.42,849.79,873.33,849.82,887.44][0m
[0m[INFO] [1786178384.634305642] [my_drone_dds_wasd_control]: STATE arm=2 nav=14 NED=(0.094,-0.621,-0.401) vel=(-0.059,0.253,-0.168) yaw_deg=99.7 failsafe=False age_s=(0.49,0.00) arm_torque_nm=0.000 motors=[841.07,864.95,841.08,869.65,835.89,864.95,835.88,869.65][0m
DYNAMIC_HOVER_SENT_LAND
[33m[WARN] [1786178384.860142932] [my_drone_dds_wasd_control]: LAND requested; Offboard setpoint stream stopped[0m
[0m[INFO] [1786178384.903586169] [my_drone_dds_wasd_control]: PX4 command ack: command=21 result=0[0m
[0m[INFO] [1786178385.635252872] [my_drone_dds_wasd_control]: STATE arm=2 nav=18 NED=(0.064,-0.409,-0.073) vel=(-0.254,-0.079,-0.540) yaw_deg=99.6 failsafe=False age_s=(0.22,0.01) arm_torque_nm=0.000 motors=[452.10,546.71,452.08,522.89,478.30,546.68,478.32,522.91][0m
[0m[INFO] [1786178386.689004780] [my_drone_dds_wasd_control]: STATE arm=2 nav=18 NED=(-0.006,-0.638,-0.289) vel=(-0.152,-0.203,-0.289) yaw_deg=91.0 failsafe=False age_s=(0.39,0.02) arm_torque_nm=0.001 motors=[485.16,591.45,486.99,533.38,390.01,593.28,388.18,531.55][0m
[0m[INFO] [1786178387.704596117] [my_drone_dds_wasd_control]: STATE arm=2 nav=18 NED=(0.076,-0.613,-0.212) vel=(-0.020,-0.087,-0.064) yaw_deg=91.1 failsafe=False age_s=(0.38,0.02) arm_torque_nm=0.000 motors=[0.00,130.22,0.00,110.86,0.00,130.88,0.00,110.20][0m
[0m[INFO] [1786178388.742398847] [my_drone_dds_wasd_control]: STATE arm=2 nav=18 NED=(0.111,-0.544,-0.117) vel=(0.030,0.047,-0.023) yaw_deg=91.2 failsafe=False age_s=(0.42,0.01) arm_torque_nm=0.000 motors=[0.00,85.99,0.00,66.06,0.00,86.64,0.00,65.41][0m
[0m[INFO] [1786178389.736949370] [my_drone_dds_wasd_control]: STATE arm=2 nav=18 NED=(0.129,-0.506,-0.065) vel=(0.052,0.075,0.026) yaw_deg=91.1 failsafe=False age_s=(0.41,0.01) arm_torque_nm=0.000 motors=[0.00,80.32,0.00,60.65,0.00,80.97,0.00,59.99][0m
[0m[INFO] [1786178390.785705796] [my_drone_dds_wasd_control]: STATE arm=2 nav=18 NED=(0.140,-0.499,0.014) vel=(0.049,0.067,0.069) yaw_deg=91.1 failsafe=False age_s=(0.45,0.02) arm_torque_nm=0.000 motors=[0.00,79.69,0.00,59.85,0.00,80.35,0.00,59.20][0m
[0m[INFO] [1786178391.335217633] [my_drone_dds_wasd_control]: LANDING_DISARMED_CONFIRMED[0m
DDS_DYNAMIC_HOVER_FAIL missing=[] report={'offboard_samples': 30, 'steady_hover_samples': 10, 'steady_window_start_s': 20.0, 'max_horizontal_error_m': 0.7842372090126813, 'max_height_error_m': 0.9239999999999999, 'takeoff_transient_max_height_error_m': 1.4989999999999999, 'max_state_step_m': 0.38580176256725424, 'max_motor_output': 912.26, 'motor_saturation_fraction': 0.0, 'failsafe_seen': False}
DDS_DYNAMIC_HOVER_METRICS {"failsafe_seen": false, "max_height_error_m": 0.9239999999999999, "max_horizontal_error_m": 0.7842372090126813, "max_motor_output": 912.26, "max_state_step_m": 0.38580176256725424, "motor_saturation_fraction": 0.0, "offboard_samples": 30, "steady_hover_samples": 10, "steady_window_start_s": 20.0, "takeoff_transient_max_height_error_m": 1.4989999999999999}
