DDS WASD: T takeoff | W/S/A/D move | R/F up/down | Q/E yaw | L land | O exit Offboard | X twice emergency disarm | Z safe exit
[0m[INFO] [1786180055.002390265] [my_drone_dds_wasd_control]: NED target initialized: N=0.061 E=-0.004 D=0.036 yaw=99.9 deg[0m
[0m[INFO] [1786180055.019744587] [my_drone_dds_wasd_control]: local vertical target sign=-1 (target = current + sign * height)[0m
[0m[INFO] [1786180055.087501681] [my_drone_dds_wasd_control]: STATE arm=1 nav=4 NED=(0.062,-0.006,0.038) vel=(0.014,0.004,0.002) yaw_deg=99.9 failsafe=False age_s=(0.02,0.01) arm_torque_nm=0.000 motors=[0.00,0.00,0.00,0.00,0.00,0.00,0.00,0.00][0m
[0m[INFO] [1786180056.139712913] [my_drone_dds_wasd_control]: STATE arm=1 nav=4 NED=(0.061,-0.000,0.041) vel=(0.008,0.006,0.001) yaw_deg=99.9 failsafe=False age_s=(0.06,0.00) arm_torque_nm=0.000 motors=[0.00,0.00,0.00,0.00,0.00,0.00,0.00,0.00][0m
[0m[INFO] [1786180057.162083178] [my_drone_dds_wasd_control]: target NED=(0.05, -0.01, -1.16) yaw=99.9 deg[0m
[0m[INFO] [1786180057.181133949] [my_drone_dds_wasd_control]: Prestreaming Offboard setpoints for 2 seconds[0m
[0m[INFO] [1786180057.201062410] [my_drone_dds_wasd_control]: STATE arm=1 nav=4 NED=(0.051,-0.008,0.035) vel=(-0.001,-0.002,-0.002) yaw_deg=99.9 failsafe=False age_s=(0.11,0.04) arm_torque_nm=0.000 motors=[0.00,0.00,0.00,0.00,0.00,0.00,0.00,0.00][0m
[0m[INFO] [1786180058.245369396] [my_drone_dds_wasd_control]: STATE arm=1 nav=4 NED=(0.053,-0.003,0.032) vel=(-0.002,-0.000,-0.000) yaw_deg=99.9 failsafe=False age_s=(0.00,0.00) arm_torque_nm=0.000 motors=[0.00,0.00,0.00,0.00,0.00,0.00,0.00,0.00][0m
[0m[INFO] [1786180059.191797638] [my_drone_dds_wasd_control]: OFFBOARD mode and ARM commands sent[0m
[0m[INFO] [1786180059.212446504] [my_drone_dds_wasd_control]: PX4 command ack: command=400 result=0[0m
[0m[INFO] [1786180059.290438997] [my_drone_dds_wasd_control]: STATE arm=2 nav=14 NED=(0.059,-0.008,0.025) vel=(0.002,-0.004,-0.001) yaw_deg=99.9 failsafe=False age_s=(0.08,0.01) arm_torque_nm=0.000 motors=[1.36,0.62,1.36,0.60,1.41,0.62,1.41,0.61][0m
[0m[INFO] [1786180060.290402359] [my_drone_dds_wasd_control]: STATE arm=2 nav=14 NED=(0.056,-0.005,0.043) vel=(0.002,-0.000,0.005) yaw_deg=99.9 failsafe=False age_s=(0.08,0.01) arm_torque_nm=0.000 motors=[60.64,61.60,60.64,62.30,59.90,61.60,59.89,62.30][0m
[0m[INFO] [1786180061.292769766] [my_drone_dds_wasd_control]: STATE arm=2 nav=14 NED=(0.041,-0.005,0.056) vel=(-0.003,-0.000,0.006) yaw_deg=99.9 failsafe=False age_s=(0.08,0.01) arm_torque_nm=0.000 motors=[764.78,786.80,764.78,795.46,756.20,786.80,756.20,795.46][0m
[0m[INFO] [1786180062.341439956] [my_drone_dds_wasd_control]: STATE arm=2 nav=14 NED=(0.049,-0.007,0.046) vel=(0.007,-0.001,-0.137) yaw_deg=99.9 failsafe=False age_s=(0.12,0.00) arm_torque_nm=0.000 motors=[751.73,773.88,751.73,781.79,743.70,773.88,743.70,781.79][0m
[0m[INFO] [1786180063.389276331] [my_drone_dds_wasd_control]: STATE arm=2 nav=14 NED=(0.046,-0.010,0.054) vel=(0.000,0.003,0.013) yaw_deg=99.9 failsafe=False age_s=(0.16,0.01) arm_torque_nm=0.000 motors=[793.26,813.48,793.27,822.45,784.08,813.48,784.08,822.44][0m
[0m[INFO] [1786180064.388315002] [my_drone_dds_wasd_control]: STATE arm=2 nav=14 NED=(0.040,-0.003,0.073) vel=(-0.003,0.012,0.178) yaw_deg=99.9 failsafe=False age_s=(0.05,0.01) arm_torque_nm=0.001 motors=[830.42,854.20,830.42,863.00,821.29,854.20,821.29,863.00][0m
[0m[INFO] [1786180065.438445678] [my_drone_dds_wasd_control]: STATE arm=2 nav=14 NED=(0.053,-0.009,0.183) vel=(0.026,-0.076,0.086) yaw_deg=99.9 failsafe=False age_s=(0.10,0.00) arm_torque_nm=0.000 motors=[846.20,876.54,846.21,885.75,836.71,876.54,836.71,885.75][0m
[0m[INFO] [1786180066.488289456] [my_drone_dds_wasd_control]: STATE arm=2 nav=14 NED=(0.057,-0.155,0.184) vel=(0.021,-0.135,-0.058) yaw_deg=99.5 failsafe=False age_s=(0.14,0.01) arm_torque_nm=0.000 motors=[841.98,864.45,842.03,872.11,830.61,864.49,830.57,872.06][0m
[0m[INFO] [1786180067.487488802] [my_drone_dds_wasd_control]: STATE arm=2 nav=14 NED=(0.048,-0.225,0.132) vel=(0.004,-0.031,-0.136) yaw_deg=100.0 failsafe=False age_s=(0.13,0.01) arm_torque_nm=0.000 motors=[834.01,859.35,833.97,870.03,826.72,859.31,826.76,870.07][0m
[0m[INFO] [1786180068.545564737] [my_drone_dds_wasd_control]: STATE arm=2 nav=14 NED=(0.067,-0.280,0.044) vel=(0.032,-0.072,-0.170) yaw_deg=100.0 failsafe=False age_s=(0.17,0.00) arm_torque_nm=0.000 motors=[828.00,856.70,827.98,866.37,819.87,856.68,819.89,866.38][0m
[0m[INFO] [1786180069.590286462] [my_drone_dds_wasd_control]: STATE arm=2 nav=14 NED=(0.126,-0.381,0.030) vel=(0.030,-0.070,-0.144) yaw_deg=99.7 failsafe=False age_s=(0.21,0.01) arm_torque_nm=0.000 motors=[840.88,863.73,840.91,872.04,830.11,863.76,830.08,872.01][0m
[0m[INFO] [1786180070.642840072] [my_drone_dds_wasd_control]: STATE arm=2 nav=14 NED=(0.139,-0.410,0.004) vel=(0.007,0.006,-0.137) yaw_deg=99.9 failsafe=False age_s=(0.26,0.00) arm_torque_nm=0.000 motors=[842.31,869.57,842.30,878.61,833.95,869.56,833.96,878.62][0m
[0m[INFO] [1786180071.638324590] [my_drone_dds_wasd_control]: STATE arm=2 nav=14 NED=(0.150,-0.393,-0.064) vel=(0.019,-0.016,-0.185) yaw_deg=99.9 failsafe=False age_s=(0.25,0.00) arm_torque_nm=0.000 motors=[833.81,861.06,833.80,870.50,824.92,861.05,824.93,870.50][0m
[0m[INFO] [1786180072.690511221] [my_drone_dds_wasd_control]: STATE arm=2 nav=14 NED=(0.167,-0.415,-0.099) vel=(0.005,-0.013,-0.119) yaw_deg=99.9 failsafe=False age_s=(0.29,0.01) arm_torque_nm=0.000 motors=[848.28,872.65,848.28,882.12,838.85,872.65,838.85,882.12][0m
[0m[INFO] [1786180073.694160665] [my_drone_dds_wasd_control]: STATE arm=2 nav=14 NED=(0.172,-0.388,-0.153) vel=(-0.001,0.036,-0.153) yaw_deg=99.9 failsafe=False age_s=(0.28,0.01) arm_torque_nm=0.000 motors=[841.89,868.48,841.89,877.68,832.77,868.47,832.77,877.68][0m
[0m[INFO] [1786180074.743320162] [my_drone_dds_wasd_control]: STATE arm=2 nav=14 NED=(0.172,-0.401,-0.276) vel=(0.008,-0.024,-0.151) yaw_deg=99.9 failsafe=False age_s=(0.32,0.00) arm_torque_nm=0.000 motors=[837.00,864.34,837.00,873.47,827.95,864.33,827.95,873.47][0m
[0m[INFO] [1786180075.738310825] [my_drone_dds_wasd_control]: STATE arm=2 nav=14 NED=(0.170,-0.422,-0.360) vel=(-0.008,0.003,-0.155) yaw_deg=99.8 failsafe=False age_s=(0.32,0.00) arm_torque_nm=0.000 motors=[836.19,859.59,836.21,868.39,826.13,859.61,826.11,868.37][0m
[0m[INFO] [1786180076.786416885] [my_drone_dds_wasd_control]: STATE arm=2 nav=14 NED=(0.138,-0.373,-0.405) vel=(-0.015,0.044,-0.106) yaw_deg=99.9 failsafe=False age_s=(0.36,0.01) arm_torque_nm=0.000 motors=[840.66,868.51,840.66,877.69,831.85,868.51,831.85,877.70][0m
[0m[INFO] [1786180077.792440180] [my_drone_dds_wasd_control]: STATE arm=2 nav=14 NED=(0.125,-0.357,-0.448) vel=(-0.001,-0.007,-0.141) yaw_deg=99.9 failsafe=False age_s=(0.35,0.01) arm_torque_nm=0.000 motors=[831.86,858.37,831.86,867.70,822.54,858.37,822.54,867.69][0m
[0m[INFO] [1786180081.993058373] [my_drone_dds_wasd_control]: STATE arm=2 nav=14 NED=(0.139,-0.360,-0.383) vel=(0.000,0.017,-0.061) yaw_deg=99.9 failsafe=False age_s=(0.39,0.02) arm_torque_nm=0.001 motors=[850.36,874.97,850.35,884.32,841.47,874.96,841.48,884.32][0m
[0m[INFO] [1786180083.038878352] [my_drone_dds_wasd_control]: STATE arm=2 nav=14 NED=(0.154,-0.309,-0.326) vel=(0.006,0.038,-0.103) yaw_deg=99.9 failsafe=False age_s=(0.43,0.01) arm_torque_nm=0.000 motors=[847.18,875.08,847.18,883.93,838.32,875.08,838.32,883.93][0m
[0m[INFO] [1786180084.040316160] [my_drone_dds_wasd_control]: STATE arm=2 nav=14 NED=(0.147,-0.313,-0.379) vel=(-0.003,-0.015,-0.132) yaw_deg=99.8 failsafe=False age_s=(0.42,0.01) arm_torque_nm=0.003 motors=[841.51,867.35,841.52,876.70,831.23,867.36,831.22,876.69][0m
[0m[INFO] [1786180085.087354423] [my_drone_dds_wasd_control]: STATE arm=2 nav=14 NED=(0.105,-0.326,-0.417) vel=(-0.019,0.019,-0.093) yaw_deg=99.8 failsafe=False age_s=(0.46,0.02) arm_torque_nm=0.000 motors=[847.31,872.91,847.32,881.45,838.47,872.91,838.47,881.45][0m
[0m[INFO] [1786180086.088032996] [my_drone_dds_wasd_control]: STATE arm=2 nav=14 NED=(0.069,-0.301,-0.488) vel=(-0.010,0.021,-0.115) yaw_deg=100.0 failsafe=False age_s=(0.45,0.02) arm_torque_nm=0.000 motors=[837.05,865.31,837.03,874.73,829.04,865.29,829.06,874.75][0m
[0m[INFO] [1786180087.138041450] [my_drone_dds_wasd_control]: STATE arm=2 nav=14 NED=(0.077,-0.279,-0.485) vel=(0.005,0.005,-0.085) yaw_deg=99.9 failsafe=False age_s=(0.50,0.01) arm_torque_nm=0.001 motors=[845.18,870.14,845.18,880.05,835.39,870.13,835.39,880.05][0m
[0m[INFO] [1786180088.198198603] [my_drone_dds_wasd_control]: STATE arm=2 nav=14 NED=(0.102,-0.265,-0.500) vel=(0.005,0.020,-0.113) yaw_deg=99.9 failsafe=False age_s=(0.03,0.02) arm_torque_nm=0.000 motors=[839.17,864.72,839.17,874.14,829.59,864.72,829.58,874.14][0m
[0m[INFO] [1786180089.198128320] [my_drone_dds_wasd_control]: STATE arm=2 nav=14 NED=(0.096,-0.258,-0.480) vel=(-0.002,0.009,-0.092) yaw_deg=99.9 failsafe=False age_s=(0.03,0.02) arm_torque_nm=0.000 motors=[842.36,868.78,842.36,878.22,833.11,868.77,833.12,878.22][0m
[0m[INFO] [1786180090.198970129] [my_drone_dds_wasd_control]: STATE arm=2 nav=14 NED=(0.100,-0.245,-0.420) vel=(0.008,0.013,-0.084) yaw_deg=99.9 failsafe=False age_s=(0.02,0.02) arm_torque_nm=0.000 motors=[847.88,874.01,847.89,882.77,838.60,874.02,838.59,882.76][0m
[0m[INFO] [1786180091.243528037] [my_drone_dds_wasd_control]: STATE arm=2 nav=14 NED=(0.109,-0.238,-0.405) vel=(-0.002,0.015,-0.065) yaw_deg=99.9 failsafe=False age_s=(0.06,0.01) arm_torque_nm=0.001 motors=[849.89,875.86,849.89,885.89,839.99,875.86,839.99,885.89][0m
[0m[INFO] [1786180092.289863721] [my_drone_dds_wasd_control]: STATE arm=2 nav=14 NED=(0.092,-0.228,-0.349) vel=(-0.009,0.009,-0.124) yaw_deg=99.9 failsafe=False age_s=(0.10,0.02) arm_torque_nm=0.000 motors=[842.83,869.98,842.83,878.73,834.38,869.97,834.38,878.73][0m
[0m[INFO] [1786180093.338348122] [my_drone_dds_wasd_control]: STATE arm=2 nav=14 NED=(0.106,-0.231,-0.362) vel=(0.010,0.007,-0.125) yaw_deg=99.9 failsafe=False age_s=(0.14,0.01) arm_torque_nm=0.000 motors=[844.02,869.88,844.03,878.94,834.44,869.89,834.43,878.93][0m
[0m[INFO] [1786180094.338834373] [my_drone_dds_wasd_control]: STATE arm=2 nav=14 NED=(0.141,-0.237,-0.417) vel=(0.010,0.007,-0.097) yaw_deg=99.9 failsafe=False age_s=(0.14,0.01) arm_torque_nm=0.000 motors=[847.50,874.44,847.51,883.08,838.51,874.44,838.51,883.08][0m
[0m[INFO] [1786180095.349517514] [my_drone_dds_wasd_control]: STATE arm=2 nav=14 NED=(0.172,-0.216,-0.523) vel=(0.016,0.021,-0.115) yaw_deg=99.9 failsafe=False age_s=(0.13,0.01) arm_torque_nm=0.000 motors=[839.97,866.06,839.97,875.27,830.81,866.05,830.81,875.26][0m
[0m[INFO] [1786180096.391949461] [my_drone_dds_wasd_control]: STATE arm=2 nav=14 NED=(0.153,-0.212,-0.582) vel=(-0.009,0.009,-0.101) yaw_deg=100.0 failsafe=False age_s=(0.17,0.02) arm_torque_nm=0.000 motors=[843.60,869.86,843.59,879.64,834.41,869.85,834.42,879.65][0m
[0m[INFO] [1786180097.386966808] [my_drone_dds_wasd_control]: STATE arm=2 nav=14 NED=(0.105,-0.218,-0.744) vel=(-0.019,0.007,-0.092) yaw_deg=99.9 failsafe=False age_s=(0.16,0.02) arm_torque_nm=0.000 motors=[837.78,864.07,837.78,872.68,829.23,864.07,829.23,872.68][0m
[0m[INFO] [1786180098.388034846] [my_drone_dds_wasd_control]: STATE arm=2 nav=14 NED=(0.087,-0.209,-0.841) vel=(-0.011,0.012,-0.056) yaw_deg=99.9 failsafe=False age_s=(0.15,0.02) arm_torque_nm=0.000 motors=[839.74,865.57,839.75,874.83,830.10,865.57,830.09,874.82][0m
[0m[INFO] [1786180099.437549997] [my_drone_dds_wasd_control]: STATE arm=2 nav=14 NED=(0.087,-0.190,-0.904) vel=(-0.004,0.013,-0.024) yaw_deg=99.9 failsafe=False age_s=(0.20,0.01) arm_torque_nm=0.000 motors=[840.88,866.04,840.88,875.67,831.29,866.03,831.29,875.67][0m
[0m[INFO] [1786180100.487165799] [my_drone_dds_wasd_control]: STATE arm=2 nav=14 NED=(0.099,-0.171,-0.873) vel=(0.003,0.011,-0.035) yaw_deg=99.9 failsafe=False age_s=(0.24,0.02) arm_torque_nm=0.000 motors=[841.08,867.54,841.08,876.66,832.07,867.54,832.07,876.66][0m
[0m[INFO] [1786180101.490679457] [my_drone_dds_wasd_control]: STATE arm=2 nav=14 NED=(0.130,-0.131,-0.838) vel=(0.008,0.020,-0.017) yaw_deg=99.9 failsafe=False age_s=(0.23,0.02) arm_torque_nm=0.000 motors=[846.17,872.05,846.17,881.74,836.56,872.05,836.56,881.74][0m
DYNAMIC_HOVER_SENT_LAND
[33m[WARN] [1786180102.407375884] [my_drone_dds_wasd_control]: OFFBOARD_LANDING_STARTED; holding XY and descending to the recorded takeoff ground height[0m
[0m[INFO] [1786180102.539364258] [my_drone_dds_wasd_control]: STATE arm=2 nav=14 NED=(0.115,-0.112,-0.809) vel=(-0.013,0.008,0.020) yaw_deg=99.9 failsafe=False age_s=(0.27,0.01) arm_torque_nm=0.000 motors=[814.99,839.71,814.99,848.59,805.87,839.71,805.87,848.59][0m
[0m[INFO] [1786180103.587273532] [my_drone_dds_wasd_control]: STATE arm=2 nav=14 NED=(0.108,-0.074,-0.632) vel=(0.002,0.021,0.108) yaw_deg=99.9 failsafe=False age_s=(0.31,0.02) arm_torque_nm=0.000 motors=[853.20,877.78,853.20,886.37,844.34,877.78,844.34,886.37][0m
[0m[INFO] [1786180104.637920946] [my_drone_dds_wasd_control]: STATE arm=2 nav=14 NED=(0.122,-0.058,-0.440) vel=(0.010,0.006,0.096) yaw_deg=99.9 failsafe=False age_s=(0.21,0.01) arm_torque_nm=0.000 motors=[845.20,871.08,845.20,881.61,834.84,871.07,834.84,881.61][0m
[0m[INFO] [1786180105.636597992] [my_drone_dds_wasd_control]: STATE arm=2 nav=14 NED=(0.095,-0.107,-0.289) vel=(-0.020,-0.032,0.084) yaw_deg=99.8 failsafe=False age_s=(0.21,0.01) arm_torque_nm=0.000 motors=[847.60,873.97,847.61,882.58,838.38,873.97,838.37,882.57][0m
[33m[WARN] [1786180106.539205953] [my_drone_dds_wasd_control]: PX4_NATIVE_LAND_HANDOFF near recorded ground height; Offboard setpoint stream stopped[0m
[0m[INFO] [1786180106.559368139] [my_drone_dds_wasd_control]: PX4 command ack: command=21 result=0[0m
[0m[INFO] [1786180106.686584885] [my_drone_dds_wasd_control]: STATE arm=2 nav=18 NED=(0.071,-0.157,-0.137) vel=(-0.010,-0.032,-0.131) yaw_deg=100.0 failsafe=False age_s=(0.05,0.02) arm_torque_nm=0.000 motors=[975.07,1000.00,975.02,1000.00,937.82,1000.00,937.87,1000.00][0m
[0m[INFO] [1786180107.686142100] [my_drone_dds_wasd_control]: STATE arm=2 nav=18 NED=(-0.125,-0.367,-0.206) vel=(-0.362,-0.499,0.529) yaw_deg=99.8 failsafe=False age_s=(0.36,0.02) arm_torque_nm=0.000 motors=[698.02,724.92,698.01,749.71,674.05,724.91,674.06,749.71][0m
[0m[INFO] [1786180108.737167958] [my_drone_dds_wasd_control]: STATE arm=2 nav=18 NED=(-1.396,-2.049,0.669) vel=(-1.973,-3.418,1.214) yaw_deg=104.1 failsafe=False age_s=(0.40,0.01) arm_torque_nm=0.474 motors=[889.73,1000.00,888.99,1000.00,823.75,1000.00,824.50,1000.00][0m
[0m[INFO] [1786180109.787961914] [my_drone_dds_wasd_control]: STATE arm=2 nav=18 NED=(-2.325,-6.410,0.836) vel=(0.107,-4.871,0.112) yaw_deg=138.9 failsafe=False age_s=(0.44,0.02) arm_torque_nm=0.040 motors=[803.80,840.85,802.12,966.66,818.89,839.17,820.57,968.34][0m
[0m[INFO] [1786180110.841137820] [my_drone_dds_wasd_control]: STATE arm=2 nav=18 NED=(-2.262,-11.105,0.763) vel=(-0.296,-3.233,0.108) yaw_deg=144.1 failsafe=False age_s=(0.48,0.01) arm_torque_nm=0.000 motors=[873.43,862.39,873.43,816.15,919.48,862.39,919.48,816.14][0m
[0m[INFO] [1786180111.889810411] [my_drone_dds_wasd_control]: STATE arm=2 nav=18 NED=(-2.427,-12.701,0.791) vel=(0.351,-1.304,0.050) yaw_deg=107.5 failsafe=False age_s=(0.02,0.02) arm_torque_nm=0.009 motors=[837.41,1000.00,839.65,897.23,786.58,1000.00,784.34,894.99][0m
[0m[INFO] [1786180112.935285702] [my_drone_dds_wasd_control]: STATE arm=2 nav=18 NED=(-0.669,-15.278,0.746) vel=(2.496,-3.133,-0.167) yaw_deg=95.5 failsafe=False age_s=(0.06,0.01) arm_torque_nm=0.057 motors=[783.31,924.01,782.80,900.89,849.35,923.49,849.86,901.40][0m
[0m[INFO] [1786180113.938208084] [my_drone_dds_wasd_control]: STATE arm=2 nav=18 NED=(2.062,-18.604,0.573) vel=(2.176,-2.615,-0.190) yaw_deg=98.7 failsafe=False age_s=(0.06,0.01) arm_torque_nm=0.000 motors=[899.63,790.48,899.28,868.83,850.59,790.13,850.94,869.18][0m
[0m[INFO] [1786180118.587313188] [my_drone_dds_wasd_control]: STATE arm=2 nav=18 NED=(2.750,-19.648,0.644) vel=(-0.154,-0.363,-0.009) yaw_deg=104.9 failsafe=False age_s=(0.08,0.01) arm_torque_nm=0.005 motors=[779.63,977.95,778.87,1000.00,807.02,977.20,807.77,1000.00][0m
[0m[INFO] [1786180119.591545724] [my_drone_dds_wasd_control]: STATE arm=2 nav=18 NED=(2.929,-21.547,0.655) vel=(0.465,-3.435,-0.150) yaw_deg=96.2 failsafe=False age_s=(0.07,0.01) arm_torque_nm=0.000 motors=[959.56,958.06,962.85,852.76,790.17,961.33,786.89,849.48][0m
[0m[INFO] [1786180120.645572446] [my_drone_dds_wasd_control]: STATE arm=2 nav=18 NED=(3.632,-25.093,0.447) vel=(0.724,-2.314,-0.285) yaw_deg=94.7 failsafe=False age_s=(0.11,0.00) arm_torque_nm=0.001 motors=[868.47,831.56,868.40,829.51,877.09,831.48,877.17,829.59][0m
[0m[INFO] [1786180121.691526185] [my_drone_dds_wasd_control]: STATE arm=2 nav=18 NED=(4.499,-25.968,0.332) vel=(0.789,-0.381,-0.238) yaw_deg=99.7 failsafe=False age_s=(0.15,0.01) arm_torque_nm=0.000 motors=[830.70,881.40,830.60,906.87,814.06,881.29,814.17,906.97][0m
[0m[INFO] [1786180122.738452025] [my_drone_dds_wasd_control]: STATE arm=2 nav=18 NED=(5.192,-27.036,0.164) vel=(0.431,-1.538,-0.269) yaw_deg=103.6 failsafe=False age_s=(0.20,0.00) arm_torque_nm=0.000 motors=[842.00,871.42,841.83,902.64,825.13,871.25,825.31,902.81][0m
[0m[INFO] [1786180123.741134198] [my_drone_dds_wasd_control]: STATE arm=2 nav=18 NED=(5.496,-28.233,-0.057) vel=(0.262,-0.309,-0.391) yaw_deg=106.1 failsafe=False age_s=(0.19,0.00) arm_torque_nm=0.000 motors=[910.62,901.92,910.53,892.27,928.09,901.82,928.19,892.36][0m
[0m[INFO] [1786180124.787613585] [my_drone_dds_wasd_control]: STATE arm=2 nav=18 NED=(5.857,-27.636,-0.430) vel=(0.390,0.748,-0.464) yaw_deg=107.0 failsafe=False age_s=(0.23,0.01) arm_torque_nm=0.000 motors=[821.78,878.14,821.70,901.49,805.26,878.06,805.34,901.57][0m
[0m[INFO] [1786180125.838629644] [my_drone_dds_wasd_control]: STATE arm=2 nav=18 NED=(6.147,-27.685,-0.659) vel=(0.113,-0.513,-0.197) yaw_deg=107.1 failsafe=False age_s=(0.27,0.00) arm_torque_nm=0.000 motors=[827.24,845.73,827.23,864.13,809.94,845.71,809.96,864.15][0m
[0m[INFO] [1786180126.891954901] [my_drone_dds_wasd_control]: STATE arm=2 nav=18 NED=(6.091,-27.885,-0.538) vel=(-0.041,0.471,0.094) yaw_deg=107.3 failsafe=False age_s=(0.31,0.01) arm_torque_nm=0.000 motors=[849.58,857.71,849.57,848.94,858.96,857.70,858.97,848.95][0m
[0m[INFO] [1786180127.892105190] [my_drone_dds_wasd_control]: STATE arm=2 nav=18 NED=(6.100,-27.007,-0.224) vel=(0.071,0.731,0.201) yaw_deg=107.4 failsafe=False age_s=(0.31,0.01) arm_torque_nm=0.000 motors=[835.63,889.57,835.63,910.88,814.37,889.57,814.37,910.88][0m
[0m[INFO] [1786180128.942473608] [my_drone_dds_wasd_control]: STATE arm=2 nav=18 NED=(6.123,-26.890,0.006) vel=(-0.081,-0.162,0.195) yaw_deg=107.1 failsafe=False age_s=(0.35,0.00) arm_torque_nm=0.000 motors=[845.78,858.12,845.77,869.54,834.98,858.11,834.98,869.55][0m
[0m[INFO] [1786180129.993343438] [my_drone_dds_wasd_control]: STATE arm=2 nav=18 NED=(5.965,-26.626,0.186) vel=(-0.126,0.731,0.190) yaw_deg=107.2 failsafe=False age_s=(0.39,0.01) arm_torque_nm=0.000 motors=[828.43,847.67,828.42,846.13,830.78,847.66,830.79,846.14][0m
[0m[INFO] [1786180131.038646618] [my_drone_dds_wasd_control]: STATE arm=2 nav=18 NED=(5.891,-25.794,0.495) vel=(-0.022,0.483,0.282) yaw_deg=107.3 failsafe=False age_s=(0.43,0.00) arm_torque_nm=0.000 motors=[825.60,871.81,825.61,891.79,804.63,871.82,804.62,891.78][0m
[0m[INFO] [1786180132.038837939] [my_drone_dds_wasd_control]: STATE arm=2 nav=18 NED=(5.965,-26.061,0.596) vel=(0.106,-0.870,-0.145) yaw_deg=108.0 failsafe=False age_s=(0.42,0.00) arm_torque_nm=0.013 motors=[631.16,808.54,629.42,906.51,679.25,806.79,681.00,908.25][0m
[0m[INFO] [1786180133.092367317] [my_drone_dds_wasd_control]: STATE arm=2 nav=18 NED=(6.032,-27.601,0.594) vel=(0.096,-1.958,-0.092) yaw_deg=114.4 failsafe=False age_s=(0.47,0.01) arm_torque_nm=0.001 motors=[578.15,814.68,576.56,904.21,622.41,813.08,624.01,905.80][0m
[0m[INFO] [1786180134.087721233] [my_drone_dds_wasd_control]: STATE arm=2 nav=18 NED=(6.113,-29.683,0.645) vel=(0.084,-2.127,-0.030) yaw_deg=131.1 failsafe=False age_s=(0.46,0.01) arm_torque_nm=0.001 motors=[480.52,727.82,475.85,945.09,654.43,723.15,659.10,949.76][0m
[0m[INFO] [1786180135.143691699] [my_drone_dds_wasd_control]: STATE arm=2 nav=18 NED=(6.147,-31.623,0.682) vel=(0.032,-1.543,0.022) yaw_deg=137.7 failsafe=False age_s=(0.50,0.00) arm_torque_nm=0.001 motors=[501.29,800.30,499.54,918.71,529.29,798.56,531.03,920.46][0m
[0m[INFO] [1786180136.191878324] [my_drone_dds_wasd_control]: STATE arm=2 nav=18 NED=(6.167,-32.899,0.739) vel=(0.026,-0.783,0.064) yaw_deg=134.7 failsafe=False age_s=(0.04,0.01) arm_torque_nm=0.000 motors=[486.98,828.89,486.46,899.92,458.95,828.37,459.47,900.43][0m
[0m[INFO] [1786180137.239456996] [my_drone_dds_wasd_control]: STATE arm=2 nav=18 NED=(6.176,-33.344,0.784) vel=(0.046,0.102,0.079) yaw_deg=129.7 failsafe=False age_s=(0.08,0.00) arm_torque_nm=0.056 motors=[440.62,829.77,440.03,893.99,425.16,829.19,425.74,894.57][0m
[0m[INFO] [1786180138.242584880] [my_drone_dds_wasd_control]: STATE arm=2 nav=18 NED=(6.169,-33.344,0.795) vel=(0.042,0.088,0.079) yaw_deg=129.6 failsafe=False age_s=(0.07,0.00) arm_torque_nm=0.000 motors=[384.39,825.93,383.33,905.52,393.87,824.86,394.93,906.58][0m
[0m[INFO] [1786180139.287446689] [my_drone_dds_wasd_control]: STATE arm=2 nav=18 NED=(6.162,-33.358,0.820) vel=(0.030,0.042,0.082) yaw_deg=127.5 failsafe=False age_s=(0.11,0.01) arm_torque_nm=0.000 motors=[345.41,828.10,344.40,910.82,347.26,827.09,348.27,911.83][0m
[0m[INFO] [1786180140.286012530] [my_drone_dds_wasd_control]: STATE arm=2 nav=18 NED=(6.135,-33.349,0.845) vel=(-0.016,0.072,0.113) yaw_deg=125.9 failsafe=False age_s=(0.11,0.01) arm_torque_nm=0.127 motors=[272.28,694.61,271.49,775.59,257.51,693.82,258.31,776.38][0m
[0m[INFO] [1786180141.338023539] [my_drone_dds_wasd_control]: STATE arm=2 nav=18 NED=(6.104,-33.287,0.887) vel=(0.043,0.002,-0.026) yaw_deg=123.1 failsafe=False age_s=(0.15,0.00) arm_torque_nm=0.017 motors=[293.34,671.62,292.50,739.53,295.51,670.78,296.35,740.36][0m
[0m[INFO] [1786180142.339190802] [my_drone_dds_wasd_control]: STATE arm=2 nav=18 NED=(6.112,-33.316,0.907) vel=(0.026,-0.032,0.064) yaw_deg=123.1 failsafe=False age_s=(0.14,0.00) arm_torque_nm=0.042 motors=[0.00,171.08,0.00,246.38,0.00,170.24,0.00,247.23][0m
[0m[INFO] [1786180143.390473583] [my_drone_dds_wasd_control]: STATE arm=2 nav=18 NED=(6.107,-33.328,0.919) vel=(0.008,-0.043,0.062) yaw_deg=123.4 failsafe=False age_s=(0.18,0.01) arm_torque_nm=0.005 motors=[0.00,170.93,0.00,246.55,0.00,170.08,0.00,247.39][0m
[0m[INFO] [1786180143.687279723] [my_drone_dds_wasd_control]: LANDING_DISARMED_CONFIRMED[0m
DDS_DYNAMIC_HOVER_FAIL missing=[] report={'offboard_samples': 43, 'steady_hover_samples': 11, 'steady_window_start_s': 28.0, 'steady_window_duration_s': 12.0, 'max_horizontal_error_m': 0.2445608308785362, 'max_height_error_m': 0.8109999999999999, 'takeoff_transient_max_height_error_m': 1.3439999999999999, 'max_state_step_m': 0.16906803364326448, 'max_motor_output': 1000.0, 'motor_saturation_fraction': 0.019230769230769232, 'failsafe_seen': False}
DDS_DYNAMIC_HOVER_METRICS {"failsafe_seen": false, "max_height_error_m": 0.8109999999999999, "max_horizontal_error_m": 0.2445608308785362, "max_motor_output": 1000.0, "max_state_step_m": 0.16906803364326448, "motor_saturation_fraction": 0.019230769230769232, "offboard_samples": 43, "steady_hover_samples": 11, "steady_window_duration_s": 12.0, "steady_window_start_s": 28.0, "takeoff_transient_max_height_error_m": 1.3439999999999999}
