DDS WASD: T takeoff | W/S/A/D move | R/F up/down | Q/E yaw | L land | O exit Offboard | X twice emergency disarm | Z safe exit
[0m[INFO] [1786180264.509759225] [my_drone_dds_wasd_control]: NED target initialized: N=-0.023 E=0.007 D=0.038 yaw=98.9 deg[0m
[0m[INFO] [1786180264.528393596] [my_drone_dds_wasd_control]: local vertical target sign=-1 (target = current + sign * height)[0m
[0m[INFO] [1786180264.747147819] [my_drone_dds_wasd_control]: STATE arm=1 nav=4 NED=(-0.021,0.004,0.035) vel=(-0.005,-0.001,-0.007) yaw_deg=98.8 failsafe=False age_s=(0.04,0.01) arm_torque_nm=0.000 motors=[0.00,0.00,0.00,0.00,0.00,0.00,0.00,0.00][0m
[0m[INFO] [1786180265.788112594] [my_drone_dds_wasd_control]: STATE arm=1 nav=4 NED=(-0.011,-0.005,0.038) vel=(0.000,-0.009,-0.005) yaw_deg=98.8 failsafe=False age_s=(0.08,0.02) arm_torque_nm=0.000 motors=[0.00,0.00,0.00,0.00,0.00,0.00,0.00,0.00][0m
[0m[INFO] [1786180266.809391066] [my_drone_dds_wasd_control]: target NED=(-0.02, -0.02, -1.16) yaw=98.8 deg[0m
[0m[INFO] [1786180266.825739378] [my_drone_dds_wasd_control]: Prestreaming Offboard setpoints for 2 seconds[0m
[0m[INFO] [1786180266.840249786] [my_drone_dds_wasd_control]: STATE arm=1 nav=4 NED=(-0.021,-0.017,0.042) vel=(-0.004,-0.012,-0.005) yaw_deg=98.8 failsafe=False age_s=(0.13,0.04) arm_torque_nm=0.000 motors=[0.00,0.00,0.00,0.00,0.00,0.00,0.00,0.00][0m
[0m[INFO] [1786180267.885539532] [my_drone_dds_wasd_control]: STATE arm=1 nav=4 NED=(-0.024,-0.004,0.045) vel=(-0.001,0.002,-0.002) yaw_deg=98.9 failsafe=False age_s=(0.02,0.02) arm_torque_nm=0.000 motors=[0.00,0.00,0.00,0.00,0.00,0.00,0.00,0.00][0m
[0m[INFO] [1786180268.837091872] [my_drone_dds_wasd_control]: OFFBOARD mode and ARM commands sent[0m
[0m[INFO] [1786180268.853147945] [my_drone_dds_wasd_control]: PX4 command ack: command=400 result=0[0m
[0m[INFO] [1786180268.885010014] [my_drone_dds_wasd_control]: STATE arm=2 nav=14 NED=(-0.010,0.022,0.048) vel=(0.003,0.014,0.000) yaw_deg=98.9 failsafe=False age_s=(0.03,0.02) arm_torque_nm=0.000 motors=[1.62,0.45,1.62,0.71,1.23,0.45,1.22,0.71][0m
[0m[INFO] [1786180269.889302827] [my_drone_dds_wasd_control]: STATE arm=2 nav=14 NED=(-0.003,0.016,0.043) vel=(0.002,0.006,0.000) yaw_deg=98.9 failsafe=False age_s=(0.03,0.02) arm_torque_nm=0.000 motors=[1.80,0.24,1.80,0.42,1.54,0.24,1.54,0.42][0m
[0m[INFO] [1786180270.941208159] [my_drone_dds_wasd_control]: STATE arm=2 nav=14 NED=(-0.004,0.005,0.025) vel=(0.004,-0.005,0.025) yaw_deg=98.9 failsafe=False age_s=(0.07,0.01) arm_torque_nm=0.000 motors=[767.04,790.29,767.04,798.75,758.83,790.28,758.84,798.75][0m
[0m[INFO] [1786180271.988034704] [my_drone_dds_wasd_control]: STATE arm=2 nav=14 NED=(0.008,-0.001,0.025) vel=(0.012,-0.006,0.030) yaw_deg=98.9 failsafe=False age_s=(0.11,0.02) arm_torque_nm=0.000 motors=[782.85,806.34,782.84,815.09,774.61,806.34,774.62,815.09][0m
[0m[INFO] [1786180272.992739166] [my_drone_dds_wasd_control]: STATE arm=2 nav=14 NED=(-0.006,-0.002,0.002) vel=(-0.001,-0.002,-0.062) yaw_deg=98.8 failsafe=False age_s=(0.10,0.02) arm_torque_nm=0.000 motors=[782.94,805.85,782.94,814.48,774.39,805.84,774.39,814.48][0m
[0m[INFO] [1786180274.042483085] [my_drone_dds_wasd_control]: STATE arm=2 nav=14 NED=(-0.023,0.066,0.027) vel=(-0.052,0.280,0.064) yaw_deg=98.9 failsafe=False age_s=(0.05,0.01) arm_torque_nm=0.034 motors=[836.72,822.93,836.71,832.88,827.45,822.92,827.46,832.89][0m
[0m[INFO] [1786180275.045662960] [my_drone_dds_wasd_control]: STATE arm=2 nav=14 NED=(-0.033,0.490,0.185) vel=(-0.010,0.255,0.115) yaw_deg=96.2 failsafe=False age_s=(0.04,0.01) arm_torque_nm=0.000 motors=[840.64,897.11,840.96,892.46,818.83,897.42,818.51,892.14][0m
[0m[INFO] [1786180276.097284802] [my_drone_dds_wasd_control]: STATE arm=2 nav=14 NED=(-0.006,0.147,0.259) vel=(0.028,-0.666,-0.030) yaw_deg=95.5 failsafe=False age_s=(0.08,0.00) arm_torque_nm=0.000 motors=[853.72,874.44,853.95,876.69,832.58,874.67,832.36,876.46][0m
[0m[INFO] [1786180277.113442518] [my_drone_dds_wasd_control]: STATE arm=2 nav=14 NED=(-0.053,-0.261,0.194) vel=(-0.023,-0.066,-0.079) yaw_deg=99.1 failsafe=False age_s=(0.07,0.00) arm_torque_nm=0.000 motors=[851.80,858.03,851.52,876.28,857.18,857.75,857.46,876.56][0m
[0m[INFO] [1786180278.150215508] [my_drone_dds_wasd_control]: STATE arm=2 nav=14 NED=(-0.033,-0.078,0.056) vel=(0.045,0.047,-0.110) yaw_deg=100.8 failsafe=False age_s=(0.12,0.01) arm_torque_nm=0.000 motors=[831.50,878.57,831.18,903.24,833.22,878.26,833.54,903.55][0m
[0m[INFO] [1786180279.199656439] [my_drone_dds_wasd_control]: STATE arm=2 nav=14 NED=(0.037,-0.395,-0.108) vel=(0.044,-0.416,-0.132) yaw_deg=98.0 failsafe=False age_s=(0.16,0.00) arm_torque_nm=0.000 motors=[857.11,874.02,857.32,875.92,838.03,874.22,837.82,875.72][0m
[0m[INFO] [1786180280.248949644] [my_drone_dds_wasd_control]: STATE arm=2 nav=14 NED=(0.040,-0.609,-0.217) vel=(-0.006,0.101,-0.179) yaw_deg=97.8 failsafe=False age_s=(0.20,0.01) arm_torque_nm=0.000 motors=[854.62,872.69,854.73,875.12,842.94,872.80,842.83,875.01][0m
[0m[INFO] [1786180281.298663948] [my_drone_dds_wasd_control]: STATE arm=2 nav=14 NED=(0.046,-0.419,-0.525) vel=(0.027,0.022,-0.154) yaw_deg=99.2 failsafe=False age_s=(0.24,0.00) arm_torque_nm=0.000 motors=[839.88,880.26,839.76,896.72,833.15,880.14,833.26,896.84][0m
[0m[INFO] [1786180282.347016310] [my_drone_dds_wasd_control]: STATE arm=2 nav=14 NED=(0.080,-0.608,-0.931) vel=(0.018,-0.199,-0.156) yaw_deg=99.3 failsafe=False age_s=(0.28,0.01) arm_torque_nm=0.000 motors=[830.87,847.23,830.81,858.47,824.50,847.17,824.56,858.53][0m
[0m[INFO] [1786180283.340561940] [my_drone_dds_wasd_control]: STATE arm=2 nav=14 NED=(0.077,-0.614,-1.290) vel=(-0.008,0.156,-0.037) yaw_deg=98.8 failsafe=False age_s=(0.28,0.01) arm_torque_nm=0.000 motors=[825.98,848.62,826.01,855.10,816.52,848.66,816.48,855.07][0m
[0m[INFO] [1786180284.394555069] [my_drone_dds_wasd_control]: STATE arm=2 nav=14 NED=(0.104,-0.462,-1.406) vel=(0.027,0.008,0.103) yaw_deg=98.5 failsafe=False age_s=(0.32,0.00) arm_torque_nm=0.000 motors=[835.00,871.08,835.05,879.66,822.35,871.12,822.31,879.61][0m
[0m[INFO] [1786180285.390278310] [my_drone_dds_wasd_control]: STATE arm=2 nav=14 NED=(0.122,-0.577,-1.309) vel=(-0.001,-0.099,0.057) yaw_deg=98.8 failsafe=False age_s=(0.31,0.00) arm_torque_nm=0.000 motors=[844.42,861.66,844.40,872.93,835.13,861.63,835.16,872.95][0m
[0m[INFO] [1786180286.394471019] [my_drone_dds_wasd_control]: STATE arm=2 nav=14 NED=(0.088,-0.559,-1.413) vel=(-0.026,0.131,0.020) yaw_deg=99.0 failsafe=False age_s=(0.30,0.00) arm_torque_nm=0.000 motors=[828.53,854.82,828.50,863.95,822.27,854.78,822.31,863.98][0m
[0m[INFO] [1786180287.403554294] [my_drone_dds_wasd_control]: STATE arm=2 nav=14 NED=(0.088,-0.466,-1.392) vel=(0.018,0.015,-0.056) yaw_deg=98.9 failsafe=False age_s=(0.29,0.00) arm_torque_nm=0.000 motors=[806.71,838.21,806.72,847.55,796.84,838.21,796.83,847.55][0m
[0m[INFO] [1786180288.444792233] [my_drone_dds_wasd_control]: STATE arm=2 nav=14 NED=(0.099,-0.512,-1.187) vel=(-0.009,-0.030,0.010) yaw_deg=98.7 failsafe=False age_s=(0.34,0.01) arm_torque_nm=0.000 motors=[840.03,859.90,840.06,868.18,829.41,859.92,829.38,868.15][0m
[0m[INFO] [1786180289.493329646] [my_drone_dds_wasd_control]: STATE arm=2 nav=14 NED=(0.072,-0.430,-0.952) vel=(-0.016,0.120,0.077) yaw_deg=98.8 failsafe=False age_s=(0.38,0.00) arm_torque_nm=0.000 motors=[863.64,893.04,863.63,901.15,856.30,893.03,856.31,901.16][0m
[0m[INFO] [1786180290.499270384] [my_drone_dds_wasd_control]: STATE arm=2 nav=14 NED=(0.095,-0.344,-0.855) vel=(0.029,0.014,-0.008) yaw_deg=98.9 failsafe=False age_s=(0.37,0.00) arm_torque_nm=0.002 motors=[858.75,888.61,858.74,898.74,849.48,888.60,849.49,898.75][0m
[0m[INFO] [1786180291.543241864] [my_drone_dds_wasd_control]: STATE arm=2 nav=14 NED=(0.119,-0.360,-0.926) vel=(-0.007,0.005,-0.108) yaw_deg=98.8 failsafe=False age_s=(0.41,0.01) arm_torque_nm=0.000 motors=[842.52,863.46,842.53,873.57,832.06,863.47,832.06,873.56][0m
[0m[INFO] [1786180292.733539396] [my_drone_dds_wasd_control]: STATE arm=2 nav=14 NED=(0.081,-0.323,-0.854) vel=(-0.032,0.030,0.499) yaw_deg=98.9 failsafe=False age_s=(0.40,0.01) arm_torque_nm=0.000 motors=[937.41,974.49,937.39,986.66,927.10,974.46,927.12,986.68][0m
[31m[ERROR] [1786180293.571013004] [my_drone_dds_wasd_control]: Position safety gate exceeded; requesting LAND horizontal=0.40 m vertical=2.01 m[0m
[33m[WARN] [1786180293.609160475] [my_drone_dds_wasd_control]: OFFBOARD_LANDING_STARTED; holding XY and descending to the recorded takeoff ground height[0m
[0m[INFO] [1786180293.645376766] [my_drone_dds_wasd_control]: STATE arm=2 nav=14 NED=(0.092,-0.403,0.851) vel=(0.032,-0.364,2.356) yaw_deg=99.0 failsafe=False age_s=(0.49,0.10) arm_torque_nm=0.000 motors=[956.18,1000.00,956.15,1000.00,918.90,1000.00,918.93,1000.00][0m
[0m[INFO] [1786180298.245168054] [my_drone_dds_wasd_control]: STATE arm=2 nav=14 NED=(0.131,-0.595,0.527) vel=(-0.038,-0.282,-0.178) yaw_deg=95.3 failsafe=False age_s=(0.49,0.01) arm_torque_nm=0.010 motors=[869.62,877.57,870.99,889.35,743.26,878.93,741.89,887.98][0m
[0m[INFO] [1786180299.247709287] [my_drone_dds_wasd_control]: STATE arm=2 nav=14 NED=(0.162,-0.479,0.576) vel=(-0.002,-0.023,-0.027) yaw_deg=94.2 failsafe=False age_s=(0.48,0.01) arm_torque_nm=0.000 motors=[892.30,920.41,893.56,933.45,773.54,921.67,772.28,932.19][0m
[0m[INFO] [1786180300.307412809] [my_drone_dds_wasd_control]: STATE arm=2 nav=14 NED=(0.183,-0.429,0.630) vel=(0.030,0.065,0.001) yaw_deg=94.2 failsafe=False age_s=(0.02,0.00) arm_torque_nm=0.000 motors=[916.42,943.86,918.01,962.08,765.19,945.45,763.60,960.49][0m
[0m[INFO] [1786180301.387031907] [my_drone_dds_wasd_control]: STATE arm=2 nav=14 NED=(0.186,-0.413,0.648) vel=(0.033,0.096,0.007) yaw_deg=94.3 failsafe=False age_s=(0.01,0.00) arm_torque_nm=0.000 motors=[936.29,962.49,938.17,986.29,754.76,964.37,752.88,984.41][0m
[0m[INFO] [1786180302.799446345] [my_drone_dds_wasd_control]: STATE arm=2 nav=14 NED=(0.188,-0.391,0.628) vel=(0.030,0.098,-0.002) yaw_deg=94.3 failsafe=False age_s=(0.05,0.00) arm_torque_nm=0.000 motors=[951.22,977.90,953.41,1000.00,741.29,980.09,739.10,1000.00][0m
[0m[INFO] [1786180303.369043926] [my_drone_dds_wasd_control]: STATE arm=2 nav=14 NED=(0.178,-0.401,0.623) vel=(0.033,0.063,-0.002) yaw_deg=94.4 failsafe=False age_s=(0.04,0.00) arm_torque_nm=0.000 motors=[966.42,994.65,968.91,1000.00,744.42,997.13,741.94,1000.00][0m
[0m[INFO] [1786180304.520851071] [my_drone_dds_wasd_control]: STATE arm=2 nav=14 NED=(0.178,-0.400,0.636) vel=(0.015,0.054,0.004) yaw_deg=94.4 failsafe=False age_s=(0.08,0.01) arm_torque_nm=0.000 motors=[986.90,1000.00,989.69,1000.00,747.87,1000.00,745.08,1000.00][0m
[0m[INFO] [1786180306.046896328] [my_drone_dds_wasd_control]: STATE arm=2 nav=14 NED=(0.182,-0.386,0.632) vel=(0.007,0.050,0.004) yaw_deg=94.4 failsafe=False age_s=(0.06,0.02) arm_torque_nm=0.000 motors=[1000.00,1000.00,1000.00,1000.00,750.64,1000.00,747.66,1000.00][0m
[0m[INFO] [1786180306.447859139] [my_drone_dds_wasd_control]: STATE arm=2 nav=14 NED=(0.163,-0.396,0.628) vel=(-0.015,0.025,0.003) yaw_deg=94.4 failsafe=False age_s=(0.09,0.00) arm_torque_nm=0.000 motors=[1000.00,1000.00,1000.00,1000.00,760.81,1000.00,757.82,1000.00][0m
[0m[INFO] [1786180307.544206236] [my_drone_dds_wasd_control]: STATE arm=2 nav=14 NED=(0.159,-0.397,0.632) vel=(-0.022,0.019,0.004) yaw_deg=94.3 failsafe=False age_s=(0.08,0.02) arm_torque_nm=0.000 motors=[1000.00,1000.00,1000.00,1000.00,771.84,1000.00,768.85,1000.00][0m
[0m[INFO] [1786180308.525929574] [my_drone_dds_wasd_control]: STATE arm=2 nav=14 NED=(0.165,-0.415,0.645) vel=(-0.010,-0.002,0.007) yaw_deg=94.4 failsafe=False age_s=(0.12,0.01) arm_torque_nm=0.000 motors=[1000.00,1000.00,1000.00,1000.00,783.91,1000.00,780.92,1000.00][0m
[0m[INFO] [1786180309.525985002] [my_drone_dds_wasd_control]: STATE arm=2 nav=14 NED=(0.191,-0.429,0.656) vel=(0.009,-0.012,0.012) yaw_deg=94.4 failsafe=False age_s=(0.12,0.01) arm_torque_nm=0.000 motors=[1000.00,1000.00,1000.00,1000.00,796.80,1000.00,793.81,1000.00][0m
[0m[INFO] [1786180310.532423726] [my_drone_dds_wasd_control]: STATE arm=2 nav=14 NED=(0.190,-0.437,0.677) vel=(0.000,-0.013,0.032) yaw_deg=94.4 failsafe=False age_s=(0.10,0.02) arm_torque_nm=0.000 motors=[1000.00,1000.00,1000.00,1000.00,797.76,1000.00,794.77,1000.00][0m
[0m[INFO] [1786180311.575079994] [my_drone_dds_wasd_control]: STATE arm=2 nav=14 NED=(0.177,-0.437,0.688) vel=(-0.011,-0.011,0.031) yaw_deg=94.4 failsafe=False age_s=(0.14,0.01) arm_torque_nm=0.000 motors=[1000.00,1000.00,1000.00,1000.00,797.18,1000.00,794.19,1000.00][0m
DYNAMIC_HOVER_SENT_LAND
[0m[INFO] [1786180312.607757612] [my_drone_dds_wasd_control]: STATE arm=2 nav=14 NED=(0.171,-0.433,0.688) vel=(-0.012,-0.009,0.021) yaw_deg=94.4 failsafe=False age_s=(0.18,0.02) arm_torque_nm=0.000 motors=[1000.00,1000.00,1000.00,1000.00,797.20,1000.00,794.21,1000.00][0m
[0m[INFO] [1786180313.594995976] [my_drone_dds_wasd_control]: STATE arm=2 nav=14 NED=(0.189,-0.429,0.673) vel=(0.003,-0.006,0.010) yaw_deg=94.4 failsafe=False age_s=(0.17,0.02) arm_torque_nm=0.000 motors=[1000.00,1000.00,1000.00,1000.00,797.35,1000.00,794.36,1000.00][0m
[0m[INFO] [1786180314.598598620] [my_drone_dds_wasd_control]: STATE arm=2 nav=14 NED=(0.183,-0.404,0.686) vel=(0.001,0.012,0.011) yaw_deg=94.4 failsafe=False age_s=(0.17,0.02) arm_torque_nm=0.000 motors=[1000.00,1000.00,1000.00,1000.00,797.32,1000.00,794.33,1000.00][0m
[0m[INFO] [1786180315.643078458] [my_drone_dds_wasd_control]: STATE arm=2 nav=14 NED=(0.195,-0.403,0.677) vel=(0.008,0.004,0.009) yaw_deg=94.4 failsafe=False age_s=(0.21,0.01) arm_torque_nm=0.000 motors=[1000.00,1000.00,1000.00,1000.00,797.15,1000.00,794.16,1000.00][0m
[0m[INFO] [1786180316.693451913] [my_drone_dds_wasd_control]: STATE arm=2 nav=14 NED=(0.165,-0.420,0.659) vel=(-0.014,-0.006,0.003) yaw_deg=94.4 failsafe=False age_s=(0.25,0.02) arm_torque_nm=0.000 motors=[1000.00,1000.00,1000.00,1000.00,796.62,1000.00,793.63,1000.00][0m
[0m[INFO] [1786180317.711190882] [my_drone_dds_wasd_control]: STATE arm=2 nav=14 NED=(0.177,-0.423,0.667) vel=(-0.003,-0.008,0.006) yaw_deg=94.4 failsafe=False age_s=(0.24,0.02) arm_torque_nm=0.000 motors=[1000.00,1000.00,1000.00,1000.00,796.24,1000.00,793.25,1000.00][0m
[0m[INFO] [1786180318.746345528] [my_drone_dds_wasd_control]: STATE arm=2 nav=14 NED=(0.168,-0.420,0.675) vel=(-0.006,-0.007,0.008) yaw_deg=94.4 failsafe=False age_s=(0.28,0.01) arm_torque_nm=0.000 motors=[1000.00,1000.00,1000.00,1000.00,796.17,1000.00,793.18,1000.00][0m
[0m[INFO] [1786180319.738190660] [my_drone_dds_wasd_control]: STATE arm=2 nav=14 NED=(0.164,-0.410,0.678) vel=(-0.006,0.003,0.007) yaw_deg=94.4 failsafe=False age_s=(0.28,0.01) arm_torque_nm=0.000 motors=[1000.00,1000.00,1000.00,1000.00,796.43,1000.00,793.44,1000.00][0m
[0m[INFO] [1786180320.785476651] [my_drone_dds_wasd_control]: STATE arm=2 nav=14 NED=(0.178,-0.413,0.691) vel=(0.002,0.002,0.011) yaw_deg=94.4 failsafe=False age_s=(0.32,0.02) arm_torque_nm=0.000 motors=[1000.00,1000.00,1000.00,1000.00,796.38,1000.00,793.39,1000.00][0m
[0m[INFO] [1786180321.812910230] [my_drone_dds_wasd_control]: STATE arm=2 nav=14 NED=(0.173,-0.404,0.700) vel=(-0.005,0.010,0.010) yaw_deg=94.4 failsafe=False age_s=(0.31,0.02) arm_torque_nm=0.000 motors=[1000.00,1000.00,1000.00,1000.00,795.73,1000.00,792.74,1000.00][0m
[0m[INFO] [1786180322.816907565] [my_drone_dds_wasd_control]: STATE arm=2 nav=14 NED=(0.183,-0.411,0.698) vel=(-0.002,0.004,0.008) yaw_deg=94.4 failsafe=False age_s=(0.30,0.02) arm_torque_nm=0.000 motors=[1000.00,1000.00,1000.00,1000.00,795.92,1000.00,792.93,1000.00][0m
[0m[INFO] [1786180323.843132122] [my_drone_dds_wasd_control]: STATE arm=2 nav=14 NED=(0.167,-0.418,0.693) vel=(-0.010,0.001,0.003) yaw_deg=94.4 failsafe=False age_s=(0.34,0.01) arm_torque_nm=0.000 motors=[1000.00,1000.00,1000.00,1000.00,796.00,1000.00,793.01,1000.00][0m
[0m[INFO] [1786180324.844591831] [my_drone_dds_wasd_control]: STATE arm=2 nav=14 NED=(0.171,-0.413,0.687) vel=(-0.005,0.004,0.003) yaw_deg=94.4 failsafe=False age_s=(0.34,0.01) arm_torque_nm=0.000 motors=[1000.00,1000.00,1000.00,1000.00,795.53,1000.00,792.53,1000.00][0m
[0m[INFO] [1786180325.907733353] [my_drone_dds_wasd_control]: STATE arm=2 nav=14 NED=(0.163,-0.426,0.684) vel=(-0.007,-0.008,0.007) yaw_deg=94.4 failsafe=False age_s=(0.38,0.02) arm_torque_nm=0.000 motors=[1000.00,1000.00,1000.00,1000.00,794.90,1000.00,791.91,1000.00][0m
[0m[INFO] [1786180326.942586837] [my_drone_dds_wasd_control]: STATE arm=2 nav=14 NED=(0.167,-0.425,0.670) vel=(-0.005,-0.001,0.005) yaw_deg=94.4 failsafe=False age_s=(0.42,0.01) arm_torque_nm=0.000 motors=[1000.00,1000.00,1000.00,1000.00,795.06,1000.00,792.07,1000.00][0m
[0m[INFO] [1786180327.950784966] [my_drone_dds_wasd_control]: STATE arm=2 nav=14 NED=(0.174,-0.416,0.653) vel=(0.001,0.008,0.001) yaw_deg=94.4 failsafe=False age_s=(0.41,0.01) arm_torque_nm=0.000 motors=[1000.00,1000.00,1000.00,1000.00,795.08,1000.00,792.09,1000.00][0m
[0m[INFO] [1786180328.947090950] [my_drone_dds_wasd_control]: STATE arm=2 nav=14 NED=(0.165,-0.410,0.649) vel=(-0.002,0.010,0.003) yaw_deg=94.4 failsafe=False age_s=(0.40,0.01) arm_torque_nm=0.000 motors=[1000.00,1000.00,1000.00,1000.00,794.69,1000.00,791.70,1000.00][0m
[0m[INFO] [1786180329.947449395] [my_drone_dds_wasd_control]: STATE arm=2 nav=14 NED=(0.156,-0.410,0.626) vel=(-0.004,0.011,-0.005) yaw_deg=94.4 failsafe=False age_s=(0.40,0.01) arm_torque_nm=0.000 motors=[1000.00,1000.00,1000.00,1000.00,794.93,1000.00,791.94,1000.00][0m
[0m[INFO] [1786180334.192040480] [my_drone_dds_wasd_control]: STATE arm=2 nav=14 NED=(0.159,-0.393,0.645) vel=(0.001,0.021,0.006) yaw_deg=94.4 failsafe=False age_s=(0.41,0.01) arm_torque_nm=0.000 motors=[1000.00,1000.00,1000.00,1000.00,794.69,1000.00,791.70,1000.00][0m
[0m[INFO] [1786180335.198289822] [my_drone_dds_wasd_control]: STATE arm=2 nav=14 NED=(0.167,-0.404,0.645) vel=(0.006,0.008,0.003) yaw_deg=94.4 failsafe=False age_s=(0.40,0.01) arm_torque_nm=0.000 motors=[1000.00,1000.00,1000.00,1000.00,794.27,1000.00,791.27,1000.00][0m
[0m[INFO] [1786180336.245250783] [my_drone_dds_wasd_control]: STATE arm=2 nav=14 NED=(0.181,-0.424,0.657) vel=(0.010,-0.008,0.009) yaw_deg=94.4 failsafe=False age_s=(0.45,0.00) arm_torque_nm=0.000 motors=[1000.00,1000.00,1000.00,1000.00,794.11,1000.00,791.11,1000.00][0m
[0m[INFO] [1786180337.291486055] [my_drone_dds_wasd_control]: STATE arm=2 nav=14 NED=(0.177,-0.444,0.660) vel=(0.006,-0.020,0.010) yaw_deg=94.4 failsafe=False age_s=(0.49,0.01) arm_torque_nm=0.000 motors=[1000.00,1000.00,1000.00,1000.00,794.01,1000.00,791.01,1000.00][0m
[0m[INFO] [1786180338.292578392] [my_drone_dds_wasd_control]: STATE arm=2 nav=14 NED=(0.180,-0.430,0.655) vel=(0.008,-0.006,0.008) yaw_deg=94.4 failsafe=False age_s=(0.48,0.01) arm_torque_nm=0.000 motors=[1000.00,1000.00,1000.00,1000.00,793.80,1000.00,790.80,1000.00][0m
[0m[INFO] [1786180339.350081830] [my_drone_dds_wasd_control]: STATE arm=2 nav=14 NED=(0.176,-0.436,0.638) vel=(0.001,-0.006,-0.000) yaw_deg=94.4 failsafe=False age_s=(0.02,0.00) arm_torque_nm=0.000 motors=[1000.00,1000.00,1000.00,1000.00,793.46,1000.00,790.47,1000.00][0m
[0m[INFO] [1786180340.391717942] [my_drone_dds_wasd_control]: STATE arm=2 nav=14 NED=(0.197,-0.454,0.668) vel=(0.010,-0.010,0.010) yaw_deg=94.4 failsafe=False age_s=(0.06,0.01) arm_torque_nm=0.000 motors=[1000.00,1000.00,1000.00,1000.00,793.51,1000.00,790.51,1000.00][0m
[0m[INFO] [1786180341.397528287] [my_drone_dds_wasd_control]: STATE arm=2 nav=14 NED=(0.212,-0.447,0.688) vel=(0.014,0.001,0.014) yaw_deg=94.4 failsafe=False age_s=(0.05,0.01) arm_torque_nm=0.000 motors=[1000.00,1000.00,1000.00,1000.00,793.47,1000.00,790.47,1000.00][0m
[0m[INFO] [1786180342.393046847] [my_drone_dds_wasd_control]: STATE arm=2 nav=14 NED=(0.186,-0.417,0.697) vel=(-0.003,0.020,0.012) yaw_deg=94.4 failsafe=False age_s=(0.05,0.01) arm_torque_nm=0.000 motors=[1000.00,1000.00,1000.00,1000.00,793.58,1000.00,790.58,1000.00][0m
[0m[INFO] [1786180343.453467986] [my_drone_dds_wasd_control]: STATE arm=2 nav=14 NED=(0.190,-0.410,0.685) vel=(0.002,0.016,0.010) yaw_deg=94.4 failsafe=False age_s=(0.09,0.00) arm_torque_nm=0.000 motors=[1000.00,1000.00,1000.00,1000.00,793.03,1000.00,790.03,1000.00][0m
[0m[INFO] [1786180344.491266976] [my_drone_dds_wasd_control]: STATE arm=2 nav=14 NED=(0.194,-0.409,0.689) vel=(0.006,0.014,0.008) yaw_deg=94.4 failsafe=False age_s=(0.13,0.01) arm_torque_nm=0.000 motors=[1000.00,1000.00,1000.00,1000.00,792.77,1000.00,789.76,1000.00][0m
[0m[INFO] [1786180345.492888046] [my_drone_dds_wasd_control]: STATE arm=2 nav=14 NED=(0.172,-0.414,0.675) vel=(-0.004,0.009,0.006) yaw_deg=94.4 failsafe=False age_s=(0.12,0.01) arm_torque_nm=0.000 motors=[1000.00,1000.00,1000.00,1000.00,792.50,1000.00,789.50,1000.00][0m
[0m[INFO] [1786180346.492272935] [my_drone_dds_wasd_control]: STATE arm=2 nav=14 NED=(0.159,-0.422,0.670) vel=(-0.011,0.002,0.008) yaw_deg=94.4 failsafe=False age_s=(0.11,0.01) arm_torque_nm=0.000 motors=[1000.00,1000.00,1000.00,1000.00,792.37,1000.00,789.37,1000.00][0m
[0m[INFO] [1786180347.540917574] [my_drone_dds_wasd_control]: STATE arm=2 nav=14 NED=(0.145,-0.426,0.661) vel=(-0.007,-0.007,0.006) yaw_deg=94.4 failsafe=False age_s=(0.15,0.00) arm_torque_nm=0.000 motors=[1000.00,1000.00,1000.00,1000.00,792.06,1000.00,789.06,1000.00][0m
[0m[INFO] [1786180348.538830727] [my_drone_dds_wasd_control]: STATE arm=2 nav=14 NED=(0.151,-0.420,0.657) vel=(-0.003,0.002,0.005) yaw_deg=94.4 failsafe=False age_s=(0.15,0.00) arm_torque_nm=0.000 motors=[1000.00,1000.00,1000.00,1000.00,792.01,1000.00,789.01,1000.00][0m
[0m[INFO] [1786180349.592776067] [my_drone_dds_wasd_control]: STATE arm=2 nav=14 NED=(0.157,-0.416,0.668) vel=(0.003,0.006,0.006) yaw_deg=94.4 failsafe=False age_s=(0.19,0.01) arm_torque_nm=0.000 motors=[1000.00,1000.00,1000.00,1000.00,791.89,1000.00,788.89,1000.00][0m
[0m[INFO] [1786180350.639283299] [my_drone_dds_wasd_control]: STATE arm=2 nav=14 NED=(0.164,-0.429,0.653) vel=(0.003,-0.006,-0.002) yaw_deg=94.4 failsafe=False age_s=(0.23,0.00) arm_torque_nm=0.000 motors=[1000.00,1000.00,1000.00,1000.00,791.44,1000.00,788.44,1000.00][0m
[0m[INFO] [1786180351.640922464] [my_drone_dds_wasd_control]: STATE arm=2 nav=14 NED=(0.179,-0.430,0.642) vel=(0.009,-0.006,-0.002) yaw_deg=94.4 failsafe=False age_s=(0.22,0.00) arm_torque_nm=0.000 motors=[1000.00,1000.00,1000.00,1000.00,791.09,1000.00,788.08,1000.00][0m
[0m[INFO] [1786180352.698929456] [my_drone_dds_wasd_control]: STATE arm=2 nav=14 NED=(0.213,-0.440,0.630) vel=(0.024,-0.010,-0.004) yaw_deg=94.4 failsafe=False age_s=(0.26,0.01) arm_torque_nm=0.000 motors=[1000.00,1000.00,1000.00,1000.00,791.35,1000.00,788.34,1000.00][0m
[0m[INFO] [1786180353.698630038] [my_drone_dds_wasd_control]: STATE arm=2 nav=14 NED=(0.220,-0.417,0.625) vel=(0.020,0.010,-0.002) yaw_deg=94.4 failsafe=False age_s=(0.26,0.01) arm_torque_nm=0.000 motors=[1000.00,1000.00,1000.00,1000.00,791.39,1000.00,788.39,1000.00][0m
[0m[INFO] [1786180354.745888493] [my_drone_dds_wasd_control]: STATE arm=2 nav=14 NED=(0.202,-0.391,0.644) vel=(0.005,0.023,0.004) yaw_deg=94.4 failsafe=False age_s=(0.30,0.00) arm_torque_nm=0.000 motors=[1000.00,1000.00,1000.00,1000.00,791.31,1000.00,788.31,1000.00][0m
[0m[INFO] [1786180355.753781809] [my_drone_dds_wasd_control]: STATE arm=2 nav=14 NED=(0.192,-0.396,0.647) vel=(0.001,0.010,0.006) yaw_deg=94.4 failsafe=False age_s=(0.29,0.00) arm_torque_nm=0.000 motors=[1000.00,1000.00,1000.00,1000.00,790.50,1000.00,787.49,1000.00][0m
[0m[INFO] [1786180356.748032659] [my_drone_dds_wasd_control]: STATE arm=2 nav=14 NED=(0.168,-0.430,0.649) vel=(-0.010,-0.011,0.007) yaw_deg=94.5 failsafe=False age_s=(0.28,0.00) arm_torque_nm=0.000 motors=[1000.00,1000.00,1000.00,1000.00,789.87,1000.00,786.87,1000.00][0m
[0m[INFO] [1786180357.791559669] [my_drone_dds_wasd_control]: STATE arm=2 nav=14 NED=(0.158,-0.437,0.662) vel=(-0.015,-0.004,0.011) yaw_deg=94.5 failsafe=False age_s=(0.32,0.01) arm_torque_nm=0.000 motors=[1000.00,1000.00,1000.00,1000.00,789.63,1000.00,786.63,1000.00][0m
[0m[INFO] [1786180358.794710955] [my_drone_dds_wasd_control]: STATE arm=2 nav=14 NED=(0.173,-0.418,0.678) vel=(-0.007,0.008,0.013) yaw_deg=94.4 failsafe=False age_s=(0.32,0.01) arm_torque_nm=0.000 motors=[1000.00,1000.00,1000.00,1000.00,789.96,1000.00,786.95,1000.00][0m
[0m[INFO] [1786180359.847889482] [my_drone_dds_wasd_control]: STATE arm=2 nav=14 NED=(0.172,-0.434,0.689) vel=(-0.005,-0.007,0.018) yaw_deg=94.4 failsafe=False age_s=(0.36,0.00) arm_torque_nm=0.000 motors=[1000.00,1000.00,1000.00,1000.00,789.40,1000.00,786.39,1000.00][0m
[0m[INFO] [1786180360.841793036] [my_drone_dds_wasd_control]: STATE arm=2 nav=14 NED=(0.177,-0.444,0.678) vel=(-0.002,-0.008,0.011) yaw_deg=94.4 failsafe=False age_s=(0.35,0.00) arm_torque_nm=0.000 motors=[1000.00,1000.00,1000.00,1000.00,789.62,1000.00,786.61,1000.00][0m
[0m[INFO] [1786180361.892854419] [my_drone_dds_wasd_control]: STATE arm=2 nav=14 NED=(0.187,-0.436,0.652) vel=(0.004,0.001,0.002) yaw_deg=94.4 failsafe=False age_s=(0.39,0.01) arm_torque_nm=0.000 motors=[1000.00,1000.00,1000.00,1000.00,789.23,1000.00,786.22,1000.00][0m
[0m[INFO] [1786180362.895678632] [my_drone_dds_wasd_control]: STATE arm=2 nav=14 NED=(0.160,-0.435,0.659) vel=(-0.013,-0.004,0.004) yaw_deg=94.5 failsafe=False age_s=(0.39,0.01) arm_torque_nm=0.000 motors=[1000.00,1000.00,1000.00,1000.00,788.48,1000.00,785.48,1000.00][0m
[0m[INFO] [1786180363.890993200] [my_drone_dds_wasd_control]: STATE arm=2 nav=14 NED=(0.133,-0.429,0.649) vel=(-0.024,0.003,0.002) yaw_deg=94.5 failsafe=False age_s=(0.38,0.01) arm_torque_nm=0.000 motors=[1000.00,1000.00,1000.00,1000.00,788.35,1000.00,785.34,1000.00][0m
[0m[INFO] [1786180364.948732353] [my_drone_dds_wasd_control]: STATE arm=2 nav=14 NED=(0.142,-0.431,0.640) vel=(-0.013,0.001,0.002) yaw_deg=94.5 failsafe=False age_s=(0.42,0.00) arm_torque_nm=0.000 motors=[1000.00,1000.00,1000.00,1000.00,788.53,1000.00,785.52,1000.00][0m
[0m[INFO] [1786180369.260745872] [my_drone_dds_wasd_control]: STATE arm=2 nav=14 NED=(0.161,-0.404,0.647) vel=(-0.006,0.015,0.005) yaw_deg=94.5 failsafe=False age_s=(0.46,0.01) arm_torque_nm=0.000 motors=[1000.00,1000.00,1000.00,1000.00,788.33,1000.00,785.32,1000.00][0m
[0m[INFO] [1786180370.299975916] [my_drone_dds_wasd_control]: STATE arm=2 nav=14 NED=(0.174,-0.409,0.635) vel=(0.004,0.005,0.000) yaw_deg=94.4 failsafe=False age_s=(0.49,0.01) arm_torque_nm=0.000 motors=[1000.00,1000.00,1000.00,1000.00,787.79,1000.00,784.77,1000.00][0m
[0m[INFO] [1786180371.297751190] [my_drone_dds_wasd_control]: STATE arm=2 nav=14 NED=(0.182,-0.428,0.643) vel=(0.003,-0.008,0.004) yaw_deg=94.4 failsafe=False age_s=(0.48,0.01) arm_torque_nm=0.000 motors=[1000.00,1000.00,1000.00,1000.00,787.93,1000.00,784.91,1000.00][0m
[0m[INFO] [1786180372.347789512] [my_drone_dds_wasd_control]: STATE arm=2 nav=14 NED=(0.175,-0.424,0.637) vel=(-0.004,-0.003,0.002) yaw_deg=94.5 failsafe=False age_s=(0.02,0.02) arm_torque_nm=0.000 motors=[1000.00,1000.00,1000.00,1000.00,787.64,1000.00,784.63,1000.00][0m
[0m[INFO] [1786180373.348500846] [my_drone_dds_wasd_control]: STATE arm=2 nav=14 NED=(0.182,-0.418,0.649) vel=(0.001,0.001,0.008) yaw_deg=94.5 failsafe=False age_s=(0.01,0.02) arm_torque_nm=0.000 motors=[1000.00,1000.00,1000.00,1000.00,787.19,1000.00,784.17,1000.00][0m
[0m[INFO] [1786180374.396139236] [my_drone_dds_wasd_control]: STATE arm=2 nav=14 NED=(0.179,-0.432,0.668) vel=(-0.003,-0.007,0.012) yaw_deg=94.5 failsafe=False age_s=(0.05,0.01) arm_torque_nm=0.000 motors=[1000.00,1000.00,1000.00,1000.00,787.15,1000.00,784.14,1000.00][0m
[0m[INFO] [1786180375.402461295] [my_drone_dds_wasd_control]: STATE arm=2 nav=14 NED=(0.182,-0.446,0.660) vel=(-0.004,-0.014,0.009) yaw_deg=94.5 failsafe=False age_s=(0.04,0.01) arm_torque_nm=0.000 motors=[1000.00,1000.00,1000.00,1000.00,786.56,1000.00,783.54,1000.00][0m
[0m[INFO] [1786180376.399533373] [my_drone_dds_wasd_control]: STATE arm=2 nav=14 NED=(0.176,-0.432,0.668) vel=(-0.005,-0.002,0.012) yaw_deg=94.5 failsafe=False age_s=(0.04,0.01) arm_torque_nm=0.000 motors=[1000.00,1000.00,1000.00,1000.00,786.54,1000.00,783.52,1000.00][0m
[0m[INFO] [1786180377.443507869] [my_drone_dds_wasd_control]: STATE arm=2 nav=14 NED=(0.184,-0.431,0.670) vel=(0.001,0.001,0.010) yaw_deg=94.4 failsafe=False age_s=(0.08,0.02) arm_torque_nm=0.000 motors=[1000.00,1000.00,1000.00,1000.00,786.39,1000.00,783.37,1000.00][0m
[0m[INFO] [1786180378.492003397] [my_drone_dds_wasd_control]: STATE arm=2 nav=14 NED=(0.192,-0.456,0.648) vel=(0.006,-0.014,0.001) yaw_deg=94.4 failsafe=False age_s=(0.12,0.01) arm_torque_nm=0.000 motors=[1000.00,1000.00,1000.00,1000.00,785.84,1000.00,782.82,1000.00][0m
[0m[INFO] [1786180379.504677214] [my_drone_dds_wasd_control]: STATE arm=2 nav=14 NED=(0.184,-0.454,0.638) vel=(-0.003,-0.009,-0.001) yaw_deg=94.5 failsafe=False age_s=(0.11,0.01) arm_torque_nm=0.000 motors=[1000.00,1000.00,1000.00,1000.00,785.79,1000.00,782.77,1000.00][0m
[0m[INFO] [1786180380.550181173] [my_drone_dds_wasd_control]: STATE arm=2 nav=14 NED=(0.177,-0.445,0.620) vel=(-0.005,0.001,-0.034) yaw_deg=94.5 failsafe=False age_s=(0.14,0.00) arm_torque_nm=0.000 motors=[1000.00,1000.00,1000.00,1000.00,785.72,1000.00,782.70,1000.00][0m
[0m[INFO] [1786180381.597783003] [my_drone_dds_wasd_control]: STATE arm=2 nav=14 NED=(0.174,-0.441,0.614) vel=(-0.004,0.005,-0.023) yaw_deg=94.5 failsafe=False age_s=(0.18,0.01) arm_torque_nm=0.000 motors=[1000.00,1000.00,1000.00,1000.00,785.38,1000.00,782.36,1000.00][0m
Traceback (most recent call last):
  File "/mnt/e/清洁无人机/drone_sim_ws/scripts/test_ros2_dds_dynamic_hover_pty.py", line 181, in <module>
    raise SystemExit(main())
                     ^^^^^^
  File "/mnt/e/清洁无人机/drone_sim_ws/scripts/test_ros2_dds_dynamic_hover_pty.py", line 101, in main
    raise RuntimeError("dynamic hover controller did not finish before timeout")
RuntimeError: dynamic hover controller did not finish before timeout
