DDS WASD: T takeoff | W/S/A/D move | R/F up/down | Q/E yaw | L land | O exit Offboard | X twice emergency disarm | Z safe exit
[0m[INFO] [1786178675.534794105] [my_drone_dds_wasd_control]: NED target initialized: N=-0.022 E=-0.018 D=0.027 yaw=99.8 deg[0m
[0m[INFO] [1786178675.564132508] [my_drone_dds_wasd_control]: local vertical target sign=-1 (target = current + sign * height)[0m
[0m[INFO] [1786178675.812155878] [my_drone_dds_wasd_control]: STATE arm=1 nav=4 NED=(-0.029,-0.019,0.027) vel=(-0.004,0.004,0.000) yaw_deg=99.8 failsafe=False age_s=(0.03,0.01) arm_torque_nm=0.000 motors=[0.00,0.00,0.00,0.00,0.00,0.00,0.00,0.00][0m
[0m[INFO] [1786178676.866942130] [my_drone_dds_wasd_control]: STATE arm=1 nav=4 NED=(-0.035,-0.008,0.023) vel=(-0.004,0.009,-0.000) yaw_deg=99.8 failsafe=False age_s=(0.08,0.02) arm_torque_nm=0.000 motors=[0.00,0.00,0.00,0.00,0.00,0.00,0.00,0.00][0m
[0m[INFO] [1786178677.895554341] [my_drone_dds_wasd_control]: target NED=(-0.02, -0.01, -1.18) yaw=99.8 deg[0m
[0m[INFO] [1786178677.918462709] [my_drone_dds_wasd_control]: Prestreaming Offboard setpoints for 2 seconds[0m
[0m[INFO] [1786178677.939673923] [my_drone_dds_wasd_control]: STATE arm=1 nav=4 NED=(-0.020,-0.012,0.020) vel=(0.002,0.006,-0.001) yaw_deg=99.8 failsafe=False age_s=(0.15,0.06) arm_torque_nm=0.000 motors=[0.00,0.00,0.00,0.00,0.00,0.00,0.00,0.00][0m
[0m[INFO] [1786178678.977327948] [my_drone_dds_wasd_control]: STATE arm=1 nav=4 NED=(-0.020,-0.022,0.019) vel=(0.002,0.000,0.004) yaw_deg=99.8 failsafe=False age_s=(0.48,0.02) arm_torque_nm=0.000 motors=[0.00,0.00,0.00,0.00,0.00,0.00,0.00,0.00][0m
[0m[INFO] [1786178679.960700425] [my_drone_dds_wasd_control]: OFFBOARD mode and ARM commands sent[0m
[0m[INFO] [1786178679.979896098] [my_drone_dds_wasd_control]: PX4 command ack: command=400 result=0[0m
[0m[INFO] [1786178680.016852077] [my_drone_dds_wasd_control]: STATE arm=2 nav=14 NED=(-0.010,-0.029,0.020) vel=(0.006,-0.001,0.005) yaw_deg=99.8 failsafe=False age_s=(0.03,0.01) arm_torque_nm=0.000 motors=[1.63,0.37,1.63,0.40,1.60,0.37,1.60,0.40][0m
[0m[INFO] [1786178681.022477816] [my_drone_dds_wasd_control]: STATE arm=2 nav=14 NED=(-0.001,-0.030,0.008) vel=(0.008,-0.004,-0.001) yaw_deg=99.8 failsafe=False age_s=(0.03,0.01) arm_torque_nm=0.000 motors=[1.57,0.41,1.57,0.83,1.18,0.41,1.18,0.83][0m
[0m[INFO] [1786178682.069439440] [my_drone_dds_wasd_control]: STATE arm=2 nav=14 NED=(0.002,-0.046,0.003) vel=(0.009,-0.011,-0.061) yaw_deg=99.8 failsafe=False age_s=(0.07,0.02) arm_torque_nm=0.000 motors=[742.71,765.06,742.71,773.13,734.58,765.06,734.58,773.13][0m
[0m[INFO] [1786178683.065443712] [my_drone_dds_wasd_control]: STATE arm=2 nav=14 NED=(0.013,-0.036,-0.023) vel=(-0.012,-0.003,-0.453) yaw_deg=99.8 failsafe=False age_s=(0.06,0.02) arm_torque_nm=0.001 motors=[701.69,720.54,701.68,729.86,693.02,720.53,693.03,729.87][0m
[0m[INFO] [1786178684.109547331] [my_drone_dds_wasd_control]: STATE arm=2 nav=14 NED=(0.012,-0.053,-0.167) vel=(0.027,-0.033,-0.273) yaw_deg=99.8 failsafe=False age_s=(0.10,0.01) arm_torque_nm=0.028 motors=[711.74,733.71,711.74,741.09,704.50,733.71,704.51,741.09][0m
[0m[INFO] [1786178685.111443121] [my_drone_dds_wasd_control]: STATE arm=2 nav=14 NED=(0.016,-0.029,-0.093) vel=(0.032,0.016,-0.232) yaw_deg=100.0 failsafe=False age_s=(0.09,0.01) arm_torque_nm=0.000 motors=[726.87,749.67,726.84,758.04,721.27,749.64,721.30,758.07][0m
[0m[INFO] [1786178686.161415331] [my_drone_dds_wasd_control]: STATE arm=2 nav=14 NED=(0.024,0.000,-0.137) vel=(0.085,0.102,-0.125) yaw_deg=99.7 failsafe=False age_s=(0.14,0.02) arm_torque_nm=0.000 motors=[752.90,774.07,752.94,778.26,745.02,774.11,744.97,778.22][0m
[0m[INFO] [1786178687.211345970] [my_drone_dds_wasd_control]: STATE arm=2 nav=14 NED=(-0.012,-0.010,-0.166) vel=(-0.003,0.037,-0.027) yaw_deg=99.6 failsafe=False age_s=(0.18,0.01) arm_torque_nm=0.000 motors=[767.04,788.47,767.09,794.81,757.08,788.51,757.04,794.77][0m
[0m[INFO] [1786178688.258878020] [my_drone_dds_wasd_control]: STATE arm=2 nav=14 NED=(-0.026,-0.097,-0.091) vel=(-0.040,-0.128,0.037) yaw_deg=99.8 failsafe=False age_s=(0.22,0.02) arm_torque_nm=0.000 motors=[791.25,823.43,791.25,833.30,780.93,823.44,780.92,833.29][0m
[0m[INFO] [1786178689.307785099] [my_drone_dds_wasd_control]: STATE arm=2 nav=14 NED=(-0.036,-0.120,-0.061) vel=(-0.039,0.197,-0.065) yaw_deg=99.5 failsafe=False age_s=(0.26,0.01) arm_torque_nm=0.000 motors=[844.73,772.07,844.78,774.06,838.18,772.12,838.13,774.01][0m
[0m[INFO] [1786178690.361458157] [my_drone_dds_wasd_control]: STATE arm=2 nav=14 NED=(0.016,0.987,0.063) vel=(0.054,1.165,0.112) yaw_deg=93.6 failsafe=False age_s=(0.21,0.00) arm_torque_nm=0.000 motors=[847.88,913.90,848.59,892.70,809.82,914.61,809.12,891.99][0m
[0m[INFO] [1786178691.368101350] [my_drone_dds_wasd_control]: STATE arm=2 nav=14 NED=(0.098,0.833,0.255) vel=(-0.009,-1.616,0.319) yaw_deg=97.6 failsafe=False age_s=(0.20,0.00) arm_torque_nm=0.000 motors=[884.22,1000.00,884.16,1000.00,867.86,1000.00,867.93,1000.00][0m
[0m[INFO] [1786178695.075823550] [my_drone_dds_wasd_control]: STATE arm=2 nav=14 NED=(0.081,-2.506,0.484) vel=(0.000,-4.373,0.021) yaw_deg=105.1 failsafe=False age_s=(0.21,0.00) arm_torque_nm=0.001 motors=[869.45,938.60,868.36,1000.00,872.70,937.50,873.79,1000.00][0m
[31m[ERROR] [1786178695.228648475] [my_drone_dds_wasd_control]: Position safety gate exceeded; requesting LAND horizontal=3.11 m vertical=1.65 m[0m
[33m[WARN] [1786178695.261273743] [my_drone_dds_wasd_control]: LAND requested; Offboard setpoint stream stopped[0m
[0m[INFO] [1786178695.305122408] [my_drone_dds_wasd_control]: PX4 command ack: command=21 result=0[0m
[0m[INFO] [1786178696.120087892] [my_drone_dds_wasd_control]: STATE arm=2 nav=18 NED=(0.055,-6.406,0.733) vel=(0.678,-2.452,-0.807) yaw_deg=100.1 failsafe=False age_s=(0.29,0.01) arm_torque_nm=0.000 motors=[467.89,634.91,470.34,430.10,467.11,637.36,464.65,427.64][0m
[0m[INFO] [1786178697.171818751] [my_drone_dds_wasd_control]: STATE arm=2 nav=18 NED=(0.177,-7.618,0.384) vel=(0.169,-0.165,-0.470) yaw_deg=107.7 failsafe=False age_s=(0.46,0.02) arm_torque_nm=0.069 motors=[400.89,600.41,400.92,617.14,381.56,600.44,381.53,617.11][0m
[0m[INFO] [1786178698.169507809] [my_drone_dds_wasd_control]: STATE arm=2 nav=18 NED=(0.049,-7.570,0.395) vel=(-0.002,0.113,-0.200) yaw_deg=108.3 failsafe=False age_s=(0.45,0.02) arm_torque_nm=0.017 motors=[394.48,610.87,394.60,618.35,376.31,611.00,376.18,618.22][0m
[0m[INFO] [1786178699.169396667] [my_drone_dds_wasd_control]: STATE arm=2 nav=18 NED=(-0.049,-7.441,0.606) vel=(-0.102,0.234,0.057) yaw_deg=109.1 failsafe=False age_s=(0.44,0.02) arm_torque_nm=0.064 motors=[0.00,63.58,0.00,67.74,0.00,63.67,0.00,67.65][0m
[0m[INFO] [1786178700.193157681] [my_drone_dds_wasd_control]: STATE arm=2 nav=18 NED=(-0.058,-7.513,0.679) vel=(-0.073,0.027,0.052) yaw_deg=109.1 failsafe=False age_s=(0.43,0.02) arm_torque_nm=0.051 motors=[0.00,64.50,0.00,68.83,0.00,64.60,0.00,68.73][0m
[0m[INFO] [1786178701.216605581] [my_drone_dds_wasd_control]: STATE arm=2 nav=18 NED=(-0.034,-7.596,0.730) vel=(-0.036,-0.086,0.047) yaw_deg=109.2 failsafe=False age_s=(0.47,0.01) arm_torque_nm=0.050 motors=[0.00,64.95,0.00,68.94,0.00,65.04,0.00,68.84][0m
[0m[INFO] [1786178701.411098471] [my_drone_dds_wasd_control]: LANDING_DISARMED_CONFIRMED[0m
DDS_DYNAMIC_HOVER_FAIL missing=[] report={'offboard_samples': 13, 'steady_hover_samples': 0, 'steady_window_start_s': 20.0, 'max_horizontal_error_m': 2.498042633743468, 'max_height_error_m': 1.664, 'takeoff_transient_max_height_error_m': 1.664, 'max_state_step_m': 0.0, 'max_motor_output': 1000.0, 'motor_saturation_fraction': 0.03409090909090909, 'failsafe_seen': False}
DDS_DYNAMIC_HOVER_METRICS {"failsafe_seen": false, "max_height_error_m": 1.664, "max_horizontal_error_m": 2.498042633743468, "max_motor_output": 1000.0, "max_state_step_m": 0.0, "motor_saturation_fraction": 0.03409090909090909, "offboard_samples": 13, "steady_hover_samples": 0, "steady_window_start_s": 20.0, "takeoff_transient_max_height_error_m": 1.664}
