DDS WASD: T takeoff | W/S/A/D move | R/F up/down | Q/E yaw | L land | O exit Offboard | X twice emergency disarm | Z safe exit
[0m[INFO] [1786176638.702042703] [my_drone_dds_wasd_control]: NED target initialized: N=-0.036 E=-0.015 D=-0.002 yaw=99.8 deg[0m
[0m[INFO] [1786176638.733012295] [my_drone_dds_wasd_control]: local vertical target sign=-1 (target = current + sign * height)[0m
[0m[INFO] [1786176638.789409628] [my_drone_dds_wasd_control]: STATE arm=1 nav=4 NED=(-0.040,-0.014,0.001) vel=(-0.011,-0.003,0.004) yaw_deg=99.8 failsafe=False age_s=(0.03,0.01) arm_torque_nm=0.000 motors=[0.00,0.00,0.00,0.00,0.00,0.00,0.00,0.00][0m
[0m[INFO] [1786176639.830634074] [my_drone_dds_wasd_control]: STATE arm=1 nav=4 NED=(-0.047,0.000,0.011) vel=(-0.007,0.005,0.009) yaw_deg=99.8 failsafe=False age_s=(0.21,0.01) arm_torque_nm=0.000 motors=[0.00,0.00,0.00,0.00,0.00,0.00,0.00,0.00][0m
[0m[INFO] [1786176640.833908602] [my_drone_dds_wasd_control]: STATE arm=1 nav=4 NED=(-0.029,0.019,-0.004) vel=(0.008,0.017,0.002) yaw_deg=99.8 failsafe=False age_s=(0.20,0.01) arm_torque_nm=0.000 motors=[0.00,0.00,0.00,0.00,0.00,0.00,0.00,0.00][0m
[0m[INFO] [1786176640.860809900] [my_drone_dds_wasd_control]: target NED=(-0.03, 0.02, -1.20) yaw=99.8 deg[0m
[0m[INFO] [1786176640.878567045] [my_drone_dds_wasd_control]: Prestreaming Offboard setpoints for 2 seconds[0m
[0m[INFO] [1786176641.831787857] [my_drone_dds_wasd_control]: STATE arm=1 nav=4 NED=(-0.029,0.017,-0.013) vel=(0.010,0.012,-0.003) yaw_deg=99.8 failsafe=False age_s=(0.42,0.01) arm_torque_nm=0.000 motors=[0.00,0.00,0.00,0.00,0.00,0.00,0.00,0.00][0m
[0m[INFO] [1786176642.832042290] [my_drone_dds_wasd_control]: STATE arm=1 nav=4 NED=(-0.040,0.018,-0.012) vel=(0.000,0.012,-0.003) yaw_deg=99.8 failsafe=False age_s=(0.41,0.01) arm_torque_nm=0.000 motors=[0.00,0.00,0.00,0.00,0.00,0.00,0.00,0.00][0m
[0m[INFO] [1786176642.879375855] [my_drone_dds_wasd_control]: OFFBOARD mode and ARM commands sent[0m
[0m[INFO] [1786176642.899001207] [my_drone_dds_wasd_control]: PX4 command ack: command=400 result=0[0m
[0m[INFO] [1786176643.853919008] [my_drone_dds_wasd_control]: STATE arm=2 nav=14 NED=(-0.050,0.003,-0.012) vel=(-0.006,-0.000,-0.003) yaw_deg=99.8 failsafe=False age_s=(0.43,0.01) arm_torque_nm=0.000 motors=[1.75,0.26,1.75,0.32,1.67,0.26,1.67,0.32][0m
[0m[INFO] [1786176644.883971854] [my_drone_dds_wasd_control]: STATE arm=2 nav=14 NED=(-0.053,-0.005,0.003) vel=(-0.008,0.010,-0.020) yaw_deg=99.8 failsafe=False age_s=(0.47,0.02) arm_torque_nm=0.001 motors=[747.81,768.90,747.81,776.86,739.71,768.90,739.71,776.86][0m
[0m[INFO] [1786176645.886416203] [my_drone_dds_wasd_control]: STATE arm=2 nav=14 NED=(-0.058,0.005,-0.007) vel=(-0.021,-0.002,-0.085) yaw_deg=99.9 failsafe=False age_s=(0.46,0.02) arm_torque_nm=0.051 motors=[743.78,769.41,743.74,780.67,735.89,769.37,735.94,780.71][0m
[0m[INFO] [1786176646.944854876] [my_drone_dds_wasd_control]: STATE arm=2 nav=14 NED=(-0.051,0.006,-0.024) vel=(-0.020,-0.004,-0.056) yaw_deg=99.9 failsafe=False age_s=(0.00,0.01) arm_torque_nm=0.000 motors=[731.77,792.89,731.75,803.14,723.26,792.87,723.28,803.16][0m
[0m[INFO] [1786176647.938959981] [my_drone_dds_wasd_control]: STATE arm=2 nav=14 NED=(-0.056,0.051,-0.061) vel=(-0.025,0.016,-0.056) yaw_deg=99.8 failsafe=False age_s=(0.50,0.01) arm_torque_nm=0.051 motors=[754.30,781.66,754.28,792.45,744.90,781.65,744.92,792.47][0m
[0m[INFO] [1786176648.983000898] [my_drone_dds_wasd_control]: STATE arm=2 nav=14 NED=(-0.043,0.044,-0.062) vel=(0.020,-0.176,-0.041) yaw_deg=99.9 failsafe=False age_s=(0.03,0.02) arm_torque_nm=0.011 motors=[727.43,834.94,727.43,844.85,717.76,834.93,717.77,844.85][0m
[0m[INFO] [1786176650.038213578] [my_drone_dds_wasd_control]: STATE arm=2 nav=14 NED=(-0.012,0.018,-0.141) vel=(0.023,-0.049,-0.098) yaw_deg=99.7 failsafe=False age_s=(0.08,0.01) arm_torque_nm=0.001 motors=[732.66,804.87,732.65,814.34,723.77,804.86,723.78,814.35][0m
[0m[INFO] [1786176651.035967565] [my_drone_dds_wasd_control]: STATE arm=2 nav=14 NED=(-0.012,0.065,-0.027) vel=(0.016,0.083,0.198) yaw_deg=99.4 failsafe=False age_s=(0.07,0.01) arm_torque_nm=0.001 motors=[823.90,846.84,823.96,854.30,811.97,846.90,811.91,854.24][0m
[0m[INFO] [1786176652.036919686] [my_drone_dds_wasd_control]: STATE arm=2 nav=14 NED=(-0.029,0.275,0.034) vel=(-0.066,0.598,0.159) yaw_deg=99.9 failsafe=False age_s=(0.06,0.01) arm_torque_nm=0.002 motors=[880.74,831.99,880.74,856.40,856.75,831.99,856.75,856.40][0m
[0m[INFO] [1786176653.051642707] [my_drone_dds_wasd_control]: STATE arm=2 nav=14 NED=(-0.151,1.688,0.215) vel=(-0.288,2.276,0.369) yaw_deg=95.2 failsafe=False age_s=(0.05,0.01) arm_torque_nm=0.051 motors=[1000.00,897.03,1000.00,898.46,948.22,897.64,947.61,897.85][0m
[31m[ERROR] [1786176653.537335130] [my_drone_dds_wasd_control]: Position safety gate exceeded; requesting LAND horizontal=3.07 m vertical=1.54 m[0m
[33m[WARN] [1786176653.563633103] [my_drone_dds_wasd_control]: LAND requested; Offboard setpoint stream stopped[0m
[0m[INFO] [1786176653.591673487] [my_drone_dds_wasd_control]: PX4 command ack: command=21 result=0[0m
[0m[INFO] [1786176654.093496268] [my_drone_dds_wasd_control]: STATE arm=2 nav=18 NED=(-0.585,4.995,0.299) vel=(-0.947,3.729,0.026) yaw_deg=92.2 failsafe=False age_s=(0.20,0.02) arm_torque_nm=0.026 motors=[904.43,831.84,904.46,874.28,859.29,831.87,859.25,874.24][0m
[0m[INFO] [1786176655.137621394] [my_drone_dds_wasd_control]: STATE arm=2 nav=18 NED=(-1.673,8.177,0.467) vel=(-0.746,1.969,0.389) yaw_deg=93.8 failsafe=False age_s=(0.28,0.01) arm_torque_nm=0.054 motors=[835.32,882.84,835.29,871.65,849.39,882.80,849.42,871.69][0m
[0m[INFO] [1786176656.187015108] [my_drone_dds_wasd_control]: STATE arm=2 nav=18 NED=(-1.830,8.180,0.548) vel=(0.276,-0.809,-0.254) yaw_deg=89.0 failsafe=False age_s=(0.32,0.02) arm_torque_nm=0.066 motors=[718.76,859.85,720.96,755.39,638.81,862.05,636.61,753.19][0m
[0m[INFO] [1786176657.234144212] [my_drone_dds_wasd_control]: STATE arm=2 nav=18 NED=(-1.832,6.948,0.513) vel=(0.119,-1.494,-0.200) yaw_deg=83.6 failsafe=False age_s=(0.37,0.00) arm_torque_nm=0.008 motors=[662.46,768.20,663.02,767.24,616.27,768.76,615.70,766.67][0m
[0m[INFO] [1786176662.481911146] [my_drone_dds_wasd_control]: STATE arm=2 nav=18 NED=(-1.851,5.093,0.612) vel=(0.109,-2.095,-0.020) yaw_deg=82.2 failsafe=False age_s=(0.39,0.01) arm_torque_nm=0.002 motors=[634.84,804.54,635.59,789.41,587.34,805.29,586.59,788.66][0m
[0m[INFO] [1786176663.494271578] [my_drone_dds_wasd_control]: STATE arm=2 nav=18 NED=(-1.877,2.969,0.608) vel=(0.063,-1.947,-0.099) yaw_deg=80.4 failsafe=False age_s=(0.38,0.01) arm_torque_nm=0.001 motors=[547.43,827.93,548.34,796.93,502.45,828.83,501.54,796.02][0m
[0m[INFO] [1786176664.487430009] [my_drone_dds_wasd_control]: STATE arm=2 nav=18 NED=(-1.919,1.022,0.596) vel=(0.021,-1.634,-0.186) yaw_deg=81.1 failsafe=False age_s=(0.37,0.01) arm_torque_nm=0.050 motors=[502.30,765.65,503.20,737.98,454.47,766.55,453.57,737.08][0m
[0m[INFO] [1786176665.539990967] [my_drone_dds_wasd_control]: STATE arm=2 nav=18 NED=(-1.938,-0.241,0.652) vel=(0.016,-0.742,-0.010) yaw_deg=80.8 failsafe=False age_s=(0.41,0.01) arm_torque_nm=0.099 motors=[434.27,856.37,435.41,803.28,391.55,857.52,390.40,802.14][0m
[0m[INFO] [1786176666.539088999] [my_drone_dds_wasd_control]: STATE arm=2 nav=18 NED=(-1.957,-0.509,0.595) vel=(0.006,0.096,-0.221) yaw_deg=80.4 failsafe=False age_s=(0.40,0.01) arm_torque_nm=0.011 motors=[301.44,748.19,302.62,689.48,260.89,749.38,259.70,688.29][0m
DYNAMIC_HOVER_SENT_LAND
[0m[INFO] [1786176667.538301207] [my_drone_dds_wasd_control]: STATE arm=2 nav=18 NED=(-1.899,-0.508,0.580) vel=(0.071,-0.178,-0.351) yaw_deg=79.6 failsafe=False age_s=(0.40,0.01) arm_torque_nm=0.029 motors=[0.00,169.23,0.00,145.49,0.00,170.07,0.00,144.65][0m
[0m[INFO] [1786176668.586087153] [my_drone_dds_wasd_control]: STATE arm=2 nav=18 NED=(-1.904,-0.578,0.530) vel=(0.077,-0.105,-0.231) yaw_deg=79.6 failsafe=False age_s=(0.44,0.01) arm_torque_nm=0.035 motors=[0.00,168.05,0.00,145.29,0.00,168.87,0.00,144.46][0m
[0m[INFO] [1786176669.592386886] [my_drone_dds_wasd_control]: STATE arm=2 nav=18 NED=(-1.923,-0.506,0.556) vel=(0.049,0.002,-0.141) yaw_deg=79.5 failsafe=False age_s=(0.43,0.01) arm_torque_nm=0.003 motors=[0.00,167.27,0.00,145.42,0.00,168.09,0.00,144.59][0m
[0m[INFO] [1786176670.341729411] [my_drone_dds_wasd_control]: LANDING_DISARMED_CONFIRMED[0m
DDS_DYNAMIC_HOVER_FAIL missing=[] report={'offboard_samples': 10, 'steady_hover_samples': 3, 'max_horizontal_error_m': 1.6723830302894132, 'max_height_error_m': 1.415, 'takeoff_transient_max_height_error_m': 1.415, 'max_state_step_m': 1.4297601197403706, 'max_motor_output': 1000.0, 'motor_saturation_fraction': 0.009615384615384616, 'failsafe_seen': False}
DDS_DYNAMIC_HOVER_METRICS {"failsafe_seen": false, "max_height_error_m": 1.415, "max_horizontal_error_m": 1.6723830302894132, "max_motor_output": 1000.0, "max_state_step_m": 1.4297601197403706, "motor_saturation_fraction": 0.009615384615384616, "offboard_samples": 10, "steady_hover_samples": 3, "takeoff_transient_max_height_error_m": 1.415}
