DDS WASD: T takeoff | W/S/A/D move | R/F up/down | Q/E yaw | L land | O exit Offboard | X twice emergency disarm | Z safe exit
[0m[INFO] [1786178821.565352546] [my_drone_dds_wasd_control]: NED target initialized: N=0.009 E=-0.012 D=-0.036 yaw=99.8 deg[0m
[0m[INFO] [1786178821.581303622] [my_drone_dds_wasd_control]: local vertical target sign=-1 (target = current + sign * height)[0m
[0m[INFO] [1786178821.783403737] [my_drone_dds_wasd_control]: STATE arm=1 nav=4 NED=(0.008,-0.012,-0.035) vel=(0.002,0.001,0.001) yaw_deg=99.8 failsafe=False age_s=(0.03,0.02) arm_torque_nm=0.000 motors=[0.00,0.00,0.00,0.00,0.00,0.00,0.00,0.00][0m
[0m[INFO] [1786178822.790031480] [my_drone_dds_wasd_control]: STATE arm=1 nav=4 NED=(-0.001,0.002,-0.042) vel=(-0.004,0.007,0.000) yaw_deg=99.8 failsafe=False age_s=(0.02,0.02) arm_torque_nm=0.000 motors=[0.00,0.00,0.00,0.00,0.00,0.00,0.00,0.00][0m
[0m[INFO] [1786178823.814123274] [my_drone_dds_wasd_control]: target NED=(-0.01, -0.01, -1.24) yaw=99.7 deg[0m
[0m[INFO] [1786178823.832339165] [my_drone_dds_wasd_control]: Prestreaming Offboard setpoints for 2 seconds[0m
[0m[INFO] [1786178823.852054304] [my_drone_dds_wasd_control]: STATE arm=1 nav=4 NED=(-0.012,-0.011,-0.037) vel=(-0.008,-0.005,0.004) yaw_deg=99.7 failsafe=False age_s=(0.08,0.05) arm_torque_nm=0.000 motors=[0.00,0.00,0.00,0.00,0.00,0.00,0.00,0.00][0m
[0m[INFO] [1786178824.886266280] [my_drone_dds_wasd_control]: STATE arm=1 nav=4 NED=(-0.012,-0.018,-0.041) vel=(-0.001,-0.008,0.002) yaw_deg=99.8 failsafe=False age_s=(0.50,0.02) arm_torque_nm=0.000 motors=[0.00,0.00,0.00,0.00,0.00,0.00,0.00,0.00][0m
[0m[INFO] [1786178825.848579826] [my_drone_dds_wasd_control]: OFFBOARD mode and ARM commands sent[0m
[0m[INFO] [1786178825.873855628] [my_drone_dds_wasd_control]: PX4 command ack: command=400 result=0[0m
[0m[INFO] [1786178825.894345665] [my_drone_dds_wasd_control]: STATE arm=2 nav=14 NED=(0.007,-0.038,-0.048) vel=(0.010,-0.020,-0.002) yaw_deg=99.8 failsafe=False age_s=(0.03,0.03) arm_torque_nm=0.000 motors=[1.62,0.35,1.62,0.40,1.63,0.35,1.63,0.40][0m
[0m[INFO] [1786178826.936593865] [my_drone_dds_wasd_control]: STATE arm=2 nav=14 NED=(0.027,-0.061,-0.038) vel=(0.014,-0.024,0.001) yaw_deg=99.7 failsafe=False age_s=(0.08,0.01) arm_torque_nm=0.000 motors=[28.34,28.10,28.34,28.75,27.76,28.10,27.76,28.75][0m
[0m[INFO] [1786178827.986190519] [my_drone_dds_wasd_control]: STATE arm=2 nav=14 NED=(0.026,-0.049,-0.026) vel=(0.010,-0.010,0.003) yaw_deg=99.8 failsafe=False age_s=(0.12,0.02) arm_torque_nm=0.000 motors=[763.77,785.50,763.77,794.40,755.27,785.49,755.27,794.40][0m
[0m[INFO] [1786178829.038121531] [my_drone_dds_wasd_control]: STATE arm=2 nav=14 NED=(0.010,-0.051,-0.029) vel=(0.009,-0.048,0.044) yaw_deg=99.7 failsafe=False age_s=(0.16,0.01) arm_torque_nm=0.000 motors=[794.65,802.44,794.65,813.65,783.50,802.44,783.50,813.65][0m
[0m[INFO] [1786178830.093913371] [my_drone_dds_wasd_control]: STATE arm=2 nav=14 NED=(-0.001,-0.059,-0.090) vel=(-0.005,-0.053,-0.064) yaw_deg=99.8 failsafe=False age_s=(0.21,0.02) arm_torque_nm=0.003 motors=[774.06,800.17,774.06,809.69,764.64,800.17,764.64,809.69][0m
[0m[INFO] [1786178831.136268779] [my_drone_dds_wasd_control]: STATE arm=2 nav=14 NED=(-0.027,-0.034,-0.149) vel=(-0.056,0.008,-0.151) yaw_deg=99.8 failsafe=False age_s=(0.25,0.01) arm_torque_nm=0.000 motors=[763.89,781.44,763.88,792.09,754.04,781.42,754.06,792.10][0m
[0m[INFO] [1786178832.136828714] [my_drone_dds_wasd_control]: STATE arm=2 nav=14 NED=(-0.021,-0.013,-0.180) vel=(-0.011,0.056,-0.104) yaw_deg=99.5 failsafe=False age_s=(0.24,0.01) arm_torque_nm=0.000 motors=[773.97,790.75,774.00,798.99,763.37,790.77,763.34,798.96][0m
[0m[INFO] [1786178833.178821170] [my_drone_dds_wasd_control]: STATE arm=2 nav=14 NED=(-0.032,-0.034,-0.214) vel=(-0.040,0.000,-0.220) yaw_deg=99.6 failsafe=False age_s=(0.28,0.02) arm_torque_nm=0.000 motors=[753.19,769.37,753.22,778.63,741.73,769.39,741.71,778.61][0m
[0m[INFO] [1786178836.790922474] [my_drone_dds_wasd_control]: STATE arm=2 nav=14 NED=(-0.025,-0.039,-0.230) vel=(-0.035,0.005,-0.071) yaw_deg=99.6 failsafe=False age_s=(0.28,0.00) arm_torque_nm=0.000 motors=[797.12,782.42,797.15,806.37,770.63,782.45,770.60,806.34][0m
[0m[INFO] [1786178837.787494687] [my_drone_dds_wasd_control]: STATE arm=2 nav=14 NED=(0.017,-0.051,-0.284) vel=(0.042,-0.055,-0.170) yaw_deg=99.7 failsafe=False age_s=(0.27,0.00) arm_torque_nm=0.000 motors=[756.27,775.22,756.30,782.39,746.53,775.25,746.50,782.36][0m
[0m[INFO] [1786178838.838128350] [my_drone_dds_wasd_control]: STATE arm=2 nav=14 NED=(0.006,-0.015,-0.321) vel=(0.020,0.037,-0.244) yaw_deg=99.8 failsafe=False age_s=(0.31,0.01) arm_torque_nm=0.000 motors=[736.87,749.67,736.88,757.96,728.03,749.68,728.03,757.96][0m
[0m[INFO] [1786178839.887770799] [my_drone_dds_wasd_control]: STATE arm=2 nav=14 NED=(0.015,-0.038,-0.370) vel=(0.040,-0.039,-0.385) yaw_deg=99.9 failsafe=False age_s=(0.36,0.00) arm_torque_nm=0.000 motors=[698.48,713.43,698.47,722.09,691.02,713.41,691.04,722.11][0m
[0m[INFO] [1786178840.884623212] [my_drone_dds_wasd_control]: STATE arm=2 nav=14 NED=(0.021,-0.048,-0.395) vel=(0.026,-0.026,-0.346) yaw_deg=99.8 failsafe=False age_s=(0.35,0.00) arm_torque_nm=0.000 motors=[698.15,712.21,698.14,720.37,690.87,712.20,690.88,720.38][0m
[0m[INFO] [1786178841.971640649] [my_drone_dds_wasd_control]: STATE arm=2 nav=14 NED=(0.014,-0.014,-0.329) vel=(-0.007,0.032,-0.178) yaw_deg=99.9 failsafe=False age_s=(0.39,0.01) arm_torque_nm=0.000 motors=[732.97,747.62,732.96,756.93,725.34,747.59,725.36,756.95][0m
[0m[INFO] [1786178842.982974179] [my_drone_dds_wasd_control]: STATE arm=2 nav=14 NED=(0.019,-0.025,-0.295) vel=(0.015,0.003,-0.210) yaw_deg=99.9 failsafe=False age_s=(0.43,0.00) arm_torque_nm=0.000 motors=[729.80,745.65,729.78,755.51,722.46,745.62,722.49,755.54][0m
[0m[INFO] [1786178844.030482957] [my_drone_dds_wasd_control]: STATE arm=2 nav=14 NED=(0.015,-0.050,-0.289) vel=(-0.001,-0.004,-0.079) yaw_deg=100.0 failsafe=False age_s=(0.42,0.00) arm_torque_nm=0.000 motors=[756.26,772.29,756.21,783.14,749.67,772.24,749.72,783.19][0m
[0m[INFO] [1786178844.985062568] [my_drone_dds_wasd_control]: STATE arm=2 nav=14 NED=(0.004,-0.029,-0.179) vel=(-0.047,0.008,-0.069) yaw_deg=99.7 failsafe=False age_s=(0.42,0.00) arm_torque_nm=0.000 motors=[775.67,792.68,775.68,801.21,766.76,792.68,766.76,801.21][0m
[0m[INFO] [1786178846.044729375] [my_drone_dds_wasd_control]: STATE arm=2 nav=14 NED=(0.034,-0.112,-0.044) vel=(0.056,-0.212,0.208) yaw_deg=99.7 failsafe=False age_s=(0.46,0.02) arm_torque_nm=0.065 motors=[842.48,880.57,842.49,887.54,834.67,880.57,834.66,887.53][0m
[0m[INFO] [1786178847.090313412] [my_drone_dds_wasd_control]: STATE arm=2 nav=14 NED=(0.138,-0.534,0.043) vel=(0.089,-0.400,0.047) yaw_deg=98.8 failsafe=False age_s=(0.41,0.01) arm_torque_nm=0.000 motors=[853.56,871.09,853.68,877.53,837.50,871.20,837.38,877.41][0m
[0m[INFO] [1786178848.091963806] [my_drone_dds_wasd_control]: STATE arm=2 nav=14 NED=(0.172,-0.820,0.005) vel=(0.024,-0.167,0.027) yaw_deg=99.6 failsafe=False age_s=(0.40,0.01) arm_torque_nm=0.000 motors=[852.83,878.52,852.80,888.42,845.73,878.48,845.77,888.45][0m
[0m[INFO] [1786178849.141176224] [my_drone_dds_wasd_control]: STATE arm=2 nav=14 NED=(0.242,-1.023,-0.088) vel=(0.081,-0.232,-0.124) yaw_deg=100.1 failsafe=False age_s=(0.44,0.02) arm_torque_nm=0.000 motors=[837.09,870.03,837.01,881.75,831.63,869.95,831.70,881.83][0m
[0m[INFO] [1786178850.142862843] [my_drone_dds_wasd_control]: STATE arm=2 nav=14 NED=(0.358,-1.290,-0.376) vel=(0.069,-0.212,-0.073) yaw_deg=99.5 failsafe=False age_s=(0.43,0.02) arm_torque_nm=0.000 motors=[847.63,866.40,847.67,875.64,835.31,866.44,835.28,875.60][0m
[0m[INFO] [1786178851.138324665] [my_drone_dds_wasd_control]: STATE arm=2 nav=14 NED=(0.392,-1.395,-0.552) vel=(0.016,-0.041,-0.125) yaw_deg=99.6 failsafe=False age_s=(0.42,0.02) arm_torque_nm=0.000 motors=[832.32,860.46,832.34,867.85,823.71,860.47,823.70,867.84][0m
[0m[INFO] [1786178852.190040809] [my_drone_dds_wasd_control]: STATE arm=2 nav=14 NED=(0.485,-1.426,-0.704) vel=(0.074,-0.132,-0.294) yaw_deg=99.1 failsafe=False age_s=(0.46,0.00) arm_torque_nm=0.001 motors=[798.10,836.97,798.15,845.88,784.63,837.02,784.58,845.83][0m
[0m[INFO] [1786178853.237940035] [my_drone_dds_wasd_control]: STATE arm=2 nav=14 NED=(0.549,-1.641,-0.937) vel=(0.012,-0.202,-0.087) yaw_deg=99.7 failsafe=False age_s=(0.50,0.01) arm_torque_nm=0.000 motors=[828.19,843.40,828.14,855.23,820.73,843.35,820.78,855.28][0m
[0m[INFO] [1786178854.246123705] [my_drone_dds_wasd_control]: STATE arm=2 nav=14 NED=(0.523,-1.626,-0.877) vel=(-0.017,0.157,0.006) yaw_deg=100.1 failsafe=False age_s=(0.49,0.01) arm_torque_nm=0.000 motors=[844.48,871.59,844.42,880.95,840.27,871.53,840.34,881.01][0m
[0m[INFO] [1786178855.283195739] [my_drone_dds_wasd_control]: STATE arm=2 nav=14 NED=(0.577,-1.480,-0.837) vel=(0.046,0.020,-0.038) yaw_deg=99.2 failsafe=False age_s=(0.03,0.00) arm_torque_nm=0.000 motors=[840.17,872.68,840.26,880.99,825.28,872.76,825.21,880.91][0m
[0m[INFO] [1786178856.283256912] [my_drone_dds_wasd_control]: STATE arm=2 nav=14 NED=(0.574,-1.566,-0.747) vel=(-0.033,-0.036,0.005) yaw_deg=99.4 failsafe=False age_s=(0.02,0.00) arm_torque_nm=0.000 motors=[861.11,879.04,861.13,888.27,850.43,879.06,850.42,888.25][0m
[0m[INFO] [1786178857.283516715] [my_drone_dds_wasd_control]: STATE arm=2 nav=14 NED=(0.496,-1.486,-0.780) vel=(-0.037,0.151,-0.089) yaw_deg=99.6 failsafe=False age_s=(0.01,0.00) arm_torque_nm=0.000 motors=[838.91,869.60,838.89,877.08,833.66,869.57,833.69,877.10][0m
[0m[INFO] [1786178858.338213020] [my_drone_dds_wasd_control]: STATE arm=2 nav=14 NED=(0.485,-1.415,-0.873) vel=(0.006,-0.010,-0.072) yaw_deg=99.8 failsafe=False age_s=(0.06,0.01) arm_torque_nm=0.000 motors=[839.62,867.54,839.59,880.32,829.28,867.51,829.31,880.35][0m
DYNAMIC_HOVER_SENT_LAND
[33m[WARN] [1786178858.557754897] [my_drone_dds_wasd_control]: LAND requested; Offboard setpoint stream stopped[0m
[0m[INFO] [1786178858.574929286] [my_drone_dds_wasd_control]: PX4 command ack: command=21 result=0[0m
[0m[INFO] [1786178859.337163935] [my_drone_dds_wasd_control]: STATE arm=2 nav=18 NED=(0.453,-1.464,-0.405) vel=(-0.032,-0.049,1.948) yaw_deg=99.5 failsafe=False age_s=(0.33,0.01) arm_torque_nm=0.000 motors=[495.01,504.91,495.01,510.85,489.23,504.91,489.24,510.85][0m
[0m[INFO] [1786178860.388157112] [my_drone_dds_wasd_control]: STATE arm=2 nav=18 NED=(0.440,-1.431,-0.785) vel=(-0.004,0.059,-1.064) yaw_deg=99.6 failsafe=False age_s=(0.37,0.02) arm_torque_nm=0.012 motors=[496.70,502.83,496.69,509.16,491.31,502.81,491.33,509.17][0m
[0m[INFO] [1786178861.436852808] [my_drone_dds_wasd_control]: STATE arm=2 nav=18 NED=(0.447,-1.370,-0.800) vel=(0.029,-0.240,-0.494) yaw_deg=99.2 failsafe=False age_s=(0.41,0.01) arm_torque_nm=0.000 motors=[416.43,611.03,417.08,598.41,374.13,611.68,373.48,597.76][0m
[0m[INFO] [1786178862.495591939] [my_drone_dds_wasd_control]: STATE arm=2 nav=18 NED=(0.470,-1.409,-0.674) vel=(0.018,-0.052,-0.246) yaw_deg=96.2 failsafe=False age_s=(0.46,0.02) arm_torque_nm=0.000 motors=[433.95,572.20,434.09,573.86,419.99,572.35,419.85,573.71][0m
[0m[INFO] [1786178863.532209008] [my_drone_dds_wasd_control]: STATE arm=2 nav=18 NED=(0.458,-1.384,-0.519) vel=(-0.008,0.059,-0.139) yaw_deg=95.1 failsafe=False age_s=(0.50,0.01) arm_torque_nm=0.000 motors=[0.00,49.65,0.00,45.72,0.00,49.80,0.00,45.58][0m
[0m[INFO] [1786178864.584539845] [my_drone_dds_wasd_control]: STATE arm=2 nav=18 NED=(0.442,-1.365,-0.387) vel=(-0.017,0.065,-0.009) yaw_deg=94.6 failsafe=False age_s=(0.03,0.02) arm_torque_nm=0.000 motors=[0.00,71.53,0.00,67.69,0.00,71.68,0.00,67.54][0m
[0m[INFO] [1786178864.786560496] [my_drone_dds_wasd_control]: LANDING_DISARMED_CONFIRMED[0m
DDS_DYNAMIC_HOVER_METRICS {"failsafe_seen": false, "max_height_error_m": 1.152, "max_horizontal_error_m": 1.7241351455149911, "max_motor_output": 888.45, "max_state_step_m": 0.4094984737456296, "motor_saturation_fraction": 0.0, "offboard_samples": 30, "steady_hover_samples": 10, "steady_window_start_s": 20.0, "takeoff_transient_max_height_error_m": 1.283}
DDS_DYNAMIC_HOVER_PASS
