DDS WASD: T takeoff | W/S/A/D move | R/F up/down | Q/E yaw | L land | O exit Offboard | X twice emergency disarm | Z safe exit
[0m[INFO] [1786179001.333730748] [my_drone_dds_wasd_control]: NED target initialized: N=-0.028 E=-0.031 D=-0.006 yaw=99.8 deg[0m
[0m[INFO] [1786179001.349307712] [my_drone_dds_wasd_control]: local vertical target sign=-1 (target = current + sign * height)[0m
[0m[INFO] [1786179001.368647703] [my_drone_dds_wasd_control]: STATE arm=1 nav=4 NED=(-0.028,-0.031,-0.006) vel=(0.001,-0.003,0.001) yaw_deg=99.8 failsafe=False age_s=(0.11,0.11) arm_torque_nm=0.000 motors=[0.00,0.00,0.00,0.00,0.00,0.00,0.00,0.00][0m
[0m[INFO] [1786179002.405918839] [my_drone_dds_wasd_control]: STATE arm=1 nav=4 NED=(-0.012,-0.017,-0.024) vel=(0.008,0.002,-0.003) yaw_deg=99.8 failsafe=False age_s=(0.15,0.01) arm_torque_nm=0.000 motors=[0.00,0.00,0.00,0.00,0.00,0.00,0.00,0.00][0m
[0m[INFO] [1786179003.425783777] [my_drone_dds_wasd_control]: target NED=(-0.02, -0.00, -1.22) yaw=99.8 deg[0m
[0m[INFO] [1786179003.445639929] [my_drone_dds_wasd_control]: Prestreaming Offboard setpoints for 2 seconds[0m
[0m[INFO] [1786179003.465434160] [my_drone_dds_wasd_control]: STATE arm=1 nav=4 NED=(-0.021,-0.002,-0.017) vel=(-0.007,0.009,-0.002) yaw_deg=99.8 failsafe=False age_s=(0.21,0.05) arm_torque_nm=0.000 motors=[0.00,0.00,0.00,0.00,0.00,0.00,0.00,0.00][0m
[0m[INFO] [1786179004.508087655] [my_drone_dds_wasd_control]: STATE arm=1 nav=4 NED=(-0.039,-0.019,-0.027) vel=(-0.015,-0.004,-0.005) yaw_deg=99.8 failsafe=False age_s=(0.01,0.01) arm_torque_nm=0.000 motors=[0.00,0.00,0.00,0.00,0.00,0.00,0.00,0.00][0m
[0m[INFO] [1786179005.455503066] [my_drone_dds_wasd_control]: OFFBOARD mode and ARM commands sent[0m
[0m[INFO] [1786179005.472578743] [my_drone_dds_wasd_control]: PX4 command ack: command=400 result=0[0m
[0m[INFO] [1786179005.511930532] [my_drone_dds_wasd_control]: STATE arm=2 nav=14 NED=(-0.021,-0.030,-0.035) vel=(0.006,-0.007,-0.003) yaw_deg=99.8 failsafe=False age_s=(0.03,0.01) arm_torque_nm=0.000 motors=[1.57,0.45,1.57,0.43,1.55,0.45,1.55,0.43][0m
[0m[INFO] [1786179006.502805184] [my_drone_dds_wasd_control]: STATE arm=2 nav=14 NED=(-0.016,-0.026,-0.032) vel=(0.003,-0.002,0.001) yaw_deg=99.8 failsafe=False age_s=(0.03,0.01) arm_torque_nm=0.000 motors=[1.74,0.27,1.74,0.49,1.50,0.27,1.50,0.49][0m
[0m[INFO] [1786179007.556862197] [my_drone_dds_wasd_control]: STATE arm=2 nav=14 NED=(-0.036,-0.025,-0.028) vel=(-0.005,-0.002,-0.030) yaw_deg=99.8 failsafe=False age_s=(0.07,0.00) arm_torque_nm=0.000 motors=[756.77,778.58,756.77,787.33,748.19,778.58,748.20,787.33][0m
[0m[INFO] [1786179008.556646594] [my_drone_dds_wasd_control]: STATE arm=2 nav=14 NED=(0.009,-0.060,-0.070) vel=(0.082,-0.070,-0.033) yaw_deg=99.9 failsafe=False age_s=(0.07,0.00) arm_torque_nm=0.000 motors=[760.69,785.88,760.68,793.11,754.00,785.87,754.01,793.12][0m
[0m[INFO] [1786179009.554283095] [my_drone_dds_wasd_control]: STATE arm=2 nav=14 NED=(0.012,-0.050,-0.050) vel=(0.054,-0.017,0.010) yaw_deg=99.9 failsafe=False age_s=(0.06,0.00) arm_torque_nm=0.001 motors=[778.29,802.14,778.29,810.04,770.99,802.14,770.99,810.04][0m
[0m[INFO] [1786179013.203753540] [my_drone_dds_wasd_control]: STATE arm=2 nav=14 NED=(-0.017,-0.009,-0.031) vel=(0.022,0.018,0.008) yaw_deg=100.2 failsafe=False age_s=(0.08,0.02) arm_torque_nm=0.000 motors=[787.67,817.72,787.60,827.80,783.60,817.64,783.67,827.87][0m
[0m[INFO] [1786179014.264594470] [my_drone_dds_wasd_control]: STATE arm=2 nav=14 NED=(-0.028,0.004,-0.013) vel=(0.025,0.055,0.042) yaw_deg=99.9 failsafe=False age_s=(0.03,0.01) arm_torque_nm=0.050 motors=[813.71,835.45,813.69,845.14,805.93,835.42,805.95,845.16][0m
[0m[INFO] [1786179015.311360846] [my_drone_dds_wasd_control]: STATE arm=2 nav=14 NED=(-0.045,-0.041,0.127) vel=(-0.014,-0.089,0.130) yaw_deg=99.8 failsafe=False age_s=(0.07,0.02) arm_torque_nm=0.000 motors=[851.95,883.40,851.96,892.71,841.27,883.41,841.25,892.70][0m
[0m[INFO] [1786179016.358731714] [my_drone_dds_wasd_control]: STATE arm=2 nav=14 NED=(-0.058,-0.260,0.164) vel=(-0.000,-0.165,-0.029) yaw_deg=99.6 failsafe=False age_s=(0.11,0.01) arm_torque_nm=0.000 motors=[862.32,879.85,862.35,887.76,851.85,879.88,851.83,887.73][0m
[0m[INFO] [1786179017.408206199] [my_drone_dds_wasd_control]: STATE arm=2 nav=14 NED=(-0.018,-0.379,0.105) vel=(0.026,-0.031,-0.149) yaw_deg=100.0 failsafe=False age_s=(0.16,0.02) arm_torque_nm=0.000 motors=[833.04,858.51,833.02,869.47,824.70,858.48,824.73,869.50][0m
[0m[INFO] [1786179018.404177572] [my_drone_dds_wasd_control]: STATE arm=2 nav=14 NED=(0.037,-0.444,0.024) vel=(0.029,-0.086,-0.048) yaw_deg=99.2 failsafe=False age_s=(0.15,0.02) arm_torque_nm=0.000 motors=[854.83,883.81,854.91,890.76,841.79,883.89,841.72,890.69][0m
[0m[INFO] [1786179019.452776559] [my_drone_dds_wasd_control]: STATE arm=2 nav=14 NED=(0.084,-0.541,-0.040) vel=(0.026,-0.055,-0.113) yaw_deg=99.7 failsafe=False age_s=(0.19,0.01) arm_torque_nm=0.000 motors=[851.44,874.78,851.42,884.27,843.66,874.76,843.68,884.28][0m
[0m[INFO] [1786179020.506948324] [my_drone_dds_wasd_control]: STATE arm=2 nav=14 NED=(0.120,-0.496,-0.259) vel=(0.026,0.056,-0.138) yaw_deg=99.8 failsafe=False age_s=(0.23,0.02) arm_torque_nm=0.000 motors=[840.16,867.52,840.14,877.56,831.65,867.50,831.67,877.58][0m
[0m[INFO] [1786179021.505417473] [my_drone_dds_wasd_control]: STATE arm=2 nav=14 NED=(0.153,-0.467,-0.448) vel=(0.017,-0.016,-0.114) yaw_deg=99.7 failsafe=False age_s=(0.22,0.02) arm_torque_nm=0.000 motors=[840.22,868.05,840.23,877.64,830.10,868.05,830.09,877.63][0m
[0m[INFO] [1786179022.559452827] [my_drone_dds_wasd_control]: STATE arm=2 nav=14 NED=(0.154,-0.524,-0.671) vel=(-0.002,-0.008,-0.121) yaw_deg=100.1 failsafe=False age_s=(0.26,0.01) arm_torque_nm=0.000 motors=[832.85,856.49,832.81,866.48,826.21,856.45,826.25,866.52][0m
[0m[INFO] [1786179023.571204785] [my_drone_dds_wasd_control]: STATE arm=2 nav=14 NED=(0.180,-0.471,-0.802) vel=(0.015,0.064,-0.037) yaw_deg=100.0 failsafe=False age_s=(0.26,0.01) arm_torque_nm=0.000 motors=[843.01,869.86,843.01,879.63,833.76,869.85,833.77,879.63][0m
[0m[INFO] [1786179024.606470457] [my_drone_dds_wasd_control]: STATE arm=2 nav=14 NED=(0.201,-0.415,-0.892) vel=(-0.006,0.006,-0.039) yaw_deg=99.6 failsafe=False age_s=(0.30,0.02) arm_torque_nm=0.000 motors=[842.37,868.59,842.41,877.36,830.23,868.63,830.19,877.32][0m
[0m[INFO] [1786179025.605257417] [my_drone_dds_wasd_control]: STATE arm=2 nav=14 NED=(0.147,-0.413,-0.975) vel=(-0.039,0.016,-0.047) yaw_deg=99.6 failsafe=False age_s=(0.29,0.02) arm_torque_nm=0.000 motors=[839.46,864.35,839.49,871.71,830.19,864.37,830.17,871.69][0m
[0m[INFO] [1786179026.654724170] [my_drone_dds_wasd_control]: STATE arm=2 nav=14 NED=(0.129,-0.364,-1.035) vel=(0.001,0.049,-0.038) yaw_deg=99.9 failsafe=False age_s=(0.33,0.01) arm_torque_nm=0.000 motors=[836.77,864.18,836.74,874.33,829.26,864.14,829.29,874.36][0m
[0m[INFO] [1786179027.658670010] [my_drone_dds_wasd_control]: STATE arm=2 nav=14 NED=(0.112,-0.307,-1.066) vel=(-0.021,0.019,-0.039) yaw_deg=100.1 failsafe=False age_s=(0.33,0.01) arm_torque_nm=0.000 motors=[838.07,862.71,838.04,874.79,828.73,862.68,828.77,874.82][0m
[0m[INFO] [1786179028.704846226] [my_drone_dds_wasd_control]: STATE arm=2 nav=14 NED=(0.069,-0.273,-1.094) vel=(-0.029,0.024,-0.036) yaw_deg=99.8 failsafe=False age_s=(0.37,0.02) arm_torque_nm=0.000 motors=[836.75,862.99,836.77,870.26,827.75,863.01,827.73,870.23][0m
[0m[INFO] [1786179029.752466641] [my_drone_dds_wasd_control]: STATE arm=2 nav=14 NED=(0.034,-0.234,-1.078) vel=(-0.014,0.031,0.002) yaw_deg=99.7 failsafe=False age_s=(0.41,0.01) arm_torque_nm=0.000 motors=[844.85,871.45,844.87,880.02,834.42,871.47,834.40,880.00][0m
[0m[INFO] [1786179030.807569960] [my_drone_dds_wasd_control]: STATE arm=2 nav=14 NED=(0.033,-0.239,-1.039) vel=(-0.010,-0.007,-0.002) yaw_deg=99.8 failsafe=False age_s=(0.45,0.02) arm_torque_nm=0.000 motors=[847.03,873.66,847.03,883.30,837.49,873.65,837.49,883.30][0m
[0m[INFO] [1786179031.816655470] [my_drone_dds_wasd_control]: STATE arm=2 nav=14 NED=(0.013,-0.276,-1.063) vel=(-0.016,-0.006,-0.062) yaw_deg=99.8 failsafe=False age_s=(0.44,0.02) arm_torque_nm=0.000 motors=[835.94,861.60,835.93,870.44,827.94,861.59,827.95,870.45][0m
[0m[INFO] [1786179032.861801175] [my_drone_dds_wasd_control]: STATE arm=2 nav=14 NED=(0.012,-0.299,-1.084) vel=(0.006,0.001,-0.059) yaw_deg=99.9 failsafe=False age_s=(0.49,0.01) arm_torque_nm=0.000 motors=[834.27,860.93,834.26,870.17,825.88,860.92,825.89,870.18][0m
[0m[INFO] [1786179033.908417120] [my_drone_dds_wasd_control]: STATE arm=2 nav=14 NED=(0.031,-0.285,-1.066) vel=(0.001,0.005,-0.021) yaw_deg=99.8 failsafe=False age_s=(0.02,0.02) arm_torque_nm=0.000 motors=[842.23,867.60,842.23,877.60,831.85,867.60,831.84,877.60][0m
[0m[INFO] [1786179034.958683619] [my_drone_dds_wasd_control]: STATE arm=2 nav=14 NED=(0.039,-0.280,-1.038) vel=(0.002,0.012,-0.035) yaw_deg=99.8 failsafe=False age_s=(0.07,0.01) arm_torque_nm=0.000 motors=[838.41,864.68,838.42,872.71,829.68,864.68,829.68,872.70][0m
[0m[INFO] [1786179035.963650600] [my_drone_dds_wasd_control]: STATE arm=2 nav=14 NED=(0.069,-0.249,-0.930) vel=(0.016,0.028,-0.006) yaw_deg=99.8 failsafe=False age_s=(0.06,0.01) arm_torque_nm=0.000 motors=[849.06,875.77,849.07,885.05,839.73,875.77,839.73,885.05][0m
[0m[INFO] [1786179037.006285564] [my_drone_dds_wasd_control]: STATE arm=2 nav=14 NED=(0.065,-0.223,-0.892) vel=(-0.010,0.010,-0.014) yaw_deg=99.9 failsafe=False age_s=(0.10,0.02) arm_torque_nm=0.000 motors=[847.07,873.50,847.07,883.37,837.84,873.49,837.85,883.38][0m
[0m[INFO] [1786179038.055081463] [my_drone_dds_wasd_control]: STATE arm=2 nav=14 NED=(0.054,-0.184,-0.911) vel=(-0.009,0.028,-0.060) yaw_deg=99.8 failsafe=False age_s=(0.14,0.01) arm_torque_nm=0.000 motors=[843.28,869.41,843.29,877.84,834.60,869.42,834.60,877.83][0m
[0m[INFO] [1786179039.053987458] [my_drone_dds_wasd_control]: STATE arm=2 nav=14 NED=(0.056,-0.147,-0.990) vel=(0.006,0.020,-0.077) yaw_deg=99.8 failsafe=False age_s=(0.13,0.01) arm_torque_nm=0.000 motors=[837.35,863.41,837.36,872.63,828.01,863.41,828.01,872.62][0m
[0m[INFO] [1786179040.054829470] [my_drone_dds_wasd_control]: STATE arm=2 nav=14 NED=(0.055,-0.116,-1.077) vel=(-0.009,0.013,-0.041) yaw_deg=99.8 failsafe=False age_s=(0.13,0.01) arm_torque_nm=0.000 motors=[838.95,864.35,838.95,873.93,829.65,864.35,829.65,873.94][0m
[0m[INFO] [1786179041.110555681] [my_drone_dds_wasd_control]: STATE arm=2 nav=14 NED=(0.026,-0.108,-1.095) vel=(-0.019,0.003,-0.006) yaw_deg=99.8 failsafe=False age_s=(0.17,0.02) arm_torque_nm=0.000 motors=[844.26,870.95,844.26,880.08,835.14,870.95,835.14,880.08][0m
[0m[INFO] [1786179042.114316133] [my_drone_dds_wasd_control]: STATE arm=2 nav=14 NED=(0.007,-0.107,-1.121) vel=(-0.006,-0.001,-0.026) yaw_deg=99.8 failsafe=False age_s=(0.16,0.02) arm_torque_nm=0.000 motors=[840.53,866.85,840.54,875.87,831.29,866.85,831.29,875.86][0m
[0m[INFO] [1786179043.153997433] [my_drone_dds_wasd_control]: STATE arm=2 nav=14 NED=(-0.001,-0.096,-1.140) vel=(-0.007,0.006,0.023) yaw_deg=99.8 failsafe=False age_s=(0.20,0.01) arm_torque_nm=0.000 motors=[846.94,872.70,846.94,882.31,837.40,872.70,837.41,882.31][0m
[0m[INFO] [1786179044.154785482] [my_drone_dds_wasd_control]: STATE arm=2 nav=14 NED=(0.001,-0.098,-1.127) vel=(-0.001,-0.003,-0.090) yaw_deg=99.8 failsafe=False age_s=(0.19,0.01) arm_torque_nm=0.000 motors=[827.61,853.86,827.61,862.63,818.84,853.85,818.84,862.62][0m
[0m[INFO] [1786179047.912572228] [my_drone_dds_wasd_control]: STATE arm=2 nav=14 NED=(0.025,-0.091,-1.093) vel=(0.006,0.007,-0.013) yaw_deg=99.8 failsafe=False age_s=(0.23,0.02) arm_torque_nm=0.000 motors=[843.10,868.61,843.10,878.13,833.62,868.60,833.62,878.13][0m
[0m[INFO] [1786179048.963500625] [my_drone_dds_wasd_control]: STATE arm=2 nav=14 NED=(0.023,-0.096,-1.090) vel=(-0.007,-0.005,0.044) yaw_deg=99.9 failsafe=False age_s=(0.28,0.01) arm_torque_nm=0.000 motors=[848.63,875.56,848.63,885.04,839.25,875.55,839.25,885.04][0m
[0m[INFO] [1786179050.006722163] [my_drone_dds_wasd_control]: STATE arm=2 nav=14 NED=(0.031,-0.108,-0.954) vel=(0.005,-0.005,0.088) yaw_deg=99.8 failsafe=False age_s=(0.32,0.02) arm_torque_nm=0.000 motors=[861.91,888.42,861.91,897.51,852.62,888.42,852.62,897.50][0m
DYNAMIC_HOVER_SENT_LAND
[33m[WARN] [1786179050.828402971] [my_drone_dds_wasd_control]: LAND requested; Offboard setpoint stream stopped[0m
[0m[INFO] [1786179050.845858612] [my_drone_dds_wasd_control]: PX4 command ack: command=21 result=0[0m
[0m[INFO] [1786179051.052842688] [my_drone_dds_wasd_control]: STATE arm=2 nav=18 NED=(0.024,-0.090,-0.789) vel=(-0.004,0.013,0.460) yaw_deg=99.8 failsafe=False age_s=(0.16,0.01) arm_torque_nm=0.058 motors=[492.69,507.36,492.69,513.12,486.83,507.36,486.83,513.12][0m
[0m[INFO] [1786179052.104192794] [my_drone_dds_wasd_control]: STATE arm=2 nav=18 NED=(0.021,-0.066,0.327) vel=(-0.004,0.044,1.002) yaw_deg=99.8 failsafe=False age_s=(0.34,0.02) arm_torque_nm=0.033 motors=[492.75,507.37,492.75,512.96,486.92,507.37,486.92,512.95][0m
[0m[INFO] [1786179053.103411919] [my_drone_dds_wasd_control]: STATE arm=2 nav=18 NED=(0.013,-0.068,0.488) vel=(-0.011,0.015,0.597) yaw_deg=99.9 failsafe=False age_s=(0.34,0.02) arm_torque_nm=0.000 motors=[492.32,507.74,492.32,513.55,486.39,507.74,486.39,513.55][0m
[0m[INFO] [1786179054.155328386] [my_drone_dds_wasd_control]: STATE arm=2 nav=18 NED=(0.010,-0.096,0.452) vel=(-0.012,-0.014,0.347) yaw_deg=99.8 failsafe=False age_s=(0.38,0.01) arm_torque_nm=0.000 motors=[493.22,506.92,493.22,513.07,486.79,506.92,486.79,513.07][0m
[0m[INFO] [1786179055.209748986] [my_drone_dds_wasd_control]: STATE arm=2 nav=18 NED=(0.016,-0.095,0.415) vel=(-0.005,-0.007,0.234) yaw_deg=99.8 failsafe=False age_s=(0.42,0.02) arm_torque_nm=0.000 motors=[1.98,0.10,1.99,0.72,1.20,0.10,1.20,0.72][0m
[0m[INFO] [1786179056.213077803] [my_drone_dds_wasd_control]: STATE arm=1 nav=14 NED=(0.033,-0.092,0.348) vel=(0.008,-0.010,0.134) yaw_deg=99.9 failsafe=False age_s=(0.00,0.02) arm_torque_nm=0.000 motors=[1.75,0.40,1.76,0.84,1.01,0.40,1.01,0.83][0m
[0m[INFO] [1786179056.240426950] [my_drone_dds_wasd_control]: LANDING_DISARMED_CONFIRMED[0m
DDS_DYNAMIC_HOVER_FAIL missing=[] report={'offboard_samples': 40, 'steady_hover_samples': 9, 'steady_window_start_s': 30.0, 'max_horizontal_error_m': 0.1654841382127, 'max_height_error_m': 0.266, 'takeoff_transient_max_height_error_m': 1.568, 'max_state_step_m': 0.1367625679782302, 'max_motor_output': 897.51, 'motor_saturation_fraction': 0.0, 'failsafe_seen': False}
DDS_DYNAMIC_HOVER_METRICS {"failsafe_seen": false, "max_height_error_m": 0.266, "max_horizontal_error_m": 0.1654841382127, "max_motor_output": 897.51, "max_state_step_m": 0.1367625679782302, "motor_saturation_fraction": 0.0, "offboard_samples": 40, "steady_hover_samples": 9, "steady_window_start_s": 30.0, "takeoff_transient_max_height_error_m": 1.568}
