DDS WASD: T takeoff | W/S/A/D move | R/F up/down | Q/E yaw | L land | O exit Offboard | X twice emergency disarm | Z safe exit
[0m[INFO] [1786178530.902103517] [my_drone_dds_wasd_control]: NED target initialized: N=-0.045 E=0.004 D=0.018 yaw=99.9 deg[0m
[0m[INFO] [1786178530.921519652] [my_drone_dds_wasd_control]: local vertical target sign=-1 (target = current + sign * height)[0m
[0m[INFO] [1786178531.017291900] [my_drone_dds_wasd_control]: STATE arm=1 nav=4 NED=(-0.049,0.001,0.017) vel=(-0.011,0.003,0.004) yaw_deg=99.9 failsafe=False age_s=(0.00,0.01) arm_torque_nm=0.000 motors=[0.00,0.00,0.00,0.00,0.00,0.00,0.00,0.00][0m
[0m[INFO] [1786178532.076456963] [my_drone_dds_wasd_control]: STATE arm=1 nav=4 NED=(-0.024,-0.016,0.017) vel=(0.007,-0.009,0.003) yaw_deg=99.9 failsafe=False age_s=(0.04,0.02) arm_torque_nm=0.000 motors=[0.00,0.00,0.00,0.00,0.00,0.00,0.00,0.00][0m
[0m[INFO] [1786178533.068334267] [my_drone_dds_wasd_control]: STATE arm=1 nav=4 NED=(-0.032,0.004,-0.003) vel=(-0.002,0.004,-0.002) yaw_deg=99.9 failsafe=False age_s=(0.03,0.02) arm_torque_nm=0.000 motors=[0.00,0.00,0.00,0.00,0.00,0.00,0.00,0.00][0m
[0m[INFO] [1786178533.094824074] [my_drone_dds_wasd_control]: target NED=(-0.03, 0.00, -1.20) yaw=99.9 deg[0m
[0m[INFO] [1786178533.119124023] [my_drone_dds_wasd_control]: Prestreaming Offboard setpoints for 2 seconds[0m
[0m[INFO] [1786178534.070234812] [my_drone_dds_wasd_control]: STATE arm=1 nav=4 NED=(-0.042,0.011,-0.021) vel=(-0.005,0.008,-0.008) yaw_deg=99.9 failsafe=False age_s=(0.41,0.02) arm_torque_nm=0.000 motors=[0.00,0.00,0.00,0.00,0.00,0.00,0.00,0.00][0m
[0m[INFO] [1786178535.127714977] [my_drone_dds_wasd_control]: STATE arm=1 nav=4 NED=(-0.025,0.018,-0.019) vel=(0.005,0.010,-0.006) yaw_deg=99.9 failsafe=False age_s=(0.45,0.01) arm_torque_nm=0.000 motors=[0.00,0.00,0.00,0.00,0.00,0.00,0.00,0.00][0m
[0m[INFO] [1786178535.171404985] [my_drone_dds_wasd_control]: OFFBOARD mode and ARM commands sent[0m
[0m[INFO] [1786178535.193556657] [my_drone_dds_wasd_control]: PX4 command ack: command=400 result=0[0m
[0m[INFO] [1786178536.163683613] [my_drone_dds_wasd_control]: STATE arm=2 nav=14 NED=(-0.028,0.001,-0.023) vel=(0.005,-0.003,-0.006) yaw_deg=99.9 failsafe=False age_s=(0.48,0.02) arm_torque_nm=0.000 motors=[1.75,0.28,1.75,0.52,1.46,0.28,1.46,0.51][0m
[0m[INFO] [1786178537.219411501] [my_drone_dds_wasd_control]: STATE arm=2 nav=14 NED=(-0.023,-0.014,-0.006) vel=(0.010,-0.005,0.040) yaw_deg=99.9 failsafe=False age_s=(0.02,0.01) arm_torque_nm=0.052 motors=[768.00,791.27,768.00,799.31,759.70,791.27,759.70,799.30][0m
[0m[INFO] [1786178538.262832406] [my_drone_dds_wasd_control]: STATE arm=2 nav=14 NED=(-0.019,-0.015,0.003) vel=(0.016,-0.031,0.038) yaw_deg=99.9 failsafe=False age_s=(0.06,0.02) arm_torque_nm=0.053 motors=[781.44,811.77,781.47,814.97,775.95,811.80,775.92,814.94][0m
[0m[INFO] [1786178539.313625134] [my_drone_dds_wasd_control]: STATE arm=2 nav=14 NED=(-0.032,-0.012,-0.002) vel=(0.008,-0.012,0.084) yaw_deg=99.9 failsafe=False age_s=(0.10,0.01) arm_torque_nm=0.000 motors=[806.99,829.99,806.99,837.92,798.46,830.00,798.46,837.92][0m
[0m[INFO] [1786178540.313327434] [my_drone_dds_wasd_control]: STATE arm=2 nav=14 NED=(-0.016,-0.016,0.013) vel=(0.014,-0.023,0.083) yaw_deg=99.9 failsafe=False age_s=(0.00,0.01) arm_torque_nm=0.001 motors=[819.06,845.72,819.06,854.76,809.96,845.72,809.96,854.75][0m
[0m[INFO] [1786178541.370683357] [my_drone_dds_wasd_control]: STATE arm=2 nav=14 NED=(0.003,-0.089,0.140) vel=(0.015,-0.088,0.139) yaw_deg=99.8 failsafe=False age_s=(0.04,0.00) arm_torque_nm=0.000 motors=[856.52,882.94,856.53,892.38,846.03,882.95,846.02,892.36][0m
[0m[INFO] [1786178542.415735616] [my_drone_dds_wasd_control]: STATE arm=2 nav=14 NED=(-0.018,-0.174,0.202) vel=(-0.004,-0.052,0.062) yaw_deg=99.7 failsafe=False age_s=(0.04,0.00) arm_torque_nm=0.000 motors=[861.13,886.56,861.14,895.12,851.49,886.57,851.48,895.10][0m
[0m[INFO] [1786178543.420857901] [my_drone_dds_wasd_control]: STATE arm=2 nav=14 NED=(-0.012,-0.197,0.168) vel=(0.023,-0.024,-0.077) yaw_deg=100.0 failsafe=False age_s=(0.08,0.01) arm_torque_nm=0.000 motors=[848.01,876.29,848.00,886.02,839.88,876.26,839.90,886.04][0m
[0m[INFO] [1786178544.466015421] [my_drone_dds_wasd_control]: STATE arm=2 nav=14 NED=(0.022,-0.277,0.010) vel=(0.026,-0.077,-0.068) yaw_deg=99.8 failsafe=False age_s=(0.12,0.00) arm_torque_nm=0.000 motors=[844.43,869.92,844.44,879.53,834.10,869.92,834.10,879.52][0m
[0m[INFO] [1786178545.471886135] [my_drone_dds_wasd_control]: STATE arm=2 nav=14 NED=(0.061,-0.334,-0.103) vel=(0.019,-0.017,-0.145) yaw_deg=100.0 failsafe=False age_s=(0.11,0.00) arm_torque_nm=0.000 motors=[838.22,862.63,838.21,871.86,829.85,862.62,829.86,871.87][0m
[0m[INFO] [1786178546.472471650] [my_drone_dds_wasd_control]: STATE arm=2 nav=14 NED=(0.076,-0.331,-0.211) vel=(0.019,0.001,-0.131) yaw_deg=100.0 failsafe=False age_s=(0.10,0.00) arm_torque_nm=0.000 motors=[836.32,864.40,836.31,874.12,827.54,864.39,827.55,874.13][0m
[0m[INFO] [1786178547.512271957] [my_drone_dds_wasd_control]: STATE arm=2 nav=14 NED=(0.093,-0.359,-0.259) vel=(0.007,-0.037,-0.133) yaw_deg=99.8 failsafe=False age_s=(0.14,0.01) arm_torque_nm=0.000 motors=[838.38,863.18,838.40,872.28,827.79,863.20,827.78,872.26][0m
[0m[INFO] [1786178548.512801161] [my_drone_dds_wasd_control]: STATE arm=2 nav=14 NED=(0.070,-0.373,-0.263) vel=(-0.012,0.012,-0.051) yaw_deg=99.9 failsafe=False age_s=(0.14,0.01) arm_torque_nm=0.000 motors=[852.47,878.03,852.48,886.84,843.52,878.03,843.51,886.84][0m
[0m[INFO] [1786178549.573903955] [my_drone_dds_wasd_control]: STATE arm=2 nav=14 NED=(0.082,-0.373,-0.237) vel=(0.019,-0.003,0.085) yaw_deg=99.9 failsafe=False age_s=(0.18,0.00) arm_torque_nm=0.000 motors=[862.30,890.95,862.30,900.73,853.04,890.94,853.04,900.74][0m
[0m[INFO] [1786178550.617667353] [my_drone_dds_wasd_control]: STATE arm=2 nav=14 NED=(0.105,-0.422,-0.100) vel=(0.006,-0.030,-0.006) yaw_deg=99.9 failsafe=False age_s=(0.22,0.01) arm_torque_nm=0.000 motors=[875.29,901.46,875.28,911.82,865.49,901.45,865.49,911.82][0m
[0m[INFO] [1786178554.262208809] [my_drone_dds_wasd_control]: STATE arm=2 nav=14 NED=(0.085,-0.432,-0.249) vel=(-0.014,0.024,-0.201) yaw_deg=99.9 failsafe=False age_s=(0.21,0.01) arm_torque_nm=0.000 motors=[841.57,867.37,841.58,876.20,832.71,867.37,832.71,876.20][0m
[0m[INFO] [1786178555.266508909] [my_drone_dds_wasd_control]: STATE arm=2 nav=14 NED=(0.098,-0.388,-0.478) vel=(0.022,0.021,-0.185) yaw_deg=99.8 failsafe=False age_s=(0.21,0.02) arm_torque_nm=0.000 motors=[827.50,856.27,827.51,864.22,818.69,856.28,818.68,864.21][0m
[0m[INFO] [1786178556.266519896] [my_drone_dds_wasd_control]: STATE arm=2 nav=14 NED=(0.133,-0.423,-0.590) vel=(0.010,-0.028,-0.124) yaw_deg=99.9 failsafe=False age_s=(0.20,0.02) arm_torque_nm=0.000 motors=[830.84,855.92,830.85,865.51,820.79,855.92,820.79,865.50][0m
[0m[INFO] [1786178557.316977753] [my_drone_dds_wasd_control]: STATE arm=2 nav=14 NED=(0.093,-0.418,-0.497) vel=(-0.030,0.027,-0.081) yaw_deg=99.9 failsafe=False age_s=(0.24,0.01) arm_torque_nm=0.000 motors=[841.53,867.68,841.53,876.08,833.12,867.68,833.12,876.08][0m
[0m[INFO] [1786178558.372936069] [my_drone_dds_wasd_control]: STATE arm=2 nav=14 NED=(0.074,-0.395,-0.433) vel=(0.006,0.010,-0.081) yaw_deg=100.0 failsafe=False age_s=(0.28,0.02) arm_torque_nm=0.000 motors=[839.13,867.36,839.11,877.13,831.08,867.34,831.10,877.15][0m
[0m[INFO] [1786178559.427641802] [my_drone_dds_wasd_control]: STATE arm=2 nav=14 NED=(0.083,-0.455,-0.156) vel=(0.001,-0.043,-0.081) yaw_deg=99.8 failsafe=False age_s=(0.33,0.01) arm_torque_nm=0.000 motors=[853.82,881.68,853.83,892.53,842.07,881.69,842.06,892.52][0m
[0m[INFO] [1786178560.471614214] [my_drone_dds_wasd_control]: STATE arm=2 nav=14 NED=(0.053,-0.516,-0.103) vel=(-0.027,-0.044,-0.172) yaw_deg=99.9 failsafe=False age_s=(0.37,0.02) arm_torque_nm=0.000 motors=[847.72,874.17,847.70,883.08,840.04,874.15,840.05,883.10][0m
[0m[INFO] [1786178561.518563918] [my_drone_dds_wasd_control]: STATE arm=2 nav=14 NED=(0.031,-0.451,-0.209) vel=(0.009,0.078,-0.129) yaw_deg=100.0 failsafe=False age_s=(0.41,0.01) arm_torque_nm=0.000 motors=[848.39,874.53,848.37,883.42,840.82,874.51,840.84,883.43][0m
[0m[INFO] [1786178562.512578657] [my_drone_dds_wasd_control]: STATE arm=2 nav=14 NED=(0.083,-0.371,-0.282) vel=(0.034,0.039,-0.192) yaw_deg=99.6 failsafe=False age_s=(0.40,0.01) arm_torque_nm=0.000 motors=[833.59,861.62,833.63,870.43,821.21,861.66,821.17,870.39][0m
[0m[INFO] [1786178563.559970512] [my_drone_dds_wasd_control]: STATE arm=2 nav=14 NED=(0.110,-0.431,-0.300) vel=(-0.006,-0.042,-0.116) yaw_deg=99.7 failsafe=False age_s=(0.44,0.02) arm_torque_nm=0.000 motors=[848.87,873.20,848.89,882.40,838.78,873.21,838.77,882.39][0m
[0m[INFO] [1786178564.611942176] [my_drone_dds_wasd_control]: STATE arm=2 nav=14 NED=(0.098,-0.458,-0.380) vel=(0.009,0.042,-0.115) yaw_deg=100.2 failsafe=False age_s=(0.49,0.01) arm_torque_nm=0.000 motors=[846.51,873.17,846.47,883.00,840.76,873.12,840.80,883.05][0m
[0m[INFO] [1786178565.612779885] [my_drone_dds_wasd_control]: STATE arm=2 nav=14 NED=(0.103,-0.398,-0.564) vel=(0.016,0.026,-0.171) yaw_deg=100.2 failsafe=False age_s=(0.48,0.01) arm_torque_nm=0.000 motors=[829.65,856.41,829.63,868.37,819.56,856.38,819.59,868.39][0m
[0m[INFO] [1786178566.677934360] [my_drone_dds_wasd_control]: STATE arm=2 nav=14 NED=(0.108,-0.447,-0.724) vel=(-0.012,-0.045,-0.129) yaw_deg=99.7 failsafe=False age_s=(0.02,0.02) arm_torque_nm=0.000 motors=[831.84,855.40,831.88,863.05,820.68,855.44,820.64,863.00][0m
[0m[INFO] [1786178567.675011549] [my_drone_dds_wasd_control]: STATE arm=2 nav=14 NED=(0.085,-0.415,-0.765) vel=(-0.009,0.061,-0.019) yaw_deg=99.6 failsafe=False age_s=(0.01,0.02) arm_torque_nm=0.000 motors=[849.83,875.45,849.86,882.39,840.41,875.48,840.38,882.36][0m
DYNAMIC_HOVER_SENT_LAND
[33m[WARN] [1786178567.906021402] [my_drone_dds_wasd_control]: LAND requested; Offboard setpoint stream stopped[0m
[0m[INFO] [1786178567.940158516] [my_drone_dds_wasd_control]: PX4 command ack: command=21 result=0[0m
[0m[INFO] [1786178568.678435759] [my_drone_dds_wasd_control]: STATE arm=2 nav=18 NED=(0.084,-0.355,-0.163) vel=(0.012,0.043,2.033) yaw_deg=99.8 failsafe=False age_s=(0.48,0.01) arm_torque_nm=0.000 motors=[490.87,508.03,490.85,514.76,486.34,508.00,486.36,514.79][0m
[0m[INFO] [1786178569.668241813] [my_drone_dds_wasd_control]: STATE arm=2 nav=18 NED=(0.084,-0.349,0.678) vel=(0.005,0.011,0.946) yaw_deg=99.7 failsafe=False age_s=(0.30,0.01) arm_torque_nm=0.011 motors=[490.91,508.70,490.90,514.80,485.59,508.69,485.60,514.81][0m
[0m[INFO] [1786178570.737376409] [my_drone_dds_wasd_control]: STATE arm=2 nav=18 NED=(0.090,-0.412,0.659) vel=(0.007,-0.054,0.587) yaw_deg=99.9 failsafe=False age_s=(0.35,0.02) arm_torque_nm=0.000 motors=[488.14,511.89,488.14,517.66,482.31,511.89,482.31,517.66][0m
[0m[INFO] [1786178571.724503249] [my_drone_dds_wasd_control]: STATE arm=2 nav=18 NED=(0.064,-0.437,0.589) vel=(-0.017,0.003,0.384) yaw_deg=99.8 failsafe=False age_s=(0.34,0.02) arm_torque_nm=0.000 motors=[0.84,1.19,0.85,1.71,0.26,1.19,0.25,1.71][0m
[0m[INFO] [1786178572.769091453] [my_drone_dds_wasd_control]: STATE arm=2 nav=18 NED=(0.053,-0.438,0.492) vel=(-0.017,-0.011,0.222) yaw_deg=99.7 failsafe=False age_s=(0.38,0.01) arm_torque_nm=0.000 motors=[1.00,0.94,0.99,1.54,0.53,0.93,0.53,1.54][0m
[0m[INFO] [1786178573.319521754] [my_drone_dds_wasd_control]: LANDING_DISARMED_CONFIRMED[0m
DDS_DYNAMIC_HOVER_METRICS {"failsafe_seen": false, "max_height_error_m": 1.097, "max_horizontal_error_m": 0.5226327582538239, "max_motor_output": 911.82, "max_state_step_m": 0.2835665706672774, "motor_saturation_fraction": 0.0, "offboard_samples": 29, "steady_hover_samples": 10, "steady_window_start_s": 20.0, "takeoff_transient_max_height_error_m": 1.402}
DDS_DYNAMIC_HOVER_PASS
