DDS WASD: T takeoff | W/S/A/D move | R/F up/down | Q/E yaw | L land | O exit Offboard | X twice emergency disarm | Z safe exit
[0m[INFO] [1786177717.296378032] [my_drone_dds_wasd_control]: NED target initialized: N=0.017 E=-0.006 D=0.001 yaw=100.0 deg[0m
[0m[INFO] [1786177717.313883736] [my_drone_dds_wasd_control]: local vertical target sign=-1 (target = current + sign * height)[0m
[0m[INFO] [1786177717.600552210] [my_drone_dds_wasd_control]: STATE arm=1 nav=4 NED=(0.023,-0.004,0.002) vel=(0.009,0.002,0.002) yaw_deg=100.0 failsafe=False age_s=(0.00,0.01) arm_torque_nm=0.000 motors=[0.00,0.00,0.00,0.00,0.00,0.00,0.00,0.00][0m
[0m[INFO] [1786177718.603693300] [my_drone_dds_wasd_control]: STATE arm=1 nav=4 NED=(0.002,-0.006,0.003) vel=(-0.002,-0.002,0.003) yaw_deg=100.0 failsafe=False age_s=(0.50,0.01) arm_torque_nm=0.000 motors=[0.00,0.00,0.00,0.00,0.00,0.00,0.00,0.00][0m
[0m[INFO] [1786177719.623604685] [my_drone_dds_wasd_control]: target NED=(-0.03, -0.01, -1.20) yaw=100.0 deg[0m
[0m[INFO] [1786177719.642855105] [my_drone_dds_wasd_control]: Prestreaming Offboard setpoints for 2 seconds[0m
[0m[INFO] [1786177719.667845925] [my_drone_dds_wasd_control]: STATE arm=1 nav=4 NED=(-0.027,-0.006,0.001) vel=(-0.016,-0.001,0.002) yaw_deg=100.0 failsafe=False age_s=(0.04,0.05) arm_torque_nm=0.000 motors=[0.00,0.00,0.00,0.00,0.00,0.00,0.00,0.00][0m
[0m[INFO] [1786177720.699690619] [my_drone_dds_wasd_control]: STATE arm=1 nav=4 NED=(-0.024,-0.017,-0.004) vel=(-0.014,-0.010,-0.002) yaw_deg=100.0 failsafe=False age_s=(0.01,0.01) arm_torque_nm=0.000 motors=[0.00,0.00,0.00,0.00,0.00,0.00,0.00,0.00][0m
[0m[INFO] [1786177721.657060667] [my_drone_dds_wasd_control]: OFFBOARD mode and ARM commands sent[0m
[0m[INFO] [1786177721.679315631] [my_drone_dds_wasd_control]: PX4 command ack: command=400 result=0[0m
[0m[INFO] [1786177721.709266185] [my_drone_dds_wasd_control]: STATE arm=2 nav=14 NED=(-0.005,-0.014,-0.023) vel=(0.002,-0.008,-0.006) yaw_deg=100.0 failsafe=False age_s=(0.03,0.00) arm_torque_nm=0.000 motors=[1.70,0.25,1.70,0.56,1.49,0.25,1.49,0.56][0m
[0m[INFO] [1786177722.760344371] [my_drone_dds_wasd_control]: STATE arm=2 nav=14 NED=(0.010,-0.010,-0.036) vel=(0.013,-0.007,-0.006) yaw_deg=100.0 failsafe=False age_s=(0.08,0.02) arm_torque_nm=0.000 motors=[19.98,20.42,19.98,20.01,20.27,20.42,20.27,20.01][0m
[0m[INFO] [1786177723.817324862] [my_drone_dds_wasd_control]: STATE arm=2 nav=14 NED=(0.003,0.001,-0.029) vel=(0.008,-0.004,0.045) yaw_deg=100.1 failsafe=False age_s=(0.12,0.01) arm_torque_nm=0.000 motors=[739.59,775.68,739.59,783.68,731.87,775.68,731.87,783.68][0m
[0m[INFO] [1786177724.856114700] [my_drone_dds_wasd_control]: STATE arm=2 nav=14 NED=(0.010,0.014,-0.032) vel=(0.005,0.008,-0.152) yaw_deg=100.0 failsafe=False age_s=(0.16,0.02) arm_torque_nm=0.000 motors=[746.93,781.29,746.92,789.02,739.64,781.29,739.64,789.03][0m
[0m[INFO] [1786177725.860024340] [my_drone_dds_wasd_control]: STATE arm=2 nav=14 NED=(0.024,0.008,-0.013) vel=(0.034,-0.036,-0.117) yaw_deg=100.0 failsafe=False age_s=(0.15,0.02) arm_torque_nm=0.000 motors=[742.90,775.37,742.90,782.47,736.09,775.36,736.09,782.48][0m
[0m[INFO] [1786177726.903820394] [my_drone_dds_wasd_control]: STATE arm=2 nav=14 NED=(0.008,0.037,-0.015) vel=(-0.010,0.025,-0.174) yaw_deg=100.3 failsafe=False age_s=(0.19,0.01) arm_torque_nm=0.000 motors=[746.87,776.96,746.78,788.22,742.61,776.88,742.69,788.31][0m
[0m[INFO] [1786177727.956553987] [my_drone_dds_wasd_control]: STATE arm=2 nav=14 NED=(0.005,0.035,-0.006) vel=(0.016,-0.092,-0.136) yaw_deg=100.1 failsafe=False age_s=(0.24,0.02) arm_torque_nm=0.001 motors=[737.38,835.73,737.40,842.47,728.97,835.75,728.96,842.45][0m
[0m[INFO] [1786177728.951690907] [my_drone_dds_wasd_control]: STATE arm=2 nav=14 NED=(0.022,-0.137,-0.002) vel=(-0.001,-0.240,-0.144) yaw_deg=99.6 failsafe=False age_s=(0.23,0.02) arm_torque_nm=0.000 motors=[807.28,786.88,807.22,830.84,768.51,786.82,768.57,830.90][0m
[0m[INFO] [1786177729.953155812] [my_drone_dds_wasd_control]: STATE arm=2 nav=14 NED=(-0.309,-0.045,0.019) vel=(-0.467,-0.099,0.060) yaw_deg=95.8 failsafe=False age_s=(0.22,0.02) arm_torque_nm=0.000 motors=[891.13,892.17,892.78,830.79,814.44,893.82,812.79,829.14][0m
[0m[INFO] [1786177731.002647964] [my_drone_dds_wasd_control]: STATE arm=2 nav=14 NED=(-0.750,0.305,0.185) vel=(-0.319,0.303,0.357) yaw_deg=58.8 failsafe=False age_s=(0.26,0.01) arm_torque_nm=0.001 motors=[1000.00,1000.00,1000.00,802.40,736.57,1000.00,728.92,794.74][0m
[0m[INFO] [1786177732.002589242] [my_drone_dds_wasd_control]: STATE arm=2 nav=14 NED=(-0.699,-0.652,0.674) vel=(0.130,-2.140,-0.204) yaw_deg=53.0 failsafe=False age_s=(0.25,0.01) arm_torque_nm=0.000 motors=[1000.00,1000.00,1000.00,744.26,665.98,1000.00,657.74,736.02][0m
[31m[ERROR] [1786177732.755006140] [my_drone_dds_wasd_control]: Position safety gate exceeded; requesting LAND horizontal=3.10 m vertical=1.73 m[0m
[33m[WARN] [1786177732.772638968] [my_drone_dds_wasd_control]: LAND requested; Offboard setpoint stream stopped[0m
[0m[INFO] [1786177732.793429759] [my_drone_dds_wasd_control]: PX4 command ack: command=21 result=0[0m
[0m[INFO] [1786177733.007250982] [my_drone_dds_wasd_control]: STATE arm=2 nav=18 NED=(-0.108,-4.281,0.529) vel=(0.843,-4.325,-0.185) yaw_deg=77.0 failsafe=False age_s=(0.05,0.01) arm_torque_nm=0.032 motors=[486.55,712.16,482.70,803.27,717.39,708.32,721.24,807.11][0m
[0m[INFO] [1786177734.000905243] [my_drone_dds_wasd_control]: STATE arm=2 nav=18 NED=(0.455,-9.099,0.606) vel=(0.708,-5.535,-0.145) yaw_deg=116.1 failsafe=False age_s=(0.44,0.01) arm_torque_nm=0.007 motors=[717.49,892.38,716.26,926.25,787.05,891.14,788.29,927.48][0m
[0m[INFO] [1786177735.056536523] [my_drone_dds_wasd_control]: STATE arm=2 nav=18 NED=(1.471,-14.625,0.570) vel=(0.858,-4.657,0.022) yaw_deg=132.6 failsafe=False age_s=(0.48,0.02) arm_torque_nm=0.003 motors=[762.20,802.43,759.65,902.44,876.20,799.87,878.76,905.00][0m
[0m[INFO] [1786177736.111070714] [my_drone_dds_wasd_control]: STATE arm=2 nav=18 NED=(1.855,-17.964,0.632) vel=(0.195,-2.464,0.033) yaw_deg=141.5 failsafe=False age_s=(0.02,0.01) arm_torque_nm=0.001 motors=[734.35,875.17,732.71,978.54,768.37,873.53,770.01,980.18][0m
[0m[INFO] [1786177737.154004073] [my_drone_dds_wasd_control]: STATE arm=2 nav=18 NED=(2.564,-20.862,0.722) vel=(1.043,-3.129,0.026) yaw_deg=132.6 failsafe=False age_s=(0.06,0.02) arm_torque_nm=0.040 motors=[789.69,914.25,790.02,936.29,739.77,914.59,739.44,935.96][0m
[0m[INFO] [1786177740.816601612] [my_drone_dds_wasd_control]: STATE arm=2 nav=18 NED=(3.712,-23.908,0.704) vel=(0.640,-1.504,0.150) yaw_deg=128.9 failsafe=False age_s=(0.10,0.00) arm_torque_nm=0.095 motors=[804.83,880.16,803.81,918.06,852.99,879.14,854.02,919.08][0m
[0m[INFO] [1786177741.854402067] [my_drone_dds_wasd_control]: STATE arm=2 nav=18 NED=(3.933,-23.709,0.775) vel=(0.235,1.193,0.144) yaw_deg=150.3 failsafe=False age_s=(0.14,0.01) arm_torque_nm=0.002 motors=[727.08,823.91,722.51,1000.00,880.87,819.34,885.44,1000.00][0m
[0m[INFO] [1786177742.905626428] [my_drone_dds_wasd_control]: STATE arm=2 nav=18 NED=(4.286,-22.702,0.840) vel=(0.270,0.141,0.221) yaw_deg=171.0 failsafe=False age_s=(0.19,0.00) arm_torque_nm=0.001 motors=[872.49,853.40,870.10,1000.00,833.58,851.01,835.97,1000.00][0m
[0m[INFO] [1786177743.901601386] [my_drone_dds_wasd_control]: STATE arm=2 nav=18 NED=(4.518,-24.559,0.859) vel=(0.228,-3.298,0.220) yaw_deg=-177.0 failsafe=False age_s=(0.18,0.00) arm_torque_nm=0.001 motors=[871.77,904.77,869.70,1000.00,867.43,902.70,869.50,1000.00][0m
[0m[INFO] [1786177744.964565206] [my_drone_dds_wasd_control]: STATE arm=2 nav=18 NED=(5.368,-29.151,0.756) vel=(0.956,-4.698,-0.120) yaw_deg=-167.7 failsafe=False age_s=(0.22,0.01) arm_torque_nm=0.001 motors=[798.66,889.80,797.15,947.00,868.34,888.28,869.86,948.52][0m
[0m[INFO] [1786177746.001946460] [my_drone_dds_wasd_control]: STATE arm=2 nav=18 NED=(5.920,-32.923,0.438) vel=(-0.589,-2.398,-0.004) yaw_deg=-166.2 failsafe=False age_s=(0.26,0.00) arm_torque_nm=0.000 motors=[855.89,899.96,856.05,840.54,901.71,900.12,901.55,840.38][0m
[0m[INFO] [1786177747.006746158] [my_drone_dds_wasd_control]: STATE arm=2 nav=18 NED=(3.996,-34.127,0.434) vel=(-2.411,-0.609,-0.046) yaw_deg=-171.3 failsafe=False age_s=(0.25,0.00) arm_torque_nm=0.001 motors=[853.42,875.63,853.28,921.57,819.65,875.49,819.80,921.71][0m
[0m[INFO] [1786177748.001841924] [my_drone_dds_wasd_control]: STATE arm=2 nav=18 NED=(2.186,-34.888,0.385) vel=(-0.907,-0.743,-0.025) yaw_deg=-173.9 failsafe=False age_s=(0.25,0.00) arm_torque_nm=0.000 motors=[832.05,880.75,831.81,929.20,803.47,880.51,803.71,929.44][0m
[0m[INFO] [1786177749.055300969] [my_drone_dds_wasd_control]: STATE arm=2 nav=18 NED=(1.996,-35.298,0.471) vel=(-0.167,0.403,-0.033) yaw_deg=-175.5 failsafe=False age_s=(0.29,0.01) arm_torque_nm=0.000 motors=[854.76,869.25,854.96,841.09,866.11,869.45,865.91,840.89][0m
[0m[INFO] [1786177750.107426089] [my_drone_dds_wasd_control]: STATE arm=2 nav=18 NED=(1.093,-33.621,0.550) vel=(-1.034,2.339,-0.022) yaw_deg=-177.5 failsafe=False age_s=(0.33,0.00) arm_torque_nm=0.001 motors=[847.55,869.39,847.50,890.77,830.45,869.34,830.50,890.82][0m
[0m[INFO] [1786177751.153715606] [my_drone_dds_wasd_control]: STATE arm=2 nav=18 NED=(0.654,-31.422,0.566) vel=(0.476,1.723,-0.006) yaw_deg=-178.3 failsafe=False age_s=(0.37,0.01) arm_torque_nm=0.000 motors=[847.02,863.33,846.97,926.16,787.80,863.29,787.85,926.20][0m
[0m[INFO] [1786177752.205121360] [my_drone_dds_wasd_control]: STATE arm=2 nav=18 NED=(1.560,-29.807,0.605) vel=(0.752,1.965,-0.058) yaw_deg=-172.0 failsafe=False age_s=(0.41,0.00) arm_torque_nm=0.051 motors=[730.71,832.96,728.17,888.97,887.30,830.42,889.84,891.51][0m
[0m[INFO] [1786177753.202590826] [my_drone_dds_wasd_control]: STATE arm=2 nav=18 NED=(2.220,-26.916,0.667) vel=(1.306,3.343,0.024) yaw_deg=-145.8 failsafe=False age_s=(0.41,0.00) arm_torque_nm=0.003 motors=[835.44,895.27,835.70,953.49,755.69,895.53,755.44,953.23][0m
[0m[INFO] [1786177754.201350837] [my_drone_dds_wasd_control]: STATE arm=2 nav=18 NED=(4.092,-23.947,0.666) vel=(1.987,2.755,-0.047) yaw_deg=171.0 failsafe=False age_s=(0.40,0.00) arm_torque_nm=0.000 motors=[863.02,938.05,866.05,778.19,769.06,941.08,766.03,775.16][0m
DYNAMIC_HOVER_SENT_LAND
[0m[INFO] [1786177755.257836840] [my_drone_dds_wasd_control]: STATE arm=2 nav=18 NED=(5.269,-20.888,0.636) vel=(0.596,3.240,0.027) yaw_deg=176.2 failsafe=False age_s=(0.44,0.01) arm_torque_nm=0.003 motors=[840.36,832.23,839.93,880.04,827.88,831.80,828.30,880.46][0m
[0m[INFO] [1786177756.313994124] [my_drone_dds_wasd_control]: STATE arm=2 nav=18 NED=(5.420,-18.192,0.672) vel=(-0.015,1.775,0.011) yaw_deg=-176.3 failsafe=False age_s=(0.48,0.00) arm_torque_nm=0.000 motors=[851.33,842.57,851.18,903.19,803.55,842.41,803.71,903.34][0m
[0m[INFO] [1786177757.355862548] [my_drone_dds_wasd_control]: STATE arm=2 nav=18 NED=(5.720,-16.388,0.691) vel=(0.378,2.256,0.083) yaw_deg=-173.3 failsafe=False age_s=(0.02,0.01) arm_torque_nm=0.000 motors=[811.83,895.57,811.71,859.64,857.78,895.45,857.90,859.76][0m
[0m[INFO] [1786177758.350292790] [my_drone_dds_wasd_control]: STATE arm=2 nav=18 NED=(6.133,-13.323,0.682) vel=(0.244,3.073,-0.011) yaw_deg=-171.0 failsafe=False age_s=(0.01,0.01) arm_torque_nm=0.000 motors=[861.61,815.79,861.50,884.78,802.52,815.67,802.64,884.89][0m
[0m[INFO] [1786177759.353634276] [my_drone_dds_wasd_control]: STATE arm=2 nav=18 NED=(6.395,-11.030,0.617) vel=(0.319,1.652,0.027) yaw_deg=-170.3 failsafe=False age_s=(0.00,0.01) arm_torque_nm=0.000 motors=[843.85,853.08,843.88,884.73,809.92,853.11,809.89,884.71][0m
[0m[INFO] [1786177760.350438053] [my_drone_dds_wasd_control]: STATE arm=2 nav=18 NED=(6.884,-9.077,0.651) vel=(0.478,2.578,-0.063) yaw_deg=-169.7 failsafe=False age_s=(0.50,0.01) arm_torque_nm=0.000 motors=[717.23,924.01,716.68,876.49,810.45,923.47,811.00,877.03][0m
[0m[INFO] [1786177761.404552368] [my_drone_dds_wasd_control]: STATE arm=2 nav=18 NED=(7.775,-5.640,0.614) vel=(1.511,3.262,-0.099) yaw_deg=-164.3 failsafe=False age_s=(0.04,0.00) arm_torque_nm=0.001 motors=[857.50,980.81,862.39,802.84,625.98,985.70,621.09,797.95][0m
[0m[INFO] [1786177762.455076817] [my_drone_dds_wasd_control]: STATE arm=2 nav=18 NED=(10.408,-2.397,0.583) vel=(3.076,3.253,-0.219) yaw_deg=-167.0 failsafe=False age_s=(0.08,0.01) arm_torque_nm=0.001 motors=[557.00,813.70,552.20,962.13,811.10,808.89,815.91,966.94][0m
[0m[INFO] [1786177763.453654827] [my_drone_dds_wasd_control]: STATE arm=2 nav=18 NED=(13.820,0.935,0.583) vel=(3.716,3.180,-0.136) yaw_deg=-158.4 failsafe=False age_s=(0.07,0.01) arm_torque_nm=0.099 motors=[798.42,1000.00,805.91,743.19,526.04,1000.00,518.56,735.70][0m
[0m[INFO] [1786177764.457704140] [my_drone_dds_wasd_control]: STATE arm=2 nav=18 NED=(17.709,4.107,0.569) vel=(4.139,3.521,-0.110) yaw_deg=-153.6 failsafe=False age_s=(0.06,0.01) arm_torque_nm=0.000 motors=[499.57,806.36,493.26,1000.00,812.39,800.06,818.70,1000.00][0m
[0m[INFO] [1786177765.459087330] [my_drone_dds_wasd_control]: STATE arm=2 nav=18 NED=(21.612,7.402,0.544) vel=(3.634,2.554,-0.351) yaw_deg=-177.3 failsafe=False age_s=(0.06,0.01) arm_torque_nm=0.120 motors=[815.52,1000.00,825.14,626.06,433.48,1000.00,423.86,616.44][0m
[0m[INFO] [1786177766.505695937] [my_drone_dds_wasd_control]: STATE arm=2 nav=18 NED=(25.632,10.112,0.503) vel=(3.201,2.313,-0.355) yaw_deg=-120.2 failsafe=False age_s=(0.10,0.00) arm_torque_nm=0.000 motors=[324.85,494.66,310.56,1000.00,876.10,480.36,890.39,1000.00][0m
[0m[INFO] [1786177767.510364818] [my_drone_dds_wasd_control]: STATE arm=2 nav=18 NED=(28.747,11.972,0.498) vel=(3.043,1.323,-0.112) yaw_deg=-178.2 failsafe=False age_s=(0.09,0.00) arm_torque_nm=0.517 motors=[682.64,907.43,685.23,780.68,592.19,910.03,589.60,778.08][0m
[0m[INFO] [1786177768.552590374] [my_drone_dds_wasd_control]: STATE arm=2 nav=18 NED=(31.962,13.345,0.601) vel=(2.699,1.350,-0.061) yaw_deg=-117.3 failsafe=False age_s=(0.13,0.01) arm_torque_nm=0.164 motors=[451.79,601.45,441.03,1000.00,862.01,590.70,872.76,1000.00][0m
[0m[INFO] [1786177769.557175984] [my_drone_dds_wasd_control]: STATE arm=2 nav=18 NED=(34.337,14.018,0.556) vel=(2.347,0.273,-0.129) yaw_deg=176.7 failsafe=False age_s=(0.12,0.01) arm_torque_nm=0.111 motors=[611.91,913.58,613.10,814.18,611.15,914.78,609.95,812.98][0m
[0m[INFO] [1786177770.599581565] [my_drone_dds_wasd_control]: STATE arm=2 nav=18 NED=(36.675,14.643,0.672) vel=(1.938,0.832,0.198) yaw_deg=-113.4 failsafe=False age_s=(0.17,0.00) arm_torque_nm=0.054 motors=[655.44,837.18,653.07,986.84,704.25,834.81,706.62,989.21][0m
[0m[INFO] [1786177771.603383340] [my_drone_dds_wasd_control]: STATE arm=2 nav=18 NED=(38.501,15.389,0.794) vel=(2.021,0.932,0.204) yaw_deg=173.1 failsafe=False age_s=(0.16,0.00) arm_torque_nm=0.328 motors=[697.57,1000.00,700.15,829.85,702.09,1000.00,699.52,827.27][0m
[0m[INFO] [1786177774.845325271] [my_drone_dds_wasd_control]: STATE arm=2 nav=18 NED=(38.897,16.466,0.883) vel=(-0.155,1.181,0.293) yaw_deg=-74.4 failsafe=False age_s=(0.15,0.00) arm_torque_nm=0.334 motors=[341.72,631.33,324.52,1000.00,1000.00,614.13,1000.00,1000.00][0m
[0m[INFO] [1786177775.851931402] [my_drone_dds_wasd_control]: STATE arm=2 nav=18 NED=(38.886,17.428,0.829) vel=(0.062,1.462,0.000) yaw_deg=-90.1 failsafe=False age_s=(0.16,0.00) arm_torque_nm=0.019 motors=[699.85,1000.00,702.59,854.49,628.45,1000.00,625.70,851.74][0m
[0m[INFO] [1786177776.856115727] [my_drone_dds_wasd_control]: STATE arm=2 nav=18 NED=(38.899,19.699,0.728) vel=(0.122,2.747,-0.133) yaw_deg=-92.2 failsafe=False age_s=(0.15,0.00) arm_torque_nm=0.206 motors=[687.11,923.51,688.84,869.82,595.66,925.25,593.93,868.08][0m
[0m[INFO] [1786177777.900288030] [my_drone_dds_wasd_control]: STATE arm=2 nav=18 NED=(39.016,22.429,0.619) vel=(0.090,2.523,-0.236) yaw_deg=-140.4 failsafe=False age_s=(0.20,0.01) arm_torque_nm=0.001 motors=[577.10,852.82,576.20,907.95,597.44,851.92,598.34,908.86][0m
[0m[INFO] [1786177778.901267288] [my_drone_dds_wasd_control]: STATE arm=2 nav=18 NED=(39.401,24.714,0.513) vel=(0.401,2.049,-0.288) yaw_deg=-144.1 failsafe=False age_s=(0.19,0.01) arm_torque_nm=0.219 motors=[519.35,825.46,517.98,874.64,585.36,824.08,586.74,876.02][0m
[0m[INFO] [1786177779.905875036] [my_drone_dds_wasd_control]: STATE arm=2 nav=18 NED=(39.848,26.576,0.497) vel=(0.278,1.709,-0.225) yaw_deg=-138.6 failsafe=False age_s=(0.18,0.01) arm_torque_nm=0.000 motors=[542.64,873.67,543.30,841.98,518.84,874.33,518.18,841.31][0m
[0m[INFO] [1786177780.953828662] [my_drone_dds_wasd_control]: STATE arm=2 nav=18 NED=(40.014,28.212,0.542) vel=(0.140,1.422,-0.106) yaw_deg=-140.6 failsafe=False age_s=(0.22,0.00) arm_torque_nm=0.137 motors=[532.04,901.75,532.42,891.03,510.93,902.14,510.55,890.65][0m
[0m[INFO] [1786177782.000871752] [my_drone_dds_wasd_control]: STATE arm=2 nav=18 NED=(40.058,29.359,0.577) vel=(-0.002,0.937,-0.116) yaw_deg=-140.6 failsafe=False age_s=(0.26,0.01) arm_torque_nm=0.130 motors=[516.01,881.10,515.75,890.74,527.42,880.85,527.68,890.99][0m
[0m[INFO] [1786177783.058011108] [my_drone_dds_wasd_control]: STATE arm=2 nav=18 NED=(40.058,30.145,0.582) vel=(0.044,0.553,-0.097) yaw_deg=-135.2 failsafe=False age_s=(0.31,0.00) arm_torque_nm=0.055 motors=[563.09,950.98,565.70,870.17,425.64,953.59,423.03,867.56][0m
[0m[INFO] [1786177784.049201357] [my_drone_dds_wasd_control]: STATE arm=2 nav=18 NED=(40.106,30.521,0.593) vel=(-0.011,0.089,-0.079) yaw_deg=-141.1 failsafe=False age_s=(0.30,0.00) arm_torque_nm=0.038 motors=[546.78,871.61,547.38,901.75,466.13,872.21,465.53,901.15][0m
[0m[INFO] [1786177785.102606398] [my_drone_dds_wasd_control]: STATE arm=2 nav=18 NED=(40.119,30.522,0.591) vel=(-0.008,-0.055,-0.082) yaw_deg=-140.0 failsafe=False age_s=(0.34,0.01) arm_torque_nm=0.016 motors=[508.36,886.56,508.66,925.21,444.51,886.86,444.21,924.91][0m
[0m[INFO] [1786177786.106855376] [my_drone_dds_wasd_control]: STATE arm=2 nav=18 NED=(40.130,30.485,0.583) vel=(0.058,-0.073,-0.017) yaw_deg=-141.2 failsafe=False age_s=(0.33,0.01) arm_torque_nm=0.085 motors=[530.07,933.74,532.04,925.63,373.53,935.71,371.57,923.66][0m
[0m[INFO] [1786177787.108808483] [my_drone_dds_wasd_control]: STATE arm=2 nav=18 NED=(40.102,30.533,0.601) vel=(-0.001,-0.039,-0.064) yaw_deg=-138.4 failsafe=False age_s=(0.32,0.01) arm_torque_nm=0.012 motors=[424.66,825.85,422.22,1000.00,450.53,823.40,452.98,1000.00][0m
Traceback (most recent call last):
  File "/mnt/e/清洁无人机/drone_sim_ws/scripts/test_ros2_dds_dynamic_hover_pty.py", line 172, in <module>
    raise SystemExit(main())
                     ^^^^^^
  File "/mnt/e/清洁无人机/drone_sim_ws/scripts/test_ros2_dds_dynamic_hover_pty.py", line 101, in main
    raise RuntimeError("dynamic hover controller did not finish before timeout")
RuntimeError: dynamic hover controller did not finish before timeout
