DDS WASD: T takeoff | W/S/A/D move | R/F up/down | Q/E yaw | L land | O exit Offboard | X twice emergency disarm | Z safe exit
[0m[INFO] [1786171556.757139944] [my_drone_dds_wasd_control]: NED target initialized: N=0.063 E=0.010 D=-0.014 yaw=99.8 deg[0m
[0m[INFO] [1786171556.782426818] [my_drone_dds_wasd_control]: local vertical target sign=-1 (target = current + sign * height)[0m
[0m[INFO] [1786171557.008102629] [my_drone_dds_wasd_control]: STATE arm=1 nav=4 NED=(0.058,0.011,-0.009) vel=(0.005,0.005,0.005) yaw_deg=99.8 failsafe=False age_s=(0.02,0.01) arm_torque_nm=0.000 motors=[0.00,0.00,0.00,0.00,0.00,0.00,0.00,0.00][0m
[0m[INFO] [1786171558.005214452] [my_drone_dds_wasd_control]: STATE arm=1 nav=4 NED=(0.045,-0.002,0.008) vel=(-0.006,-0.005,0.008) yaw_deg=99.8 failsafe=False age_s=(0.01,0.01) arm_torque_nm=0.000 motors=[0.00,0.00,0.00,0.00,0.00,0.00,0.00,0.00][0m
[0m[INFO] [1786171559.060890122] [my_drone_dds_wasd_control]: STATE arm=1 nav=4 NED=(0.032,-0.002,0.018) vel=(-0.007,-0.003,0.008) yaw_deg=99.8 failsafe=False age_s=(0.05,0.00) arm_torque_nm=0.000 motors=[0.00,0.00,0.00,0.00,0.00,0.00,0.00,0.00][0m
[0m[INFO] [1786171559.086754113] [my_drone_dds_wasd_control]: target NED=(0.03, -0.00, -1.18) yaw=99.8 deg[0m
[0m[INFO] [1786171559.107652152] [my_drone_dds_wasd_control]: Prestreaming Offboard setpoints for 2 seconds[0m
[0m[INFO] [1786171560.102797731] [my_drone_dds_wasd_control]: STATE arm=1 nav=4 NED=(0.048,-0.005,0.018) vel=(0.004,0.001,0.005) yaw_deg=99.8 failsafe=False age_s=(0.13,0.01) arm_torque_nm=0.000 motors=[0.00,0.00,0.00,0.00,0.00,0.00,0.00,0.00][0m
[0m[INFO] [1786171561.110906651] [my_drone_dds_wasd_control]: STATE arm=1 nav=4 NED=(0.056,-0.000,0.013) vel=(0.008,0.005,0.004) yaw_deg=99.8 failsafe=False age_s=(0.12,0.01) arm_torque_nm=0.000 motors=[0.00,0.00,0.00,0.00,0.00,0.00,0.00,0.00][0m
[0m[INFO] [1786171561.131698972] [my_drone_dds_wasd_control]: OFFBOARD mode and ARM commands sent[0m
[0m[INFO] [1786171561.150864734] [my_drone_dds_wasd_control]: PX4 command ack: command=400 result=0[0m
[0m[INFO] [1786171562.172579864] [my_drone_dds_wasd_control]: STATE arm=2 nav=14 NED=(0.040,-0.020,-0.007) vel=(-0.000,-0.010,-0.001) yaw_deg=99.8 failsafe=False age_s=(0.01,0.00) arm_torque_nm=0.000 motors=[1.80,0.13,1.80,0.61,1.46,0.13,1.46,0.62][0m
[0m[INFO] [1786171563.224177694] [my_drone_dds_wasd_control]: STATE arm=2 nav=14 NED=(0.041,-0.017,-0.021) vel=(0.003,-0.005,-0.028) yaw_deg=99.8 failsafe=False age_s=(0.05,0.01) arm_torque_nm=0.000 motors=[731.97,767.61,731.97,775.51,724.10,767.61,724.10,775.51][0m
[0m[INFO] [1786171564.260854876] [my_drone_dds_wasd_control]: STATE arm=2 nav=14 NED=(0.041,-0.003,-0.029) vel=(-0.002,0.004,-0.003) yaw_deg=99.8 failsafe=False age_s=(0.09,0.00) arm_torque_nm=0.000 motors=[745.38,781.18,745.37,789.38,737.41,781.18,737.41,789.38][0m
[0m[INFO] [1786171565.261187930] [my_drone_dds_wasd_control]: STATE arm=2 nav=14 NED=(0.031,-0.009,-0.026) vel=(-0.005,-0.003,-0.004) yaw_deg=99.8 failsafe=False age_s=(0.08,0.00) arm_torque_nm=0.000 motors=[758.66,793.77,758.67,802.32,750.01,793.77,750.01,802.32][0m
[0m[INFO] [1786171566.307917010] [my_drone_dds_wasd_control]: STATE arm=2 nav=14 NED=(0.031,-0.005,-0.033) vel=(-0.006,-0.002,-0.006) yaw_deg=99.8 failsafe=False age_s=(0.12,0.01) arm_torque_nm=0.000 motors=[770.75,805.05,770.75,814.18,761.59,805.05,761.59,814.18][0m
[0m[INFO] [1786171567.361747695] [my_drone_dds_wasd_control]: STATE arm=2 nav=14 NED=(0.030,-0.028,-0.071) vel=(-0.005,-0.039,0.002) yaw_deg=99.8 failsafe=False age_s=(0.17,0.01) arm_torque_nm=0.058 motors=[778.31,815.05,778.29,828.61,766.74,815.03,766.76,828.63][0m
[0m[INFO] [1786171568.357003747] [my_drone_dds_wasd_control]: STATE arm=2 nav=14 NED=(-0.001,-0.117,0.099) vel=(-0.015,-0.169,0.190) yaw_deg=99.5 failsafe=False age_s=(0.06,0.01) arm_torque_nm=0.000 motors=[834.53,880.18,834.56,886.33,826.12,880.21,826.09,886.30][0m
[0m[INFO] [1786171569.420017224] [my_drone_dds_wasd_control]: STATE arm=2 nav=14 NED=(0.025,-0.275,0.229) vel=(0.070,-0.103,0.051) yaw_deg=99.5 failsafe=False age_s=(0.10,0.02) arm_torque_nm=0.000 motors=[837.25,878.32,837.26,885.02,829.54,878.34,829.52,885.01][0m
[0m[INFO] [1786171570.418688133] [my_drone_dds_wasd_control]: STATE arm=2 nav=14 NED=(0.128,-0.325,0.209) vel=(0.074,-0.028,-0.036) yaw_deg=99.9 failsafe=False age_s=(0.09,0.01) arm_torque_nm=0.000 motors=[830.48,872.82,830.44,885.42,821.72,872.77,821.76,885.47][0m
[0m[INFO] [1786171571.417072757] [my_drone_dds_wasd_control]: STATE arm=2 nav=14 NED=(0.188,-0.418,0.118) vel=(0.034,-0.109,-0.111) yaw_deg=99.7 failsafe=False age_s=(0.09,0.02) arm_torque_nm=0.000 motors=[828.83,872.34,828.84,880.55,819.47,872.35,819.46,880.54][0m
[0m[INFO] [1786171572.461769181] [my_drone_dds_wasd_control]: STATE arm=2 nav=14 NED=(0.205,-0.514,-0.008) vel=(0.036,-0.054,-0.130) yaw_deg=99.8 failsafe=False age_s=(0.13,0.01) arm_torque_nm=0.000 motors=[827.97,868.36,827.96,876.92,820.43,868.35,820.45,876.93][0m
[0m[INFO] [1786171573.461266732] [my_drone_dds_wasd_control]: STATE arm=2 nav=14 NED=(0.213,-0.520,-0.136) vel=(0.019,-0.000,-0.127) yaw_deg=100.0 failsafe=False age_s=(0.12,0.00) arm_torque_nm=0.000 motors=[826.41,869.31,826.39,880.18,817.62,869.28,817.64,880.21][0m
[0m[INFO] [1786171574.510771906] [my_drone_dds_wasd_control]: STATE arm=2 nav=14 NED=(0.258,-0.531,-0.249) vel=(0.018,-0.039,-0.118) yaw_deg=99.6 failsafe=False age_s=(0.16,0.02) arm_torque_nm=0.000 motors=[828.19,871.08,828.23,878.33,817.92,871.12,817.89,878.29][0m
[0m[INFO] [1786171578.308057179] [my_drone_dds_wasd_control]: STATE arm=2 nav=14 NED=(0.280,-0.550,-0.360) vel=(0.013,-0.009,-0.019) yaw_deg=99.6 failsafe=False age_s=(0.18,0.00) arm_torque_nm=0.000 motors=[866.76,912.51,866.77,920.73,857.79,912.52,857.78,920.72][0m
[0m[INFO] [1786171579.365128363] [my_drone_dds_wasd_control]: STATE arm=2 nav=14 NED=(0.268,-0.515,-0.470) vel=(-0.006,0.021,-0.102) yaw_deg=99.9 failsafe=False age_s=(0.22,0.01) arm_torque_nm=0.000 motors=[826.41,869.52,826.39,879.59,818.29,869.50,818.32,879.61][0m
[0m[INFO] [1786171580.411238956] [my_drone_dds_wasd_control]: STATE arm=2 nav=14 NED=(0.241,-0.529,-0.565) vel=(-0.010,-0.025,-0.096) yaw_deg=99.9 failsafe=False age_s=(0.26,0.00) arm_torque_nm=0.000 motors=[826.15,869.01,826.14,877.71,818.12,869.01,818.13,877.72][0m
[0m[INFO] [1786171581.460076245] [my_drone_dds_wasd_control]: STATE arm=2 nav=14 NED=(0.229,-0.555,-0.658) vel=(-0.001,-0.007,-0.078) yaw_deg=99.7 failsafe=False age_s=(0.31,0.01) arm_torque_nm=0.008 motors=[827.61,869.79,827.62,877.77,818.64,869.80,818.63,877.76][0m
[0m[INFO] [1786171582.459150917] [my_drone_dds_wasd_control]: STATE arm=2 nav=14 NED=(0.223,-0.580,-0.722) vel=(-0.004,-0.007,-0.069) yaw_deg=99.7 failsafe=False age_s=(0.30,0.01) arm_torque_nm=0.012 motors=[827.76,870.27,827.77,878.94,818.20,870.28,818.19,878.93][0m
[0m[INFO] [1786171583.508943938] [my_drone_dds_wasd_control]: STATE arm=2 nav=14 NED=(0.191,-0.613,-0.762) vel=(-0.018,-0.024,-0.065) yaw_deg=99.8 failsafe=False age_s=(0.34,0.00) arm_torque_nm=0.062 motors=[827.83,870.16,827.83,878.85,819.35,870.16,819.35,878.85][0m
[0m[INFO] [1786171584.505460185] [my_drone_dds_wasd_control]: STATE arm=2 nav=14 NED=(0.176,-0.621,-0.801) vel=(-0.006,0.000,-0.073) yaw_deg=99.8 failsafe=False age_s=(0.33,0.00) arm_torque_nm=0.003 motors=[825.91,868.37,825.90,877.15,817.93,868.36,817.94,877.15][0m
[0m[INFO] [1786171585.510130238] [my_drone_dds_wasd_control]: STATE arm=2 nav=14 NED=(0.193,-0.608,-0.859) vel=(0.004,0.009,-0.067) yaw_deg=99.8 failsafe=False age_s=(0.32,0.00) arm_torque_nm=0.073 motors=[821.60,863.61,821.60,872.92,812.69,863.61,812.70,872.93][0m
[0m[INFO] [1786171586.513985909] [my_drone_dds_wasd_control]: STATE arm=2 nav=14 NED=(0.207,-0.622,-0.881) vel=(0.008,-0.011,-0.011) yaw_deg=99.7 failsafe=False age_s=(0.32,0.00) arm_torque_nm=0.014 motors=[834.14,877.48,834.15,885.51,825.24,877.49,825.23,885.50][0m
[0m[INFO] [1786171587.555139173] [my_drone_dds_wasd_control]: STATE arm=2 nav=14 NED=(0.238,-0.656,-0.927) vel=(0.014,-0.012,-0.065) yaw_deg=99.8 failsafe=False age_s=(0.36,0.01) arm_torque_nm=0.026 motors=[825.91,867.59,825.91,876.19,817.23,867.59,817.23,876.19][0m
[0m[INFO] [1786171588.556918191] [my_drone_dds_wasd_control]: STATE arm=2 nav=14 NED=(0.254,-0.664,-1.012) vel=(0.003,-0.002,-0.123) yaw_deg=99.8 failsafe=False age_s=(0.35,0.01) arm_torque_nm=0.016 motors=[812.46,853.70,812.45,862.93,804.19,853.68,804.20,862.94][0m
[0m[INFO] [1786171589.608327853] [my_drone_dds_wasd_control]: STATE arm=2 nav=14 NED=(0.292,-0.612,-1.043) vel=(0.015,0.020,-0.006) yaw_deg=99.7 failsafe=False age_s=(0.39,0.00) arm_torque_nm=0.068 motors=[829.76,872.70,829.76,880.78,821.07,872.71,821.06,880.77][0m
[0m[INFO] [1786171590.611297197] [my_drone_dds_wasd_control]: STATE arm=2 nav=14 NED=(0.310,-0.552,-1.036) vel=(0.006,0.027,-0.019) yaw_deg=99.7 failsafe=False age_s=(0.38,0.00) arm_torque_nm=0.011 motors=[831.02,873.56,831.02,882.26,821.98,873.56,821.97,882.25][0m
[0m[INFO] [1786171591.659129102] [my_drone_dds_wasd_control]: STATE arm=2 nav=14 NED=(0.282,-0.516,-1.099) vel=(-0.020,0.014,-0.026) yaw_deg=99.7 failsafe=False age_s=(0.43,0.01) arm_torque_nm=0.031 motors=[828.31,870.85,828.31,879.48,819.54,870.85,819.54,879.48][0m
[0m[INFO] [1786171592.656895351] [my_drone_dds_wasd_control]: STATE arm=2 nav=14 NED=(0.244,-0.502,-1.171) vel=(-0.020,0.005,-0.015) yaw_deg=99.7 failsafe=False age_s=(0.42,0.01) arm_torque_nm=0.024 motors=[828.60,871.14,828.60,879.57,819.82,871.15,819.81,879.57][0m
[0m[INFO] [1786171593.707070876] [my_drone_dds_wasd_control]: STATE arm=2 nav=14 NED=(0.217,-0.518,-1.269) vel=(-0.017,-0.014,-0.014) yaw_deg=99.7 failsafe=False age_s=(0.46,0.00) arm_torque_nm=0.022 motors=[825.38,867.00,825.39,876.06,815.87,867.00,815.86,876.05][0m
[0m[INFO] [1786171594.711256614] [my_drone_dds_wasd_control]: STATE arm=2 nav=14 NED=(0.188,-0.518,-1.357) vel=(-0.018,-0.004,-0.010) yaw_deg=99.8 failsafe=False age_s=(0.45,0.00) arm_torque_nm=0.027 motors=[821.40,863.34,821.39,872.18,813.55,863.33,813.57,872.19][0m
[0m[INFO] [1786171595.759919416] [my_drone_dds_wasd_control]: STATE arm=2 nav=14 NED=(0.190,-0.504,-1.392) vel=(0.006,0.001,0.031) yaw_deg=99.8 failsafe=False age_s=(0.49,0.01) arm_torque_nm=0.007 motors=[826.60,869.71,826.60,878.46,818.41,869.70,818.42,878.46][0m
[0m[INFO] [1786171596.808187296] [my_drone_dds_wasd_control]: STATE arm=2 nav=14 NED=(0.231,-0.546,-1.385) vel=(0.015,-0.029,0.010) yaw_deg=99.6 failsafe=False age_s=(0.03,0.00) arm_torque_nm=0.000 motors=[824.41,866.31,824.43,874.45,814.87,866.33,814.85,874.43][0m
[0m[INFO] [1786171597.808217056] [my_drone_dds_wasd_control]: STATE arm=2 nav=14 NED=(0.248,-0.569,-1.387) vel=(0.005,-0.009,0.044) yaw_deg=99.8 failsafe=False age_s=(0.02,0.00) arm_torque_nm=0.000 motors=[830.86,872.92,830.86,881.91,822.55,872.91,822.56,881.92][0m
[0m[INFO] [1786171598.807796739] [my_drone_dds_wasd_control]: STATE arm=2 nav=14 NED=(0.225,-0.569,-1.385) vel=(-0.008,-0.002,0.057) yaw_deg=99.9 failsafe=False age_s=(0.02,0.00) arm_torque_nm=0.000 motors=[827.56,870.65,827.55,880.09,819.52,870.64,819.54,880.11][0m
DYNAMIC_HOVER_SENT_LAND
[33m[WARN] [1786171598.941104744] [my_drone_dds_wasd_control]: LAND requested; Offboard setpoint stream stopped[0m
[0m[INFO] [1786171598.966338416] [my_drone_dds_wasd_control]: PX4 command ack: command=21 result=0[0m
[0m[INFO] [1786171599.855913738] [my_drone_dds_wasd_control]: STATE arm=2 nav=18 NED=(0.246,-0.586,-1.275) vel=(0.016,-0.025,0.305) yaw_deg=99.8 failsafe=False age_s=(0.13,0.01) arm_torque_nm=0.000 motors=[827.79,870.77,827.80,878.66,819.42,870.77,819.42,878.66][0m
[0m[INFO] [1786171600.915675151] [my_drone_dds_wasd_control]: STATE arm=2 nav=18 NED=(0.275,-0.609,-1.001) vel=(0.022,-0.045,0.278) yaw_deg=99.7 failsafe=False age_s=(0.17,0.00) arm_torque_nm=0.000 motors=[822.33,864.37,822.33,873.43,813.07,864.38,813.06,873.42][0m
[0m[INFO] [1786171601.912918912] [my_drone_dds_wasd_control]: STATE arm=2 nav=18 NED=(0.278,-0.673,-0.719) vel=(0.002,-0.066,0.272) yaw_deg=99.6 failsafe=False age_s=(0.16,0.00) arm_torque_nm=0.000 motors=[820.28,862.14,820.28,870.57,811.58,862.14,811.58,870.57][0m
[0m[INFO] [1786171602.914189856] [my_drone_dds_wasd_control]: STATE arm=2 nav=18 NED=(0.273,-0.737,-0.416) vel=(0.008,-0.063,0.286) yaw_deg=99.5 failsafe=False age_s=(0.16,0.00) arm_torque_nm=0.000 motors=[821.81,864.45,821.81,872.61,813.70,864.45,813.70,872.61][0m
[0m[INFO] [1786171603.955891002] [my_drone_dds_wasd_control]: STATE arm=2 nav=18 NED=(0.298,-0.806,-0.045) vel=(0.029,-0.064,0.315) yaw_deg=99.5 failsafe=False age_s=(0.20,0.01) arm_torque_nm=0.000 motors=[830.92,873.64,830.92,882.50,822.06,873.64,822.06,882.50][0m
[0m[INFO] [1786171605.009218950] [my_drone_dds_wasd_control]: STATE arm=2 nav=18 NED=(0.315,-0.877,0.290) vel=(0.011,-0.063,0.283) yaw_deg=99.5 failsafe=False age_s=(0.24,0.00) arm_torque_nm=0.000 motors=[825.72,867.71,825.72,876.41,816.94,867.71,816.94,876.41][0m
[0m[INFO] [1786171606.011543854] [my_drone_dds_wasd_control]: STATE arm=2 nav=18 NED=(0.306,-0.926,0.601) vel=(0.002,-0.039,0.242) yaw_deg=99.5 failsafe=False age_s=(0.23,0.00) arm_torque_nm=0.000 motors=[818.33,860.43,818.33,868.48,810.25,860.43,810.25,868.48][0m
[0m[INFO] [1786171607.063007959] [my_drone_dds_wasd_control]: STATE arm=2 nav=18 NED=(0.407,-1.381,0.680) vel=(0.179,-1.123,0.095) yaw_deg=106.9 failsafe=False age_s=(0.27,0.01) arm_torque_nm=0.000 motors=[644.28,804.70,640.80,971.26,769.11,801.22,772.59,974.74][0m
[0m[INFO] [1786171608.111858824] [my_drone_dds_wasd_control]: STATE arm=2 nav=18 NED=(0.450,-3.268,0.690) vel=(0.087,-2.034,0.057) yaw_deg=101.9 failsafe=False age_s=(0.32,0.00) arm_torque_nm=0.365 motors=[649.58,832.29,648.62,856.90,704.85,831.34,705.81,857.85][0m
[0m[INFO] [1786171609.157073005] [my_drone_dds_wasd_control]: STATE arm=2 nav=18 NED=(0.684,-5.286,0.797) vel=(0.331,-2.108,0.091) yaw_deg=129.4 failsafe=False age_s=(0.36,0.01) arm_torque_nm=0.001 motors=[596.85,829.05,595.06,913.74,661.69,827.27,663.48,915.53][0m
[0m[INFO] [1786171610.208763461] [my_drone_dds_wasd_control]: STATE arm=2 nav=18 NED=(0.910,-7.615,0.694) vel=(0.070,-2.206,-0.124) yaw_deg=134.8 failsafe=False age_s=(0.40,0.00) arm_torque_nm=0.004 motors=[482.80,770.61,480.22,899.16,570.26,768.03,572.84,901.74][0m
[0m[INFO] [1786171611.255657514] [my_drone_dds_wasd_control]: STATE arm=2 nav=18 NED=(0.930,-9.378,0.658) vel=(0.024,-1.344,-0.054) yaw_deg=134.8 failsafe=False age_s=(0.44,0.01) arm_torque_nm=0.002 motors=[460.79,788.04,459.37,867.52,500.32,786.62,501.74,868.94][0m
[0m[INFO] [1786171612.253648186] [my_drone_dds_wasd_control]: STATE arm=2 nav=18 NED=(0.942,-10.187,0.664) vel=(-0.010,-0.246,-0.073) yaw_deg=133.9 failsafe=False age_s=(0.43,0.01) arm_torque_nm=0.001 motors=[420.48,769.46,419.21,831.83,463.86,768.19,465.13,833.09][0m
[0m[INFO] [1786171617.206724577] [my_drone_dds_wasd_control]: STATE arm=2 nav=18 NED=(0.902,-10.129,0.726) vel=(-0.036,0.200,0.053) yaw_deg=132.4 failsafe=False age_s=(0.43,0.01) arm_torque_nm=0.062 motors=[391.51,794.90,390.29,862.66,426.01,793.68,427.24,863.88][0m
[0m[INFO] [1786171618.259081989] [my_drone_dds_wasd_control]: STATE arm=2 nav=18 NED=(0.923,-10.168,0.713) vel=(-0.042,0.149,0.042) yaw_deg=131.0 failsafe=False age_s=(0.47,0.00) arm_torque_nm=0.095 motors=[279.22,670.53,278.02,731.08,319.16,669.33,320.37,732.28][0m
[0m[INFO] [1786171619.257187809] [my_drone_dds_wasd_control]: STATE arm=2 nav=18 NED=(0.844,-10.147,0.840) vel=(-0.117,0.137,0.273) yaw_deg=130.2 failsafe=False age_s=(0.46,0.00) arm_torque_nm=0.728 motors=[0.00,148.24,0.00,205.15,0.00,147.06,0.00,206.33][0m
[0m[INFO] [1786171620.310362023] [my_drone_dds_wasd_control]: STATE arm=2 nav=18 NED=(0.844,-10.158,0.961) vel=(-0.052,0.037,0.203) yaw_deg=130.4 failsafe=False age_s=(0.50,0.01) arm_torque_nm=0.028 motors=[0.00,147.90,0.00,205.91,0.00,146.71,0.00,207.10][0m
[0m[INFO] [1786171621.306483494] [my_drone_dds_wasd_control]: STATE arm=2 nav=18 NED=(0.874,-10.209,0.946) vel=(-0.011,-0.031,0.127) yaw_deg=130.4 failsafe=False age_s=(0.49,0.01) arm_torque_nm=0.003 motors=[0.00,148.03,0.00,206.12,0.00,146.84,0.00,207.31][0m
[0m[INFO] [1786171622.379848226] [my_drone_dds_wasd_control]: STATE arm=2 nav=18 NED=(0.895,-10.243,0.929) vel=(0.009,-0.060,0.076) yaw_deg=130.4 failsafe=False age_s=(0.03,0.00) arm_torque_nm=0.000 motors=[0.00,148.38,0.00,206.21,0.00,147.19,0.00,207.40][0m
[0m[INFO] [1786171622.570396511] [my_drone_dds_wasd_control]: LANDING_DISARMED_CONFIRMED[0m
DDS_DYNAMIC_HOVER_METRICS {"failsafe_seen": false, "max_height_error_m": 1.409, "max_horizontal_error_m": 0.7007652959443698, "max_motor_output": 974.74, "max_state_step_m": 0.20625227271475097, "motor_saturation_fraction": 0.0, "offboard_samples": 34, "steady_hover_samples": 27, "takeoff_transient_max_height_error_m": 1.409}
DDS_DYNAMIC_HOVER_PASS
