DDS WASD: T takeoff | W/S/A/D move | R/F up/down | Q/E yaw | L land | O exit Offboard | X twice emergency disarm | Z safe exit
[0m[INFO] [1786154517.474278246] [my_drone_dds_wasd_control]: NED target initialized: N=-0.004 E=-0.035 D=0.022 yaw=94.7 deg[0m
[0m[INFO] [1786154517.513394373] [my_drone_dds_wasd_control]: local vertical target sign=-1 (target = current + sign * height)[0m
[0m[INFO] [1786154517.577851544] [my_drone_dds_wasd_control]: STATE arm=1 nav=4 NED=(-0.008,-0.031,0.018) vel=(0.008,0.006,-0.006) yaw_deg=94.7 failsafe=False age_s=(0.03,0.01) arm_torque_nm=0.000 motors=[0.00,0.00,0.00,0.00,0.00,0.00,0.00,0.00][0m
[0m[INFO] [1786154518.629505314] [my_drone_dds_wasd_control]: STATE arm=1 nav=4 NED=(-0.024,-0.037,0.025) vel=(-0.001,-0.001,-0.002) yaw_deg=94.7 failsafe=False age_s=(0.32,0.00) arm_torque_nm=0.000 motors=[0.00,0.00,0.00,0.00,0.00,0.00,0.00,0.00][0m
[0m[INFO] [1786154519.633187316] [my_drone_dds_wasd_control]: STATE arm=1 nav=4 NED=(-0.033,-0.033,0.027) vel=(-0.007,0.001,0.001) yaw_deg=94.7 failsafe=False age_s=(0.31,0.00) arm_torque_nm=0.000 motors=[0.00,0.00,0.00,0.00,0.00,0.00,0.00,0.00][0m
[0m[INFO] [1786154519.677463732] [my_drone_dds_wasd_control]: target NED=(-0.03, -0.03, -1.17) yaw=94.7 deg[0m
[0m[INFO] [1786154519.721389742] [my_drone_dds_wasd_control]: Prestreaming Offboard setpoints for 2 seconds[0m
[0m[INFO] [1786154520.632149845] [my_drone_dds_wasd_control]: STATE arm=1 nav=4 NED=(-0.045,-0.027,0.023) vel=(-0.009,0.005,0.001) yaw_deg=94.7 failsafe=False age_s=(0.35,0.00) arm_torque_nm=0.000 motors=[0.00,0.00,0.00,0.00,0.00,0.00,0.00,0.00][0m
[0m[INFO] [1786154521.683462246] [my_drone_dds_wasd_control]: STATE arm=1 nav=4 NED=(-0.027,-0.035,0.026) vel=(0.002,-0.003,-0.001) yaw_deg=94.7 failsafe=False age_s=(0.39,0.01) arm_torque_nm=0.000 motors=[0.00,0.00,0.00,0.00,0.00,0.00,0.00,0.00][0m
[0m[INFO] [1786154521.746350659] [my_drone_dds_wasd_control]: OFFBOARD mode and ARM commands sent[0m
[0m[INFO] [1786154521.785832775] [my_drone_dds_wasd_control]: PX4 command ack: command=400 result=0[0m
[0m[INFO] [1786154522.732837513] [my_drone_dds_wasd_control]: STATE arm=2 nav=14 NED=(-0.035,-0.023,0.033) vel=(-0.008,0.006,-0.000) yaw_deg=94.7 failsafe=False age_s=(0.48,0.00) arm_torque_nm=0.000 motors=[0.00,2.10,0.00,1.73,0.29,2.10,0.29,1.73][0m
[0m[INFO] [1786154523.744089351] [my_drone_dds_wasd_control]: STATE arm=2 nav=14 NED=(-0.032,-0.036,0.033) vel=(0.003,-0.003,-0.002) yaw_deg=94.7 failsafe=False age_s=(0.47,0.02) arm_torque_nm=0.000 motors=[223.04,238.51,223.04,239.96,221.30,238.52,221.30,239.96][0m
[0m[INFO] [1786154524.740736471] [my_drone_dds_wasd_control]: STATE arm=2 nav=14 NED=(-0.034,-0.049,0.040) vel=(0.008,-0.011,-0.002) yaw_deg=94.7 failsafe=False age_s=(0.46,0.02) arm_torque_nm=0.000 motors=[494.36,525.82,494.37,529.11,490.41,525.82,490.41,529.10][0m
[0m[INFO] [1786154525.782269131] [my_drone_dds_wasd_control]: STATE arm=2 nav=14 NED=(-0.041,-0.048,0.038) vel=(0.005,-0.015,-0.005) yaw_deg=94.7 failsafe=False age_s=(0.50,0.01) arm_torque_nm=0.000 motors=[795.96,842.74,795.98,848.22,789.00,842.76,788.98,848.20][0m
[0m[INFO] [1786154526.824984982] [my_drone_dds_wasd_control]: STATE arm=2 nav=14 NED=(-0.043,-0.040,0.035) vel=(0.003,-0.036,0.009) yaw_deg=94.8 failsafe=False age_s=(0.04,0.02) arm_torque_nm=0.084 motors=[784.77,869.34,784.76,872.40,782.83,869.33,782.84,872.41][0m
[0m[INFO] [1786154527.841851828] [my_drone_dds_wasd_control]: STATE arm=2 nav=14 NED=(-0.051,-0.029,0.025) vel=(-0.008,-0.001,-0.005) yaw_deg=94.8 failsafe=False age_s=(0.03,0.02) arm_torque_nm=0.000 motors=[808.73,853.25,808.67,864.40,802.24,853.20,802.29,864.46][0m
[0m[INFO] [1786154528.880797123] [my_drone_dds_wasd_control]: STATE arm=2 nav=14 NED=(-0.039,-0.003,0.057) vel=(-0.008,0.046,0.037) yaw_deg=94.5 failsafe=False age_s=(0.07,0.01) arm_torque_nm=0.000 motors=[831.27,871.26,831.38,870.90,822.52,871.37,822.41,870.80][0m
[0m[INFO] [1786154529.888722694] [my_drone_dds_wasd_control]: STATE arm=2 nav=14 NED=(-0.025,0.047,0.073) vel=(0.019,0.091,-0.011) yaw_deg=94.8 failsafe=False age_s=(0.07,0.01) arm_torque_nm=0.000 motors=[831.84,864.32,831.82,858.78,839.48,864.29,839.51,858.80][0m
[0m[INFO] [1786154530.926334969] [my_drone_dds_wasd_control]: STATE arm=2 nav=14 NED=(0.013,0.037,-0.153) vel=(0.023,0.025,-0.324) yaw_deg=94.6 failsafe=False age_s=(0.11,0.02) arm_torque_nm=0.000 motors=[772.42,793.26,772.47,786.20,774.85,793.32,774.80,786.15][0m
[0m[INFO] [1786154531.931204659] [my_drone_dds_wasd_control]: STATE arm=2 nav=14 NED=(-0.025,-0.021,-0.202) vel=(-0.060,-0.100,-0.234) yaw_deg=94.7 failsafe=False age_s=(0.10,0.02) arm_torque_nm=0.000 motors=[782.51,811.89,782.58,821.60,767.16,811.96,767.09,821.54][0m
[0m[INFO] [1786154532.929986917] [my_drone_dds_wasd_control]: STATE arm=2 nav=14 NED=(-0.012,-0.025,-0.137) vel=(-0.016,-0.029,0.115) yaw_deg=95.0 failsafe=False age_s=(0.09,0.02) arm_torque_nm=0.001 motors=[871.68,852.90,871.57,894.17,839.43,852.79,839.54,894.28][0m
[0m[INFO] [1786154533.993459072] [my_drone_dds_wasd_control]: STATE arm=2 nav=14 NED=(0.000,0.015,-0.084) vel=(0.019,0.042,0.031) yaw_deg=95.0 failsafe=False age_s=(0.13,0.01) arm_torque_nm=0.000 motors=[855.56,869.02,855.47,876.79,855.21,868.93,855.30,876.88][0m
[0m[INFO] [1786154534.982872389] [my_drone_dds_wasd_control]: STATE arm=2 nav=14 NED=(-0.035,0.064,-0.148) vel=(-0.043,0.060,-0.228) yaw_deg=94.8 failsafe=False age_s=(0.13,0.01) arm_torque_nm=0.000 motors=[789.10,829.08,789.04,840.16,782.89,829.02,782.95,840.22][0m
[0m[INFO] [1786154536.027855748] [my_drone_dds_wasd_control]: STATE arm=2 nav=14 NED=(-0.066,0.040,-0.243) vel=(-0.063,0.033,-0.259) yaw_deg=94.7 failsafe=False age_s=(0.17,0.02) arm_torque_nm=0.000 motors=[805.13,798.71,805.08,819.45,788.72,798.65,788.77,819.50][0m
[0m[INFO] [1786154537.025181231] [my_drone_dds_wasd_control]: STATE arm=2 nav=14 NED=(-0.057,0.022,-0.332) vel=(-0.005,0.001,-0.368) yaw_deg=94.7 failsafe=False age_s=(0.16,0.02) arm_torque_nm=0.000 motors=[771.60,775.00,771.56,791.16,758.55,774.96,758.59,791.19][0m
[0m[INFO] [1786154538.082635300] [my_drone_dds_wasd_control]: STATE arm=2 nav=14 NED=(0.014,-0.010,-0.355) vel=(0.088,-0.068,-0.145) yaw_deg=94.6 failsafe=False age_s=(0.20,0.01) arm_torque_nm=0.000 motors=[786.88,831.76,786.87,825.19,794.68,831.75,794.70,825.20][0m
[0m[INFO] [1786154539.074206133] [my_drone_dds_wasd_control]: STATE arm=2 nav=14 NED=(0.007,0.014,-0.248) vel=(0.065,-0.042,-0.072) yaw_deg=94.7 failsafe=False age_s=(0.19,0.01) arm_torque_nm=0.000 motors=[809.40,870.07,809.41,878.37,800.46,870.07,800.46,878.36][0m
[0m[INFO] [1786154540.122556193] [my_drone_dds_wasd_control]: STATE arm=2 nav=14 NED=(-0.061,0.054,-0.190) vel=(-0.047,0.074,-0.164) yaw_deg=94.8 failsafe=False age_s=(0.24,0.02) arm_torque_nm=0.000 motors=[784.83,872.03,784.65,871.60,800.53,871.85,800.71,871.78][0m
[0m[INFO] [1786154541.121889968] [my_drone_dds_wasd_control]: STATE arm=2 nav=14 NED=(-0.082,0.065,-0.025) vel=(-0.159,0.019,0.233) yaw_deg=96.7 failsafe=False age_s=(0.23,0.02) arm_torque_nm=0.000 motors=[886.17,897.24,885.03,1000.00,852.10,896.11,853.24,1000.00][0m
[0m[INFO] [1786154542.135165579] [my_drone_dds_wasd_control]: STATE arm=2 nav=14 NED=(-0.209,0.116,0.246) vel=(-0.014,0.028,0.642) yaw_deg=60.4 failsafe=False age_s=(0.22,0.02) arm_torque_nm=0.000 motors=[1000.00,1000.00,1000.00,594.41,607.30,1000.00,588.23,575.34][0m
[0m[INFO] [1786154543.121202363] [my_drone_dds_wasd_control]: STATE arm=2 nav=14 NED=(0.066,-0.171,0.299) vel=(0.300,-0.319,0.212) yaw_deg=79.1 failsafe=False age_s=(0.21,0.02) arm_torque_nm=0.000 motors=[939.31,1000.00,942.13,900.52,900.52,1000.00,897.70,897.71][0m
[0m[INFO] [1786154544.178731826] [my_drone_dds_wasd_control]: STATE arm=2 nav=14 NED=(0.097,0.016,0.089) vel=(-0.048,0.078,0.237) yaw_deg=100.4 failsafe=False age_s=(0.25,0.01) arm_torque_nm=0.000 motors=[855.63,893.43,851.38,1000.00,938.98,889.18,943.23,1000.00][0m
[0m[INFO] [1786154545.235518962] [my_drone_dds_wasd_control]: STATE arm=2 nav=14 NED=(-0.189,-0.010,-0.036) vel=(0.117,-0.028,-0.517) yaw_deg=87.4 failsafe=False age_s=(0.30,0.02) arm_torque_nm=0.194 motors=[772.69,1000.00,777.18,857.63,627.68,1000.00,623.20,853.15][0m
[0m[INFO] [1786154546.223398734] [my_drone_dds_wasd_control]: STATE arm=2 nav=14 NED=(-0.128,-0.018,-0.029) vel=(-0.083,-0.043,-0.150) yaw_deg=99.9 failsafe=False age_s=(0.28,0.01) arm_torque_nm=0.071 motors=[673.68,948.10,670.42,1000.00,837.24,944.85,840.49,1000.00][0m
[0m[INFO] [1786154547.277860808] [my_drone_dds_wasd_control]: STATE arm=2 nav=14 NED=(-0.310,-0.002,-0.029) vel=(-0.219,-0.093,-0.219) yaw_deg=94.1 failsafe=False age_s=(0.32,0.02) arm_torque_nm=0.031 motors=[875.34,982.17,877.50,1000.00,671.72,984.33,669.55,1000.00][0m
[0m[INFO] [1786154548.357932645] [my_drone_dds_wasd_control]: STATE arm=2 nav=14 NED=(-0.458,-0.533,-0.045) vel=(0.240,0.171,-0.024) yaw_deg=102.9 failsafe=False age_s=(0.37,0.01) arm_torque_nm=0.000 motors=[845.85,841.63,842.15,867.39,1000.00,837.92,1000.00,871.09][0m
[0m[INFO] [1786154549.386499234] [my_drone_dds_wasd_control]: STATE arm=2 nav=14 NED=(0.343,0.387,-0.058) vel=(0.501,0.805,0.005) yaw_deg=96.4 failsafe=False age_s=(0.41,0.02) arm_torque_nm=0.000 motors=[882.19,987.30,882.18,1000.00,769.87,987.29,769.88,1000.00][0m
[0m[INFO] [1786154550.388863471] [my_drone_dds_wasd_control]: STATE arm=2 nav=14 NED=(0.291,-0.008,-0.002) vel=(-0.633,-1.296,0.311) yaw_deg=101.6 failsafe=False age_s=(0.40,0.02) arm_torque_nm=0.000 motors=[873.75,984.43,870.36,1000.00,878.82,981.05,882.21,1000.00][0m
[0m[INFO] [1786154551.428842176] [my_drone_dds_wasd_control]: STATE arm=2 nav=14 NED=(-0.907,-1.856,-0.249) vel=(-1.508,-1.885,-0.076) yaw_deg=106.4 failsafe=False age_s=(0.44,0.01) arm_torque_nm=0.001 motors=[849.92,868.43,844.16,1000.00,869.03,862.67,874.79,1000.00][0m
[31m[ERROR] [1786154551.875746547] [my_drone_dds_wasd_control]: Position safety gate exceeded; requesting LAND horizontal=3.08 m vertical=0.71 m[0m
[33m[WARN] [1786154551.912862796] [my_drone_dds_wasd_control]: LAND requested; Offboard setpoint stream stopped[0m
[0m[INFO] [1786154551.952712368] [my_drone_dds_wasd_control]: PX4 command ack: command=21 result=0[0m
[0m[INFO] [1786154552.473675355] [my_drone_dds_wasd_control]: STATE arm=2 nav=18 NED=(-2.441,-3.540,-0.711) vel=(-1.047,-1.135,-0.194) yaw_deg=102.5 failsafe=False age_s=(0.28,0.02) arm_torque_nm=0.000 motors=[867.61,966.78,869.12,823.81,883.92,968.29,882.41,822.30][0m
[0m[INFO] [1786154553.526139181] [my_drone_dds_wasd_control]: STATE arm=2 nav=18 NED=(-2.524,-3.701,-0.797) vel=(-0.022,-0.029,0.547) yaw_deg=108.1 failsafe=False age_s=(0.32,0.01) arm_torque_nm=0.001 motors=[777.68,758.27,776.16,978.64,684.47,756.76,685.99,980.16][0m
[0m[INFO] [1786154554.533102715] [my_drone_dds_wasd_control]: STATE arm=2 nav=18 NED=(-3.006,-4.394,0.038) vel=(-0.544,-0.823,0.420) yaw_deg=107.1 failsafe=False age_s=(0.31,0.01) arm_torque_nm=0.000 motors=[823.95,921.19,823.14,932.29,881.29,920.37,882.10,933.11][0m
[0m[INFO] [1786154555.530958881] [my_drone_dds_wasd_control]: STATE arm=2 nav=18 NED=(-3.357,-4.837,0.650) vel=(-0.169,-0.052,0.431) yaw_deg=103.9 failsafe=False age_s=(0.31,0.01) arm_torque_nm=0.001 motors=[864.56,947.95,865.07,908.17,861.77,948.46,861.27,907.67][0m
[0m[INFO] [1786154556.584521971] [my_drone_dds_wasd_control]: STATE arm=2 nav=18 NED=(-3.347,-5.028,0.807) vel=(0.061,-0.352,0.109) yaw_deg=105.3 failsafe=False age_s=(0.35,0.02) arm_torque_nm=0.462 motors=[661.10,1000.00,663.26,996.98,537.65,1000.00,535.50,994.82][0m
[0m[INFO] [1786154557.575970450] [my_drone_dds_wasd_control]: STATE arm=2 nav=18 NED=(-3.359,-5.452,0.866) vel=(0.073,-0.521,-0.021) yaw_deg=95.4 failsafe=False age_s=(0.34,0.02) arm_torque_nm=0.121 motors=[775.98,1000.00,782.42,845.07,436.53,1000.00,430.08,838.62][0m
[0m[INFO] [1786154558.580231504] [my_drone_dds_wasd_control]: STATE arm=2 nav=18 NED=(-3.378,-5.513,0.747) vel=(0.068,0.050,-0.136) yaw_deg=91.9 failsafe=False age_s=(0.33,0.02) arm_torque_nm=0.046 motors=[675.24,1000.00,681.23,853.02,362.79,1000.00,356.80,847.02][0m
[0m[INFO] [1786154559.633638401] [my_drone_dds_wasd_control]: STATE arm=2 nav=18 NED=(-3.351,-5.466,0.710) vel=(0.078,0.063,-0.116) yaw_deg=99.2 failsafe=False age_s=(0.37,0.01) arm_torque_nm=0.010 motors=[524.68,996.76,526.44,898.62,475.67,998.52,473.92,896.87][0m
[0m[INFO] [1786154560.638444214] [my_drone_dds_wasd_control]: STATE arm=2 nav=18 NED=(-3.316,-5.454,0.644) vel=(-0.043,0.095,-0.175) yaw_deg=118.7 failsafe=False age_s=(0.36,0.01) arm_torque_nm=0.070 motors=[316.03,879.30,311.21,1000.00,509.61,874.47,514.43,1000.00][0m
[0m[INFO] [1786154561.672334608] [my_drone_dds_wasd_control]: STATE arm=2 nav=18 NED=(-3.347,-5.403,0.579) vel=(-0.067,0.146,-0.229) yaw_deg=109.6 failsafe=False age_s=(0.41,0.02) arm_torque_nm=0.017 motors=[424.93,902.39,424.41,893.20,477.91,901.87,478.43,893.73][0m
[0m[INFO] [1786154562.742198332] [my_drone_dds_wasd_control]: STATE arm=2 nav=18 NED=(-3.359,-5.395,0.621) vel=(-0.023,0.003,0.014) yaw_deg=109.7 failsafe=False age_s=(0.45,0.00) arm_torque_nm=0.125 motors=[460.97,848.90,458.55,928.78,583.93,846.48,586.35,931.20][0m
[0m[INFO] [1786154563.727915303] [my_drone_dds_wasd_control]: STATE arm=2 nav=18 NED=(-3.371,-5.417,0.669) vel=(-0.005,-0.041,0.124) yaw_deg=105.9 failsafe=False age_s=(0.43,0.02) arm_torque_nm=0.122 motors=[487.93,891.75,486.73,897.60,582.20,890.56,583.40,898.80][0m
[0m[INFO] [1786154564.776945223] [my_drone_dds_wasd_control]: STATE arm=2 nav=18 NED=(-3.372,-5.427,0.879) vel=(0.020,-0.112,0.313) yaw_deg=108.4 failsafe=False age_s=(0.47,0.01) arm_torque_nm=0.012 motors=[522.96,803.86,519.17,888.18,756.40,800.06,760.19,891.97][0m
[0m[INFO] [1786154565.772645081] [my_drone_dds_wasd_control]: STATE arm=2 nav=18 NED=(-3.354,-5.485,0.997) vel=(-0.007,-0.210,0.373) yaw_deg=111.9 failsafe=False age_s=(0.46,0.01) arm_torque_nm=0.052 motors=[370.85,896.12,365.30,1000.00,611.28,890.57,616.83,1000.00][0m
[0m[INFO] [1786154566.825728088] [my_drone_dds_wasd_control]: STATE arm=2 nav=18 NED=(-3.394,-5.496,0.937) vel=(-0.145,0.010,0.047) yaw_deg=104.3 failsafe=False age_s=(0.00,0.02) arm_torque_nm=0.061 motors=[367.25,876.78,364.42,1000.00,454.59,873.95,457.42,1000.00][0m
[0m[INFO] [1786154567.876714406] [my_drone_dds_wasd_control]: STATE arm=2 nav=18 NED=(-3.408,-5.416,0.929) vel=(-0.023,0.024,0.057) yaw_deg=86.4 failsafe=False age_s=(0.04,0.01) arm_torque_nm=0.234 motors=[568.82,1000.00,575.24,744.02,329.86,1000.00,323.44,737.60][0m
[0m[INFO] [1786154568.926037776] [my_drone_dds_wasd_control]: STATE arm=2 nav=18 NED=(-3.366,-5.421,0.876) vel=(0.070,0.005,-0.119) yaw_deg=101.2 failsafe=False age_s=(0.08,0.02) arm_torque_nm=0.151 motors=[338.34,843.35,336.29,865.92,487.62,841.29,489.67,867.98][0m
[0m[INFO] [1786154569.996316501] [my_drone_dds_wasd_control]: STATE arm=2 nav=18 NED=(-3.378,-5.404,0.673) vel=(-0.015,0.046,-0.321) yaw_deg=102.0 failsafe=False age_s=(0.13,0.01) arm_torque_nm=0.048 motors=[374.55,812.80,375.24,760.40,368.78,813.49,368.08,759.71][0m
[0m[INFO] [1786154571.043867229] [my_drone_dds_wasd_control]: STATE arm=2 nav=18 NED=(-3.351,-5.393,0.541) vel=(0.026,0.079,-0.286) yaw_deg=102.1 failsafe=False age_s=(0.17,0.02) arm_torque_nm=0.053 motors=[357.50,821.48,358.73,740.32,335.39,822.71,334.15,739.09][0m
[0m[INFO] [1786154572.073840036] [my_drone_dds_wasd_control]: STATE arm=2 nav=18 NED=(-3.375,-5.394,0.529) vel=(0.008,0.061,-0.204) yaw_deg=102.1 failsafe=False age_s=(0.21,0.01) arm_torque_nm=0.003 motors=[0.00,216.41,0.00,171.75,0.00,216.59,0.00,171.57][0m
[0m[INFO] [1786154573.123756232] [my_drone_dds_wasd_control]: STATE arm=2 nav=18 NED=(-3.363,-5.421,0.573) vel=(0.018,0.017,-0.121) yaw_deg=102.1 failsafe=False age_s=(0.25,0.02) arm_torque_nm=0.001 motors=[0.00,217.03,0.00,172.36,0.00,217.21,0.00,172.18][0m
[0m[INFO] [1786154573.732254208] [my_drone_dds_wasd_control]: LANDING_DISARMED_CONFIRMED[0m
DDS_DYNAMIC_HOVER_FAIL missing=[] report={'offboard_samples': 29, 'steady_hover_samples': 22, 'max_horizontal_error_m': 2.025686303453721, 'max_height_error_m': 1.4689999999999999, 'takeoff_transient_max_height_error_m': 1.4689999999999999, 'max_state_step_m': 2.2161491375807723, 'max_motor_output': 1000.0, 'motor_saturation_fraction': 0.08796296296296297, 'failsafe_seen': False}
DDS_DYNAMIC_HOVER_METRICS {"failsafe_seen": false, "max_height_error_m": 1.4689999999999999, "max_horizontal_error_m": 2.025686303453721, "max_motor_output": 1000.0, "max_state_step_m": 2.2161491375807723, "motor_saturation_fraction": 0.08796296296296297, "offboard_samples": 29, "steady_hover_samples": 22, "takeoff_transient_max_height_error_m": 1.4689999999999999}
