DDS WASD: T takeoff | W/S/A/D move | R/F up/down | Q/E yaw | L land | O exit Offboard | X twice emergency disarm | Z safe exit
[0m[INFO] [1786153968.349613818] [my_drone_dds_wasd_control]: NED target initialized: N=0.014 E=0.028 D=0.041 yaw=94.7 deg[0m
[0m[INFO] [1786153968.381995590] [my_drone_dds_wasd_control]: local vertical target sign=-1 (target = current + sign * height)[0m
[0m[INFO] [1786153968.624088253] [my_drone_dds_wasd_control]: STATE arm=1 nav=4 NED=(0.027,0.026,0.051) vel=(0.012,0.003,-0.005) yaw_deg=94.7 failsafe=False age_s=(0.05,0.00) arm_torque_nm=0.000 motors=[0.00,0.00,0.00,0.00,0.00,0.00,0.00,0.00][0m
[0m[INFO] [1786153969.629058615] [my_drone_dds_wasd_control]: STATE arm=1 nav=4 NED=(0.036,0.023,0.057) vel=(0.012,0.002,-0.003) yaw_deg=94.7 failsafe=False age_s=(0.04,0.00) arm_torque_nm=0.000 motors=[0.00,0.00,0.00,0.00,0.00,0.00,0.00,0.00][0m
[0m[INFO] [1786153970.756620759] [my_drone_dds_wasd_control]: STATE arm=1 nav=4 NED=(0.021,0.039,0.059) vel=(-0.001,0.010,-0.002) yaw_deg=94.7 failsafe=False age_s=(0.03,0.00) arm_torque_nm=0.000 motors=[0.00,0.00,0.00,0.00,0.00,0.00,0.00,0.00][0m
[0m[INFO] [1786153970.821732585] [my_drone_dds_wasd_control]: target NED=(0.02, 0.04, -1.14) yaw=94.7 deg[0m
[0m[INFO] [1786153970.861626990] [my_drone_dds_wasd_control]: Prestreaming Offboard setpoints for 2 seconds[0m
[0m[INFO] [1786153971.631954943] [my_drone_dds_wasd_control]: STATE arm=1 nav=4 NED=(0.004,0.039,0.057) vel=(-0.007,0.009,-0.004) yaw_deg=94.7 failsafe=False age_s=(0.21,0.00) arm_torque_nm=0.000 motors=[0.00,0.00,0.00,0.00,0.00,0.00,0.00,0.00][0m
[0m[INFO] [1786153972.691148584] [my_drone_dds_wasd_control]: STATE arm=1 nav=4 NED=(-0.001,0.041,0.049) vel=(-0.005,0.009,-0.006) yaw_deg=94.7 failsafe=False age_s=(0.26,0.01) arm_torque_nm=0.000 motors=[0.00,0.00,0.00,0.00,0.00,0.00,0.00,0.00][0m
[0m[INFO] [1786153972.881273410] [my_drone_dds_wasd_control]: OFFBOARD mode and ARM commands sent[0m
[0m[INFO] [1786153972.919062524] [my_drone_dds_wasd_control]: PX4 command ack: command=400 result=0[0m
[0m[INFO] [1786153973.733779540] [my_drone_dds_wasd_control]: STATE arm=2 nav=14 NED=(0.019,0.039,0.045) vel=(0.011,0.008,-0.005) yaw_deg=94.7 failsafe=False age_s=(0.33,0.00) arm_torque_nm=0.000 motors=[0.00,2.52,0.00,1.39,0.53,2.52,0.53,1.39][0m
[0m[INFO] [1786153974.766547057] [my_drone_dds_wasd_control]: STATE arm=2 nav=14 NED=(0.012,0.036,0.052) vel=(0.003,0.004,-0.001) yaw_deg=94.7 failsafe=False age_s=(0.38,0.01) arm_torque_nm=0.000 motors=[197.63,210.47,197.65,211.21,195.60,210.49,195.59,211.20][0m
[0m[INFO] [1786153975.816033579] [my_drone_dds_wasd_control]: STATE arm=2 nav=14 NED=(0.027,0.027,0.067) vel=(0.014,-0.001,0.004) yaw_deg=94.7 failsafe=False age_s=(0.42,0.00) arm_torque_nm=0.000 motors=[482.28,512.39,482.30,514.37,478.77,512.41,478.75,514.35][0m
[0m[INFO] [1786153976.868444004] [my_drone_dds_wasd_control]: STATE arm=2 nav=14 NED=(0.027,0.016,0.061) vel=(0.010,-0.002,-0.150) yaw_deg=94.7 failsafe=False age_s=(0.46,0.01) arm_torque_nm=0.000 motors=[775.86,814.80,775.89,818.18,770.23,814.83,770.20,818.15][0m
[0m[INFO] [1786153977.867586907] [my_drone_dds_wasd_control]: STATE arm=2 nav=14 NED=(0.033,0.022,0.040) vel=(0.012,0.008,-0.166) yaw_deg=94.7 failsafe=False age_s=(0.45,0.01) arm_torque_nm=0.000 motors=[794.58,836.76,794.60,838.40,791.89,836.77,791.88,838.39][0m
[0m[INFO] [1786153978.916855938] [my_drone_dds_wasd_control]: STATE arm=2 nav=14 NED=(0.005,0.025,0.013) vel=(-0.011,0.027,-0.163) yaw_deg=94.8 failsafe=False age_s=(0.50,0.00) arm_torque_nm=0.000 motors=[787.28,809.43,787.26,814.51,784.34,809.40,784.36,814.54][0m
[0m[INFO] [1786153979.972269086] [my_drone_dds_wasd_control]: STATE arm=2 nav=14 NED=(-0.023,0.034,0.008) vel=(-0.024,0.031,-0.104) yaw_deg=94.8 failsafe=False age_s=(0.03,0.01) arm_torque_nm=0.000 motors=[807.18,821.73,807.14,825.37,806.48,821.69,806.52,825.41][0m
[0m[INFO] [1786153981.024407207] [my_drone_dds_wasd_control]: STATE arm=2 nav=14 NED=(0.010,0.027,0.020) vel=(0.001,0.022,-0.019) yaw_deg=94.8 failsafe=False age_s=(0.08,0.00) arm_torque_nm=0.000 motors=[833.55,848.65,833.55,850.27,832.09,848.65,832.09,850.28][0m
[0m[INFO] [1786153982.068194689] [my_drone_dds_wasd_control]: STATE arm=2 nav=14 NED=(-0.002,0.039,0.013) vel=(-0.005,0.031,-0.006) yaw_deg=94.7 failsafe=False age_s=(0.12,0.01) arm_torque_nm=0.000 motors=[838.19,849.18,838.20,850.52,835.99,849.19,835.98,850.51][0m
[0m[INFO] [1786153983.071872947] [my_drone_dds_wasd_control]: STATE arm=2 nav=14 NED=(-0.020,0.060,0.003) vel=(-0.012,0.021,-0.065) yaw_deg=94.9 failsafe=False age_s=(0.11,0.01) arm_torque_nm=0.000 motors=[835.18,852.76,835.15,855.35,835.14,852.73,835.17,855.38][0m
[0m[INFO] [1786153984.108791972] [my_drone_dds_wasd_control]: STATE arm=2 nav=14 NED=(0.005,0.058,-0.005) vel=(-0.001,-0.002,-0.177) yaw_deg=94.7 failsafe=False age_s=(0.10,0.01) arm_torque_nm=0.050 motors=[809.84,832.34,809.86,831.94,808.39,832.36,808.37,831.91][0m
[0m[INFO] [1786153985.130475452] [my_drone_dds_wasd_control]: STATE arm=2 nav=14 NED=(0.019,0.093,0.022) vel=(0.002,0.043,0.029) yaw_deg=94.8 failsafe=False age_s=(0.14,0.00) arm_torque_nm=0.000 motors=[863.72,883.03,863.71,887.69,859.87,883.02,859.88,887.70][0m
[0m[INFO] [1786153986.192039542] [my_drone_dds_wasd_control]: STATE arm=2 nav=14 NED=(0.012,0.077,-0.026) vel=(0.008,-0.045,-0.075) yaw_deg=94.7 failsafe=False age_s=(0.18,0.01) arm_torque_nm=0.159 motors=[847.08,868.35,847.09,872.17,842.30,868.36,842.29,872.16][0m
[0m[INFO] [1786153989.947909182] [my_drone_dds_wasd_control]: STATE arm=2 nav=14 NED=(0.016,0.097,-0.012) vel=(-0.001,0.053,0.076) yaw_deg=94.9 failsafe=False age_s=(0.20,0.02) arm_torque_nm=0.000 motors=[879.54,902.40,879.49,908.28,877.99,902.35,878.04,908.33][0m
[0m[INFO] [1786153990.928237513] [my_drone_dds_wasd_control]: STATE arm=2 nav=14 NED=(0.029,0.048,-0.074) vel=(0.006,-0.028,-0.066) yaw_deg=94.7 failsafe=False age_s=(0.24,0.01) arm_torque_nm=0.110 motors=[860.82,869.84,860.84,873.37,855.27,869.87,855.25,873.35][0m
[0m[INFO] [1786153991.972327316] [my_drone_dds_wasd_control]: STATE arm=2 nav=14 NED=(-0.004,0.081,-0.111) vel=(-0.018,0.049,-0.053) yaw_deg=94.8 failsafe=False age_s=(0.29,0.02) arm_torque_nm=0.062 motors=[866.20,884.19,866.26,884.34,860.76,884.25,860.69,884.28][0m
[0m[INFO] [1786153993.022748780] [my_drone_dds_wasd_control]: STATE arm=2 nav=14 NED=(-0.021,0.102,-0.162) vel=(-0.006,0.020,-0.066) yaw_deg=94.8 failsafe=False age_s=(0.33,0.01) arm_torque_nm=0.056 motors=[864.03,881.88,864.00,886.29,862.34,881.85,862.37,886.32][0m
[0m[INFO] [1786153994.064747606] [my_drone_dds_wasd_control]: STATE arm=2 nav=14 NED=(-0.032,0.124,-0.254) vel=(0.005,0.013,-0.073) yaw_deg=94.7 failsafe=False age_s=(0.37,0.02) arm_torque_nm=0.000 motors=[862.25,880.54,862.22,884.46,860.06,880.52,860.08,884.48][0m
[0m[INFO] [1786153995.115303697] [my_drone_dds_wasd_control]: STATE arm=2 nav=14 NED=(-0.009,0.142,-0.408) vel=(0.015,-0.001,-0.047) yaw_deg=94.7 failsafe=False age_s=(0.41,0.01) arm_torque_nm=0.000 motors=[862.65,880.28,862.65,884.06,859.42,880.27,859.43,884.07][0m
[0m[INFO] [1786153996.182487056] [my_drone_dds_wasd_control]: STATE arm=2 nav=14 NED=(0.002,0.136,-0.506) vel=(0.001,-0.011,-0.002) yaw_deg=94.6 failsafe=False age_s=(0.45,0.02) arm_torque_nm=0.000 motors=[870.11,887.34,870.13,890.09,865.54,887.36,865.52,890.07][0m
[0m[INFO] [1786153997.171676227] [my_drone_dds_wasd_control]: STATE arm=2 nav=14 NED=(0.009,0.125,-0.598) vel=(0.002,-0.010,0.029) yaw_deg=94.7 failsafe=False age_s=(0.45,0.02) arm_torque_nm=0.000 motors=[872.60,890.27,872.60,893.93,869.14,890.27,869.14,893.94][0m
[0m[INFO] [1786153998.174724701] [my_drone_dds_wasd_control]: STATE arm=2 nav=14 NED=(0.022,0.121,-0.699) vel=(0.003,-0.003,-0.011) yaw_deg=94.7 failsafe=False age_s=(0.44,0.02) arm_torque_nm=0.000 motors=[862.93,879.42,862.92,884.41,858.68,879.41,858.69,884.42][0m
[0m[INFO] [1786153999.223488919] [my_drone_dds_wasd_control]: STATE arm=2 nav=14 NED=(0.005,0.112,-0.802) vel=(-0.008,-0.006,0.045) yaw_deg=94.7 failsafe=False age_s=(0.48,0.01) arm_torque_nm=0.000 motors=[866.56,884.12,866.57,887.80,862.58,884.13,862.58,887.79][0m
[0m[INFO] [1786154000.219254894] [my_drone_dds_wasd_control]: STATE arm=2 nav=14 NED=(-0.010,0.111,-0.920) vel=(-0.003,-0.002,0.011) yaw_deg=94.7 failsafe=False age_s=(0.47,0.01) arm_torque_nm=0.050 motors=[858.39,875.91,858.39,878.61,855.10,875.92,855.09,878.60][0m
[0m[INFO] [1786154001.295861034] [my_drone_dds_wasd_control]: STATE arm=2 nav=14 NED=(0.000,0.117,-0.929) vel=(0.001,0.003,0.094) yaw_deg=94.7 failsafe=False age_s=(0.46,0.01) arm_torque_nm=0.000 motors=[874.47,892.61,874.47,896.66,870.88,892.60,870.89,896.67][0m
[0m[INFO] [1786154002.228058907] [my_drone_dds_wasd_control]: STATE arm=2 nav=14 NED=(-0.015,0.106,-0.891) vel=(-0.003,-0.005,0.045) yaw_deg=94.7 failsafe=False age_s=(0.45,0.00) arm_torque_nm=0.000 motors=[874.47,892.04,874.49,893.89,870.73,892.06,870.71,893.87][0m
[0m[INFO] [1786154003.290746961] [my_drone_dds_wasd_control]: STATE arm=2 nav=14 NED=(0.020,0.081,-0.921) vel=(0.017,-0.009,-0.025) yaw_deg=94.7 failsafe=False age_s=(0.49,0.01) arm_torque_nm=0.021 motors=[860.41,877.10,860.42,880.00,856.97,877.11,856.97,879.99][0m
[0m[INFO] [1786154004.330892624] [my_drone_dds_wasd_control]: STATE arm=2 nav=14 NED=(0.067,0.049,-0.777) vel=(0.005,-0.055,-0.030) yaw_deg=94.8 failsafe=False age_s=(0.03,0.02) arm_torque_nm=0.014 motors=[867.48,866.78,867.43,869.00,869.59,866.73,869.64,869.05][0m
[0m[INFO] [1786154005.385201966] [my_drone_dds_wasd_control]: STATE arm=2 nav=14 NED=(0.050,0.083,-0.749) vel=(-0.016,0.036,-0.109) yaw_deg=94.7 failsafe=False age_s=(0.07,0.01) arm_torque_nm=0.000 motors=[858.88,870.78,858.86,874.02,858.05,870.75,858.08,874.05][0m
[0m[INFO] [1786154006.423786933] [my_drone_dds_wasd_control]: STATE arm=2 nav=14 NED=(0.058,0.125,-0.748) vel=(-0.001,0.034,-0.042) yaw_deg=94.6 failsafe=False age_s=(0.11,0.00) arm_torque_nm=0.000 motors=[871.26,889.03,871.27,891.87,867.65,889.04,867.64,891.86][0m
[0m[INFO] [1786154007.421388165] [my_drone_dds_wasd_control]: STATE arm=2 nav=14 NED=(0.055,0.168,-0.858) vel=(-0.010,0.015,-0.102) yaw_deg=94.7 failsafe=False age_s=(0.10,0.00) arm_torque_nm=0.000 motors=[854.88,872.78,854.89,875.96,851.12,872.78,851.11,875.95][0m
[0m[INFO] [1786154008.468329229] [my_drone_dds_wasd_control]: STATE arm=2 nav=14 NED=(0.001,0.144,-1.005) vel=(-0.023,-0.018,-0.008) yaw_deg=94.6 failsafe=False age_s=(0.15,0.01) arm_torque_nm=0.000 motors=[864.43,881.91,864.44,884.61,860.84,881.92,860.83,884.60][0m
[0m[INFO] [1786154009.468038756] [my_drone_dds_wasd_control]: STATE arm=2 nav=14 NED=(-0.029,0.143,-1.073) vel=(-0.001,-0.002,0.006) yaw_deg=94.8 failsafe=False age_s=(0.14,0.01) arm_torque_nm=0.000 motors=[863.42,880.48,863.40,885.05,860.48,880.46,860.50,885.07][0m
[0m[INFO] [1786154010.465939164] [my_drone_dds_wasd_control]: STATE arm=2 nav=14 NED=(-0.015,0.143,-1.124) vel=(0.007,-0.007,0.022) yaw_deg=94.7 failsafe=False age_s=(0.13,0.01) arm_torque_nm=0.000 motors=[863.58,881.41,863.57,885.27,861.10,881.40,861.12,885.29][0m
[0m[INFO] [1786154011.515703677] [my_drone_dds_wasd_control]: STATE arm=2 nav=14 NED=(-0.019,0.123,-1.123) vel=(0.004,-0.015,0.085) yaw_deg=94.7 failsafe=False age_s=(0.17,0.00) arm_torque_nm=0.000 motors=[875.61,893.61,875.61,896.93,871.81,893.62,871.80,896.93][0m
[0m[INFO] [1786154012.520180681] [my_drone_dds_wasd_control]: STATE arm=2 nav=14 NED=(-0.027,0.091,-1.097) vel=(0.006,-0.016,0.056) yaw_deg=94.7 failsafe=False age_s=(0.16,0.00) arm_torque_nm=0.000 motors=[859.00,875.75,859.01,879.18,855.15,875.75,855.15,879.18][0m
[0m[INFO] [1786154013.572245038] [my_drone_dds_wasd_control]: STATE arm=2 nav=14 NED=(-0.010,0.112,-1.041) vel=(0.015,0.008,0.170) yaw_deg=94.7 failsafe=False age_s=(0.21,0.01) arm_torque_nm=0.000 motors=[895.10,914.54,895.10,918.01,890.88,914.55,890.87,918.00][0m
[0m[INFO] [1786154014.582626534] [my_drone_dds_wasd_control]: STATE arm=2 nav=14 NED=(0.026,0.147,-0.863) vel=(0.013,0.007,0.277) yaw_deg=94.7 failsafe=False age_s=(0.20,0.01) arm_torque_nm=0.000 motors=[930.54,952.02,930.54,956.33,926.23,952.02,926.23,956.33][0m
[0m[INFO] [1786154015.627038186] [my_drone_dds_wasd_control]: STATE arm=2 nav=14 NED=(0.023,0.145,-0.748) vel=(-0.004,-0.005,0.016) yaw_deg=94.7 failsafe=False age_s=(0.24,0.02) arm_torque_nm=0.000 motors=[885.25,905.10,885.25,909.61,880.30,905.11,880.29,909.60][0m
[0m[INFO] [1786154016.633065036] [my_drone_dds_wasd_control]: STATE arm=2 nav=14 NED=(0.007,0.119,-0.675) vel=(-0.009,-0.016,0.020) yaw_deg=94.7 failsafe=False age_s=(0.23,0.02) arm_torque_nm=0.000 motors=[896.73,916.31,896.80,916.50,891.26,916.37,891.20,916.44][0m
[0m[INFO] [1786154017.676790884] [my_drone_dds_wasd_control]: STATE arm=2 nav=14 NED=(0.003,0.137,-0.734) vel=(0.002,-0.002,-0.245) yaw_deg=94.7 failsafe=False age_s=(0.27,0.01) arm_torque_nm=0.000 motors=[834.00,865.66,833.97,872.71,829.11,865.63,829.14,872.74][0m
[0m[INFO] [1786154018.715966891] [my_drone_dds_wasd_control]: STATE arm=2 nav=14 NED=(0.004,0.155,-0.783) vel=(0.003,-0.008,-0.181) yaw_deg=94.7 failsafe=False age_s=(0.27,0.01) arm_torque_nm=0.000 motors=[845.07,874.87,845.07,880.43,839.65,874.87,839.66,880.43][0m
[0m[INFO] [1786154019.733021838] [my_drone_dds_wasd_control]: STATE arm=2 nav=14 NED=(-0.006,0.155,-0.609) vel=(-0.008,-0.039,0.221) yaw_deg=94.7 failsafe=False age_s=(0.31,0.00) arm_torque_nm=0.000 motors=[922.59,992.78,922.58,1000.00,908.46,992.77,908.46,1000.00][0m
[0m[INFO] [1786154020.766263726] [my_drone_dds_wasd_control]: STATE arm=2 nav=14 NED=(-0.063,0.012,-0.708) vel=(-0.066,-0.109,-0.119) yaw_deg=95.6 failsafe=False age_s=(0.35,0.01) arm_torque_nm=0.074 motors=[858.59,873.35,857.97,916.53,867.11,872.73,867.73,917.15][0m
[0m[INFO] [1786154021.767602933] [my_drone_dds_wasd_control]: STATE arm=2 nav=14 NED=(-0.061,0.020,-1.096) vel=(0.054,0.081,-0.088) yaw_deg=94.3 failsafe=False age_s=(0.34,0.01) arm_torque_nm=0.069 motors=[855.15,871.73,855.20,876.38,846.43,871.78,846.38,876.33][0m
[0m[INFO] [1786154025.728487711] [my_drone_dds_wasd_control]: STATE arm=2 nav=14 NED=(0.010,0.109,-1.418) vel=(0.042,0.064,0.007) yaw_deg=94.7 failsafe=False age_s=(0.38,0.02) arm_torque_nm=0.000 motors=[841.46,860.40,841.37,868.11,841.75,860.31,841.85,868.21][0m
[0m[INFO] [1786154026.727081787] [my_drone_dds_wasd_control]: STATE arm=2 nav=14 NED=(0.018,0.150,-1.511) vel=(0.005,0.016,0.124) yaw_deg=94.6 failsafe=False age_s=(0.37,0.02) arm_torque_nm=0.000 motors=[867.51,884.39,867.54,887.27,862.71,884.41,862.69,887.24][0m
[0m[INFO] [1786154027.768956587] [my_drone_dds_wasd_control]: STATE arm=2 nav=14 NED=(0.005,0.141,-1.410) vel=(-0.001,-0.005,0.043) yaw_deg=94.7 failsafe=False age_s=(0.41,0.01) arm_torque_nm=0.009 motors=[858.04,874.87,858.03,879.01,854.69,874.86,854.70,879.02][0m
[0m[INFO] [1786154028.770143013] [my_drone_dds_wasd_control]: STATE arm=2 nav=14 NED=(0.003,0.149,-1.310) vel=(0.002,-0.003,0.093) yaw_deg=94.7 failsafe=False age_s=(0.41,0.01) arm_torque_nm=0.013 motors=[871.79,889.70,871.77,894.16,868.54,889.68,868.55,894.18][0m
[0m[INFO] [1786154029.822009365] [my_drone_dds_wasd_control]: STATE arm=2 nav=14 NED=(-0.028,0.169,-1.213) vel=(-0.008,-0.003,0.087) yaw_deg=94.7 failsafe=False age_s=(0.45,0.02) arm_torque_nm=0.003 motors=[876.53,894.73,876.51,899.22,872.98,894.72,872.99,899.24][0m
[0m[INFO] [1786154030.819254167] [my_drone_dds_wasd_control]: STATE arm=2 nav=14 NED=(-0.050,0.151,-1.168) vel=(0.001,-0.017,0.042) yaw_deg=94.7 failsafe=False age_s=(0.44,0.02) arm_torque_nm=0.010 motors=[874.44,893.18,874.44,896.53,871.34,893.18,871.34,896.53][0m
[0m[INFO] [1786154031.879995432] [my_drone_dds_wasd_control]: STATE arm=2 nav=14 NED=(-0.003,0.119,-1.210) vel=(0.029,-0.016,0.034) yaw_deg=94.7 failsafe=False age_s=(0.48,0.01) arm_torque_nm=0.008 motors=[867.93,884.62,867.93,888.73,864.08,884.62,864.08,888.73][0m
[0m[INFO] [1786154032.870418950] [my_drone_dds_wasd_control]: STATE arm=2 nav=14 NED=(0.019,0.092,-1.131) vel=(0.001,-0.025,-0.151) yaw_deg=94.7 failsafe=False age_s=(0.47,0.01) arm_torque_nm=0.034 motors=[835.44,858.88,835.41,864.45,831.80,858.86,831.83,864.48][0m
[0m[INFO] [1786154033.882909053] [my_drone_dds_wasd_control]: STATE arm=2 nav=14 NED=(-0.002,0.083,-0.983) vel=(-0.008,0.021,-0.010) yaw_deg=94.7 failsafe=False age_s=(0.47,0.01) arm_torque_nm=0.008 motors=[870.88,890.28,870.87,894.49,867.01,890.28,867.01,894.49][0m
[0m[INFO] [1786154034.883375669] [my_drone_dds_wasd_control]: STATE arm=2 nav=14 NED=(-0.022,0.100,-0.873) vel=(-0.004,0.014,-0.061) yaw_deg=94.7 failsafe=False age_s=(0.46,0.01) arm_torque_nm=0.043 motors=[868.17,885.79,868.16,890.38,864.47,885.78,864.48,890.39][0m
[0m[INFO] [1786154035.972360734] [my_drone_dds_wasd_control]: STATE arm=2 nav=14 NED=(-0.019,0.062,-0.654) vel=(-0.005,-0.042,-0.051) yaw_deg=95.0 failsafe=False age_s=(0.50,0.02) arm_torque_nm=0.000 motors=[873.50,889.82,873.34,899.65,877.44,889.65,877.60,899.81][0m
[0m[INFO] [1786154037.004935555] [my_drone_dds_wasd_control]: STATE arm=2 nav=14 NED=(-0.005,0.039,-0.639) vel=(0.017,0.025,-0.166) yaw_deg=94.7 failsafe=False age_s=(0.03,0.01) arm_torque_nm=0.000 motors=[856.31,871.65,856.22,878.88,856.36,871.56,856.45,878.96][0m
[0m[INFO] [1786154038.020531989] [my_drone_dds_wasd_control]: STATE arm=2 nav=14 NED=(0.028,0.079,-0.612) vel=(0.001,0.004,-0.187) yaw_deg=95.0 failsafe=False age_s=(0.08,0.02) arm_torque_nm=0.003 motors=[859.73,872.45,859.44,896.90,859.54,872.17,859.83,897.19][0m
DYNAMIC_HOVER_SENT_LAND
[33m[WARN] [1786154038.547271322] [my_drone_dds_wasd_control]: LAND requested; Offboard setpoint stream stopped[0m
[0m[INFO] [1786154038.571251257] [my_drone_dds_wasd_control]: PX4 command ack: command=21 result=0[0m
[0m[INFO] [1786154039.021799073] [my_drone_dds_wasd_control]: STATE arm=2 nav=18 NED=(0.023,0.084,-0.715) vel=(-0.002,0.022,0.488) yaw_deg=94.4 failsafe=False age_s=(0.17,0.02) arm_torque_nm=0.008 motors=[770.17,799.08,770.20,805.64,760.99,799.11,760.95,805.61][0m
[0m[INFO] [1786154040.022034978] [my_drone_dds_wasd_control]: STATE arm=2 nav=18 NED=(-0.006,0.033,-0.062) vel=(-0.019,-0.119,0.509) yaw_deg=94.9 failsafe=False age_s=(0.18,0.02) arm_torque_nm=0.009 motors=[869.48,903.51,869.10,940.08,864.78,903.13,865.16,940.46][0m
[0m[INFO] [1786154041.066105804] [my_drone_dds_wasd_control]: STATE arm=2 nav=18 NED=(-0.008,-0.019,-0.043) vel=(-0.006,-0.030,-0.141) yaw_deg=95.1 failsafe=False age_s=(0.22,0.01) arm_torque_nm=0.000 motors=[711.13,758.82,710.67,792.65,715.49,758.36,715.95,793.11][0m
[0m[INFO] [1786154042.068234692] [my_drone_dds_wasd_control]: STATE arm=2 nav=18 NED=(0.004,-0.001,-0.124) vel=(0.029,0.003,-0.153) yaw_deg=95.1 failsafe=False age_s=(0.21,0.01) arm_torque_nm=0.000 motors=[674.70,743.19,674.09,778.65,690.29,742.58,690.90,779.26][0m
[0m[INFO] [1786154043.121000382] [my_drone_dds_wasd_control]: STATE arm=2 nav=18 NED=(0.028,0.016,-0.150) vel=(0.055,0.055,-0.116) yaw_deg=95.0 failsafe=False age_s=(0.26,0.02) arm_torque_nm=0.000 motors=[673.02,734.20,672.35,759.55,703.79,733.53,704.46,760.22][0m
[0m[INFO] [1786154044.166878148] [my_drone_dds_wasd_control]: STATE arm=2 nav=18 NED=(0.010,-0.001,-0.191) vel=(0.015,0.014,-0.130) yaw_deg=95.1 failsafe=False age_s=(0.30,0.01) arm_torque_nm=0.000 motors=[650.59,716.42,649.78,749.55,685.93,715.60,686.75,750.37][0m
[0m[INFO] [1786154045.168951501] [my_drone_dds_wasd_control]: STATE arm=2 nav=18 NED=(-0.011,0.005,-0.161) vel=(-0.016,0.013,-0.050) yaw_deg=95.1 failsafe=False age_s=(0.29,0.01) arm_torque_nm=0.000 motors=[649.99,715.53,649.06,759.23,683.57,714.61,684.49,760.15][0m
[0m[INFO] [1786154046.170377736] [my_drone_dds_wasd_control]: STATE arm=2 nav=18 NED=(-0.004,-0.023,-0.127) vel=(-0.019,-0.024,-0.067) yaw_deg=95.0 failsafe=False age_s=(0.28,0.01) arm_torque_nm=0.000 motors=[630.14,704.71,629.15,758.82,658.96,703.72,659.95,759.81][0m
[0m[INFO] [1786154047.223959042] [my_drone_dds_wasd_control]: STATE arm=2 nav=18 NED=(0.026,-0.011,-0.018) vel=(0.007,-0.004,0.179) yaw_deg=94.9 failsafe=False age_s=(0.32,0.02) arm_torque_nm=0.000 motors=[658.18,742.93,657.18,795.35,690.13,741.92,691.14,796.36][0m
[0m[INFO] [1786154048.235397753] [my_drone_dds_wasd_control]: STATE arm=2 nav=18 NED=(0.019,-0.045,0.069) vel=(-0.000,-0.039,0.168) yaw_deg=94.8 failsafe=False age_s=(0.32,0.02) arm_torque_nm=0.000 motors=[632.24,746.87,631.21,790.01,674.83,745.85,675.85,791.03][0m
[0m[INFO] [1786154049.255787787] [my_drone_dds_wasd_control]: STATE arm=2 nav=18 NED=(-0.014,-0.028,0.121) vel=(-0.054,0.011,0.143) yaw_deg=94.5 failsafe=False age_s=(0.31,0.02) arm_torque_nm=0.000 motors=[636.13,723.74,635.19,790.95,647.44,722.80,648.38,791.89][0m
[0m[INFO] [1786154050.291586686] [my_drone_dds_wasd_control]: STATE arm=2 nav=18 NED=(-0.022,-0.010,0.121) vel=(-0.034,-0.007,0.008) yaw_deg=94.3 failsafe=False age_s=(0.35,0.01) arm_torque_nm=0.000 motors=[604.18,696.24,603.42,758.03,606.25,695.47,607.01,758.79][0m
[0m[INFO] [1786154051.293147354] [my_drone_dds_wasd_control]: STATE arm=2 nav=18 NED=(-0.039,-0.012,0.092) vel=(-0.076,0.025,0.000) yaw_deg=94.2 failsafe=False age_s=(0.34,0.00) arm_torque_nm=0.000 motors=[608.32,661.85,607.68,737.63,586.47,661.21,587.11,738.27][0m
[0m[INFO] [1786154052.286078948] [my_drone_dds_wasd_control]: STATE arm=2 nav=18 NED=(-0.045,0.000,0.002) vel=(-0.034,0.037,-0.078) yaw_deg=94.1 failsafe=False age_s=(0.33,0.00) arm_torque_nm=0.000 motors=[575.75,656.39,575.23,725.82,550.28,655.87,550.80,726.35][0m
[0m[INFO] [1786154053.366914411] [my_drone_dds_wasd_control]: STATE arm=2 nav=18 NED=(-0.040,0.004,-0.007) vel=(-0.011,0.021,-0.049) yaw_deg=93.8 failsafe=False age_s=(0.32,0.00) arm_torque_nm=0.000 motors=[580.61,655.75,580.33,714.55,545.43,655.47,545.72,714.83][0m
[0m[INFO] [1786154054.323908113] [my_drone_dds_wasd_control]: STATE arm=2 nav=18 NED=(-0.027,0.004,0.014) vel=(0.008,-0.009,0.049) yaw_deg=93.7 failsafe=False age_s=(0.36,0.01) arm_torque_nm=0.000 motors=[576.42,671.79,576.37,723.97,528.58,671.73,528.64,724.02][0m
[0m[INFO] [1786154055.376306084] [my_drone_dds_wasd_control]: STATE arm=2 nav=18 NED=(-0.019,0.004,0.061) vel=(0.026,0.012,0.106) yaw_deg=93.5 failsafe=False age_s=(0.41,0.00) arm_torque_nm=0.000 motors=[578.71,686.04,578.94,718.09,527.01,686.28,526.78,717.85][0m
[0m[INFO] [1786154056.377743900] [my_drone_dds_wasd_control]: STATE arm=2 nav=18 NED=(0.024,0.002,0.067) vel=(0.062,0.024,0.029) yaw_deg=93.4 failsafe=False age_s=(0.40,0.00) arm_torque_nm=0.000 motors=[551.61,679.31,552.16,682.44,502.66,679.85,502.11,681.89][0m
[0m[INFO] [1786154057.425591513] [my_drone_dds_wasd_control]: STATE arm=2 nav=18 NED=(0.023,-0.009,0.107) vel=(0.044,-0.014,0.084) yaw_deg=93.2 failsafe=False age_s=(0.44,0.01) arm_torque_nm=0.000 motors=[0.00,50.54,0.00,71.29,0.00,50.64,0.00,71.20][0m
[0m[INFO] [1786154061.227185313] [my_drone_dds_wasd_control]: STATE arm=2 nav=18 NED=(0.011,-0.009,0.121) vel=(0.023,-0.024,0.055) yaw_deg=93.2 failsafe=False age_s=(0.47,0.01) arm_torque_nm=0.000 motors=[0.00,49.83,0.00,71.49,0.00,49.92,0.00,71.39][0m
[0m[INFO] [1786154061.945251731] [my_drone_dds_wasd_control]: LANDING_DISARMED_CONFIRMED[0m
DDS_DYNAMIC_HOVER_METRICS {"failsafe_seen": false, "max_height_error_m": 1.162, "max_horizontal_error_m": 0.13764083696345356, "max_motor_output": 956.33, "max_state_step_m": 0.3880876189728295, "motor_saturation_fraction": 0.0, "offboard_samples": 58, "steady_hover_samples": 51, "takeoff_transient_max_height_error_m": 1.2069999999999999}
DDS_DYNAMIC_HOVER_PASS
