DDS WASD: T takeoff | W/S/A/D move | R/F up/down | Q/E yaw | L land | O exit Offboard | X twice emergency disarm | Z safe exit
[0m[INFO] [1786171171.386082967] [my_drone_dds_wasd_control]: NED target initialized: N=-0.015 E=0.002 D=0.069 yaw=99.8 deg[0m
[0m[INFO] [1786171171.416917881] [my_drone_dds_wasd_control]: local vertical target sign=-1 (target = current + sign * height)[0m
[0m[INFO] [1786171171.473326292] [my_drone_dds_wasd_control]: STATE arm=1 nav=4 NED=(-0.012,-0.003,0.072) vel=(0.012,-0.008,0.006) yaw_deg=99.8 failsafe=False age_s=(0.03,0.02) arm_torque_nm=0.000 motors=[0.00,0.00,0.00,0.00,0.00,0.00,0.00,0.00][0m
[0m[INFO] [1786171172.473897208] [my_drone_dds_wasd_control]: STATE arm=1 nav=4 NED=(-0.002,-0.008,0.082) vel=(0.015,-0.008,0.007) yaw_deg=99.8 failsafe=False age_s=(0.13,0.02) arm_torque_nm=0.000 motors=[0.00,0.00,0.00,0.00,0.00,0.00,0.00,0.00][0m
[0m[INFO] [1786171173.501967188] [my_drone_dds_wasd_control]: STATE arm=1 nav=4 NED=(0.012,0.000,0.074) vel=(0.018,-0.001,0.006) yaw_deg=99.8 failsafe=False age_s=(0.12,0.02) arm_torque_nm=0.000 motors=[0.00,0.00,0.00,0.00,0.00,0.00,0.00,0.00][0m
[0m[INFO] [1786171173.530222104] [my_drone_dds_wasd_control]: target NED=(0.01, 0.00, -1.13) yaw=99.8 deg[0m
[0m[INFO] [1786171173.558580047] [my_drone_dds_wasd_control]: Prestreaming Offboard setpoints for 2 seconds[0m
[0m[INFO] [1786171174.519046444] [my_drone_dds_wasd_control]: STATE arm=1 nav=4 NED=(0.010,-0.001,0.056) vel=(0.014,0.000,0.002) yaw_deg=99.8 failsafe=False age_s=(0.43,0.01) arm_torque_nm=0.000 motors=[0.00,0.00,0.00,0.00,0.00,0.00,0.00,0.00][0m
[0m[INFO] [1786171175.523267563] [my_drone_dds_wasd_control]: STATE arm=1 nav=4 NED=(0.001,-0.004,0.050) vel=(0.008,-0.002,0.001) yaw_deg=99.8 failsafe=False age_s=(0.42,0.01) arm_torque_nm=0.000 motors=[0.00,0.00,0.00,0.00,0.00,0.00,0.00,0.00][0m
[0m[INFO] [1786171175.575731174] [my_drone_dds_wasd_control]: OFFBOARD mode and ARM commands sent[0m
[0m[INFO] [1786171175.596233306] [my_drone_dds_wasd_control]: PX4 command ack: command=400 result=0[0m
[0m[INFO] [1786171176.523316798] [my_drone_dds_wasd_control]: STATE arm=2 nav=14 NED=(-0.011,0.003,0.057) vel=(0.001,0.003,0.002) yaw_deg=99.8 failsafe=False age_s=(0.44,0.01) arm_torque_nm=0.000 motors=[1.89,0.05,1.89,0.61,1.45,0.05,1.45,0.61][0m
[0m[INFO] [1786171177.529484454] [my_drone_dds_wasd_control]: STATE arm=2 nav=14 NED=(-0.040,0.003,0.067) vel=(-0.005,-0.002,-0.014) yaw_deg=99.9 failsafe=False age_s=(0.43,0.01) arm_torque_nm=0.000 motors=[725.63,788.91,725.63,783.87,730.79,788.91,730.79,783.87][0m
[0m[INFO] [1786171178.572038194] [my_drone_dds_wasd_control]: STATE arm=2 nav=14 NED=(-0.012,-0.004,0.046) vel=(0.007,-0.004,0.148) yaw_deg=99.8 failsafe=False age_s=(0.47,0.02) arm_torque_nm=0.000 motors=[770.30,809.48,770.30,817.45,762.39,809.48,762.39,817.45][0m
[0m[INFO] [1786171179.584984594] [my_drone_dds_wasd_control]: STATE arm=2 nav=14 NED=(-0.010,-0.000,0.025) vel=(0.007,-0.005,0.112) yaw_deg=99.8 failsafe=False age_s=(0.46,0.02) arm_torque_nm=0.000 motors=[775.38,813.96,775.39,822.26,766.89,813.96,766.88,822.26][0m
[0m[INFO] [1786171180.573337314] [my_drone_dds_wasd_control]: STATE arm=2 nav=14 NED=(-0.045,-0.004,-0.021) vel=(-0.012,-0.008,0.028) yaw_deg=99.8 failsafe=False age_s=(0.45,0.02) arm_torque_nm=0.000 motors=[769.64,807.81,769.65,816.13,761.16,807.81,761.16,816.13][0m
[0m[INFO] [1786171181.631564863] [my_drone_dds_wasd_control]: STATE arm=2 nav=14 NED=(-0.041,-0.008,-0.006) vel=(-0.002,-0.020,0.071) yaw_deg=99.9 failsafe=False age_s=(0.50,0.01) arm_torque_nm=0.000 motors=[788.58,830.46,788.57,839.50,781.10,830.44,781.12,839.52][0m
[0m[INFO] [1786171182.626649557] [my_drone_dds_wasd_control]: STATE arm=2 nav=14 NED=(-0.026,-0.022,-0.033) vel=(0.008,-0.026,0.014) yaw_deg=100.1 failsafe=False age_s=(0.49,0.01) arm_torque_nm=0.000 motors=[793.80,835.57,793.75,845.38,787.82,835.52,787.87,845.43][0m
[0m[INFO] [1786171183.672471956] [my_drone_dds_wasd_control]: STATE arm=2 nav=14 NED=(-0.017,0.073,-0.026) vel=(-0.081,0.540,0.033) yaw_deg=99.5 failsafe=False age_s=(0.03,0.02) arm_torque_nm=0.000 motors=[855.48,804.31,855.56,811.19,841.83,804.39,841.75,811.11][0m
[0m[INFO] [1786171184.673970610] [my_drone_dds_wasd_control]: STATE arm=2 nav=14 NED=(-0.047,1.078,0.086) vel=(-0.040,1.174,0.076) yaw_deg=93.1 failsafe=False age_s=(0.52,0.02) arm_torque_nm=0.068 motors=[833.89,911.09,834.70,885.50,792.14,911.90,791.34,884.69][0m
[0m[INFO] [1786171185.729721047] [my_drone_dds_wasd_control]: STATE arm=2 nav=14 NED=(0.036,1.006,0.246) vel=(0.153,-1.351,0.185) yaw_deg=98.1 failsafe=False age_s=(0.47,0.01) arm_torque_nm=0.001 motors=[842.06,973.84,841.89,991.70,837.95,973.68,838.12,991.86][0m
[0m[INFO] [1786171186.727354552] [my_drone_dds_wasd_control]: STATE arm=2 nav=14 NED=(0.153,-1.290,0.334) vel=(0.008,-2.547,-0.055) yaw_deg=103.3 failsafe=False age_s=(0.46,0.01) arm_torque_nm=0.000 motors=[852.73,868.43,851.63,964.41,849.03,867.33,850.13,965.51][0m
[0m[INFO] [1786171190.524882973] [my_drone_dds_wasd_control]: STATE arm=2 nav=14 NED=(-0.386,-2.923,0.205) vel=(-0.808,-0.570,-0.124) yaw_deg=102.8 failsafe=False age_s=(0.47,0.01) arm_torque_nm=0.000 motors=[860.57,863.11,860.12,885.17,876.65,862.66,877.11,885.62][0m
[0m[INFO] [1786171191.570141174] [my_drone_dds_wasd_control]: STATE arm=2 nav=14 NED=(-0.934,-2.389,0.044) vel=(0.052,0.741,-0.203) yaw_deg=96.1 failsafe=False age_s=(0.01,0.02) arm_torque_nm=0.000 motors=[816.90,922.16,817.44,884.48,809.46,922.69,808.92,883.94][0m
[0m[INFO] [1786171192.622934096] [my_drone_dds_wasd_control]: STATE arm=2 nav=14 NED=(-0.485,-2.209,-0.150) vel=(0.469,-0.279,-0.205) yaw_deg=96.1 failsafe=False age_s=(0.05,0.01) arm_torque_nm=0.000 motors=[843.77,872.17,844.11,886.92,800.59,872.51,800.25,886.58][0m
[0m[INFO] [1786171193.629302294] [my_drone_dds_wasd_control]: STATE arm=2 nav=14 NED=(-0.397,-2.393,-0.307) vel=(-0.161,0.241,-0.128) yaw_deg=100.1 failsafe=False age_s=(0.05,0.01) arm_torque_nm=0.000 motors=[837.90,849.45,837.59,870.69,842.85,849.14,843.16,871.00][0m
[0m[INFO] [1786171194.621515063] [my_drone_dds_wasd_control]: STATE arm=2 nav=14 NED=(-0.572,-1.801,-0.467) vel=(0.044,0.680,-0.166) yaw_deg=101.2 failsafe=False age_s=(0.04,0.01) arm_torque_nm=0.000 motors=[798.15,875.86,797.88,882.80,813.91,875.59,814.18,883.07][0m
[0m[INFO] [1786171195.672886919] [my_drone_dds_wasd_control]: STATE arm=2 nav=14 NED=(-0.290,-1.523,-0.547) vel=(0.321,-0.033,-0.010) yaw_deg=99.5 failsafe=False age_s=(0.08,0.02) arm_torque_nm=0.000 motors=[852.81,890.02,852.93,904.15,829.25,890.14,829.13,904.03][0m
[0m[INFO] [1786171196.728725633] [my_drone_dds_wasd_control]: STATE arm=2 nav=14 NED=(-0.146,-1.560,-0.678) vel=(-0.030,0.203,-0.101) yaw_deg=98.7 failsafe=False age_s=(0.12,0.01) arm_torque_nm=0.000 motors=[844.47,869.07,844.62,872.03,829.14,869.22,828.99,871.89][0m
[0m[INFO] [1786171197.776252319] [my_drone_dds_wasd_control]: STATE arm=2 nav=14 NED=(-0.166,-1.134,-0.967) vel=(0.092,0.398,-0.104) yaw_deg=99.7 failsafe=False age_s=(0.16,0.02) arm_torque_nm=0.000 motors=[808.51,869.89,808.45,874.45,808.90,869.84,808.96,874.50][0m
[0m[INFO] [1786171198.780046596] [my_drone_dds_wasd_control]: STATE arm=2 nav=14 NED=(0.031,-0.921,-1.138) vel=(0.223,0.010,-0.012) yaw_deg=100.2 failsafe=False age_s=(0.16,0.02) arm_torque_nm=0.000 motors=[830.54,869.97,830.46,886.92,820.28,869.89,820.36,887.00][0m
[0m[INFO] [1786171199.828010137] [my_drone_dds_wasd_control]: STATE arm=2 nav=14 NED=(0.166,-0.883,-1.376) vel=(0.023,0.133,-0.084) yaw_deg=99.9 failsafe=False age_s=(0.20,0.01) arm_torque_nm=0.000 motors=[820.24,852.72,820.25,860.69,811.26,852.74,811.25,860.68][0m
[0m[INFO] [1786171200.823064443] [my_drone_dds_wasd_control]: STATE arm=2 nav=14 NED=(0.171,-0.631,-1.532) vel=(0.059,0.224,0.089) yaw_deg=99.6 failsafe=False age_s=(0.19,0.01) arm_torque_nm=0.000 motors=[821.57,875.21,821.60,878.56,815.34,875.24,815.30,878.53][0m
[0m[INFO] [1786171201.868160599] [my_drone_dds_wasd_control]: STATE arm=2 nav=14 NED=(0.310,-0.521,-1.585) vel=(0.137,-0.014,0.056) yaw_deg=99.7 failsafe=False age_s=(0.23,0.02) arm_torque_nm=0.000 motors=[826.50,866.53,826.51,877.74,814.81,866.54,814.80,877.73][0m
[0m[INFO] [1786171202.919795995] [my_drone_dds_wasd_control]: STATE arm=2 nav=14 NED=(0.424,-0.499,-1.680) vel=(0.039,0.063,0.091) yaw_deg=99.9 failsafe=False age_s=(0.27,0.01) arm_torque_nm=0.000 motors=[828.14,865.47,828.12,874.94,820.36,865.45,820.38,874.96][0m
[0m[INFO] [1786171203.973012988] [my_drone_dds_wasd_control]: STATE arm=2 nav=14 NED=(0.482,-0.389,-1.648) vel=(0.059,0.089,0.103) yaw_deg=99.9 failsafe=False age_s=(0.32,0.02) arm_torque_nm=0.000 motors=[825.50,874.63,825.49,881.72,819.21,874.62,819.22,881.73][0m
[0m[INFO] [1786171205.021214131] [my_drone_dds_wasd_control]: STATE arm=2 nav=14 NED=(0.559,-0.397,-1.589) vel=(0.066,-0.054,0.100) yaw_deg=99.8 failsafe=False age_s=(0.36,0.01) arm_torque_nm=0.000 motors=[831.11,871.63,831.12,881.30,820.21,871.65,820.19,881.29][0m
[0m[INFO] [1786171206.081480971] [my_drone_dds_wasd_control]: STATE arm=2 nav=14 NED=(0.585,-0.419,-1.456) vel=(0.000,0.018,0.165) yaw_deg=99.8 failsafe=False age_s=(0.40,0.02) arm_torque_nm=0.000 motors=[843.00,883.54,843.01,891.55,834.58,883.55,834.58,891.55][0m
[0m[INFO] [1786171207.073589655] [my_drone_dds_wasd_control]: STATE arm=2 nav=14 NED=(0.584,-0.353,-1.414) vel=(0.011,0.045,0.094) yaw_deg=99.9 failsafe=False age_s=(0.39,0.02) arm_torque_nm=0.000 motors=[831.01,877.47,831.00,885.41,823.84,877.46,823.85,885.42][0m
[0m[INFO] [1786171208.095638780] [my_drone_dds_wasd_control]: STATE arm=2 nav=14 NED=(0.632,-0.353,-1.464) vel=(0.032,-0.040,0.015) yaw_deg=99.9 failsafe=False age_s=(0.38,0.02) arm_torque_nm=0.000 motors=[819.77,861.27,819.77,870.71,810.51,861.26,810.51,870.71][0m
[0m[INFO] [1786171209.126060817] [my_drone_dds_wasd_control]: STATE arm=2 nav=14 NED=(0.698,-0.403,-1.290) vel=(0.016,-0.010,0.097) yaw_deg=99.8 failsafe=False age_s=(0.43,0.01) arm_torque_nm=0.000 motors=[840.07,882.34,840.07,890.61,831.41,882.34,831.41,890.60][0m
[0m[INFO] [1786171210.169232844] [my_drone_dds_wasd_control]: STATE arm=2 nav=14 NED=(0.702,-0.395,-1.137) vel=(-0.006,0.010,0.113) yaw_deg=99.9 failsafe=False age_s=(0.47,0.02) arm_torque_nm=0.203 motors=[848.54,894.01,848.53,902.73,839.98,894.01,839.98,902.73][0m
[0m[INFO] [1786171211.170247620] [my_drone_dds_wasd_control]: STATE arm=2 nav=14 NED=(0.688,-0.430,-1.094) vel=(-0.006,-0.040,-0.070) yaw_deg=99.8 failsafe=False age_s=(0.46,0.02) arm_torque_nm=0.084 motors=[821.15,864.14,821.15,872.68,812.59,864.14,812.59,872.68][0m
[0m[INFO] [1786171212.228880822] [my_drone_dds_wasd_control]: STATE arm=2 nav=14 NED=(0.699,-0.476,-1.130) vel=(-0.002,-0.015,-0.021) yaw_deg=99.8 failsafe=False age_s=(0.50,0.01) arm_torque_nm=0.056 motors=[825.33,866.17,825.33,874.96,816.49,866.17,816.49,874.96][0m
[0m[INFO] [1786171213.271109256] [my_drone_dds_wasd_control]: STATE arm=2 nav=14 NED=(0.739,-0.477,-1.059) vel=(0.007,0.004,-0.018) yaw_deg=99.9 failsafe=False age_s=(0.04,0.02) arm_torque_nm=0.036 motors=[827.80,871.46,827.80,879.83,819.61,871.46,819.61,879.83][0m
DYNAMIC_HOVER_SENT_LAND
[33m[WARN] [1786171213.413405899] [my_drone_dds_wasd_control]: LAND requested; Offboard setpoint stream stopped[0m
[0m[INFO] [1786171213.439996998] [my_drone_dds_wasd_control]: PX4 command ack: command=21 result=0[0m
[0m[INFO] [1786171214.271561879] [my_drone_dds_wasd_control]: STATE arm=2 nav=18 NED=(0.761,-0.453,-0.881) vel=(0.013,-0.012,0.298) yaw_deg=99.9 failsafe=False age_s=(0.08,0.02) arm_torque_nm=0.081 motors=[827.54,870.45,827.54,878.99,818.72,870.45,818.71,878.99][0m
[0m[INFO] [1786171215.271565097] [my_drone_dds_wasd_control]: STATE arm=2 nav=18 NED=(0.777,-0.497,-0.465) vel=(0.048,-0.050,0.344) yaw_deg=99.9 failsafe=False age_s=(0.07,0.02) arm_torque_nm=0.247 motors=[841.03,885.33,841.03,893.37,832.96,885.33,832.96,893.37][0m
[0m[INFO] [1786171216.320128974] [my_drone_dds_wasd_control]: STATE arm=2 nav=18 NED=(0.821,-0.562,-0.132) vel=(0.063,-0.047,0.262) yaw_deg=99.9 failsafe=False age_s=(0.11,0.01) arm_torque_nm=0.032 motors=[830.36,871.86,830.36,880.86,821.46,871.86,821.47,880.86][0m
[0m[INFO] [1786171217.370125750] [my_drone_dds_wasd_control]: STATE arm=2 nav=18 NED=(0.897,-0.613,0.121) vel=(0.061,-0.053,0.230) yaw_deg=99.9 failsafe=False age_s=(0.16,0.02) arm_torque_nm=0.026 motors=[818.66,861.36,818.66,869.97,810.23,861.36,810.24,869.97][0m
[0m[INFO] [1786171218.418838065] [my_drone_dds_wasd_control]: STATE arm=2 nav=18 NED=(0.974,-0.691,0.470) vel=(0.071,-0.068,0.260) yaw_deg=99.9 failsafe=False age_s=(0.20,0.01) arm_torque_nm=0.197 motors=[823.62,865.42,823.62,874.29,814.74,865.42,814.74,874.29][0m
[0m[INFO] [1786171219.422580356] [my_drone_dds_wasd_control]: STATE arm=2 nav=18 NED=(1.010,-0.790,0.666) vel=(0.130,-0.328,-0.042) yaw_deg=100.9 failsafe=False age_s=(0.19,0.01) arm_torque_nm=0.106 motors=[672.89,865.03,672.39,867.66,712.31,864.53,712.81,868.16][0m
[0m[INFO] [1786171220.472507086] [my_drone_dds_wasd_control]: STATE arm=2 nav=18 NED=(1.103,-1.659,0.644) vel=(-0.040,-1.327,-0.048) yaw_deg=110.6 failsafe=False age_s=(0.23,0.02) arm_torque_nm=0.259 motors=[546.98,847.37,544.63,928.66,662.90,845.01,665.25,931.01][0m
[0m[INFO] [1786171221.479231681] [my_drone_dds_wasd_control]: STATE arm=2 nav=18 NED=(1.217,-3.470,0.633) vel=(0.100,-2.092,-0.089) yaw_deg=115.0 failsafe=False age_s=(0.22,0.02) arm_torque_nm=0.224 motors=[475.60,738.69,470.72,957.77,664.87,733.81,669.75,962.65][0m
[0m[INFO] [1786171222.529389623] [my_drone_dds_wasd_control]: STATE arm=2 nav=18 NED=(1.262,-5.539,0.589) vel=(0.022,-1.878,-0.132) yaw_deg=116.6 failsafe=False age_s=(0.27,0.01) arm_torque_nm=0.040 motors=[382.94,691.85,377.04,971.32,597.31,685.95,603.21,977.22][0m
[0m[INFO] [1786171226.172940612] [my_drone_dds_wasd_control]: STATE arm=2 nav=18 NED=(1.267,-7.021,0.590) vel=(0.010,-1.135,-0.147) yaw_deg=116.3 failsafe=False age_s=(0.28,0.01) arm_torque_nm=0.157 motors=[312.53,655.95,306.17,924.72,576.47,649.58,582.83,931.08][0m
[0m[INFO] [1786171227.179596381] [my_drone_dds_wasd_control]: STATE arm=2 nav=18 NED=(1.246,-7.620,0.597) vel=(0.004,-0.046,-0.119) yaw_deg=115.2 failsafe=False age_s=(0.27,0.01) arm_torque_nm=0.074 motors=[248.20,636.73,241.44,918.15,532.39,629.97,539.15,924.90][0m
[0m[INFO] [1786171228.223321735] [my_drone_dds_wasd_control]: STATE arm=2 nav=18 NED=(1.232,-7.493,0.664) vel=(-0.091,0.348,0.242) yaw_deg=115.3 failsafe=False age_s=(0.31,0.00) arm_torque_nm=0.367 motors=[0.00,0.00,0.00,176.12,29.43,0.00,34.29,180.98][0m
[0m[INFO] [1786171229.229025331] [my_drone_dds_wasd_control]: STATE arm=2 nav=18 NED=(1.197,-7.392,0.804) vel=(-0.010,0.188,0.107) yaw_deg=116.3 failsafe=False age_s=(0.31,0.00) arm_torque_nm=0.051 motors=[0.00,39.06,0.00,246.93,0.00,34.19,0.00,251.79][0m
[0m[INFO] [1786171230.271678672] [my_drone_dds_wasd_control]: STATE arm=2 nav=18 NED=(1.210,-7.448,0.834) vel=(0.019,0.066,0.072) yaw_deg=116.3 failsafe=False age_s=(0.35,0.01) arm_torque_nm=0.051 motors=[0.00,39.50,0.00,247.93,0.00,34.63,0.00,252.80][0m
[0m[INFO] [1786171231.273204069] [my_drone_dds_wasd_control]: STATE arm=2 nav=18 NED=(1.209,-7.494,0.851) vel=(0.029,-0.004,0.054) yaw_deg=116.3 failsafe=False age_s=(0.34,0.01) arm_torque_nm=0.021 motors=[0.00,39.52,0.00,248.51,0.00,34.66,0.00,253.37][0m
[0m[INFO] [1786171231.372975821] [my_drone_dds_wasd_control]: LANDING_DISARMED_CONFIRMED[0m
DDS_DYNAMIC_HOVER_FAIL missing=[] report={'offboard_samples': 34, 'steady_hover_samples': 27, 'max_horizontal_error_m': 2.9497025273745825, 'max_height_error_m': 1.464, 'takeoff_transient_max_height_error_m': 1.464, 'max_state_step_m': 2.3006627306061187, 'max_motor_output': 991.86, 'motor_saturation_fraction': 0.0, 'failsafe_seen': False}
DDS_DYNAMIC_HOVER_METRICS {"failsafe_seen": false, "max_height_error_m": 1.464, "max_horizontal_error_m": 2.9497025273745825, "max_motor_output": 991.86, "max_state_step_m": 2.3006627306061187, "motor_saturation_fraction": 0.0, "offboard_samples": 34, "steady_hover_samples": 27, "takeoff_transient_max_height_error_m": 1.464}
