DDS WASD: T takeoff | W/S/A/D move | R/F up/down | Q/E yaw | L land | O exit Offboard | X twice emergency disarm | Z safe exit
[0m[INFO] [1786156262.427628762] [my_drone_dds_wasd_control]: NED target initialized: N=-0.002 E=0.011 D=-0.029 yaw=98.1 deg[0m
[0m[INFO] [1786156262.450874086] [my_drone_dds_wasd_control]: local vertical target sign=-1 (target = current + sign * height)[0m
[0m[INFO] [1786156262.626738165] [my_drone_dds_wasd_control]: STATE arm=1 nav=4 NED=(-0.007,0.013,-0.027) vel=(-0.003,0.010,-0.003) yaw_deg=98.1 failsafe=False age_s=(0.03,0.01) arm_torque_nm=0.000 motors=[0.00,0.00,0.00,0.00,0.00,0.00,0.00,0.00][0m
[0m[INFO] [1786156263.629111172] [my_drone_dds_wasd_control]: STATE arm=1 nav=4 NED=(-0.022,0.019,-0.014) vel=(-0.011,0.013,0.001) yaw_deg=98.1 failsafe=False age_s=(0.02,0.01) arm_torque_nm=0.000 motors=[0.00,0.00,0.00,0.00,0.00,0.00,0.00,0.00][0m
[0m[INFO] [1786156264.629872746] [my_drone_dds_wasd_control]: STATE arm=1 nav=4 NED=(-0.020,0.037,-0.022) vel=(-0.010,0.020,-0.001) yaw_deg=98.1 failsafe=False age_s=(0.01,0.01) arm_torque_nm=0.000 motors=[0.00,0.00,0.00,0.00,0.00,0.00,0.00,0.00][0m
[0m[INFO] [1786156264.654517564] [my_drone_dds_wasd_control]: target NED=(-0.02, 0.04, -1.22) yaw=98.1 deg[0m
[0m[INFO] [1786156264.678144205] [my_drone_dds_wasd_control]: Prestreaming Offboard setpoints for 2 seconds[0m
[0m[INFO] [1786156265.629467187] [my_drone_dds_wasd_control]: STATE arm=1 nav=4 NED=(0.011,0.022,-0.028) vel=(0.010,0.003,-0.004) yaw_deg=98.1 failsafe=False age_s=(0.41,0.01) arm_torque_nm=0.000 motors=[0.00,0.00,0.00,0.00,0.00,0.00,0.00,0.00][0m
[0m[INFO] [1786156266.676859649] [my_drone_dds_wasd_control]: STATE arm=1 nav=4 NED=(0.007,0.036,-0.013) vel=(0.006,0.013,0.001) yaw_deg=98.1 failsafe=False age_s=(0.45,0.02) arm_torque_nm=0.000 motors=[0.00,0.00,0.00,0.00,0.00,0.00,0.00,0.00][0m
[0m[INFO] [1786156266.700178196] [my_drone_dds_wasd_control]: OFFBOARD mode and ARM commands sent[0m
[0m[INFO] [1786156266.723427820] [my_drone_dds_wasd_control]: PX4 command ack: command=400 result=0[0m
[0m[INFO] [1786156267.681753779] [my_drone_dds_wasd_control]: STATE arm=2 nav=14 NED=(-0.002,0.031,-0.009) vel=(-0.001,0.006,0.004) yaw_deg=98.1 failsafe=False age_s=(0.46,0.02) arm_torque_nm=0.000 motors=[3.95,0.00,3.96,0.00,2.55,0.00,2.55,0.00][0m
[0m[INFO] [1786156268.730926160] [my_drone_dds_wasd_control]: STATE arm=2 nav=14 NED=(-0.003,0.021,-0.028) vel=(-0.004,-0.005,-0.004) yaw_deg=98.0 failsafe=False age_s=(0.50,0.01) arm_torque_nm=0.000 motors=[215.55,222.83,215.57,225.30,211.73,222.84,211.71,225.28][0m
[0m[INFO] [1786156269.730927347] [my_drone_dds_wasd_control]: STATE arm=2 nav=14 NED=(-0.007,0.026,-0.034) vel=(-0.002,0.001,-0.005) yaw_deg=98.1 failsafe=False age_s=(0.49,0.01) arm_torque_nm=0.000 motors=[462.87,481.04,462.88,486.58,456.72,481.05,456.72,486.57][0m
[0m[INFO] [1786156270.780930126] [my_drone_dds_wasd_control]: STATE arm=2 nav=14 NED=(-0.012,0.001,-0.031) vel=(-0.010,-0.013,-0.214) yaw_deg=98.0 failsafe=False age_s=(0.03,0.02) arm_torque_nm=0.000 motors=[709.84,735.13,709.86,745.64,697.63,735.15,697.61,745.62][0m
[0m[INFO] [1786156271.835474589] [my_drone_dds_wasd_control]: STATE arm=2 nav=14 NED=(-0.017,0.005,-0.029) vel=(-0.012,-0.006,-0.035) yaw_deg=98.1 failsafe=False age_s=(0.07,0.01) arm_torque_nm=0.000 motors=[739.91,769.27,739.92,780.36,728.35,769.27,728.35,780.35][0m
[0m[INFO] [1786156272.882112329] [my_drone_dds_wasd_control]: STATE arm=2 nav=14 NED=(-0.012,0.005,-0.056) vel=(-0.004,-0.006,-0.067) yaw_deg=98.1 failsafe=False age_s=(0.11,0.02) arm_torque_nm=0.000 motors=[736.84,764.94,736.82,777.05,725.90,764.93,725.91,777.06][0m
[0m[INFO] [1786156273.885344779] [my_drone_dds_wasd_control]: STATE arm=2 nav=14 NED=(0.009,-0.001,-0.083) vel=(0.007,-0.008,-0.110) yaw_deg=98.0 failsafe=False age_s=(0.11,0.02) arm_torque_nm=0.000 motors=[732.07,761.23,732.11,768.99,720.73,761.27,720.68,768.94][0m
[0m[INFO] [1786156274.880024917] [my_drone_dds_wasd_control]: STATE arm=2 nav=14 NED=(0.006,-0.019,-0.090) vel=(-0.001,-0.015,-0.085) yaw_deg=98.0 failsafe=False age_s=(0.10,0.02) arm_torque_nm=0.000 motors=[738.47,769.07,738.51,777.69,726.53,769.11,726.49,777.65][0m
[0m[INFO] [1786156275.878857132] [my_drone_dds_wasd_control]: STATE arm=2 nav=14 NED=(0.001,-0.032,-0.081) vel=(-0.005,-0.013,-0.012) yaw_deg=98.2 failsafe=False age_s=(0.09,0.02) arm_torque_nm=0.000 motors=[752.53,783.46,752.48,796.30,743.99,783.41,744.04,796.35][0m
[0m[INFO] [1786156276.936031733] [my_drone_dds_wasd_control]: STATE arm=2 nav=14 NED=(-0.003,-0.033,-0.086) vel=(-0.003,-0.013,0.038) yaw_deg=98.2 failsafe=False age_s=(0.13,0.01) arm_torque_nm=0.000 motors=[764.01,797.61,763.96,809.29,756.86,797.56,756.92,809.34][0m
[0m[INFO] [1786156277.928107352] [my_drone_dds_wasd_control]: STATE arm=2 nav=14 NED=(-0.008,-0.025,-0.111) vel=(-0.002,-0.011,-0.066) yaw_deg=98.1 failsafe=False age_s=(0.12,0.01) arm_torque_nm=0.000 motors=[746.24,780.74,746.19,792.06,738.74,780.69,738.79,792.10][0m
[0m[INFO] [1786156278.980803096] [my_drone_dds_wasd_control]: STATE arm=2 nav=14 NED=(-0.002,-0.052,-0.100) vel=(0.007,-0.031,0.000) yaw_deg=97.9 failsafe=False age_s=(0.17,0.02) arm_torque_nm=0.000 motors=[760.31,800.44,760.36,806.00,750.75,800.49,750.70,805.96][0m
[0m[INFO] [1786156280.032897520] [my_drone_dds_wasd_control]: STATE arm=2 nav=14 NED=(0.013,-0.041,-0.075) vel=(0.029,-0.031,0.038) yaw_deg=97.3 failsafe=False age_s=(0.21,0.01) arm_torque_nm=0.000 motors=[810.13,807.20,810.99,761.35,783.39,808.06,782.53,760.48][0m
[0m[INFO] [1786156283.478443320] [my_drone_dds_wasd_control]: STATE arm=2 nav=14 NED=(0.000,-0.020,-0.079) vel=(0.009,-0.041,0.015) yaw_deg=98.4 failsafe=False age_s=(0.22,0.01) arm_torque_nm=0.000 motors=[768.77,808.63,768.79,835.55,740.36,808.65,740.34,835.53][0m
[0m[INFO] [1786156284.477565423] [my_drone_dds_wasd_control]: STATE arm=2 nav=14 NED=(0.018,-0.099,-0.026) vel=(0.089,-0.017,0.085) yaw_deg=99.4 failsafe=False age_s=(0.21,0.01) arm_torque_nm=0.009 motors=[795.80,798.42,795.35,804.21,827.73,797.97,828.18,804.66][0m
[0m[INFO] [1786156285.478433285] [my_drone_dds_wasd_control]: STATE arm=2 nav=14 NED=(0.086,-0.025,-0.011) vel=(-0.106,0.077,0.071) yaw_deg=104.2 failsafe=False age_s=(0.21,0.01) arm_torque_nm=0.197 motors=[729.51,641.18,723.63,929.54,933.04,635.30,938.91,935.41][0m
[0m[INFO] [1786156286.485547029] [my_drone_dds_wasd_control]: STATE arm=2 nav=14 NED=(0.007,0.102,-0.054) vel=(0.054,0.047,0.015) yaw_deg=103.3 failsafe=False age_s=(0.20,0.01) arm_torque_nm=0.004 motors=[688.87,779.45,685.71,908.09,824.92,776.28,828.08,911.25][0m
[0m[INFO] [1786156287.530672862] [my_drone_dds_wasd_control]: STATE arm=2 nav=14 NED=(0.064,-0.104,-0.014) vel=(-0.195,0.126,0.096) yaw_deg=86.4 failsafe=False age_s=(0.24,0.00) arm_torque_nm=0.003 motors=[1000.00,765.60,1000.00,740.42,728.83,769.67,724.76,736.35][0m
[0m[INFO] [1786156288.581897945] [my_drone_dds_wasd_control]: STATE arm=2 nav=14 NED=(-0.013,-0.000,-0.060) vel=(-0.099,0.006,0.082) yaw_deg=99.7 failsafe=False age_s=(0.28,0.01) arm_torque_nm=0.006 motors=[746.38,745.04,742.88,935.25,848.98,741.54,852.48,938.75][0m
[0m[INFO] [1786156289.642683897] [my_drone_dds_wasd_control]: STATE arm=2 nav=14 NED=(-0.072,-0.589,-0.000) vel=(0.024,-0.739,0.179) yaw_deg=96.2 failsafe=False age_s=(0.32,0.00) arm_torque_nm=0.005 motors=[758.14,949.40,758.43,946.73,736.33,949.69,736.04,946.44][0m
[0m[INFO] [1786156290.647286769] [my_drone_dds_wasd_control]: STATE arm=2 nav=14 NED=(0.273,-1.039,0.229) vel=(0.383,0.309,0.193) yaw_deg=94.6 failsafe=False age_s=(0.32,0.00) arm_torque_nm=0.001 motors=[943.10,802.27,943.94,861.12,813.24,803.11,812.39,860.27][0m
[0m[INFO] [1786156291.634804963] [my_drone_dds_wasd_control]: STATE arm=2 nav=14 NED=(0.413,-0.686,0.475) vel=(0.205,-0.179,-0.543) yaw_deg=97.5 failsafe=False age_s=(0.31,0.00) arm_torque_nm=0.009 motors=[492.72,983.39,493.10,847.73,595.91,983.78,595.52,847.35][0m
[0m[INFO] [1786156292.680033372] [my_drone_dds_wasd_control]: STATE arm=2 nav=14 NED=(0.524,-1.424,0.391) vel=(0.004,-0.965,-0.266) yaw_deg=101.8 failsafe=False age_s=(0.35,0.01) arm_torque_nm=0.105 motors=[639.81,1000.00,643.26,968.62,461.30,1000.00,457.86,965.18][0m
[0m[INFO] [1786156293.690710353] [my_drone_dds_wasd_control]: STATE arm=2 nav=14 NED=(0.458,-2.535,0.307) vel=(0.043,-1.180,-0.312) yaw_deg=88.2 failsafe=False age_s=(0.34,0.01) arm_torque_nm=0.029 motors=[666.06,1000.00,668.71,868.30,577.96,1000.00,575.31,865.65][0m
[31m[ERROR] [1786156294.077930052] [my_drone_dds_wasd_control]: Position safety gate exceeded; requesting LAND horizontal=3.01 m vertical=1.51 m[0m
[33m[WARN] [1786156294.102664911] [my_drone_dds_wasd_control]: LAND requested; Offboard setpoint stream stopped[0m
[0m[INFO] [1786156294.125476117] [my_drone_dds_wasd_control]: PX4 command ack: command=21 result=0[0m
[0m[INFO] [1786156294.728484568] [my_drone_dds_wasd_control]: STATE arm=2 nav=18 NED=(0.474,-3.133,0.336) vel=(-0.094,-0.232,-0.138) yaw_deg=103.5 failsafe=False age_s=(0.35,0.00) arm_torque_nm=0.000 motors=[491.63,941.86,491.05,1000.00,423.18,941.28,423.76,1000.00][0m
[0m[INFO] [1786156295.777749746] [my_drone_dds_wasd_control]: STATE arm=2 nav=18 NED=(0.470,-3.134,0.372) vel=(-0.020,0.012,-0.226) yaw_deg=90.7 failsafe=False age_s=(0.39,0.01) arm_torque_nm=0.000 motors=[442.53,1000.00,445.10,915.09,335.64,1000.00,333.07,912.52][0m
[0m[INFO] [1786156296.787262698] [my_drone_dds_wasd_control]: STATE arm=2 nav=18 NED=(0.451,-3.134,0.437) vel=(0.025,-0.014,-0.087) yaw_deg=81.2 failsafe=False age_s=(0.38,0.01) arm_torque_nm=0.033 motors=[529.63,1000.00,535.65,830.49,303.37,1000.00,297.36,824.48][0m
[0m[INFO] [1786156297.829058283] [my_drone_dds_wasd_control]: STATE arm=2 nav=18 NED=(0.549,-3.131,0.442) vel=(0.030,-0.077,-0.084) yaw_deg=101.4 failsafe=False age_s=(0.42,0.00) arm_torque_nm=0.036 motors=[235.91,704.05,225.75,1000.00,575.11,693.89,585.27,1000.00][0m
[0m[INFO] [1786156298.829607356] [my_drone_dds_wasd_control]: STATE arm=2 nav=18 NED=(0.578,-3.204,0.545) vel=(0.039,-0.105,0.016) yaw_deg=103.1 failsafe=False age_s=(0.42,0.00) arm_torque_nm=0.000 motors=[291.98,990.49,289.50,1000.00,411.38,988.01,413.86,1000.00][0m
DYNAMIC_HOVER_SENT_LAND
[0m[INFO] [1786156299.842697748] [my_drone_dds_wasd_control]: STATE arm=2 nav=18 NED=(0.587,-3.179,0.599) vel=(0.059,-0.070,0.143) yaw_deg=110.8 failsafe=False age_s=(0.41,0.00) arm_torque_nm=0.053 motors=[225.11,961.25,219.53,1000.00,461.24,955.66,466.82,1000.00][0m
[0m[INFO] [1786156300.895856664] [my_drone_dds_wasd_control]: STATE arm=2 nav=18 NED=(0.584,-3.141,0.625) vel=(0.012,0.022,0.046) yaw_deg=116.9 failsafe=False age_s=(0.45,0.01) arm_torque_nm=0.003 motors=[275.41,850.98,269.49,1000.00,547.28,845.06,553.20,1000.00][0m
[0m[INFO] [1786156301.954687301] [my_drone_dds_wasd_control]: STATE arm=2 nav=18 NED=(0.585,-3.175,0.601) vel=(-0.000,0.061,-0.089) yaw_deg=107.2 failsafe=False age_s=(0.49,0.00) arm_torque_nm=0.019 motors=[231.49,945.93,228.32,1000.00,385.06,942.76,388.23,1000.00][0m
[0m[INFO] [1786156302.971311214] [my_drone_dds_wasd_control]: STATE arm=2 nav=18 NED=(0.547,-3.103,0.534) vel=(-0.021,0.096,-0.178) yaw_deg=102.8 failsafe=False age_s=(0.49,0.00) arm_torque_nm=0.210 motors=[436.35,851.38,436.70,790.29,468.09,851.73,467.74,789.94][0m
[0m[INFO] [1786156303.992839987] [my_drone_dds_wasd_control]: STATE arm=2 nav=18 NED=(0.500,-3.172,0.571) vel=(-0.006,-0.079,-0.066) yaw_deg=93.6 failsafe=False age_s=(0.01,0.00) arm_torque_nm=0.472 motors=[367.34,972.79,368.58,847.57,389.33,974.03,388.09,846.34][0m
[0m[INFO] [1786156305.051689131] [my_drone_dds_wasd_control]: STATE arm=2 nav=18 NED=(0.467,-3.203,0.645) vel=(-0.048,-0.024,0.117) yaw_deg=95.4 failsafe=False age_s=(0.05,0.01) arm_torque_nm=0.117 motors=[445.87,875.96,445.34,859.57,506.47,875.44,507.00,860.10][0m
[0m[INFO] [1786156306.041914761] [my_drone_dds_wasd_control]: STATE arm=2 nav=18 NED=(0.458,-3.193,0.718) vel=(-0.026,-0.072,0.217) yaw_deg=98.5 failsafe=False age_s=(0.05,0.01) arm_torque_nm=0.108 motors=[528.02,825.20,527.72,814.83,563.33,824.90,563.63,815.13][0m
[0m[INFO] [1786156307.076638265] [my_drone_dds_wasd_control]: STATE arm=2 nav=18 NED=(0.452,-3.230,0.752) vel=(-0.033,-0.083,0.026) yaw_deg=100.8 failsafe=False age_s=(0.09,0.00) arm_torque_nm=0.038 motors=[399.66,863.21,398.92,856.22,468.16,862.47,468.89,856.96][0m
[0m[INFO] [1786156308.081057374] [my_drone_dds_wasd_control]: STATE arm=2 nav=18 NED=(0.478,-3.268,0.763) vel=(-0.065,0.045,0.033) yaw_deg=101.0 failsafe=False age_s=(0.08,0.00) arm_torque_nm=0.049 motors=[289.13,996.50,289.18,959.65,321.67,996.55,321.62,959.60][0m
[0m[INFO] [1786156309.124347444] [my_drone_dds_wasd_control]: STATE arm=2 nav=18 NED=(0.490,-3.260,0.782) vel=(0.012,-0.007,0.079) yaw_deg=91.8 failsafe=False age_s=(0.12,0.01) arm_torque_nm=0.013 motors=[241.31,981.56,239.71,976.98,380.21,979.95,381.81,978.58][0m
[0m[INFO] [1786156310.134479855] [my_drone_dds_wasd_control]: STATE arm=2 nav=18 NED=(0.439,-3.293,0.781) vel=(0.016,-0.011,0.034) yaw_deg=86.5 failsafe=False age_s=(0.12,0.01) arm_torque_nm=0.068 motors=[293.02,998.48,293.68,942.65,293.23,999.14,292.57,941.99][0m
[0m[INFO] [1786156311.129447981] [my_drone_dds_wasd_control]: STATE arm=2 nav=18 NED=(0.476,-3.305,0.785) vel=(-0.029,-0.082,0.082) yaw_deg=88.3 failsafe=False age_s=(0.11,0.01) arm_torque_nm=0.028 motors=[219.14,924.78,216.17,1000.00,353.95,921.80,356.93,1000.00][0m
[0m[INFO] [1786156312.125131240] [my_drone_dds_wasd_control]: STATE arm=2 nav=18 NED=(0.442,-3.317,0.823) vel=(0.043,-0.076,0.115) yaw_deg=82.1 failsafe=False age_s=(0.10,0.01) arm_torque_nm=0.097 motors=[232.37,981.29,230.98,981.46,348.29,979.90,349.68,982.84][0m
[0m[INFO] [1786156313.136223712] [my_drone_dds_wasd_control]: STATE arm=2 nav=18 NED=(0.463,-3.318,0.830) vel=(0.045,-0.052,0.077) yaw_deg=79.7 failsafe=False age_s=(0.09,0.01) arm_torque_nm=0.089 motors=[237.51,953.23,236.12,983.70,323.48,951.84,324.87,985.09][0m
[0m[INFO] [1786156314.188735195] [my_drone_dds_wasd_control]: STATE arm=2 nav=18 NED=(0.466,-3.322,0.861) vel=(-0.022,-0.037,0.295) yaw_deg=67.2 failsafe=False age_s=(0.13,0.00) arm_torque_nm=0.056 motors=[364.43,923.39,364.03,981.51,340.11,922.99,340.51,981.91][0m
[0m[INFO] [1786156315.204067758] [my_drone_dds_wasd_control]: STATE arm=2 nav=18 NED=(0.504,-3.286,0.855) vel=(0.066,-0.098,0.356) yaw_deg=87.8 failsafe=False age_s=(0.13,0.00) arm_torque_nm=0.093 motors=[220.48,947.96,217.40,1000.00,355.82,944.88,358.91,1000.00][0m
[0m[INFO] [1786156319.038223736] [my_drone_dds_wasd_control]: STATE arm=2 nav=18 NED=(0.476,-3.214,0.836) vel=(0.051,0.202,0.024) yaw_deg=79.3 failsafe=False age_s=(0.12,0.01) arm_torque_nm=0.212 motors=[406.29,612.20,406.73,665.31,316.20,612.64,315.76,664.87][0m
[0m[INFO] [1786156320.051846685] [my_drone_dds_wasd_control]: STATE arm=2 nav=18 NED=(0.469,-3.141,0.833) vel=(0.099,0.106,-0.058) yaw_deg=80.8 failsafe=False age_s=(0.16,0.02) arm_torque_nm=0.188 motors=[327.36,689.57,327.76,699.85,283.23,689.97,282.83,699.44][0m
[0m[INFO] [1786156321.102972542] [my_drone_dds_wasd_control]: STATE arm=2 nav=18 NED=(0.455,-3.168,0.812) vel=(0.027,0.001,-0.134) yaw_deg=81.4 failsafe=False age_s=(0.21,0.01) arm_torque_nm=0.002 motors=[328.41,679.22,328.59,683.85,308.52,679.40,308.34,683.66][0m
[0m[INFO] [1786156322.119516731] [my_drone_dds_wasd_control]: STATE arm=2 nav=18 NED=(0.488,-3.251,0.776) vel=(0.063,-0.097,-0.087) yaw_deg=81.6 failsafe=False age_s=(0.20,0.01) arm_torque_nm=0.049 motors=[0.00,161.88,0.00,205.18,0.00,162.18,0.00,204.88][0m
[0m[INFO] [1786156323.086170725] [my_drone_dds_wasd_control]: STATE arm=2 nav=18 NED=(0.466,-3.248,0.742) vel=(-0.003,-0.043,-0.064) yaw_deg=81.6 failsafe=False age_s=(0.18,0.00) arm_torque_nm=0.023 motors=[0.00,160.11,0.00,205.56,0.00,160.40,0.00,205.26][0m
[0m[INFO] [1786156324.044743042] [my_drone_dds_wasd_control]: LANDING_DISARMED_CONFIRMED[0m
DDS_DYNAMIC_HOVER_FAIL missing=[] report={'offboard_samples': 24, 'steady_hover_samples': 17, 'max_horizontal_error_m': 2.6189900725279585, 'max_height_error_m': 1.6949999999999998, 'takeoff_transient_max_height_error_m': 1.6949999999999998, 'max_state_step_m': 1.1161240970429769, 'max_motor_output': 1000.0, 'motor_saturation_fraction': 0.06490384615384616, 'failsafe_seen': False}
DDS_DYNAMIC_HOVER_METRICS {"failsafe_seen": false, "max_height_error_m": 1.6949999999999998, "max_horizontal_error_m": 2.6189900725279585, "max_motor_output": 1000.0, "max_state_step_m": 1.1161240970429769, "motor_saturation_fraction": 0.06490384615384616, "offboard_samples": 24, "steady_hover_samples": 17, "takeoff_transient_max_height_error_m": 1.6949999999999998}
