DDS WASD: T takeoff | W/S/A/D move | R/F up/down | Q/E yaw | L land | O exit Offboard | X twice emergency disarm | Z safe exit
[0m[INFO] [1786170577.596869042] [my_drone_dds_wasd_control]: NED target initialized: N=0.004 E=-0.022 D=0.048 yaw=99.8 deg[0m
[0m[INFO] [1786170577.625217296] [my_drone_dds_wasd_control]: local vertical target sign=-1 (target = current + sign * height)[0m
[0m[INFO] [1786170577.671961731] [my_drone_dds_wasd_control]: STATE arm=1 nav=4 NED=(0.005,-0.021,0.048) vel=(0.006,-0.007,0.015) yaw_deg=99.8 failsafe=False age_s=(0.02,0.01) arm_torque_nm=0.000 motors=[0.00,0.00,0.00,0.00,0.00,0.00,0.00,0.00][0m
[0m[INFO] [1786170578.673307950] [my_drone_dds_wasd_control]: STATE arm=1 nav=4 NED=(0.009,-0.010,0.053) vel=(0.008,0.000,0.017) yaw_deg=99.8 failsafe=False age_s=(0.02,0.01) arm_torque_nm=0.000 motors=[0.00,0.00,0.00,0.00,0.00,0.00,0.00,0.00][0m
[0m[INFO] [1786170579.685146846] [my_drone_dds_wasd_control]: STATE arm=1 nav=4 NED=(0.018,-0.018,0.059) vel=(0.011,-0.006,0.018) yaw_deg=99.8 failsafe=False age_s=(0.01,0.01) arm_torque_nm=0.000 motors=[0.00,0.00,0.00,0.00,0.00,0.00,0.00,0.00][0m
[0m[INFO] [1786170579.720508982] [my_drone_dds_wasd_control]: target NED=(0.02, -0.02, -1.14) yaw=99.8 deg[0m
[0m[INFO] [1786170579.762369789] [my_drone_dds_wasd_control]: Prestreaming Offboard setpoints for 2 seconds[0m
[0m[INFO] [1786170579.872396829] [my_drone_dds_wasd_control]: STATE arm=1 nav=4 NED=(0.001,-0.008,0.056) vel=(-0.003,0.002,0.018) yaw_deg=99.8 failsafe=False age_s=(0.18,0.01) arm_torque_nm=0.000 motors=[0.00,0.00,0.00,0.00,0.00,0.00,0.00,0.00][0m
[0m[INFO] [1786170579.895142312] [my_drone_dds_wasd_control]: OFFBOARD mode and ARM commands sent[0m
[0m[INFO] [1786170579.922766026] [my_drone_dds_wasd_control]: PX4 command ack: command=400 result=1[0m
[0m[INFO] [1786170580.927034220] [my_drone_dds_wasd_control]: STATE arm=1 nav=14 NED=(0.009,-0.006,0.061) vel=(0.006,-0.001,0.018) yaw_deg=99.8 failsafe=False age_s=(0.02,0.00) arm_torque_nm=0.000 motors=[0.00,0.00,0.00,0.00,0.00,0.00,0.00,0.00][0m
[0m[INFO] [1786170581.929025581] [my_drone_dds_wasd_control]: STATE arm=1 nav=14 NED=(0.022,-0.016,0.064) vel=(0.009,-0.009,0.019) yaw_deg=99.8 failsafe=False age_s=(0.02,0.00) arm_torque_nm=0.000 motors=[0.00,0.00,0.00,0.00,0.00,0.00,0.00,0.00][0m
[0m[INFO] [1786170582.982516755] [my_drone_dds_wasd_control]: STATE arm=1 nav=14 NED=(0.010,-0.012,0.063) vel=(0.002,-0.003,0.018) yaw_deg=99.8 failsafe=False age_s=(0.07,0.01) arm_torque_nm=0.000 motors=[0.00,0.00,0.00,0.00,0.00,0.00,0.00,0.00][0m
[0m[INFO] [1786170584.025333647] [my_drone_dds_wasd_control]: STATE arm=1 nav=14 NED=(0.016,-0.011,0.052) vel=(0.009,-0.002,0.013) yaw_deg=99.8 failsafe=False age_s=(0.12,0.00) arm_torque_nm=0.000 motors=[0.00,0.00,0.00,0.00,0.00,0.00,0.00,0.00][0m
[0m[INFO] [1786170585.027525186] [my_drone_dds_wasd_control]: STATE arm=1 nav=14 NED=(0.016,-0.006,0.062) vel=(0.004,0.003,0.015) yaw_deg=99.8 failsafe=False age_s=(0.12,0.00) arm_torque_nm=0.000 motors=[0.00,0.00,0.00,0.00,0.00,0.00,0.00,0.00][0m
[0m[INFO] [1786170586.075509547] [my_drone_dds_wasd_control]: STATE arm=1 nav=14 NED=(-0.008,-0.013,0.056) vel=(-0.011,-0.004,0.009) yaw_deg=99.8 failsafe=False age_s=(0.17,0.01) arm_torque_nm=0.000 motors=[0.00,0.00,0.00,0.00,0.00,0.00,0.00,0.00][0m
[0m[INFO] [1786170587.128702405] [my_drone_dds_wasd_control]: STATE arm=1 nav=14 NED=(-0.006,-0.014,0.063) vel=(-0.009,-0.002,0.012) yaw_deg=99.8 failsafe=False age_s=(0.02,0.00) arm_torque_nm=0.000 motors=[0.00,0.00,0.00,0.00,0.00,0.00,0.00,0.00][0m
[0m[INFO] [1786170588.128486115] [my_drone_dds_wasd_control]: STATE arm=1 nav=14 NED=(-0.018,-0.021,0.059) vel=(-0.012,-0.007,0.010) yaw_deg=99.8 failsafe=False age_s=(0.22,0.00) arm_torque_nm=0.000 motors=[0.00,0.00,0.00,0.00,0.00,0.00,0.00,0.00][0m
[0m[INFO] [1786170589.179847982] [my_drone_dds_wasd_control]: STATE arm=1 nav=14 NED=(-0.023,-0.017,0.066) vel=(-0.008,0.000,0.010) yaw_deg=99.8 failsafe=False age_s=(0.29,0.01) arm_torque_nm=0.000 motors=[0.00,0.00,0.00,0.00,0.00,0.00,0.00,0.00][0m
[0m[INFO] [1786170590.229869386] [my_drone_dds_wasd_control]: STATE arm=1 nav=14 NED=(-0.011,-0.021,0.066) vel=(0.000,-0.002,0.010) yaw_deg=99.8 failsafe=False age_s=(0.33,0.00) arm_torque_nm=0.000 motors=[0.00,0.00,0.00,0.00,0.00,0.00,0.00,0.00][0m
[0m[INFO] [1786170591.222847762] [my_drone_dds_wasd_control]: STATE arm=1 nav=14 NED=(-0.003,-0.006,0.049) vel=(-0.000,0.009,0.006) yaw_deg=99.8 failsafe=False age_s=(0.32,0.00) arm_torque_nm=0.000 motors=[0.00,0.00,0.00,0.00,0.00,0.00,0.00,0.00][0m
[0m[INFO] [1786170592.223207922] [my_drone_dds_wasd_control]: STATE arm=1 nav=14 NED=(0.006,-0.005,0.039) vel=(0.002,0.002,0.006) yaw_deg=99.8 failsafe=False age_s=(0.32,0.00) arm_torque_nm=0.000 motors=[0.00,0.00,0.00,0.00,0.00,0.00,0.00,0.00][0m
[0m[INFO] [1786170593.234911020] [my_drone_dds_wasd_control]: STATE arm=1 nav=14 NED=(0.032,-0.009,0.019) vel=(0.016,-0.003,0.001) yaw_deg=99.8 failsafe=False age_s=(0.31,0.00) arm_torque_nm=0.000 motors=[0.00,0.00,0.00,0.00,0.00,0.00,0.00,0.00][0m
[0m[INFO] [1786170594.237331893] [my_drone_dds_wasd_control]: STATE arm=1 nav=14 NED=(0.022,-0.011,0.023) vel=(0.010,-0.003,0.003) yaw_deg=99.8 failsafe=False age_s=(0.30,0.00) arm_torque_nm=0.000 motors=[0.00,0.00,0.00,0.00,0.00,0.00,0.00,0.00][0m
[0m[INFO] [1786170595.276625371] [my_drone_dds_wasd_control]: STATE arm=1 nav=14 NED=(0.015,-0.007,0.013) vel=(0.005,-0.001,0.002) yaw_deg=99.8 failsafe=False age_s=(0.34,0.01) arm_torque_nm=0.000 motors=[0.00,0.00,0.00,0.00,0.00,0.00,0.00,0.00][0m
[0m[INFO] [1786170596.271215405] [my_drone_dds_wasd_control]: STATE arm=1 nav=14 NED=(0.019,0.003,0.007) vel=(0.004,0.004,0.001) yaw_deg=99.8 failsafe=False age_s=(0.33,0.01) arm_torque_nm=0.000 motors=[0.00,0.00,0.00,0.00,0.00,0.00,0.00,0.00][0m
[0m[INFO] [1786170597.284641351] [my_drone_dds_wasd_control]: STATE arm=1 nav=14 NED=(0.005,0.005,0.007) vel=(-0.002,0.004,0.003) yaw_deg=99.8 failsafe=False age_s=(0.33,0.01) arm_torque_nm=0.000 motors=[0.00,0.00,0.00,0.00,0.00,0.00,0.00,0.00][0m
[0m[INFO] [1786170598.274153478] [my_drone_dds_wasd_control]: STATE arm=1 nav=14 NED=(0.007,0.004,0.017) vel=(-0.002,0.004,0.005) yaw_deg=99.8 failsafe=False age_s=(0.32,0.01) arm_torque_nm=0.000 motors=[0.00,0.00,0.00,0.00,0.00,0.00,0.00,0.00][0m
[0m[INFO] [1786170599.363542169] [my_drone_dds_wasd_control]: STATE arm=1 nav=14 NED=(0.003,0.002,0.028) vel=(-0.002,0.001,0.007) yaw_deg=99.8 failsafe=False age_s=(0.36,0.00) arm_torque_nm=0.000 motors=[0.00,0.00,0.00,0.00,0.00,0.00,0.00,0.00][0m
[0m[INFO] [1786170600.380551697] [my_drone_dds_wasd_control]: STATE arm=1 nav=14 NED=(0.005,-0.010,0.045) vel=(-0.000,-0.005,0.013) yaw_deg=99.8 failsafe=False age_s=(0.40,0.01) arm_torque_nm=0.000 motors=[0.00,0.00,0.00,0.00,0.00,0.00,0.00,0.00][0m
[0m[INFO] [1786170601.424539596] [my_drone_dds_wasd_control]: STATE arm=1 nav=14 NED=(0.005,-0.012,0.055) vel=(0.003,-0.001,0.016) yaw_deg=99.8 failsafe=False age_s=(0.44,0.00) arm_torque_nm=0.000 motors=[0.00,0.00,0.00,0.00,0.00,0.00,0.00,0.00][0m
[0m[INFO] [1786170602.470046900] [my_drone_dds_wasd_control]: STATE arm=1 nav=14 NED=(0.000,-0.002,0.050) vel=(-0.000,0.003,0.011) yaw_deg=99.8 failsafe=False age_s=(0.49,0.01) arm_torque_nm=0.000 motors=[0.00,0.00,0.00,0.00,0.00,0.00,0.00,0.00][0m
[0m[INFO] [1786170603.473595694] [my_drone_dds_wasd_control]: STATE arm=1 nav=14 NED=(0.004,-0.014,0.040) vel=(-0.003,-0.006,0.008) yaw_deg=99.8 failsafe=False age_s=(0.48,0.01) arm_torque_nm=0.000 motors=[0.00,0.00,0.00,0.00,0.00,0.00,0.00,0.00][0m
[0m[INFO] [1786170604.509849349] [my_drone_dds_wasd_control]: STATE arm=1 nav=14 NED=(0.015,-0.016,0.021) vel=(-0.005,-0.003,0.006) yaw_deg=99.8 failsafe=False age_s=(0.47,0.01) arm_torque_nm=0.000 motors=[0.00,0.00,0.00,0.00,0.00,0.00,0.00,0.00][0m
[0m[INFO] [1786170605.490405319] [my_drone_dds_wasd_control]: STATE arm=1 nav=14 NED=(0.020,-0.015,0.017) vel=(-0.002,-0.002,0.005) yaw_deg=99.8 failsafe=False age_s=(0.46,0.01) arm_torque_nm=0.000 motors=[0.00,0.00,0.00,0.00,0.00,0.00,0.00,0.00][0m
[0m[INFO] [1786170606.539961443] [my_drone_dds_wasd_control]: STATE arm=1 nav=14 NED=(0.002,-0.034,0.030) vel=(-0.010,-0.013,0.010) yaw_deg=99.8 failsafe=False age_s=(0.50,0.02) arm_torque_nm=0.000 motors=[0.00,0.00,0.00,0.00,0.00,0.00,0.00,0.00][0m
[0m[INFO] [1786170607.529686737] [my_drone_dds_wasd_control]: STATE arm=1 nav=14 NED=(0.000,-0.023,0.038) vel=(-0.011,0.002,0.010) yaw_deg=99.8 failsafe=False age_s=(0.49,0.00) arm_torque_nm=0.000 motors=[0.00,0.00,0.00,0.00,0.00,0.00,0.00,0.00][0m
[0m[INFO] [1786170608.579437040] [my_drone_dds_wasd_control]: STATE arm=1 nav=14 NED=(0.010,-0.011,0.048) vel=(-0.004,0.008,0.012) yaw_deg=99.8 failsafe=False age_s=(0.03,0.01) arm_torque_nm=0.000 motors=[0.00,0.00,0.00,0.00,0.00,0.00,0.00,0.00][0m
[0m[INFO] [1786170609.625288416] [my_drone_dds_wasd_control]: STATE arm=1 nav=14 NED=(0.004,-0.020,0.042) vel=(-0.007,-0.003,0.009) yaw_deg=99.8 failsafe=False age_s=(0.07,0.02) arm_torque_nm=0.000 motors=[0.00,0.00,0.00,0.00,0.00,0.00,0.00,0.00][0m
DYNAMIC_HOVER_SENT_LAND
[33m[WARN] [1786170609.957821952] [my_drone_dds_wasd_control]: LAND requested; Offboard setpoint stream stopped[0m
[0m[INFO] [1786170609.984139014] [my_drone_dds_wasd_control]: LANDING_DISARMED_CONFIRMED[0m
DDS_DYNAMIC_HOVER_FAIL missing=['PX4 command ack: command=21 result=0'] report={'offboard_samples': 29, 'steady_hover_samples': 22, 'max_horizontal_error_m': 0.043104524124504606, 'max_height_error_m': 1.206, 'takeoff_transient_max_height_error_m': 1.206, 'max_state_step_m': 0.03304542328371661, 'max_motor_output': 0.0, 'motor_saturation_fraction': 0.0, 'failsafe_seen': False}
DDS_DYNAMIC_HOVER_METRICS {"failsafe_seen": false, "max_height_error_m": 1.206, "max_horizontal_error_m": 0.043104524124504606, "max_motor_output": 0.0, "max_state_step_m": 0.03304542328371661, "motor_saturation_fraction": 0.0, "offboard_samples": 29, "steady_hover_samples": 22, "takeoff_transient_max_height_error_m": 1.206}
