DDS WASD: T takeoff | W/S/A/D move | R/F up/down | Q/E yaw | L land | O exit Offboard | X twice emergency disarm | Z safe exit
[0m[INFO] [1786155914.344665505] [my_drone_dds_wasd_control]: NED target initialized: N=0.005 E=0.021 D=0.063 yaw=98.2 deg[0m
[0m[INFO] [1786155914.385113526] [my_drone_dds_wasd_control]: local vertical target sign=-1 (target = current + sign * height)[0m
[0m[INFO] [1786155914.445030465] [my_drone_dds_wasd_control]: STATE arm=1 nav=4 NED=(0.008,0.019,0.060) vel=(0.012,0.006,0.009) yaw_deg=98.1 failsafe=False age_s=(0.00,0.00) arm_torque_nm=0.000 motors=[0.00,0.00,0.00,0.00,0.00,0.00,0.00,0.00][0m
[0m[INFO] [1786155915.420172798] [my_drone_dds_wasd_control]: STATE arm=1 nav=4 NED=(0.001,0.003,0.049) vel=(0.005,-0.004,0.004) yaw_deg=98.1 failsafe=False age_s=(0.07,0.02) arm_torque_nm=0.000 motors=[0.00,0.00,0.00,0.00,0.00,0.00,0.00,0.00][0m
[0m[INFO] [1786155916.470384948] [my_drone_dds_wasd_control]: STATE arm=1 nav=4 NED=(0.030,-0.000,0.042) vel=(0.018,-0.003,0.005) yaw_deg=98.1 failsafe=False age_s=(0.11,0.01) arm_torque_nm=0.000 motors=[0.00,0.00,0.00,0.00,0.00,0.00,0.00,0.00][0m
[0m[INFO] [1786155916.498064110] [my_drone_dds_wasd_control]: target NED=(0.03, -0.00, -1.16) yaw=98.1 deg[0m
[0m[INFO] [1786155916.522053145] [my_drone_dds_wasd_control]: Prestreaming Offboard setpoints for 2 seconds[0m
[0m[INFO] [1786155917.487265665] [my_drone_dds_wasd_control]: STATE arm=1 nav=4 NED=(0.024,-0.002,0.050) vel=(0.009,-0.003,0.009) yaw_deg=98.1 failsafe=False age_s=(0.40,0.01) arm_torque_nm=0.000 motors=[0.00,0.00,0.00,0.00,0.00,0.00,0.00,0.00][0m
[0m[INFO] [1786155918.534193223] [my_drone_dds_wasd_control]: STATE arm=1 nav=4 NED=(0.004,0.002,0.050) vel=(-0.005,0.002,0.006) yaw_deg=98.1 failsafe=False age_s=(0.45,0.02) arm_torque_nm=0.000 motors=[0.00,0.00,0.00,0.00,0.00,0.00,0.00,0.00][0m
[0m[INFO] [1786155918.584760338] [my_drone_dds_wasd_control]: OFFBOARD mode and ARM commands sent[0m
[0m[INFO] [1786155918.617966522] [my_drone_dds_wasd_control]: PX4 command ack: command=400 result=0[0m
[0m[INFO] [1786155919.571061094] [my_drone_dds_wasd_control]: STATE arm=2 nav=14 NED=(-0.019,0.014,0.049) vel=(-0.022,0.006,0.003) yaw_deg=98.2 failsafe=False age_s=(0.49,0.01) arm_torque_nm=0.000 motors=[4.01,0.00,4.01,0.00,2.34,0.00,2.34,0.00][0m
[0m[INFO] [1786155920.618659832] [my_drone_dds_wasd_control]: STATE arm=2 nav=14 NED=(-0.023,0.004,0.042) vel=(-0.020,-0.003,0.000) yaw_deg=98.2 failsafe=False age_s=(0.02,0.02) arm_torque_nm=0.000 motors=[234.64,236.67,234.63,244.24,227.77,236.67,227.78,244.24][0m
[0m[INFO] [1786155921.669237550] [my_drone_dds_wasd_control]: STATE arm=2 nav=14 NED=(-0.008,-0.012,0.008) vel=(-0.005,-0.008,-0.115) yaw_deg=98.2 failsafe=False age_s=(0.07,0.01) arm_torque_nm=0.000 motors=[502.02,523.24,502.01,530.79,495.22,523.23,495.23,530.80][0m
[0m[INFO] [1786155922.723994949] [my_drone_dds_wasd_control]: STATE arm=2 nav=14 NED=(0.014,-0.008,-0.035) vel=(0.006,-0.006,-0.157) yaw_deg=98.2 failsafe=False age_s=(0.11,0.02) arm_torque_nm=0.000 motors=[752.95,783.65,752.94,793.50,743.90,783.64,743.91,793.50][0m
[0m[INFO] [1786155923.722174892] [my_drone_dds_wasd_control]: STATE arm=2 nav=14 NED=(0.003,0.020,-0.024) vel=(0.012,0.057,-0.241) yaw_deg=98.0 failsafe=False age_s=(0.10,0.02) arm_torque_nm=0.000 motors=[754.63,773.20,754.69,779.15,743.32,773.27,743.26,779.08][0m
[0m[INFO] [1786155924.734706086] [my_drone_dds_wasd_control]: STATE arm=2 nav=14 NED=(0.007,-0.022,-0.089) vel=(0.029,-0.015,-0.317) yaw_deg=98.0 failsafe=False age_s=(0.09,0.02) arm_torque_nm=0.000 motors=[730.40,754.59,730.47,758.12,721.39,754.65,721.32,758.05][0m
[0m[INFO] [1786155925.769462650] [my_drone_dds_wasd_control]: STATE arm=2 nav=14 NED=(0.012,-0.032,-0.248) vel=(0.019,-0.019,-0.222) yaw_deg=98.0 failsafe=False age_s=(0.14,0.01) arm_torque_nm=0.000 motors=[737.98,766.92,738.10,769.41,725.03,767.05,724.90,769.29][0m
[0m[INFO] [1786155932.116986078] [my_drone_dds_wasd_control]: STATE arm=2 nav=14 NED=(-0.002,-0.001,-0.291) vel=(0.002,0.025,-0.138) yaw_deg=98.0 failsafe=False age_s=(0.14,0.00) arm_torque_nm=0.000 motors=[752.88,776.65,753.03,779.16,737.56,776.80,737.40,779.01][0m
[0m[INFO] [1786155933.165368226] [my_drone_dds_wasd_control]: STATE arm=2 nav=14 NED=(-0.011,0.021,-0.276) vel=(-0.004,0.034,-0.054) yaw_deg=98.3 failsafe=False age_s=(0.18,0.01) arm_torque_nm=0.009 motors=[768.28,795.85,768.33,803.73,755.67,795.91,755.61,803.67][0m
[0m[INFO] [1786155934.215989540] [my_drone_dds_wasd_control]: STATE arm=2 nav=14 NED=(-0.028,-0.025,-0.257) vel=(-0.037,-0.027,0.036) yaw_deg=98.5 failsafe=False age_s=(0.22,0.02) arm_torque_nm=0.045 motors=[869.27,732.82,869.15,828.47,783.23,732.71,783.34,828.58][0m
[0m[INFO] [1786155935.217193453] [my_drone_dds_wasd_control]: STATE arm=2 nav=14 NED=(0.016,-0.076,-0.179) vel=(0.057,-0.100,0.123) yaw_deg=98.2 failsafe=False age_s=(0.22,0.02) arm_torque_nm=0.037 motors=[793.04,834.55,792.99,844.33,786.94,834.50,786.99,844.38][0m
[0m[INFO] [1786155936.218912846] [my_drone_dds_wasd_control]: STATE arm=2 nav=14 NED=(-0.007,-0.040,-0.122) vel=(-0.004,-0.036,0.163) yaw_deg=98.2 failsafe=False age_s=(0.21,0.00) arm_torque_nm=0.016 motors=[803.87,852.33,803.82,862.37,798.32,852.28,798.37,862.42][0m
[0m[INFO] [1786155937.277163076] [my_drone_dds_wasd_control]: STATE arm=2 nav=14 NED=(-0.003,-0.079,-0.066) vel=(0.006,-0.053,0.098) yaw_deg=98.2 failsafe=False age_s=(0.25,0.01) arm_torque_nm=0.023 motors=[793.96,843.55,793.88,852.91,790.78,843.47,790.86,852.98][0m
[0m[INFO] [1786155938.279963277] [my_drone_dds_wasd_control]: STATE arm=2 nav=14 NED=(0.079,-0.029,0.038) vel=(0.082,0.305,0.128) yaw_deg=98.0 failsafe=False age_s=(0.24,0.01) arm_torque_nm=0.000 motors=[883.00,800.24,883.13,803.22,868.83,800.37,868.69,803.09][0m
[0m[INFO] [1786155939.342234567] [my_drone_dds_wasd_control]: STATE arm=2 nav=14 NED=(0.067,0.078,0.113) vel=(0.070,0.303,0.061) yaw_deg=99.0 failsafe=False age_s=(0.28,0.02) arm_torque_nm=0.000 motors=[972.59,673.95,972.10,787.30,900.28,673.47,900.77,787.79][0m
[0m[INFO] [1786155940.391053159] [my_drone_dds_wasd_control]: STATE arm=2 nav=14 NED=(0.008,0.094,0.122) vel=(0.033,0.170,0.102) yaw_deg=65.8 failsafe=False age_s=(0.33,0.01) arm_torque_nm=0.037 motors=[1000.00,1000.00,1000.00,537.69,375.45,1000.00,356.78,519.02][0m
[0m[INFO] [1786155941.426966338] [my_drone_dds_wasd_control]: STATE arm=2 nav=14 NED=(0.004,0.025,0.197) vel=(-0.039,0.021,0.177) yaw_deg=69.8 failsafe=False age_s=(0.37,0.02) arm_torque_nm=0.020 motors=[1000.00,1000.00,1000.00,715.63,487.91,1000.00,475.06,702.79][0m
[0m[INFO] [1786155942.423562517] [my_drone_dds_wasd_control]: STATE arm=2 nav=14 NED=(-0.047,-0.039,0.163) vel=(-0.142,-0.110,-0.006) yaw_deg=68.3 failsafe=False age_s=(0.36,0.00) arm_torque_nm=0.023 motors=[1000.00,1000.00,1000.00,722.31,411.82,1000.00,398.63,709.12][0m
[0m[INFO] [1786155943.468416879] [my_drone_dds_wasd_control]: STATE arm=2 nav=14 NED=(-0.067,-0.087,0.066) vel=(-0.118,-0.131,-0.119) yaw_deg=70.3 failsafe=False age_s=(0.40,0.01) arm_torque_nm=0.000 motors=[1000.00,1000.00,1000.00,754.89,394.87,1000.00,383.22,743.23][0m
[0m[INFO] [1786155944.517023061] [my_drone_dds_wasd_control]: STATE arm=2 nav=14 NED=(-0.035,-0.039,-0.035) vel=(-0.126,-0.000,-0.214) yaw_deg=89.7 failsafe=False age_s=(0.44,0.00) arm_torque_nm=0.027 motors=[846.55,793.06,847.46,927.86,635.25,793.97,634.34,926.94][0m
[0m[INFO] [1786155945.574929299] [my_drone_dds_wasd_control]: STATE arm=2 nav=14 NED=(0.039,0.047,-0.173) vel=(-0.001,-0.023,-0.290) yaw_deg=106.2 failsafe=False age_s=(0.49,0.01) arm_torque_nm=0.000 motors=[702.55,732.50,699.48,1000.00,638.16,729.43,641.22,1000.00][0m
[0m[INFO] [1786155946.626556422] [my_drone_dds_wasd_control]: STATE arm=2 nav=14 NED=(0.074,0.232,-0.202) vel=(-0.062,0.320,-0.231) yaw_deg=95.4 failsafe=False age_s=(0.02,0.02) arm_torque_nm=0.002 motors=[964.67,728.86,967.33,797.44,674.01,731.52,671.36,794.79][0m
[0m[INFO] [1786155947.622581613] [my_drone_dds_wasd_control]: STATE arm=2 nav=14 NED=(0.282,0.999,0.163) vel=(0.581,0.523,0.480) yaw_deg=94.9 failsafe=False age_s=(0.02,0.00) arm_torque_nm=0.000 motors=[805.07,1000.00,805.64,997.71,862.40,1000.00,861.82,997.14][0m
[0m[INFO] [1786155948.666838274] [my_drone_dds_wasd_control]: STATE arm=2 nav=14 NED=(0.790,0.681,0.581) vel=(0.101,-0.512,0.019) yaw_deg=79.0 failsafe=False age_s=(0.06,0.01) arm_torque_nm=0.312 motors=[924.12,1000.00,932.82,742.42,618.04,1000.00,609.34,733.72][0m
[0m[INFO] [1786155949.674822347] [my_drone_dds_wasd_control]: STATE arm=2 nav=14 NED=(0.812,-0.382,0.617) vel=(0.054,-1.398,-0.002) yaw_deg=111.6 failsafe=False age_s=(0.05,0.01) arm_torque_nm=0.113 motors=[586.47,1000.00,582.99,1000.00,716.18,1000.00,719.66,1000.00][0m
[0m[INFO] [1786155950.718300720] [my_drone_dds_wasd_control]: STATE arm=2 nav=14 NED=(0.935,-2.427,0.750) vel=(0.103,-2.557,0.128) yaw_deg=112.2 failsafe=False age_s=(0.09,0.00) arm_torque_nm=0.008 motors=[620.61,957.09,615.11,1000.00,799.52,951.59,805.02,1000.00][0m
[31m[ERROR] [1786155950.916511860] [my_drone_dds_wasd_control]: Position safety gate exceeded; requesting LAND horizontal=3.12 m vertical=1.95 m[0m
[33m[WARN] [1786155950.938564174] [my_drone_dds_wasd_control]: LAND requested; Offboard setpoint stream stopped[0m
[0m[INFO] [1786155950.966325926] [my_drone_dds_wasd_control]: PX4 command ack: command=21 result=0[0m
[0m[INFO] [1786155951.782585475] [my_drone_dds_wasd_control]: STATE arm=2 nav=18 NED=(0.986,-4.519,0.831) vel=(0.150,-0.715,0.076) yaw_deg=115.3 failsafe=False age_s=(0.04,0.01) arm_torque_nm=0.123 motors=[310.34,666.15,309.78,832.36,191.15,665.58,191.71,832.92][0m
[0m[INFO] [1786155952.850592985] [my_drone_dds_wasd_control]: STATE arm=2 nav=18 NED=(0.931,-4.376,0.863) vel=(0.019,0.075,0.095) yaw_deg=117.8 failsafe=False age_s=(0.08,0.02) arm_torque_nm=0.002 motors=[402.78,598.78,402.82,702.30,296.14,598.82,296.10,702.26][0m
[0m[INFO] [1786155953.877419333] [my_drone_dds_wasd_control]: STATE arm=2 nav=18 NED=(0.879,-4.356,0.875) vel=(-0.016,0.061,0.063) yaw_deg=118.0 failsafe=False age_s=(0.12,0.01) arm_torque_nm=0.004 motors=[0.00,90.41,0.00,182.96,0.00,90.47,0.00,182.90][0m
DYNAMIC_HOVER_SENT_LAND
[0m[INFO] [1786155954.872952911] [my_drone_dds_wasd_control]: LANDING_DISARMED_CONFIRMED[0m
DDS_DYNAMIC_HOVER_FAIL missing=[] report={'offboard_samples': 26, 'steady_hover_samples': 19, 'max_horizontal_error_m': 2.5902420736294127, 'max_height_error_m': 1.91, 'takeoff_transient_max_height_error_m': 1.91, 'max_state_step_m': 2.0530082805483274, 'max_motor_output': 1000.0, 'motor_saturation_fraction': 0.10606060606060606, 'failsafe_seen': False}
DDS_DYNAMIC_HOVER_METRICS {"failsafe_seen": false, "max_height_error_m": 1.91, "max_horizontal_error_m": 2.5902420736294127, "max_motor_output": 1000.0, "max_state_step_m": 2.0530082805483274, "motor_saturation_fraction": 0.10606060606060606, "offboard_samples": 26, "steady_hover_samples": 19, "takeoff_transient_max_height_error_m": 1.91}
