DDS WASD: T takeoff | W/S/A/D move | R/F up/down | Q/E yaw | L land | O exit Offboard | X twice emergency disarm | Z safe exit
[0m[INFO] [1786177272.575647027] [my_drone_dds_wasd_control]: NED target initialized: N=0.036 E=0.027 D=0.021 yaw=99.8 deg[0m
[0m[INFO] [1786177272.592232629] [my_drone_dds_wasd_control]: local vertical target sign=-1 (target = current + sign * height)[0m
[0m[INFO] [1786177273.042219181] [my_drone_dds_wasd_control]: STATE arm=1 nav=4 NED=(0.037,0.035,0.018) vel=(0.002,0.007,0.008) yaw_deg=99.8 failsafe=False age_s=(0.01,0.01) arm_torque_nm=0.000 motors=[0.00,0.00,0.00,0.00,0.00,0.00,0.00,0.00][0m
[0m[INFO] [1786177274.090838654] [my_drone_dds_wasd_control]: STATE arm=1 nav=4 NED=(0.031,0.042,0.025) vel=(-0.004,0.006,0.011) yaw_deg=99.8 failsafe=False age_s=(0.10,0.02) arm_torque_nm=0.000 motors=[0.00,0.00,0.00,0.00,0.00,0.00,0.00,0.00][0m
[0m[INFO] [1786177275.092656368] [my_drone_dds_wasd_control]: STATE arm=1 nav=4 NED=(0.024,0.038,0.027) vel=(-0.012,0.001,0.010) yaw_deg=99.8 failsafe=False age_s=(0.10,0.02) arm_torque_nm=0.000 motors=[0.00,0.00,0.00,0.00,0.00,0.00,0.00,0.00][0m
[0m[INFO] [1786177275.115950822] [my_drone_dds_wasd_control]: target NED=(0.02, 0.04, -1.17) yaw=99.8 deg[0m
[0m[INFO] [1786177275.132703273] [my_drone_dds_wasd_control]: Prestreaming Offboard setpoints for 2 seconds[0m
[0m[INFO] [1786177276.145344210] [my_drone_dds_wasd_control]: STATE arm=1 nav=4 NED=(0.005,0.038,0.016) vel=(-0.024,0.004,0.005) yaw_deg=99.8 failsafe=False age_s=(0.49,0.01) arm_torque_nm=0.000 motors=[0.00,0.00,0.00,0.00,0.00,0.00,0.00,0.00][0m
[0m[INFO] [1786177279.741726143] [my_drone_dds_wasd_control]: STATE arm=1 nav=4 NED=(-0.017,0.029,0.013) vel=(-0.028,-0.001,0.004) yaw_deg=99.8 failsafe=False age_s=(0.49,0.00) arm_torque_nm=0.000 motors=[0.00,0.00,0.00,0.00,0.00,0.00,0.00,0.00][0m
[0m[INFO] [1786177279.757537254] [my_drone_dds_wasd_control]: OFFBOARD mode and ARM commands sent[0m
[0m[INFO] [1786177279.773435854] [my_drone_dds_wasd_control]: PX4 command ack: command=400 result=0[0m
[0m[INFO] [1786177280.792318090] [my_drone_dds_wasd_control]: STATE arm=2 nav=14 NED=(-0.007,0.017,0.019) vel=(-0.017,-0.003,0.007) yaw_deg=99.8 failsafe=False age_s=(0.02,0.01) arm_torque_nm=0.000 motors=[1.52,0.42,1.52,0.53,1.53,0.42,1.53,0.53][0m
[0m[INFO] [1786177281.846636637] [my_drone_dds_wasd_control]: STATE arm=2 nav=14 NED=(-0.003,0.021,0.008) vel=(-0.013,0.002,0.002) yaw_deg=99.8 failsafe=False age_s=(0.06,0.00) arm_torque_nm=0.000 motors=[737.41,772.52,737.41,781.08,728.78,772.52,728.78,781.08][0m
[0m[INFO] [1786177282.841440790] [my_drone_dds_wasd_control]: STATE arm=2 nav=14 NED=(0.022,0.009,-0.009) vel=(0.008,-0.082,0.016) yaw_deg=99.8 failsafe=False age_s=(0.05,0.00) arm_torque_nm=0.000 motors=[748.92,788.08,748.93,807.38,728.52,788.09,728.50,807.37][0m
[0m[INFO] [1786177283.840384036] [my_drone_dds_wasd_control]: STATE arm=2 nav=14 NED=(0.033,-0.179,-0.001) vel=(-0.005,-0.287,0.142) yaw_deg=99.5 failsafe=False age_s=(0.04,0.00) arm_torque_nm=0.018 motors=[753.40,853.60,753.42,887.97,717.90,853.61,717.89,887.95][0m
[31m[ERROR] [1786177284.742653666] [my_drone_dds_wasd_control]: Position safety gate exceeded; requesting LAND horizontal=1.95 m vertical=2.08 m[0m
[33m[WARN] [1786177284.760834326] [my_drone_dds_wasd_control]: LAND requested; Offboard setpoint stream stopped[0m
[0m[INFO] [1786177284.777040405] [my_drone_dds_wasd_control]: PX4 command ack: command=21 result=0[0m
[0m[INFO] [1786177284.840391094] [my_drone_dds_wasd_control]: STATE arm=2 nav=18 NED=(0.217,-2.227,1.009) vel=(0.258,-3.076,1.039) yaw_deg=12.8 failsafe=False age_s=(0.05,0.00) arm_torque_nm=0.000 motors=[675.04,402.19,676.89,765.28,157.48,404.04,155.64,763.44][0m
[0m[INFO] [1786177285.891813485] [my_drone_dds_wasd_control]: STATE arm=2 nav=18 NED=(0.181,-3.319,1.357) vel=(0.298,-0.013,0.535) yaw_deg=97.1 failsafe=False age_s=(0.32,0.01) arm_torque_nm=0.002 motors=[434.70,698.40,437.88,590.49,276.41,701.58,273.23,587.31][0m
[0m[INFO] [1786177286.891094090] [my_drone_dds_wasd_control]: STATE arm=2 nav=18 NED=(-0.030,-3.201,1.202) vel=(-0.015,0.020,0.206) yaw_deg=-167.2 failsafe=False age_s=(0.35,0.01) arm_torque_nm=0.000 motors=[560.55,743.37,567.81,612.14,83.94,750.63,76.68,604.88][0m
[0m[INFO] [1786177287.894462489] [my_drone_dds_wasd_control]: STATE arm=2 nav=18 NED=(-0.081,-3.223,1.047) vel=(-0.072,-0.043,0.021) yaw_deg=-148.5 failsafe=False age_s=(0.34,0.01) arm_torque_nm=0.000 motors=[74.17,232.46,81.45,95.03,0.00,239.74,0.00,87.76][0m
[0m[INFO] [1786177288.894338641] [my_drone_dds_wasd_control]: STATE arm=2 nav=18 NED=(-0.096,-3.198,0.970) vel=(-0.079,-0.032,-0.051) yaw_deg=-153.5 failsafe=False age_s=(0.33,0.01) arm_torque_nm=0.000 motors=[74.36,232.28,81.64,94.94,0.00,239.56,0.00,87.66][0m
[0m[INFO] [1786177289.043184967] [my_drone_dds_wasd_control]: LANDING_DISARMED_CONFIRMED[0m
DDS_DYNAMIC_HOVER_FAIL missing=[] report={'offboard_samples': 4, 'steady_hover_samples': 0, 'max_horizontal_error_m': 0.2193855054464629, 'max_height_error_m': 1.1889999999999998, 'takeoff_transient_max_height_error_m': 1.1889999999999998, 'max_state_step_m': 0.1884913791132104, 'max_motor_output': 807.38, 'motor_saturation_fraction': 0.0, 'failsafe_seen': False}
DDS_DYNAMIC_HOVER_METRICS {"failsafe_seen": false, "max_height_error_m": 1.1889999999999998, "max_horizontal_error_m": 0.2193855054464629, "max_motor_output": 807.38, "max_state_step_m": 0.1884913791132104, "motor_saturation_fraction": 0.0, "offboard_samples": 4, "steady_hover_samples": 0, "takeoff_transient_max_height_error_m": 1.1889999999999998}
