DDS WASD: T takeoff | W/S/A/D move | R/F up/down | Q/E yaw | L land | O exit Offboard | X twice emergency disarm | Z safe exit
[0m[INFO] [1786155438.615704419] [my_drone_dds_wasd_control]: NED target initialized: N=0.001 E=-0.012 D=-0.089 yaw=94.7 deg[0m
[0m[INFO] [1786155438.648196732] [my_drone_dds_wasd_control]: local vertical target sign=-1 (target = current + sign * height)[0m
[0m[INFO] [1786155438.883760474] [my_drone_dds_wasd_control]: STATE arm=1 nav=4 NED=(-0.005,-0.013,-0.093) vel=(-0.001,-0.003,-0.002) yaw_deg=94.7 failsafe=False age_s=(0.00,0.01) arm_torque_nm=0.000 motors=[0.00,0.00,0.00,0.00,0.00,0.00,0.00,0.00][0m
[0m[INFO] [1786155439.891849627] [my_drone_dds_wasd_control]: STATE arm=1 nav=4 NED=(0.008,-0.015,-0.090) vel=(0.009,-0.004,-0.001) yaw_deg=94.7 failsafe=False age_s=(0.50,0.01) arm_torque_nm=0.000 motors=[0.00,0.00,0.00,0.00,0.00,0.00,0.00,0.00][0m
[0m[INFO] [1786155440.925400205] [my_drone_dds_wasd_control]: target NED=(0.00, -0.01, -1.29) yaw=94.7 deg[0m
[0m[INFO] [1786155440.955573649] [my_drone_dds_wasd_control]: Prestreaming Offboard setpoints for 2 seconds[0m
[0m[INFO] [1786155440.987903983] [my_drone_dds_wasd_control]: STATE arm=1 nav=4 NED=(0.004,-0.009,-0.094) vel=(0.006,-0.002,-0.002) yaw_deg=94.7 failsafe=False age_s=(0.09,0.08) arm_torque_nm=0.000 motors=[0.00,0.00,0.00,0.00,0.00,0.00,0.00,0.00][0m
[0m[INFO] [1786155442.028773717] [my_drone_dds_wasd_control]: STATE arm=1 nav=4 NED=(-0.029,-0.011,-0.089) vel=(-0.010,-0.001,-0.003) yaw_deg=94.7 failsafe=False age_s=(0.50,0.00) arm_torque_nm=0.000 motors=[0.00,0.00,0.00,0.00,0.00,0.00,0.00,0.00][0m
[0m[INFO] [1786155442.984077606] [my_drone_dds_wasd_control]: OFFBOARD mode and ARM commands sent[0m
[0m[INFO] [1786155443.016359266] [my_drone_dds_wasd_control]: PX4 command ack: command=400 result=0[0m
[0m[INFO] [1786155443.056870348] [my_drone_dds_wasd_control]: STATE arm=2 nav=14 NED=(-0.015,-0.018,-0.086) vel=(0.003,-0.005,-0.004) yaw_deg=94.7 failsafe=False age_s=(0.03,0.03) arm_torque_nm=0.000 motors=[0.00,2.37,0.00,2.25,0.00,2.37,0.00,2.24][0m
[0m[INFO] [1786155444.096448025] [my_drone_dds_wasd_control]: STATE arm=2 nav=14 NED=(-0.009,-0.003,-0.078) vel=(0.005,0.003,-0.001) yaw_deg=94.7 failsafe=False age_s=(0.08,0.01) arm_torque_nm=0.000 motors=[4.30,7.44,4.30,6.59,5.06,7.44,5.06,6.59][0m
[0m[INFO] [1786155445.150048526] [my_drone_dds_wasd_control]: STATE arm=2 nav=14 NED=(0.006,-0.017,-0.067) vel=(0.009,-0.007,0.004) yaw_deg=94.7 failsafe=False age_s=(0.12,0.00) arm_torque_nm=0.000 motors=[252.32,271.06,252.32,272.10,250.94,271.06,250.94,272.10][0m
[0m[INFO] [1786155446.183100376] [my_drone_dds_wasd_control]: STATE arm=2 nav=14 NED=(-0.005,-0.020,-0.071) vel=(-0.000,-0.006,0.001) yaw_deg=94.7 failsafe=False age_s=(0.16,0.01) arm_torque_nm=0.000 motors=[524.32,559.98,524.32,565.57,518.56,559.98,518.56,565.57][0m
[0m[INFO] [1786155447.190233624] [my_drone_dds_wasd_control]: STATE arm=2 nav=14 NED=(0.017,-0.003,-0.106) vel=(0.012,0.009,-0.318) yaw_deg=94.7 failsafe=False age_s=(0.15,0.01) arm_torque_nm=0.000 motors=[729.31,768.07,729.31,774.38,723.10,768.06,723.10,774.39][0m
[0m[INFO] [1786155448.204441238] [my_drone_dds_wasd_control]: STATE arm=2 nav=14 NED=(0.014,0.004,-0.100) vel=(0.010,0.007,0.089) yaw_deg=94.7 failsafe=False age_s=(0.15,0.01) arm_torque_nm=0.200 motors=[804.40,844.70,804.39,854.63,795.48,844.69,795.49,854.64][0m
[0m[INFO] [1786155449.244660483] [my_drone_dds_wasd_control]: STATE arm=2 nav=14 NED=(-0.002,0.001,-0.137) vel=(-0.001,0.005,-0.244) yaw_deg=94.7 failsafe=False age_s=(0.19,0.00) arm_torque_nm=0.000 motors=[743.67,779.75,743.68,788.28,734.79,779.75,734.79,788.28][0m
[0m[INFO] [1786155450.259544737] [my_drone_dds_wasd_control]: STATE arm=2 nav=14 NED=(0.001,-0.026,-0.163) vel=(-0.021,-0.063,0.007) yaw_deg=94.6 failsafe=False age_s=(0.17,0.02) arm_torque_nm=0.005 motors=[824.72,805.16,824.81,881.49,740.64,805.25,740.55,881.40][0m
[0m[INFO] [1786155451.286858309] [my_drone_dds_wasd_control]: STATE arm=2 nav=14 NED=(-0.019,-0.024,-0.228) vel=(0.037,0.002,0.090) yaw_deg=92.1 failsafe=False age_s=(0.21,0.00) arm_torque_nm=0.000 motors=[827.36,857.31,828.26,824.61,784.96,858.21,784.06,823.71][0m
[0m[INFO] [1786155452.291609099] [my_drone_dds_wasd_control]: STATE arm=2 nav=14 NED=(-0.012,0.013,-0.233) vel=(0.015,0.005,-0.127) yaw_deg=97.6 failsafe=False age_s=(0.20,0.00) arm_torque_nm=0.000 motors=[725.50,799.05,724.45,848.13,764.24,798.01,765.29,849.18][0m
[0m[INFO] [1786155453.348454545] [my_drone_dds_wasd_control]: STATE arm=2 nav=14 NED=(-0.013,0.042,-0.228) vel=(-0.002,-0.001,-0.093) yaw_deg=95.5 failsafe=False age_s=(0.24,0.01) arm_torque_nm=0.000 motors=[765.37,809.24,765.19,840.23,749.55,809.06,749.73,840.41][0m
[0m[INFO] [1786155454.379648722] [my_drone_dds_wasd_control]: STATE arm=2 nav=14 NED=(-0.037,0.034,-0.200) vel=(-0.035,-0.002,-0.016) yaw_deg=95.0 failsafe=False age_s=(0.29,0.00) arm_torque_nm=0.000 motors=[787.70,824.84,787.49,858.06,772.42,824.63,772.63,858.27][0m
[0m[INFO] [1786155455.431786656] [my_drone_dds_wasd_control]: STATE arm=2 nav=14 NED=(-0.041,0.027,-0.169) vel=(-0.026,-0.003,-0.013) yaw_deg=94.6 failsafe=False age_s=(0.33,0.01) arm_torque_nm=0.001 motors=[795.47,832.57,795.42,856.69,776.17,832.51,776.23,856.74][0m
[0m[INFO] [1786155456.482796535] [my_drone_dds_wasd_control]: STATE arm=2 nav=14 NED=(-0.052,0.014,-0.148) vel=(-0.098,-0.050,-0.001) yaw_deg=94.4 failsafe=False age_s=(0.37,0.00) arm_torque_nm=0.000 motors=[806.49,839.79,806.49,879.78,766.75,839.79,766.75,879.79][0m
[0m[INFO] [1786155457.484811966] [my_drone_dds_wasd_control]: STATE arm=2 nav=14 NED=(-0.047,0.014,-0.103) vel=(0.035,-0.028,0.264) yaw_deg=94.4 failsafe=False age_s=(0.36,0.00) arm_torque_nm=0.059 motors=[784.81,949.51,784.86,939.54,790.45,949.56,790.40,939.49][0m
[0m[INFO] [1786155458.532973699] [my_drone_dds_wasd_control]: STATE arm=2 nav=14 NED=(0.016,-0.048,-0.013) vel=(-0.001,-0.192,0.284) yaw_deg=95.0 failsafe=False age_s=(0.40,0.01) arm_torque_nm=0.000 motors=[878.76,886.83,878.60,995.58,783.39,886.67,783.55,995.73][0m
[0m[INFO] [1786155459.539030839] [my_drone_dds_wasd_control]: STATE arm=2 nav=14 NED=(0.029,0.024,0.026) vel=(-0.038,0.390,0.226) yaw_deg=94.3 failsafe=False age_s=(0.40,0.01) arm_torque_nm=0.000 motors=[863.42,914.60,863.59,949.45,814.31,914.77,814.14,949.28][0m
[0m[INFO] [1786155460.639886796] [my_drone_dds_wasd_control]: STATE arm=2 nav=14 NED=(0.079,0.298,0.039) vel=(0.101,0.128,0.070) yaw_deg=102.4 failsafe=False age_s=(0.44,0.00) arm_torque_nm=0.000 motors=[813.20,706.97,807.95,914.36,1000.00,701.72,1000.00,919.61][0m
[0m[INFO] [1786155461.643768352] [my_drone_dds_wasd_control]: STATE arm=2 nav=14 NED=(-0.018,0.779,0.037) vel=(-0.094,0.701,0.130) yaw_deg=89.8 failsafe=False age_s=(0.48,0.01) arm_torque_nm=0.011 motors=[851.05,1000.00,854.17,895.66,739.78,1000.00,736.65,892.54][0m
[0m[INFO] [1786155462.649450091] [my_drone_dds_wasd_control]: STATE arm=2 nav=14 NED=(0.298,0.364,0.668) vel=(0.862,-0.445,0.777) yaw_deg=86.4 failsafe=False age_s=(0.47,0.03) arm_torque_nm=0.000 motors=[1000.00,765.44,1000.00,482.08,1000.00,769.91,1000.00,477.60][0m
[31m[ERROR] [1786155462.765950977] [my_drone_dds_wasd_control]: Position safety gate exceeded; requesting LAND horizontal=0.49 m vertical=2.00 m[0m
[33m[WARN] [1786155462.811620109] [my_drone_dds_wasd_control]: LAND requested; Offboard setpoint stream stopped[0m
[0m[INFO] [1786155462.850226747] [my_drone_dds_wasd_control]: PX4 command ack: command=21 result=0[0m
[0m[INFO] [1786155463.648651721] [my_drone_dds_wasd_control]: STATE arm=2 nav=18 NED=(0.617,0.476,0.558) vel=(0.409,0.111,0.367) yaw_deg=116.0 failsafe=False age_s=(0.03,0.02) arm_torque_nm=0.175 motors=[749.60,774.12,746.05,1000.00,798.61,770.57,802.16,1000.00][0m
[0m[INFO] [1786155464.700008892] [my_drone_dds_wasd_control]: STATE arm=2 nav=18 NED=(0.637,0.459,0.490) vel=(-0.060,-0.094,-0.327) yaw_deg=117.2 failsafe=False age_s=(0.08,0.01) arm_torque_nm=0.000 motors=[450.00,885.83,448.52,941.32,519.04,884.35,520.53,942.81][0m
[0m[INFO] [1786155465.732527497] [my_drone_dds_wasd_control]: STATE arm=2 nav=18 NED=(0.604,0.470,0.471) vel=(-0.076,-0.024,-0.205) yaw_deg=116.9 failsafe=False age_s=(0.12,0.02) arm_torque_nm=0.147 motors=[349.04,981.99,347.03,1000.00,444.84,979.98,446.85,1000.00][0m
[0m[INFO] [1786155466.738754335] [my_drone_dds_wasd_control]: STATE arm=2 nav=18 NED=(0.613,0.469,0.391) vel=(-0.046,-0.004,-0.268) yaw_deg=111.0 failsafe=False age_s=(0.11,0.02) arm_torque_nm=0.032 motors=[343.94,1000.00,343.62,987.31,387.15,1000.00,387.46,987.62][0m
[0m[INFO] [1786155470.479349547] [my_drone_dds_wasd_control]: STATE arm=2 nav=18 NED=(0.671,0.392,0.379) vel=(0.059,0.004,-0.197) yaw_deg=100.7 failsafe=False age_s=(0.13,0.00) arm_torque_nm=0.065 motors=[329.21,1000.00,328.69,1000.00,365.18,1000.00,365.70,1000.00][0m
[0m[INFO] [1786155471.540924995] [my_drone_dds_wasd_control]: STATE arm=2 nav=18 NED=(0.681,0.410,0.309) vel=(0.037,-0.049,-0.195) yaw_deg=98.2 failsafe=False age_s=(0.17,0.01) arm_torque_nm=0.019 motors=[316.20,1000.00,315.90,974.05,372.82,1000.00,373.12,974.34][0m
[0m[INFO] [1786155472.534680616] [my_drone_dds_wasd_control]: STATE arm=2 nav=18 NED=(0.657,0.361,0.442) vel=(0.002,0.020,-0.073) yaw_deg=97.5 failsafe=False age_s=(0.16,0.01) arm_torque_nm=0.034 motors=[313.81,1000.00,313.49,1000.00,356.79,1000.00,357.11,1000.00][0m
[0m[INFO] [1786155473.594062237] [my_drone_dds_wasd_control]: STATE arm=2 nav=18 NED=(0.565,0.395,0.424) vel=(-0.071,0.057,-0.140) yaw_deg=83.1 failsafe=False age_s=(0.20,0.00) arm_torque_nm=0.120 motors=[323.12,994.82,322.98,992.76,336.77,994.68,336.91,992.89][0m
[0m[INFO] [1786155474.635080392] [my_drone_dds_wasd_control]: STATE arm=2 nav=18 NED=(0.543,0.379,0.520) vel=(-0.028,-0.031,0.036) yaw_deg=72.4 failsafe=False age_s=(0.24,0.01) arm_torque_nm=0.027 motors=[332.32,1000.00,333.04,974.13,368.84,1000.00,368.12,973.40][0m
[0m[INFO] [1786155475.697686858] [my_drone_dds_wasd_control]: STATE arm=2 nav=18 NED=(0.558,0.338,0.523) vel=(-0.003,-0.111,0.082) yaw_deg=90.0 failsafe=False age_s=(0.29,0.00) arm_torque_nm=0.049 motors=[231.38,1000.00,228.86,1000.00,342.26,1000.00,344.77,1000.00][0m
[0m[INFO] [1786155476.743386985] [my_drone_dds_wasd_control]: STATE arm=2 nav=18 NED=(0.614,0.328,0.538) vel=(-0.012,-0.038,0.122) yaw_deg=78.4 failsafe=False age_s=(0.33,0.01) arm_torque_nm=0.099 motors=[460.70,917.25,460.34,1000.00,376.58,916.90,376.93,1000.00][0m
[0m[INFO] [1786155477.790832501] [my_drone_dds_wasd_control]: STATE arm=2 nav=18 NED=(0.627,0.341,0.558) vel=(-0.009,-0.041,-0.008) yaw_deg=90.1 failsafe=False age_s=(0.37,0.02) arm_torque_nm=0.075 motors=[428.06,785.69,423.98,1000.00,453.94,781.61,458.03,1000.00][0m
[0m[INFO] [1786155478.838076815] [my_drone_dds_wasd_control]: STATE arm=2 nav=18 NED=(0.574,0.318,0.616) vel=(-0.025,0.009,-0.048) yaw_deg=79.9 failsafe=False age_s=(0.41,0.01) arm_torque_nm=0.070 motors=[349.97,908.29,349.12,1000.00,313.38,907.44,314.23,1000.00][0m
[0m[INFO] [1786155479.852413895] [my_drone_dds_wasd_control]: STATE arm=2 nav=18 NED=(0.518,0.342,0.722) vel=(-0.188,0.093,0.103) yaw_deg=77.7 failsafe=False age_s=(0.40,0.01) arm_torque_nm=0.054 motors=[407.78,844.08,405.57,1000.00,331.69,841.87,333.90,1000.00][0m
[0m[INFO] [1786155480.889948787] [my_drone_dds_wasd_control]: STATE arm=2 nav=18 NED=(0.489,0.370,0.732) vel=(-0.068,0.073,0.067) yaw_deg=66.5 failsafe=False age_s=(0.44,0.02) arm_torque_nm=0.015 motors=[361.20,833.92,358.66,965.13,442.23,831.38,444.77,967.67][0m
[0m[INFO] [1786155481.939595861] [my_drone_dds_wasd_control]: STATE arm=2 nav=18 NED=(0.561,0.375,0.732) vel=(-0.061,0.231,-0.131) yaw_deg=91.4 failsafe=False age_s=(0.48,0.01) arm_torque_nm=0.186 motors=[423.91,829.78,424.91,724.98,444.98,830.78,443.98,723.98][0m
[0m[INFO] [1786155482.990376821] [my_drone_dds_wasd_control]: STATE arm=2 nav=18 NED=(0.582,0.398,0.648) vel=(-0.039,0.060,-0.167) yaw_deg=103.5 failsafe=False age_s=(0.02,0.02) arm_torque_nm=0.040 motors=[367.45,859.21,367.99,779.82,401.22,859.75,400.68,779.28][0m
[0m[INFO] [1786155483.982383471] [my_drone_dds_wasd_control]: STATE arm=2 nav=18 NED=(0.583,0.327,0.479) vel=(-0.043,-0.111,-0.556) yaw_deg=102.9 failsafe=False age_s=(0.01,0.02) arm_torque_nm=0.203 motors=[428.89,1000.00,428.59,980.86,480.52,1000.00,480.83,981.16][0m
[0m[INFO] [1786155485.031348606] [my_drone_dds_wasd_control]: STATE arm=2 nav=18 NED=(0.567,0.570,0.433) vel=(-0.054,0.381,-0.061) yaw_deg=102.1 failsafe=False age_s=(0.06,0.01) arm_torque_nm=0.000 motors=[793.00,868.35,794.06,885.09,687.18,869.41,686.11,884.02][0m
[0m[INFO] [1786155486.085806688] [my_drone_dds_wasd_control]: STATE arm=2 nav=18 NED=(0.575,0.624,0.426) vel=(0.083,-0.182,-0.238) yaw_deg=88.3 failsafe=False age_s=(0.10,0.02) arm_torque_nm=0.083 motors=[484.68,1000.00,485.72,974.32,518.16,1000.00,517.12,973.27][0m
[0m[INFO] [1786155487.128666535] [my_drone_dds_wasd_control]: STATE arm=2 nav=18 NED=(0.594,0.413,0.397) vel=(0.079,-0.163,-0.208) yaw_deg=90.6 failsafe=False age_s=(0.14,0.01) arm_torque_nm=0.091 motors=[553.41,990.87,554.67,894.46,544.38,992.13,543.12,893.20][0m
[0m[INFO] [1786155488.191182164] [my_drone_dds_wasd_control]: STATE arm=2 nav=18 NED=(0.591,0.243,0.496) vel=(0.014,-0.247,-0.020) yaw_deg=95.9 failsafe=False age_s=(0.18,0.02) arm_torque_nm=0.092 motors=[518.69,1000.00,518.68,1000.00,524.31,1000.00,524.31,1000.00][0m
[0m[INFO] [1786155489.181973404] [my_drone_dds_wasd_control]: STATE arm=2 nav=18 NED=(0.513,-0.154,0.509) vel=(-0.098,-0.414,-0.095) yaw_deg=88.5 failsafe=False age_s=(0.17,0.02) arm_torque_nm=0.151 motors=[707.30,1000.00,713.35,884.97,415.57,1000.00,409.52,878.92][0m
[0m[INFO] [1786155490.195462642] [my_drone_dds_wasd_control]: STATE arm=2 nav=18 NED=(0.461,-0.380,0.494) vel=(-0.070,-0.101,-0.242) yaw_deg=74.3 failsafe=False age_s=(0.17,0.02) arm_torque_nm=0.591 motors=[650.49,983.11,654.48,851.74,448.40,987.09,444.42,847.76][0m
[0m[INFO] [1786155491.201984194] [my_drone_dds_wasd_control]: STATE arm=2 nav=18 NED=(0.472,-0.455,0.522) vel=(-0.009,-0.171,-0.102) yaw_deg=65.7 failsafe=False age_s=(0.16,0.02) arm_torque_nm=0.146 motors=[381.33,987.34,377.89,1000.00,573.68,983.89,577.13,1000.00][0m
[0m[INFO] [1786155492.200419638] [my_drone_dds_wasd_control]: STATE arm=2 nav=18 NED=(0.465,-0.495,0.415) vel=(-0.003,0.041,-0.139) yaw_deg=74.5 failsafe=False age_s=(0.15,0.02) arm_torque_nm=0.000 motors=[516.50,939.00,516.49,930.34,525.95,938.99,525.96,930.34][0m
[0m[INFO] [1786155493.187958570] [my_drone_dds_wasd_control]: STATE arm=2 nav=18 NED=(0.503,-0.537,0.488) vel=(0.033,0.039,-0.007) yaw_deg=76.7 failsafe=False age_s=(0.14,0.01) arm_torque_nm=0.026 motors=[463.79,1000.00,464.34,997.89,475.70,1000.00,475.15,997.34][0m
[0m[INFO] [1786155494.244859461] [my_drone_dds_wasd_control]: STATE arm=2 nav=18 NED=(0.542,-0.493,0.596) vel=(0.043,0.101,0.079) yaw_deg=81.3 failsafe=False age_s=(0.18,0.02) arm_torque_nm=0.000 motors=[603.57,872.75,602.69,889.14,661.12,871.86,662.01,890.02][0m
[0m[INFO] [1786155495.286893767] [my_drone_dds_wasd_control]: STATE arm=2 nav=18 NED=(0.544,-0.379,0.595) vel=(0.041,-0.057,-0.028) yaw_deg=88.7 failsafe=False age_s=(0.22,0.01) arm_torque_nm=0.256 motors=[530.54,864.50,528.91,909.59,622.32,862.86,623.96,911.22][0m
[0m[INFO] [1786155496.282799170] [my_drone_dds_wasd_control]: STATE arm=2 nav=18 NED=(0.545,-0.504,0.632) vel=(0.050,-0.062,0.005) yaw_deg=89.3 failsafe=False age_s=(0.21,0.01) arm_torque_nm=0.037 motors=[421.99,1000.00,422.86,1000.00,421.88,1000.00,421.01,1000.00][0m
[0m[INFO] [1786155497.331402470] [my_drone_dds_wasd_control]: STATE arm=2 nav=18 NED=(0.570,-0.503,0.550) vel=(0.066,-0.022,-0.040) yaw_deg=82.4 failsafe=False age_s=(0.25,0.02) arm_torque_nm=0.034 motors=[454.86,1000.00,455.96,917.72,460.19,1000.00,459.10,916.62][0m
[0m[INFO] [1786155498.330377389] [my_drone_dds_wasd_control]: STATE arm=2 nav=18 NED=(0.531,-0.545,0.534) vel=(0.052,-0.011,-0.006) yaw_deg=78.1 failsafe=False age_s=(0.24,0.02) arm_torque_nm=0.016 motors=[373.88,1000.00,374.19,1000.00,405.92,1000.00,405.61,1000.00][0m
[0m[INFO] [1786155499.388493061] [my_drone_dds_wasd_control]: STATE arm=2 nav=18 NED=(0.498,-0.509,0.601) vel=(0.005,-0.033,0.245) yaw_deg=65.6 failsafe=False age_s=(0.28,0.01) arm_torque_nm=0.011 motors=[522.63,1000.00,527.03,902.28,408.09,1000.00,403.68,897.87][0m
[0m[INFO] [1786155500.441674198] [my_drone_dds_wasd_control]: STATE arm=2 nav=18 NED=(0.497,-0.567,0.757) vel=(-0.069,0.066,0.200) yaw_deg=79.1 failsafe=False age_s=(0.33,0.02) arm_torque_nm=0.175 motors=[375.20,1000.00,372.80,1000.00,431.59,1000.00,433.99,1000.00][0m
[0m[INFO] [1786155501.438840385] [my_drone_dds_wasd_control]: STATE arm=2 nav=18 NED=(0.534,-0.571,0.730) vel=(-0.001,-0.005,0.121) yaw_deg=85.2 failsafe=False age_s=(0.32,0.02) arm_torque_nm=0.130 motors=[200.69,926.91,192.68,1000.00,581.28,918.90,589.29,1000.00][0m
[0m[INFO] [1786155505.037143046] [my_drone_dds_wasd_control]: STATE arm=2 nav=18 NED=(0.531,-0.580,0.783) vel=(-0.026,0.002,0.168) yaw_deg=91.9 failsafe=False age_s=(0.32,0.00) arm_torque_nm=0.118 motors=[399.66,956.48,397.13,1000.00,525.02,953.95,527.55,1000.00][0m
[0m[INFO] [1786155506.090383493] [my_drone_dds_wasd_control]: STATE arm=2 nav=18 NED=(0.525,-0.625,0.785) vel=(-0.010,-0.023,0.120) yaw_deg=83.2 failsafe=False age_s=(0.36,0.01) arm_torque_nm=0.141 motors=[393.80,1000.00,394.46,961.83,425.13,1000.00,424.48,961.17][0m
[0m[INFO] [1786155507.095889927] [my_drone_dds_wasd_control]: STATE arm=2 nav=18 NED=(0.476,-0.676,0.836) vel=(-0.060,-0.022,0.128) yaw_deg=81.8 failsafe=False age_s=(0.35,0.01) arm_torque_nm=0.002 motors=[337.68,1000.00,336.88,1000.00,362.38,1000.00,363.18,1000.00][0m
[0m[INFO] [1786155508.154339523] [my_drone_dds_wasd_control]: STATE arm=2 nav=18 NED=(0.456,-0.542,0.802) vel=(-0.046,0.099,0.032) yaw_deg=75.8 failsafe=False age_s=(0.39,0.00) arm_torque_nm=0.216 motors=[537.82,841.03,537.89,826.24,546.72,841.10,546.65,826.16][0m
DYNAMIC_HOVER_SENT_LAND
[0m[INFO] [1786155509.154758767] [my_drone_dds_wasd_control]: STATE arm=2 nav=18 NED=(0.476,-0.602,0.824) vel=(0.000,-0.049,0.163) yaw_deg=78.1 failsafe=False age_s=(0.34,0.00) arm_torque_nm=0.155 motors=[415.78,953.04,414.80,939.17,511.90,952.05,512.88,940.15][0m
[0m[INFO] [1786155510.133591310] [my_drone_dds_wasd_control]: STATE arm=2 nav=18 NED=(0.487,-0.624,0.832) vel=(0.006,0.001,0.141) yaw_deg=79.5 failsafe=False age_s=(0.32,0.00) arm_torque_nm=0.029 motors=[385.91,974.95,385.28,933.79,480.08,974.31,480.71,934.42][0m
[0m[INFO] [1786155511.179042667] [my_drone_dds_wasd_control]: STATE arm=2 nav=18 NED=(0.496,-0.598,0.806) vel=(0.008,-0.026,0.204) yaw_deg=80.2 failsafe=False age_s=(0.36,0.01) arm_torque_nm=0.051 motors=[425.53,955.02,424.82,925.92,513.35,954.32,514.05,926.62][0m
[0m[INFO] [1786155512.187135467] [my_drone_dds_wasd_control]: STATE arm=2 nav=18 NED=(0.507,-0.591,0.899) vel=(0.004,-0.038,0.194) yaw_deg=79.5 failsafe=False age_s=(0.35,0.01) arm_torque_nm=0.026 motors=[482.95,909.09,482.54,892.27,533.74,908.69,534.15,892.67][0m
[0m[INFO] [1786155513.184520661] [my_drone_dds_wasd_control]: STATE arm=2 nav=18 NED=(0.508,-0.605,0.930) vel=(0.012,-0.017,0.292) yaw_deg=73.4 failsafe=False age_s=(0.34,0.01) arm_torque_nm=0.102 motors=[522.94,959.84,523.81,883.51,526.63,960.71,525.76,882.64][0m
[0m[INFO] [1786155514.179552591] [my_drone_dds_wasd_control]: STATE arm=2 nav=18 NED=(0.493,-0.593,0.928) vel=(0.009,-0.004,0.172) yaw_deg=72.0 failsafe=False age_s=(0.33,0.01) arm_torque_nm=0.002 motors=[417.83,952.18,417.47,903.45,496.51,951.82,496.87,903.81][0m
[0m[INFO] [1786155515.186532768] [my_drone_dds_wasd_control]: STATE arm=2 nav=18 NED=(0.486,-0.577,0.935) vel=(-0.006,-0.005,0.171) yaw_deg=73.8 failsafe=False age_s=(0.33,0.01) arm_torque_nm=0.062 motors=[414.62,948.03,414.30,901.03,487.95,947.71,488.26,901.35][0m
[0m[INFO] [1786155516.232697900] [my_drone_dds_wasd_control]: STATE arm=2 nav=18 NED=(0.494,-0.570,0.930) vel=(0.001,0.009,0.147) yaw_deg=74.8 failsafe=False age_s=(0.36,0.02) arm_torque_nm=0.044 motors=[397.64,937.58,397.05,906.04,479.03,936.99,479.62,906.64][0m
[0m[INFO] [1786155517.310612726] [my_drone_dds_wasd_control]: STATE arm=2 nav=18 NED=(0.507,-0.595,0.926) vel=(0.013,-0.000,0.103) yaw_deg=74.0 failsafe=False age_s=(0.40,0.00) arm_torque_nm=0.011 motors=[390.42,942.84,390.33,875.70,464.79,942.75,464.88,875.79][0m
[0m[INFO] [1786155518.330106723] [my_drone_dds_wasd_control]: STATE arm=2 nav=18 NED=(0.496,-0.577,0.880) vel=(-0.006,0.007,0.062) yaw_deg=72.4 failsafe=False age_s=(0.43,0.01) arm_torque_nm=0.072 motors=[374.81,967.37,375.53,882.88,399.13,968.09,398.41,882.16][0m
[0m[INFO] [1786155519.333981025] [my_drone_dds_wasd_control]: STATE arm=2 nav=18 NED=(0.436,-0.636,0.896) vel=(-0.039,-0.008,0.069) yaw_deg=67.1 failsafe=False age_s=(0.43,0.01) arm_torque_nm=0.057 motors=[278.85,1000.00,278.74,996.24,314.48,1000.00,314.60,996.36][0m
[0m[INFO] [1786155520.347556086] [my_drone_dds_wasd_control]: STATE arm=2 nav=18 NED=(0.453,-0.609,0.867) vel=(-0.017,-0.027,0.111) yaw_deg=62.2 failsafe=False age_s=(0.41,0.01) arm_torque_nm=0.095 motors=[346.27,993.23,346.97,883.00,397.59,993.93,396.88,882.30][0m
[0m[INFO] [1786155521.362866578] [my_drone_dds_wasd_control]: STATE arm=2 nav=18 NED=(0.441,-0.633,0.883) vel=(-0.029,-0.009,0.169) yaw_deg=60.4 failsafe=False age_s=(0.40,0.01) arm_torque_nm=0.060 motors=[308.32,1000.00,309.71,913.04,333.70,1000.00,332.31,911.65][0m
[0m[INFO] [1786155522.400058214] [my_drone_dds_wasd_control]: STATE arm=2 nav=18 NED=(0.447,-0.562,0.860) vel=(-0.068,-0.075,0.137) yaw_deg=57.9 failsafe=False age_s=(0.43,0.01) arm_torque_nm=0.271 motors=[433.41,880.69,434.01,801.19,462.28,881.30,461.68,800.58][0m
[0m[INFO] [1786155523.427794983] [my_drone_dds_wasd_control]: STATE arm=2 nav=18 NED=(0.436,-0.612,0.856) vel=(-0.033,0.174,-0.186) yaw_deg=57.8 failsafe=False age_s=(0.47,0.00) arm_torque_nm=0.080 motors=[380.84,842.72,381.90,817.80,317.33,843.77,316.27,816.74][0m
[0m[INFO] [1786155524.427092407] [my_drone_dds_wasd_control]: STATE arm=2 nav=18 NED=(0.447,-0.536,0.792) vel=(-0.032,0.037,-0.232) yaw_deg=51.1 failsafe=False age_s=(0.46,0.00) arm_torque_nm=0.051 motors=[314.23,736.79,315.45,654.18,294.80,738.01,293.58,652.96][0m
[0m[INFO] [1786155525.435733049] [my_drone_dds_wasd_control]: STATE arm=2 nav=18 NED=(0.486,-0.536,0.526) vel=(0.046,0.029,-0.503) yaw_deg=58.0 failsafe=False age_s=(0.46,0.00) arm_torque_nm=0.005 motors=[569.87,841.71,568.74,859.69,646.96,840.57,648.10,860.82][0m
[0m[INFO] [1786155526.480780951] [my_drone_dds_wasd_control]: STATE arm=2 nav=18 NED=(0.523,-0.491,0.462) vel=(0.014,-0.095,-0.295) yaw_deg=70.7 failsafe=False age_s=(0.50,0.01) arm_torque_nm=0.066 motors=[521.72,923.60,520.27,946.85,619.28,922.15,620.72,948.29][0m
[0m[INFO] [1786155527.481791531] [my_drone_dds_wasd_control]: STATE arm=2 nav=18 NED=(0.499,-0.527,0.451) vel=(0.005,-0.056,-0.202) yaw_deg=68.3 failsafe=False age_s=(0.49,0.01) arm_torque_nm=0.003 motors=[530.03,1000.00,530.26,943.02,568.36,1000.00,568.13,942.79][0m
[0m[INFO] [1786155528.485893756] [my_drone_dds_wasd_control]: STATE arm=2 nav=18 NED=(0.485,-0.537,0.469) vel=(0.013,-0.026,-0.198) yaw_deg=65.4 failsafe=False age_s=(0.48,0.01) arm_torque_nm=0.042 motors=[524.95,972.53,524.81,922.85,586.50,972.38,586.64,922.99][0m
[0m[INFO] [1786155529.531959368] [my_drone_dds_wasd_control]: STATE arm=2 nav=18 NED=(0.515,-0.505,0.458) vel=(0.011,0.050,-0.071) yaw_deg=65.6 failsafe=False age_s=(0.02,0.00) arm_torque_nm=0.057 motors=[666.67,858.52,666.50,868.60,670.45,858.35,670.62,868.76][0m
[0m[INFO] [1786155530.533719683] [my_drone_dds_wasd_control]: STATE arm=2 nav=18 NED=(0.472,-0.495,0.483) vel=(-0.038,-0.056,0.028) yaw_deg=53.2 failsafe=False age_s=(0.01,0.00) arm_torque_nm=0.065 motors=[690.24,1000.00,693.57,833.49,582.29,1000.00,578.95,830.15][0m
[0m[INFO] [1786155531.548508885] [my_drone_dds_wasd_control]: STATE arm=2 nav=18 NED=(0.434,-0.549,0.544) vel=(-0.038,-0.048,-0.099) yaw_deg=53.8 failsafe=False age_s=(0.00,0.00) arm_torque_nm=0.040 motors=[627.22,897.11,627.92,859.50,606.48,897.80,605.78,858.81][0m
[0m[INFO] [1786155532.615443530] [my_drone_dds_wasd_control]: STATE arm=2 nav=18 NED=(0.414,-0.549,0.573) vel=(-0.114,-0.122,-0.026) yaw_deg=48.5 failsafe=False age_s=(0.05,0.01) arm_torque_nm=0.000 motors=[460.89,1000.00,461.35,1000.00,477.09,1000.00,476.63,1000.00][0m
[0m[INFO] [1786155533.640612068] [my_drone_dds_wasd_control]: STATE arm=2 nav=18 NED=(0.366,-0.630,0.598) vel=(-0.070,-0.144,-0.060) yaw_deg=43.8 failsafe=False age_s=(0.09,0.00) arm_torque_nm=0.068 motors=[626.13,904.95,627.28,821.82,612.74,906.11,611.58,820.67][0m
[0m[INFO] [1786155534.686864801] [my_drone_dds_wasd_control]: STATE arm=2 nav=18 NED=(0.341,-0.635,0.635) vel=(-0.022,-0.018,0.152) yaw_deg=43.5 failsafe=False age_s=(0.13,0.01) arm_torque_nm=0.009 motors=[641.51,924.68,641.92,895.36,636.06,925.09,635.65,894.94][0m
[0m[INFO] [1786155535.735050365] [my_drone_dds_wasd_control]: STATE arm=2 nav=18 NED=(0.310,-0.605,0.663) vel=(-0.054,-0.038,-0.025) yaw_deg=35.0 failsafe=False age_s=(0.17,0.00) arm_torque_nm=0.011 motors=[535.47,1000.00,538.30,877.39,477.42,1000.00,474.58,874.55][0m
[0m[INFO] [1786155536.778769425] [my_drone_dds_wasd_control]: STATE arm=2 nav=18 NED=(0.267,-0.620,0.688) vel=(-0.057,-0.012,0.085) yaw_deg=33.3 failsafe=False age_s=(0.21,0.01) arm_torque_nm=0.062 motors=[468.57,1000.00,469.35,990.51,482.46,1000.00,481.68,989.73][0m
[0m[INFO] [1786155537.780492120] [my_drone_dds_wasd_control]: STATE arm=2 nav=18 NED=(0.260,-0.609,0.698) vel=(0.041,0.080,0.033) yaw_deg=31.4 failsafe=False age_s=(0.21,0.01) arm_torque_nm=0.036 motors=[569.34,1000.00,572.24,899.44,447.27,1000.00,444.36,896.53][0m
[0m[INFO] [1786155541.886029981] [my_drone_dds_wasd_control]: STATE arm=2 nav=18 NED=(0.204,-0.655,0.763) vel=(-0.086,-0.042,0.120) yaw_deg=29.7 failsafe=False age_s=(0.24,0.01) arm_torque_nm=0.013 motors=[317.02,1000.00,313.84,1000.00,476.14,1000.00,479.33,1000.00][0m
[0m[INFO] [1786155542.935839316] [my_drone_dds_wasd_control]: STATE arm=2 nav=18 NED=(0.183,-0.607,0.752) vel=(0.033,0.070,0.047) yaw_deg=23.8 failsafe=False age_s=(0.28,0.00) arm_torque_nm=0.027 motors=[580.64,1000.00,584.84,875.68,397.68,1000.00,393.49,871.49][0m
[0m[INFO] [1786155543.991517366] [my_drone_dds_wasd_control]: STATE arm=2 nav=18 NED=(0.165,-0.659,0.790) vel=(-0.062,-0.043,0.128) yaw_deg=27.5 failsafe=False age_s=(0.32,0.01) arm_torque_nm=0.041 motors=[219.65,966.67,212.72,1000.00,530.45,959.74,537.38,1000.00][0m
[0m[INFO] [1786155545.010054698] [my_drone_dds_wasd_control]: STATE arm=2 nav=18 NED=(0.189,-0.634,0.752) vel=(0.054,0.040,0.024) yaw_deg=28.4 failsafe=False age_s=(0.31,0.01) arm_torque_nm=0.018 motors=[467.82,985.83,468.57,890.60,500.67,986.58,499.93,889.86][0m
[0m[INFO] [1786155546.032811562] [my_drone_dds_wasd_control]: STATE arm=2 nav=18 NED=(0.228,-0.613,0.736) vel=(0.023,0.017,0.123) yaw_deg=32.2 failsafe=False age_s=(0.35,0.00) arm_torque_nm=0.006 motors=[526.68,910.08,526.32,880.93,585.99,909.72,586.35,881.28][0m
[0m[INFO] [1786155547.082845103] [my_drone_dds_wasd_control]: STATE arm=2 nav=18 NED=(0.193,-0.638,0.739) vel=(-0.025,0.008,0.033) yaw_deg=31.2 failsafe=False age_s=(0.40,0.01) arm_torque_nm=0.053 motors=[467.29,987.70,468.44,905.21,453.48,988.85,452.33,904.05][0m
[0m[INFO] [1786155548.089252046] [my_drone_dds_wasd_control]: STATE arm=2 nav=18 NED=(0.165,-0.591,0.722) vel=(-0.030,0.016,0.038) yaw_deg=15.3 failsafe=False age_s=(0.39,0.01) arm_torque_nm=0.143 motors=[496.31,1000.00,500.41,835.12,389.06,1000.00,384.96,831.02][0m
[0m[INFO] [1786155549.116221487] [my_drone_dds_wasd_control]: STATE arm=2 nav=18 NED=(0.149,-0.553,0.729) vel=(-0.023,0.040,-0.115) yaw_deg=7.9 failsafe=False age_s=(0.38,0.01) arm_torque_nm=0.070 motors=[415.29,1000.00,418.02,862.13,338.51,1000.00,335.79,859.41][0m
[0m[INFO] [1786155550.135283992] [my_drone_dds_wasd_control]: STATE arm=2 nav=18 NED=(0.156,-0.533,0.714) vel=(-0.100,0.010,0.063) yaw_deg=4.2 failsafe=False age_s=(0.41,0.01) arm_torque_nm=0.218 motors=[458.32,902.84,457.85,867.14,533.20,902.37,533.67,867.61][0m
Traceback (most recent call last):
  File "/mnt/e/清洁无人机/drone_sim_ws/scripts/test_ros2_dds_dynamic_hover_pty.py", line 157, in <module>
