DDS WASD: T takeoff | W/S/A/D move | R/F up/down | Q/E yaw | L land | O exit Offboard | X twice emergency disarm | Z safe exit
[0m[INFO] [1786169812.181051946] [my_drone_dds_wasd_control]: NED target initialized: N=-0.003 E=0.011 D=-0.086 yaw=100.0 deg[0m
[0m[INFO] [1786169812.219601670] [my_drone_dds_wasd_control]: local vertical target sign=-1 (target = current + sign * height)[0m
[0m[INFO] [1786169812.298624344] [my_drone_dds_wasd_control]: STATE arm=1 nav=4 NED=(-0.003,0.013,-0.088) vel=(0.003,0.002,-0.045) yaw_deg=100.0 failsafe=False age_s=(0.02,0.01) arm_torque_nm=0.000 motors=[0.00,0.00,0.00,0.00,0.00,0.00,0.00,0.00][0m
[0m[INFO] [1786169813.274950833] [my_drone_dds_wasd_control]: STATE arm=1 nav=4 NED=(-0.016,0.025,-0.083) vel=(-0.004,0.009,-0.043) yaw_deg=100.0 failsafe=False age_s=(0.02,0.01) arm_torque_nm=0.000 motors=[0.00,0.00,0.00,0.00,0.00,0.00,0.00,0.00][0m
[0m[INFO] [1786169814.305621478] [my_drone_dds_wasd_control]: STATE arm=1 nav=4 NED=(-0.029,0.021,-0.066) vel=(-0.006,0.006,-0.034) yaw_deg=100.0 failsafe=False age_s=(0.02,0.01) arm_torque_nm=0.000 motors=[0.00,0.00,0.00,0.00,0.00,0.00,0.00,0.00][0m
[0m[INFO] [1786169814.458559945] [my_drone_dds_wasd_control]: target NED=(-0.03, 0.02, -1.27) yaw=100.0 deg[0m
[0m[INFO] [1786169814.532132155] [my_drone_dds_wasd_control]: Prestreaming Offboard setpoints for 2 seconds[0m
[0m[INFO] [1786169815.338041029] [my_drone_dds_wasd_control]: STATE arm=1 nav=4 NED=(-0.044,0.036,-0.052) vel=(-0.012,0.014,-0.031) yaw_deg=100.0 failsafe=False age_s=(0.25,0.02) arm_torque_nm=0.000 motors=[0.00,0.00,0.00,0.00,0.00,0.00,0.00,0.00][0m
[0m[INFO] [1786169816.399448033] [my_drone_dds_wasd_control]: STATE arm=1 nav=4 NED=(-0.044,0.018,-0.055) vel=(-0.007,-0.001,-0.031) yaw_deg=100.0 failsafe=False age_s=(0.29,0.01) arm_torque_nm=0.000 motors=[0.00,0.00,0.00,0.00,0.00,0.00,0.00,0.00][0m
[0m[INFO] [1786169816.533407445] [my_drone_dds_wasd_control]: OFFBOARD mode and ARM commands sent[0m
[0m[INFO] [1786169816.573711456] [my_drone_dds_wasd_control]: PX4 command ack: command=400 result=0[0m
[0m[INFO] [1786169817.473852637] [my_drone_dds_wasd_control]: STATE arm=2 nav=14 NED=(-0.029,0.018,-0.062) vel=(0.002,0.000,-0.033) yaw_deg=100.0 failsafe=False age_s=(0.33,0.02) arm_torque_nm=0.000 motors=[1.75,0.23,1.75,0.61,1.41,0.23,1.41,0.61][0m
[0m[INFO] [1786169818.413717545] [my_drone_dds_wasd_control]: STATE arm=2 nav=14 NED=(-0.023,0.018,-0.065) vel=(0.008,0.003,-0.034) yaw_deg=100.0 failsafe=False age_s=(0.30,0.02) arm_torque_nm=0.000 motors=[683.15,716.78,683.15,723.92,675.98,716.78,675.98,723.92][0m
[0m[INFO] [1786169819.435703351] [my_drone_dds_wasd_control]: STATE arm=2 nav=14 NED=(-0.008,0.034,-0.045) vel=(0.008,0.025,0.080) yaw_deg=100.0 failsafe=False age_s=(0.34,0.01) arm_torque_nm=0.000 motors=[758.81,795.31,758.81,803.30,750.83,795.31,750.84,803.30][0m
[0m[INFO] [1786169820.475412107] [my_drone_dds_wasd_control]: STATE arm=2 nav=14 NED=(-0.017,0.036,0.005) vel=(-0.025,0.035,0.073) yaw_deg=100.0 failsafe=False age_s=(0.31,0.01) arm_torque_nm=0.000 motors=[782.64,810.66,782.63,819.71,774.33,810.65,774.34,819.72][0m
[0m[INFO] [1786169821.489344562] [my_drone_dds_wasd_control]: STATE arm=2 nav=14 NED=(-0.018,0.024,0.015) vel=(-0.008,0.006,-0.463) yaw_deg=100.0 failsafe=False age_s=(0.33,0.02) arm_torque_nm=0.000 motors=[698.43,743.91,698.42,746.46,696.09,743.90,696.10,746.46][0m
[0m[INFO] [1786169822.471534079] [my_drone_dds_wasd_control]: STATE arm=2 nav=14 NED=(0.057,-0.088,-0.068) vel=(0.128,-0.201,0.220) yaw_deg=99.9 failsafe=False age_s=(0.32,0.02) arm_torque_nm=0.000 motors=[819.60,872.71,819.60,880.08,811.80,872.72,811.79,880.07][0m
[0m[INFO] [1786169823.546561541] [my_drone_dds_wasd_control]: STATE arm=2 nav=14 NED=(0.119,-0.436,0.054) vel=(-0.046,-0.460,0.123) yaw_deg=99.4 failsafe=False age_s=(0.36,0.01) arm_torque_nm=0.000 motors=[830.73,903.41,830.72,926.77,808.45,903.40,808.46,926.78][0m
[0m[INFO] [1786169824.576772639] [my_drone_dds_wasd_control]: STATE arm=2 nav=14 NED=(-0.107,-1.155,0.124) vel=(-0.211,-0.985,0.146) yaw_deg=98.9 failsafe=False age_s=(0.40,0.02) arm_torque_nm=0.000 motors=[848.99,962.18,848.86,985.69,836.85,962.05,836.99,985.82][0m
[0m[INFO] [1786169825.628134129] [my_drone_dds_wasd_control]: STATE arm=2 nav=14 NED=(-0.214,-2.205,-0.045) vel=(0.183,-0.736,-0.097) yaw_deg=99.8 failsafe=False age_s=(0.45,0.01) arm_torque_nm=0.000 motors=[829.92,906.85,829.76,909.82,840.67,906.68,840.83,909.98][0m
[0m[INFO] [1786169826.688493781] [my_drone_dds_wasd_control]: STATE arm=2 nav=14 NED=(0.116,-1.960,-0.137) vel=(0.271,1.089,0.019) yaw_deg=100.9 failsafe=False age_s=(0.49,0.02) arm_torque_nm=0.000 motors=[872.93,900.93,872.56,931.22,873.07,900.56,873.43,931.58][0m
[0m[INFO] [1786169827.751226820] [my_drone_dds_wasd_control]: STATE arm=2 nav=14 NED=(0.229,-0.538,-0.258) vel=(-0.299,1.033,-0.175) yaw_deg=99.5 failsafe=False age_s=(0.03,0.01) arm_torque_nm=0.000 motors=[832.38,908.48,832.32,946.64,799.04,908.42,799.10,946.70][0m
[0m[INFO] [1786169828.775491159] [my_drone_dds_wasd_control]: STATE arm=2 nav=14 NED=(-0.215,-0.800,-0.175) vel=(-0.352,-1.283,-0.052) yaw_deg=102.1 failsafe=False age_s=(0.07,0.02) arm_torque_nm=0.000 motors=[821.18,952.64,820.54,1000.00,825.25,951.99,825.89,1000.00][0m
[0m[INFO] [1786169829.779657611] [my_drone_dds_wasd_control]: STATE arm=2 nav=14 NED=(-0.340,-2.493,-0.050) vel=(0.298,-1.582,0.076) yaw_deg=101.3 failsafe=False age_s=(0.06,0.02) arm_torque_nm=0.000 motors=[899.01,1000.00,898.72,1000.00,916.65,1000.00,916.94,1000.00][0m
[31m[ERROR] [1786169830.228104159] [my_drone_dds_wasd_control]: Position safety gate exceeded; requesting LAND horizontal=3.01 m vertical=1.15 m[0m
[33m[WARN] [1786169830.253592339] [my_drone_dds_wasd_control]: LAND requested; Offboard setpoint stream stopped[0m
[0m[INFO] [1786169830.291512800] [my_drone_dds_wasd_control]: PX4 command ack: command=21 result=0[0m
[0m[INFO] [1786169830.823526133] [my_drone_dds_wasd_control]: STATE arm=2 nav=18 NED=(0.207,-2.906,-0.118) vel=(0.530,0.757,-0.095) yaw_deg=99.4 failsafe=False age_s=(0.21,0.01) arm_torque_nm=0.000 motors=[859.47,860.00,859.51,859.69,856.70,860.04,856.66,859.65][0m
[0m[INFO] [1786169831.831310973] [my_drone_dds_wasd_control]: STATE arm=2 nav=18 NED=(0.330,-1.286,0.181) vel=(-0.406,1.767,0.358) yaw_deg=99.2 failsafe=False age_s=(0.27,0.01) arm_torque_nm=0.000 motors=[865.76,927.96,865.92,959.82,819.92,928.12,819.76,959.66][0m
[0m[INFO] [1786169832.875203238] [my_drone_dds_wasd_control]: STATE arm=2 nav=18 NED=(-0.034,-0.726,0.554) vel=(0.153,-0.243,-0.355) yaw_deg=105.3 failsafe=False age_s=(0.32,0.02) arm_torque_nm=0.000 motors=[715.66,783.84,715.31,844.22,684.42,783.50,684.76,844.56][0m
[0m[INFO] [1786169833.881861499] [my_drone_dds_wasd_control]: STATE arm=2 nav=18 NED=(0.080,-1.731,0.595) vel=(0.139,-1.424,0.043) yaw_deg=95.8 failsafe=False age_s=(0.31,0.02) arm_torque_nm=0.138 motors=[752.40,971.65,754.58,880.77,660.70,973.83,658.52,878.59][0m
[0m[INFO] [1786169834.929468509] [my_drone_dds_wasd_control]: STATE arm=2 nav=18 NED=(0.102,-3.889,0.531) vel=(0.056,-2.520,-0.278) yaw_deg=111.9 failsafe=False age_s=(0.35,0.01) arm_torque_nm=0.023 motors=[549.00,800.34,547.26,931.32,564.37,798.59,566.12,933.07][0m
[0m[INFO] [1786169835.921193112] [my_drone_dds_wasd_control]: STATE arm=2 nav=18 NED=(0.123,-6.627,0.484) vel=(0.053,-3.006,-0.264) yaw_deg=114.3 failsafe=False age_s=(0.34,0.01) arm_torque_nm=0.018 motors=[498.33,804.86,497.33,913.33,473.60,803.86,474.60,914.33][0m
[0m[INFO] [1786169836.941659887] [my_drone_dds_wasd_control]: STATE arm=2 nav=18 NED=(0.148,-9.231,0.477) vel=(0.129,-2.368,-0.341) yaw_deg=110.6 failsafe=False age_s=(0.33,0.01) arm_torque_nm=0.018 motors=[496.27,743.10,496.17,774.84,473.48,742.99,473.58,774.94][0m
[0m[INFO] [1786169837.938436260] [my_drone_dds_wasd_control]: STATE arm=2 nav=18 NED=(0.176,-10.829,0.461) vel=(-0.159,-0.342,-0.656) yaw_deg=131.4 failsafe=False age_s=(0.32,0.02) arm_torque_nm=0.062 motors=[329.44,633.38,327.58,775.39,342.97,631.52,344.83,777.24][0m
[0m[INFO] [1786169838.976649853] [my_drone_dds_wasd_control]: STATE arm=2 nav=18 NED=(0.125,-10.783,0.352) vel=(-0.247,0.182,-0.335) yaw_deg=120.8 failsafe=False age_s=(0.36,0.01) arm_torque_nm=0.142 motors=[318.10,665.14,316.25,815.50,323.46,663.28,325.32,817.36][0m
[0m[INFO] [1786169839.989677295] [my_drone_dds_wasd_control]: STATE arm=2 nav=18 NED=(0.112,-10.829,0.332) vel=(-0.020,0.161,-0.143) yaw_deg=120.5 failsafe=False age_s=(0.34,0.02) arm_torque_nm=0.120 motors=[274.96,709.06,274.58,730.30,285.68,708.68,286.06,730.68][0m
[0m[INFO] [1786169841.100569997] [my_drone_dds_wasd_control]: STATE arm=2 nav=18 NED=(0.126,-10.855,0.536) vel=(-0.050,0.195,0.108) yaw_deg=120.8 failsafe=False age_s=(0.33,0.02) arm_torque_nm=0.043 motors=[0.00,134.62,0.00,185.65,0.00,133.83,0.00,186.44][0m
DYNAMIC_HOVER_SENT_LAND
[0m[INFO] [1786169842.044412404] [my_drone_dds_wasd_control]: STATE arm=2 nav=18 NED=(0.124,-10.860,0.689) vel=(0.016,0.076,0.123) yaw_deg=120.7 failsafe=False age_s=(0.26,0.01) arm_torque_nm=0.030 motors=[0.00,136.10,0.00,184.64,0.00,135.39,0.00,185.35][0m
[0m[INFO] [1786169843.029609390] [my_drone_dds_wasd_control]: STATE arm=2 nav=18 NED=(0.169,-10.909,0.742) vel=(0.065,-0.018,0.086) yaw_deg=120.6 failsafe=False age_s=(0.25,0.01) arm_torque_nm=0.000 motors=[0.00,136.37,0.00,185.11,0.00,135.66,0.00,185.83][0m
[0m[INFO] [1786169843.811757414] [my_drone_dds_wasd_control]: LANDING_DISARMED_CONFIRMED[0m
DDS_DYNAMIC_HOVER_FAIL missing=[] report={'offboard_samples': 13, 'steady_hover_samples': 6, 'max_horizontal_error_m': 2.5320483802644844, 'max_height_error_m': 1.3940000000000001, 'takeoff_transient_max_height_error_m': 1.3940000000000001, 'max_state_step_m': 1.702204159318147, 'max_motor_output': 1000.0, 'motor_saturation_fraction': 0.02586206896551724, 'failsafe_seen': False}
DDS_DYNAMIC_HOVER_METRICS {"failsafe_seen": false, "max_height_error_m": 1.3940000000000001, "max_horizontal_error_m": 2.5320483802644844, "max_motor_output": 1000.0, "max_state_step_m": 1.702204159318147, "motor_saturation_fraction": 0.02586206896551724, "offboard_samples": 13, "steady_hover_samples": 6, "takeoff_transient_max_height_error_m": 1.3940000000000001}
