DDS WASD: T takeoff | W/S/A/D move | R/F up/down | Q/E yaw | L land | O exit Offboard | X twice emergency disarm | Z safe exit
[0m[INFO] [1786171867.262439788] [my_drone_dds_wasd_control]: NED target initialized: N=-0.007 E=-0.021 D=0.072 yaw=99.9 deg[0m
[0m[INFO] [1786171867.285008858] [my_drone_dds_wasd_control]: local vertical target sign=-1 (target = current + sign * height)[0m
[0m[INFO] [1786171867.442654181] [my_drone_dds_wasd_control]: STATE arm=1 nav=4 NED=(-0.008,-0.022,0.069) vel=(-0.001,-0.010,-0.001) yaw_deg=99.9 failsafe=False age_s=(0.05,0.01) arm_torque_nm=0.000 motors=[0.00,0.00,0.00,0.00,0.00,0.00,0.00,0.00][0m
[0m[INFO] [1786171868.491315809] [my_drone_dds_wasd_control]: STATE arm=1 nav=4 NED=(0.008,-0.004,0.070) vel=(0.008,0.001,0.001) yaw_deg=99.9 failsafe=False age_s=(0.09,0.02) arm_torque_nm=0.000 motors=[0.00,0.00,0.00,0.00,0.00,0.00,0.00,0.00][0m
[0m[INFO] [1786171869.526252738] [my_drone_dds_wasd_control]: target NED=(0.03, 0.00, -1.13) yaw=99.9 deg[0m
[0m[INFO] [1786171869.549991935] [my_drone_dds_wasd_control]: Prestreaming Offboard setpoints for 2 seconds[0m
[0m[INFO] [1786171869.570740943] [my_drone_dds_wasd_control]: STATE arm=1 nav=4 NED=(0.034,0.004,0.067) vel=(0.021,0.002,-0.002) yaw_deg=99.9 failsafe=False age_s=(0.16,0.06) arm_torque_nm=0.000 motors=[0.00,0.00,0.00,0.00,0.00,0.00,0.00,0.00][0m
[0m[INFO] [1786171870.592614855] [my_drone_dds_wasd_control]: STATE arm=1 nav=4 NED=(0.034,-0.002,0.074) vel=(0.014,-0.003,0.001) yaw_deg=99.9 failsafe=False age_s=(0.49,0.02) arm_torque_nm=0.000 motors=[0.00,0.00,0.00,0.00,0.00,0.00,0.00,0.00][0m
[0m[INFO] [1786171871.593432438] [my_drone_dds_wasd_control]: STATE arm=1 nav=4 NED=(0.030,-0.002,0.088) vel=(0.005,-0.000,0.006) yaw_deg=99.9 failsafe=False age_s=(0.48,0.02) arm_torque_nm=0.000 motors=[0.00,0.00,0.00,0.00,0.00,0.00,0.00,0.00][0m
[0m[INFO] [1786171871.614012205] [my_drone_dds_wasd_control]: OFFBOARD mode and ARM commands sent[0m
[0m[INFO] [1786171871.634521872] [my_drone_dds_wasd_control]: PX4 command ack: command=400 result=0[0m
[0m[INFO] [1786171872.642894610] [my_drone_dds_wasd_control]: STATE arm=2 nav=14 NED=(0.030,0.008,0.086) vel=(0.003,0.002,0.007) yaw_deg=99.9 failsafe=False age_s=(0.02,0.01) arm_torque_nm=0.000 motors=[1.43,0.61,1.43,0.56,1.40,0.61,1.40,0.56][0m
[0m[INFO] [1786171873.694101419] [my_drone_dds_wasd_control]: STATE arm=2 nav=14 NED=(0.006,0.005,0.060) vel=(-0.013,0.002,-0.002) yaw_deg=99.9 failsafe=False age_s=(0.06,0.02) arm_torque_nm=0.000 motors=[736.94,771.52,736.94,780.57,727.98,771.52,727.98,780.57][0m
[0m[INFO] [1786171874.742775073] [my_drone_dds_wasd_control]: STATE arm=2 nav=14 NED=(-0.011,0.000,0.041) vel=(-0.017,0.002,-0.004) yaw_deg=99.9 failsafe=False age_s=(0.10,0.01) arm_torque_nm=0.000 motors=[748.66,782.85,748.65,792.27,740.11,782.83,740.13,792.28][0m
[0m[INFO] [1786171875.816587754] [my_drone_dds_wasd_control]: STATE arm=2 nav=14 NED=(-0.008,0.013,0.044) vel=(-0.010,0.012,-0.003) yaw_deg=99.9 failsafe=False age_s=(0.14,0.02) arm_torque_nm=0.000 motors=[761.55,794.74,761.52,804.98,753.75,794.71,753.78,805.01][0m
[0m[INFO] [1786171876.792954480] [my_drone_dds_wasd_control]: STATE arm=2 nav=14 NED=(-0.012,0.015,0.034) vel=(-0.006,0.003,0.013) yaw_deg=100.0 failsafe=False age_s=(0.13,0.02) arm_torque_nm=0.000 motors=[775.00,806.74,774.96,820.85,764.21,806.70,764.25,820.88][0m
[0m[INFO] [1786171877.837028927] [my_drone_dds_wasd_control]: STATE arm=2 nav=14 NED=(-0.022,-0.001,0.013) vel=(-0.018,0.052,-0.097) yaw_deg=100.0 failsafe=False age_s=(0.17,0.01) arm_torque_nm=0.634 motors=[776.63,780.44,776.59,790.97,769.65,780.40,769.70,791.01][0m
[0m[INFO] [1786171878.890983089] [my_drone_dds_wasd_control]: STATE arm=2 nav=14 NED=(-0.033,0.248,0.122) vel=(-0.006,0.354,0.175) yaw_deg=98.4 failsafe=False age_s=(0.12,0.00) arm_torque_nm=0.000 motors=[831.31,880.41,831.46,879.78,819.34,880.56,819.19,879.62][0m
[0m[INFO] [1786171879.889903548] [my_drone_dds_wasd_control]: STATE arm=2 nav=14 NED=(0.077,0.264,0.245) vel=(0.111,-0.412,0.068) yaw_deg=97.1 failsafe=False age_s=(0.11,0.00) arm_torque_nm=0.000 motors=[835.23,897.38,835.46,899.25,813.99,897.62,813.76,899.02][0m
[0m[INFO] [1786171880.941667199] [my_drone_dds_wasd_control]: STATE arm=2 nav=14 NED=(0.087,-0.329,0.229) vel=(-0.022,-0.375,-0.049) yaw_deg=97.4 failsafe=False age_s=(0.16,0.01) arm_torque_nm=0.000 motors=[846.35,863.37,846.40,868.00,837.14,863.42,837.08,867.94][0m
[0m[INFO] [1786171881.940386911] [my_drone_dds_wasd_control]: STATE arm=2 nav=14 NED=(0.081,-0.268,0.151) vel=(0.024,0.255,-0.108) yaw_deg=101.7 failsafe=False age_s=(0.15,0.01) arm_torque_nm=0.000 motors=[815.12,867.65,814.65,893.13,828.85,867.19,829.32,893.60][0m
[0m[INFO] [1786171882.993142226] [my_drone_dds_wasd_control]: STATE arm=2 nav=14 NED=(0.172,-0.280,0.036) vel=(0.084,-0.329,-0.124) yaw_deg=100.5 failsafe=False age_s=(0.19,0.00) arm_torque_nm=0.000 motors=[825.32,876.47,825.28,892.47,812.49,876.44,812.53,892.51][0m
[0m[INFO] [1786171883.990162499] [my_drone_dds_wasd_control]: STATE arm=2 nav=14 NED=(0.179,-0.656,-0.081) vel=(-0.031,-0.164,-0.126) yaw_deg=98.6 failsafe=False age_s=(0.18,0.00) arm_torque_nm=0.000 motors=[843.06,865.16,843.28,862.09,828.10,865.37,827.89,861.87][0m
[0m[INFO] [1786171885.042962020] [my_drone_dds_wasd_control]: STATE arm=2 nav=14 NED=(0.153,-0.471,-0.196) vel=(0.012,0.291,-0.124) yaw_deg=99.1 failsafe=False age_s=(0.22,0.01) arm_torque_nm=0.000 motors=[822.40,877.77,822.44,883.02,813.91,877.81,813.87,882.98][0m
[0m[INFO] [1786171886.043997759] [my_drone_dds_wasd_control]: STATE arm=2 nav=14 NED=(0.226,-0.445,-0.284) vel=(0.052,-0.228,-0.110) yaw_deg=100.2 failsafe=False age_s=(0.22,0.01) arm_torque_nm=0.000 motors=[825.00,873.62,824.89,891.16,816.43,873.51,816.54,891.26][0m
[0m[INFO] [1786171887.089351121] [my_drone_dds_wasd_control]: STATE arm=2 nav=14 NED=(0.195,-0.688,-0.396) vel=(-0.065,-0.019,-0.108) yaw_deg=99.9 failsafe=False age_s=(0.26,0.00) arm_torque_nm=0.000 motors=[835.82,861.83,835.81,867.92,830.69,861.81,830.70,867.94][0m
[0m[INFO] [1786171888.150838794] [my_drone_dds_wasd_control]: STATE arm=2 nav=14 NED=(0.148,-0.446,-0.505) vel=(-0.001,0.255,-0.096) yaw_deg=99.9 failsafe=False age_s=(0.30,0.01) arm_torque_nm=0.000 motors=[823.72,879.83,823.71,887.72,816.14,879.83,816.14,887.72][0m
[0m[INFO] [1786171889.191070504] [my_drone_dds_wasd_control]: STATE arm=2 nav=14 NED=(0.177,-0.469,-0.596) vel=(0.023,-0.217,-0.081) yaw_deg=99.8 failsafe=False age_s=(0.34,0.00) arm_torque_nm=0.000 motors=[828.60,870.78,828.61,882.28,816.02,870.79,816.01,882.27][0m
[0m[INFO] [1786171890.236446596] [my_drone_dds_wasd_control]: STATE arm=2 nav=14 NED=(0.119,-0.620,-0.651) vel=(-0.064,0.061,-0.009) yaw_deg=99.5 failsafe=False age_s=(0.38,0.01) arm_torque_nm=0.000 motors=[835.83,866.51,835.88,869.94,828.60,866.56,828.56,869.89][0m
[0m[INFO] [1786171891.240395653] [my_drone_dds_wasd_control]: STATE arm=2 nav=14 NED=(0.100,-0.402,-0.709) vel=(0.018,0.190,-0.006) yaw_deg=99.9 failsafe=False age_s=(0.38,0.01) arm_torque_nm=0.000 motors=[830.96,886.99,830.93,896.80,823.49,886.97,823.52,896.82][0m
[0m[INFO] [1786171892.294909116] [my_drone_dds_wasd_control]: STATE arm=2 nav=14 NED=(0.175,-0.488,-0.748) vel=(0.034,-0.208,-0.061) yaw_deg=99.9 failsafe=False age_s=(0.42,0.00) arm_torque_nm=0.000 motors=[830.25,870.19,830.24,882.26,818.94,870.18,818.95,882.27][0m
[0m[INFO] [1786171893.340281345] [my_drone_dds_wasd_control]: STATE arm=2 nav=14 NED=(0.198,-0.597,-0.805) vel=(-0.030,0.088,-0.096) yaw_deg=100.0 failsafe=False age_s=(0.46,0.01) arm_torque_nm=0.000 motors=[824.84,858.31,824.83,864.66,819.69,858.30,819.70,864.67][0m
[0m[INFO] [1786171894.342887592] [my_drone_dds_wasd_control]: STATE arm=2 nav=14 NED=(0.199,-0.423,-0.877) vel=(0.019,0.121,-0.120) yaw_deg=100.0 failsafe=False age_s=(0.45,0.01) arm_torque_nm=0.000 motors=[801.30,854.80,801.29,863.70,792.91,854.80,792.92,863.71][0m
[0m[INFO] [1786171898.144090990] [my_drone_dds_wasd_control]: STATE arm=2 nav=14 NED=(0.215,-0.475,-0.798) vel=(0.008,-0.159,-0.005) yaw_deg=99.8 failsafe=False age_s=(0.46,0.00) arm_torque_nm=0.000 motors=[833.20,872.13,833.22,881.39,822.21,872.15,822.19,881.37][0m
[0m[INFO] [1786171899.192736547] [my_drone_dds_wasd_control]: STATE arm=2 nav=14 NED=(0.191,-0.511,-0.619) vel=(-0.038,0.113,-0.029) yaw_deg=99.9 failsafe=False age_s=(0.50,0.01) arm_torque_nm=0.076 motors=[838.62,875.43,838.62,882.12,831.72,875.43,831.71,882.11][0m
[0m[INFO] [1786171900.196353037] [my_drone_dds_wasd_control]: STATE arm=2 nav=14 NED=(0.174,-0.347,-0.513) vel=(0.012,0.082,-0.069) yaw_deg=100.0 failsafe=False age_s=(0.49,0.01) arm_torque_nm=0.149 motors=[827.93,881.14,827.92,890.63,819.43,881.13,819.45,890.64][0m
[0m[INFO] [1786171901.193685503] [my_drone_dds_wasd_control]: STATE arm=2 nav=14 NED=(0.198,-0.417,-0.438) vel=(0.008,-0.143,-0.090) yaw_deg=99.8 failsafe=False age_s=(0.48,0.01) arm_torque_nm=0.066 motors=[837.59,875.66,837.60,885.72,826.75,875.67,826.74,885.71][0m
[0m[INFO] [1786171902.249317726] [my_drone_dds_wasd_control]: STATE arm=2 nav=14 NED=(0.184,-0.443,-0.443) vel=(-0.033,0.108,-0.100) yaw_deg=99.9 failsafe=False age_s=(0.02,0.00) arm_torque_nm=0.093 motors=[836.75,875.67,836.75,882.42,830.01,875.67,830.01,882.42][0m
[0m[INFO] [1786171903.292126771] [my_drone_dds_wasd_control]: STATE arm=2 nav=14 NED=(0.191,-0.312,-0.530) vel=(0.022,0.035,-0.137) yaw_deg=99.9 failsafe=False age_s=(0.06,0.01) arm_torque_nm=0.083 motors=[820.50,872.53,820.50,881.77,811.73,872.53,811.74,881.78][0m
[0m[INFO] [1786171904.291840597] [my_drone_dds_wasd_control]: STATE arm=2 nav=14 NED=(0.232,-0.411,-0.649) vel=(0.006,-0.130,-0.126) yaw_deg=99.8 failsafe=False age_s=(0.05,0.01) arm_torque_nm=0.205 motors=[825.79,862.02,825.81,871.17,815.25,862.04,815.23,871.16][0m
DYNAMIC_HOVER_SENT_LAND
[33m[WARN] [1786171904.514296833] [my_drone_dds_wasd_control]: LAND requested; Offboard setpoint stream stopped[0m
[0m[INFO] [1786171904.540988273] [my_drone_dds_wasd_control]: PX4 command ack: command=21 result=0[0m
[0m[INFO] [1786171905.289192458] [my_drone_dds_wasd_control]: STATE arm=2 nav=18 NED=(0.202,-0.444,-0.628) vel=(-0.036,0.078,0.351) yaw_deg=99.9 failsafe=False age_s=(0.49,0.01) arm_torque_nm=0.006 motors=[838.36,877.25,838.36,884.09,831.95,877.25,831.96,884.10][0m
[0m[INFO] [1786171906.339177432] [my_drone_dds_wasd_control]: STATE arm=2 nav=18 NED=(0.243,-0.338,-0.237) vel=(0.063,-0.006,0.265) yaw_deg=99.9 failsafe=False age_s=(0.03,0.00) arm_torque_nm=0.024 motors=[819.27,870.54,819.27,879.67,810.30,870.53,810.30,879.67][0m
[0m[INFO] [1786171907.344291754] [my_drone_dds_wasd_control]: STATE arm=2 nav=18 NED=(0.285,-0.462,0.202) vel=(0.014,-0.181,0.329) yaw_deg=99.7 failsafe=False age_s=(0.02,0.00) arm_torque_nm=0.086 motors=[844.01,880.30,844.01,891.57,832.62,880.30,832.62,891.57][0m
[0m[INFO] [1786171908.391996242] [my_drone_dds_wasd_control]: STATE arm=2 nav=18 NED=(0.234,-0.550,0.538) vel=(-0.036,0.024,0.224) yaw_deg=99.7 failsafe=False age_s=(0.06,0.01) arm_torque_nm=0.090 motors=[823.59,865.29,823.59,870.76,818.18,865.29,818.18,870.76][0m
[0m[INFO] [1786171909.388834363] [my_drone_dds_wasd_control]: STATE arm=2 nav=18 NED=(0.237,-0.567,0.722) vel=(0.121,-0.274,0.095) yaw_deg=100.8 failsafe=False age_s=(0.05,0.01) arm_torque_nm=0.020 motors=[738.51,872.91,738.14,880.23,761.80,872.55,762.17,880.60][0m
[0m[INFO] [1786171910.390211696] [my_drone_dds_wasd_control]: STATE arm=2 nav=18 NED=(0.556,-1.512,0.793) vel=(0.501,-1.572,0.063) yaw_deg=116.8 failsafe=False age_s=(0.05,0.01) arm_torque_nm=0.161 motors=[589.45,845.77,585.65,998.73,754.87,841.97,758.67,1000.00][0m
[0m[INFO] [1786171911.446238698] [my_drone_dds_wasd_control]: STATE arm=2 nav=18 NED=(1.120,-3.744,0.770) vel=(0.592,-2.504,0.037) yaw_deg=133.4 failsafe=False age_s=(0.09,0.00) arm_torque_nm=0.127 motors=[605.57,805.66,603.16,941.87,671.15,803.25,673.56,944.28][0m
[0m[INFO] [1786171912.488523885] [my_drone_dds_wasd_control]: STATE arm=2 nav=18 NED=(1.712,-6.576,0.782) vel=(0.670,-2.891,0.030) yaw_deg=134.7 failsafe=False age_s=(0.13,0.01) arm_torque_nm=0.037 motors=[583.27,859.57,582.88,920.63,555.51,859.17,555.91,921.03][0m
[0m[INFO] [1786171913.540766713] [my_drone_dds_wasd_control]: STATE arm=2 nav=18 NED=(2.362,-9.422,0.810) vel=(0.732,-2.624,0.105) yaw_deg=130.8 failsafe=False age_s=(0.17,0.00) arm_torque_nm=0.045 motors=[514.39,898.11,513.67,941.45,531.24,897.39,531.96,942.16][0m
[0m[INFO] [1786171914.540343575] [my_drone_dds_wasd_control]: STATE arm=2 nav=18 NED=(2.837,-11.515,0.817) vel=(0.443,-1.840,0.138) yaw_deg=129.5 failsafe=False age_s=(0.16,0.00) arm_torque_nm=0.001 motors=[478.81,897.95,478.06,931.13,508.63,897.20,509.38,931.89][0m
[0m[INFO] [1786171915.547551873] [my_drone_dds_wasd_control]: STATE arm=2 nav=18 NED=(3.071,-12.781,0.901) vel=(0.130,-0.951,0.146) yaw_deg=129.8 failsafe=False age_s=(0.16,0.00) arm_torque_nm=0.067 motors=[502.96,958.37,505.03,880.75,407.66,960.43,405.60,878.68][0m
[0m[INFO] [1786171916.591393059] [my_drone_dds_wasd_control]: STATE arm=2 nav=18 NED=(3.077,-13.306,0.865) vel=(-0.023,-0.062,0.014) yaw_deg=129.8 failsafe=False age_s=(0.20,0.01) arm_torque_nm=0.000 motors=[405.42,819.85,404.07,937.24,401.14,818.49,402.49,938.59][0m
[0m[INFO] [1786171917.641971985] [my_drone_dds_wasd_control]: STATE arm=2 nav=18 NED=(3.043,-13.266,0.827) vel=(-0.040,0.080,-0.011) yaw_deg=125.4 failsafe=False age_s=(0.24,0.00) arm_torque_nm=0.044 motors=[357.09,832.21,356.37,897.50,351.93,831.49,352.65,898.21][0m
[0m[INFO] [1786171918.691692728] [my_drone_dds_wasd_control]: STATE arm=2 nav=18 NED=(3.003,-13.289,0.808) vel=(-0.081,0.097,-0.045) yaw_deg=122.6 failsafe=False age_s=(0.28,0.01) arm_torque_nm=0.025 motors=[255.95,715.89,255.28,782.90,245.26,715.21,245.93,783.57][0m
[0m[INFO] [1786171919.693553556] [my_drone_dds_wasd_control]: STATE arm=2 nav=18 NED=(2.970,-13.233,0.857) vel=(-0.043,0.061,0.021) yaw_deg=120.6 failsafe=False age_s=(0.27,0.01) arm_torque_nm=0.280 motors=[291.48,689.17,291.01,755.49,263.86,688.71,264.32,755.96][0m
[0m[INFO] [1786171920.744976633] [my_drone_dds_wasd_control]: STATE arm=2 nav=18 NED=(2.994,-13.225,0.832) vel=(0.014,0.040,-0.047) yaw_deg=120.5 failsafe=False age_s=(0.32,0.00) arm_torque_nm=0.049 motors=[0.00,181.50,0.00,235.26,0.00,180.89,0.00,235.86][0m
[0m[INFO] [1786171921.790208669] [my_drone_dds_wasd_control]: STATE arm=2 nav=18 NED=(3.016,-13.244,0.830) vel=(0.031,-0.002,-0.024) yaw_deg=120.5 failsafe=False age_s=(0.36,0.01) arm_torque_nm=0.007 motors=[0.00,181.41,0.00,235.49,0.00,180.81,0.00,236.09][0m
[0m[INFO] [1786171922.344293406] [my_drone_dds_wasd_control]: LANDING_DISARMED_CONFIRMED[0m
DDS_DYNAMIC_HOVER_FAIL missing=[] report={'offboard_samples': 29, 'steady_hover_samples': 22, 'max_horizontal_error_m': 0.7075090105433286, 'max_height_error_m': 1.375, 'takeoff_transient_max_height_error_m': 1.375, 'max_state_step_m': 0.5933000927018299, 'max_motor_output': 1000.0, 'motor_saturation_fraction': 0.002717391304347826, 'failsafe_seen': False}
DDS_DYNAMIC_HOVER_METRICS {"failsafe_seen": false, "max_height_error_m": 1.375, "max_horizontal_error_m": 0.7075090105433286, "max_motor_output": 1000.0, "max_state_step_m": 0.5933000927018299, "motor_saturation_fraction": 0.002717391304347826, "offboard_samples": 29, "steady_hover_samples": 22, "takeoff_transient_max_height_error_m": 1.375}
