DDS WASD: T takeoff | W/S/A/D move | R/F up/down | Q/E yaw | L land | O exit Offboard | X twice emergency disarm | Z safe exit
[0m[INFO] [1786171375.591590921] [my_drone_dds_wasd_control]: NED target initialized: N=0.015 E=-0.008 D=-0.092 yaw=99.8 deg[0m
[0m[INFO] [1786171375.613573285] [my_drone_dds_wasd_control]: local vertical target sign=-1 (target = current + sign * height)[0m
[0m[INFO] [1786171375.772949651] [my_drone_dds_wasd_control]: STATE arm=1 nav=4 NED=(0.016,-0.009,-0.094) vel=(0.002,-0.007,-0.002) yaw_deg=99.9 failsafe=False age_s=(0.01,0.01) arm_torque_nm=0.000 motors=[0.00,0.00,0.00,0.00,0.00,0.00,0.00,0.00][0m
[0m[INFO] [1786171376.832273985] [my_drone_dds_wasd_control]: STATE arm=1 nav=4 NED=(0.019,-0.003,-0.101) vel=(0.002,-0.005,-0.007) yaw_deg=99.9 failsafe=False age_s=(0.06,0.00) arm_torque_nm=0.000 motors=[0.00,0.00,0.00,0.00,0.00,0.00,0.00,0.00][0m
[0m[INFO] [1786171377.860976709] [my_drone_dds_wasd_control]: target NED=(0.01, 0.00, -1.30) yaw=99.9 deg[0m
[0m[INFO] [1786171377.886541751] [my_drone_dds_wasd_control]: Prestreaming Offboard setpoints for 2 seconds[0m
[0m[INFO] [1786171377.911154027] [my_drone_dds_wasd_control]: STATE arm=1 nav=4 NED=(0.008,0.001,-0.105) vel=(-0.005,-0.000,-0.008) yaw_deg=99.9 failsafe=False age_s=(0.14,0.05) arm_torque_nm=0.000 motors=[0.00,0.00,0.00,0.00,0.00,0.00,0.00,0.00][0m
[0m[INFO] [1786171378.917545414] [my_drone_dds_wasd_control]: STATE arm=1 nav=4 NED=(0.001,-0.004,-0.111) vel=(-0.008,-0.002,-0.010) yaw_deg=99.9 failsafe=False age_s=(0.47,0.00) arm_torque_nm=0.000 motors=[0.00,0.00,0.00,0.00,0.00,0.00,0.00,0.00][0m
[0m[INFO] [1786171379.920282781] [my_drone_dds_wasd_control]: OFFBOARD mode and ARM commands sent[0m
[0m[INFO] [1786171379.941625799] [my_drone_dds_wasd_control]: PX4 command ack: command=400 result=0[0m
[0m[INFO] [1786171379.970647843] [my_drone_dds_wasd_control]: STATE arm=2 nav=14 NED=(-0.008,-0.013,-0.098) vel=(-0.016,-0.006,-0.003) yaw_deg=99.9 failsafe=False age_s=(0.03,0.01) arm_torque_nm=0.000 motors=[1.70,0.29,1.70,0.66,1.35,0.29,1.35,0.66][0m
[0m[INFO] [1786171380.970775269] [my_drone_dds_wasd_control]: STATE arm=2 nav=14 NED=(0.002,-0.003,-0.097) vel=(-0.000,0.003,-0.003) yaw_deg=99.9 failsafe=False age_s=(0.03,0.01) arm_torque_nm=0.000 motors=[1.73,0.28,1.73,0.51,1.48,0.28,1.48,0.51][0m
[0m[INFO] [1786171382.019647644] [my_drone_dds_wasd_control]: STATE arm=2 nav=14 NED=(-0.008,0.004,-0.093) vel=(0.001,0.002,-0.002) yaw_deg=99.9 failsafe=False age_s=(0.07,0.00) arm_torque_nm=0.000 motors=[736.60,772.61,736.60,780.60,728.70,772.61,728.70,780.60][0m
[0m[INFO] [1786171383.016849266] [my_drone_dds_wasd_control]: STATE arm=2 nav=14 NED=(0.001,0.006,-0.094) vel=(0.004,-0.000,-0.020) yaw_deg=99.9 failsafe=False age_s=(0.06,0.00) arm_torque_nm=0.000 motors=[743.56,782.26,743.56,790.45,735.33,782.26,735.33,790.45][0m
[0m[INFO] [1786171384.018360373] [my_drone_dds_wasd_control]: STATE arm=2 nav=14 NED=(-0.009,0.011,-0.133) vel=(-0.004,-0.005,0.097) yaw_deg=99.9 failsafe=False age_s=(0.06,0.00) arm_torque_nm=0.000 motors=[773.67,811.95,773.67,820.63,765.01,811.95,765.01,820.63][0m
[0m[INFO] [1786171385.072936286] [my_drone_dds_wasd_control]: STATE arm=2 nav=14 NED=(0.004,-0.008,-0.141) vel=(0.002,-0.013,0.106) yaw_deg=99.8 failsafe=False age_s=(0.10,0.01) arm_torque_nm=0.000 motors=[786.64,827.22,786.65,834.86,778.55,827.23,778.55,834.85][0m
[0m[INFO] [1786171386.122528734] [my_drone_dds_wasd_control]: STATE arm=2 nav=14 NED=(0.013,-0.025,-0.121) vel=(0.008,-0.025,0.110) yaw_deg=99.9 failsafe=False age_s=(0.14,0.00) arm_torque_nm=0.000 motors=[800.81,842.30,800.81,850.98,792.87,842.29,792.88,850.99][0m
[0m[INFO] [1786171387.125827048] [my_drone_dds_wasd_control]: STATE arm=2 nav=14 NED=(0.020,-0.029,-0.144) vel=(0.008,-0.018,0.033) yaw_deg=99.9 failsafe=False age_s=(0.13,0.00) arm_torque_nm=0.000 motors=[796.69,837.19,796.69,845.58,788.63,837.19,788.64,845.59][0m
[0m[INFO] [1786171388.174180224] [my_drone_dds_wasd_control]: STATE arm=2 nav=14 NED=(0.095,-0.114,-0.108) vel=(0.325,-0.215,0.049) yaw_deg=99.4 failsafe=False age_s=(0.17,0.01) arm_torque_nm=0.000 motors=[782.10,894.07,782.13,861.18,812.73,894.10,812.70,861.16][0m
[0m[INFO] [1786171389.169525849] [my_drone_dds_wasd_control]: STATE arm=2 nav=14 NED=(0.731,-0.588,-0.089) vel=(0.899,-0.767,0.063) yaw_deg=85.3 failsafe=False age_s=(0.17,0.01) arm_torque_nm=0.000 motors=[853.47,1000.00,856.95,829.62,742.90,1000.00,739.41,826.13][0m
[0m[INFO] [1786171390.176682061] [my_drone_dds_wasd_control]: STATE arm=2 nav=14 NED=(1.718,-2.020,0.005) vel=(1.151,-1.833,0.068) yaw_deg=82.9 failsafe=False age_s=(0.16,0.01) arm_torque_nm=0.000 motors=[859.06,1000.00,861.17,875.17,817.49,1000.00,815.38,873.06][0m
[31m[ERROR] [1786171390.372631719] [my_drone_dds_wasd_control]: Position safety gate exceeded; requesting LAND horizontal=3.09 m vertical=1.31 m[0m
[33m[WARN] [1786171390.395320868] [my_drone_dds_wasd_control]: LAND requested; Offboard setpoint stream stopped[0m
[0m[INFO] [1786171390.421787139] [my_drone_dds_wasd_control]: PX4 command ack: command=21 result=0[0m
[0m[INFO] [1786171391.167391065] [my_drone_dds_wasd_control]: STATE arm=2 nav=18 NED=(2.987,-3.749,0.003) vel=(1.117,-1.377,0.030) yaw_deg=95.8 failsafe=False age_s=(0.37,0.01) arm_torque_nm=0.000 motors=[833.65,844.71,832.91,891.26,849.25,843.97,850.00,892.01][0m
[0m[INFO] [1786171392.225923065] [my_drone_dds_wasd_control]: STATE arm=2 nav=18 NED=(3.132,-3.979,0.358) vel=(-0.787,0.558,0.454) yaw_deg=101.9 failsafe=False age_s=(0.04,0.00) arm_torque_nm=0.000 motors=[870.45,887.23,870.17,931.38,849.45,886.95,849.73,931.66][0m
[0m[INFO] [1786171393.266627671] [my_drone_dds_wasd_control]: STATE arm=2 nav=18 NED=(2.255,-3.680,0.666) vel=(-0.232,-0.275,-0.018) yaw_deg=99.4 failsafe=False age_s=(0.08,0.01) arm_torque_nm=0.261 motors=[755.30,924.26,757.23,881.58,636.50,926.19,634.57,879.65][0m
[0m[INFO] [1786171394.267566750] [my_drone_dds_wasd_control]: STATE arm=2 nav=18 NED=(2.454,-5.003,0.648) vel=(0.359,-1.937,-0.005) yaw_deg=96.6 failsafe=False age_s=(0.07,0.01) arm_torque_nm=0.100 motors=[597.79,842.89,594.90,891.24,791.69,839.99,794.58,894.13][0m
[0m[INFO] [1786171395.265779712] [my_drone_dds_wasd_control]: STATE arm=2 nav=18 NED=(3.078,-7.154,0.678) vel=(0.680,-2.315,0.072) yaw_deg=136.7 failsafe=False age_s=(0.06,0.01) arm_torque_nm=0.000 motors=[714.58,940.31,717.27,837.22,592.82,943.00,590.14,834.53][0m
[0m[INFO] [1786171396.269716260] [my_drone_dds_wasd_control]: STATE arm=2 nav=18 NED=(3.423,-9.709,0.697) vel=(0.364,-2.886,0.099) yaw_deg=130.7 failsafe=False age_s=(0.05,0.01) arm_torque_nm=0.001 motors=[549.34,870.69,547.47,953.11,623.12,868.83,624.99,954.98][0m
[0m[INFO] [1786171397.317536752] [my_drone_dds_wasd_control]: STATE arm=2 nav=18 NED=(3.695,-12.722,0.703) vel=(0.321,-2.835,0.027) yaw_deg=134.9 failsafe=False age_s=(0.10,0.00) arm_torque_nm=0.000 motors=[558.67,876.11,558.93,888.72,524.26,876.37,524.00,888.46][0m
[0m[INFO] [1786171398.321294337] [my_drone_dds_wasd_control]: STATE arm=2 nav=18 NED=(3.923,-15.392,0.716) vel=(0.180,-2.513,0.049) yaw_deg=133.0 failsafe=False age_s=(0.09,0.00) arm_torque_nm=0.003 motors=[484.38,853.38,483.45,931.69,484.48,852.45,485.41,932.62][0m
[0m[INFO] [1786171402.117440190] [my_drone_dds_wasd_control]: STATE arm=2 nav=18 NED=(3.960,-17.544,0.717) vel=(0.106,-1.675,0.069) yaw_deg=134.6 failsafe=False age_s=(0.10,0.01) arm_torque_nm=0.058 motors=[405.86,801.00,402.93,995.48,457.14,798.07,460.08,998.41][0m
[0m[INFO] [1786171403.174845516] [my_drone_dds_wasd_control]: STATE arm=2 nav=18 NED=(3.951,-18.550,0.681) vel=(0.053,-0.325,-0.009) yaw_deg=130.2 failsafe=False age_s=(0.15,0.02) arm_torque_nm=0.002 motors=[413.94,836.30,414.03,875.05,367.06,836.40,366.96,874.95][0m
[0m[INFO] [1786171404.182389343] [my_drone_dds_wasd_control]: STATE arm=2 nav=18 NED=(3.916,-18.532,0.604) vel=(0.002,0.142,-0.168) yaw_deg=127.0 failsafe=False age_s=(0.14,0.02) arm_torque_nm=0.050 motors=[266.78,707.81,266.17,770.17,255.23,707.21,255.84,770.78][0m
[0m[INFO] [1786171405.174491552] [my_drone_dds_wasd_control]: STATE arm=2 nav=18 NED=(3.834,-18.483,0.650) vel=(-0.077,0.133,0.008) yaw_deg=124.8 failsafe=False age_s=(0.13,0.02) arm_torque_nm=0.202 motors=[327.62,666.88,327.49,722.87,282.63,666.75,282.76,723.00][0m
[0m[INFO] [1786171406.222142202] [my_drone_dds_wasd_control]: STATE arm=2 nav=18 NED=(3.837,-18.512,0.639) vel=(0.021,0.038,-0.089) yaw_deg=124.1 failsafe=False age_s=(0.17,0.01) arm_torque_nm=0.119 motors=[0.00,170.29,0.00,223.42,0.00,169.77,0.00,223.95][0m
[0m[INFO] [1786171407.222471813] [my_drone_dds_wasd_control]: STATE arm=2 nav=18 NED=(3.837,-18.533,0.619) vel=(-0.006,-0.005,-0.066) yaw_deg=124.0 failsafe=False age_s=(0.16,0.01) arm_torque_nm=0.026 motors=[0.00,170.03,0.00,224.04,0.00,169.50,0.00,224.57][0m
[0m[INFO] [1786171407.971658157] [my_drone_dds_wasd_control]: LANDING_DISARMED_CONFIRMED[0m
DDS_DYNAMIC_HOVER_FAIL missing=[] report={'offboard_samples': 11, 'steady_hover_samples': 3, 'max_horizontal_error_m': 2.645309811723383, 'max_height_error_m': 1.305, 'takeoff_transient_max_height_error_m': 1.305, 'max_state_step_m': 1.741731609634504, 'max_motor_output': 1000.0, 'motor_saturation_fraction': 0.018518518518518517, 'failsafe_seen': False}
DDS_DYNAMIC_HOVER_METRICS {"failsafe_seen": false, "max_height_error_m": 1.305, "max_horizontal_error_m": 2.645309811723383, "max_motor_output": 1000.0, "max_state_step_m": 1.741731609634504, "motor_saturation_fraction": 0.018518518518518517, "offboard_samples": 11, "steady_hover_samples": 3, "takeoff_transient_max_height_error_m": 1.305}
