DDS WASD: T takeoff | W/S/A/D move | R/F up/down | Q/E yaw | L land | O exit Offboard | X twice emergency disarm | Z safe exit
[0m[INFO] [1786168968.619746354] [my_drone_dds_wasd_control]: NED target initialized: N=-0.026 E=-0.022 D=-0.002 yaw=98.4 deg[0m
[0m[INFO] [1786168968.653055099] [my_drone_dds_wasd_control]: local vertical target sign=-1 (target = current + sign * height)[0m
[0m[INFO] [1786168968.686607049] [my_drone_dds_wasd_control]: STATE arm=1 nav=4 NED=(-0.026,-0.022,-0.002) vel=(-0.023,0.000,-0.001) yaw_deg=98.4 failsafe=False age_s=(0.18,0.18) arm_torque_nm=0.000 motors=[0.00,0.00,0.00,0.00,0.00,0.00,0.00,0.00][0m
[0m[INFO] [1786168969.703061980] [my_drone_dds_wasd_control]: STATE arm=1 nav=4 NED=(-0.042,-0.013,0.004) vel=(-0.023,0.000,-0.001) yaw_deg=98.4 failsafe=False age_s=(0.19,0.00) arm_torque_nm=0.000 motors=[0.00,0.00,0.00,0.00,0.00,0.00,0.00,0.00][0m
[0m[INFO] [1786168970.735054682] [my_drone_dds_wasd_control]: STATE arm=1 nav=4 NED=(-0.035,-0.016,-0.012) vel=(-0.012,-0.003,-0.007) yaw_deg=98.4 failsafe=False age_s=(0.18,0.00) arm_torque_nm=0.000 motors=[0.00,0.00,0.00,0.00,0.00,0.00,0.00,0.00][0m
[0m[INFO] [1786168970.782307662] [my_drone_dds_wasd_control]: target NED=(-0.03, -0.02, -1.21) yaw=98.4 deg[0m
[0m[INFO] [1786168970.817018255] [my_drone_dds_wasd_control]: Prestreaming Offboard setpoints for 2 seconds[0m
[0m[INFO] [1786168971.755119651] [my_drone_dds_wasd_control]: STATE arm=1 nav=4 NED=(-0.009,0.003,-0.010) vel=(0.003,0.009,-0.005) yaw_deg=98.4 failsafe=False age_s=(0.38,0.01) arm_torque_nm=0.000 motors=[0.00,0.00,0.00,0.00,0.00,0.00,0.00,0.00][0m
[0m[INFO] [1786168972.775936925] [my_drone_dds_wasd_control]: STATE arm=1 nav=4 NED=(-0.010,0.007,-0.006) vel=(0.002,0.004,-0.001) yaw_deg=98.4 failsafe=False age_s=(0.37,0.01) arm_torque_nm=0.000 motors=[0.00,0.00,0.00,0.00,0.00,0.00,0.00,0.00][0m
[0m[INFO] [1786168972.856452542] [my_drone_dds_wasd_control]: OFFBOARD mode and ARM commands sent[0m
[0m[INFO] [1786168972.899668634] [my_drone_dds_wasd_control]: PX4 command ack: command=400 result=0[0m
[0m[INFO] [1786168973.882179806] [my_drone_dds_wasd_control]: STATE arm=2 nav=14 NED=(0.002,0.015,-0.014) vel=(0.010,0.004,-0.004) yaw_deg=98.4 failsafe=False age_s=(0.44,0.00) arm_torque_nm=0.000 motors=[3.81,0.00,3.81,0.00,2.84,0.00,2.84,0.00][0m
[0m[INFO] [1786168974.872754537] [my_drone_dds_wasd_control]: STATE arm=2 nav=14 NED=(0.008,0.014,-0.019) vel=(0.013,0.002,-0.009) yaw_deg=98.4 failsafe=False age_s=(0.48,0.01) arm_torque_nm=0.000 motors=[734.71,768.16,734.72,772.80,729.36,768.17,729.35,772.79][0m
[0m[INFO] [1786168975.906441272] [my_drone_dds_wasd_control]: STATE arm=2 nav=14 NED=(0.010,0.020,-0.070) vel=(0.014,-0.000,-0.336) yaw_deg=98.4 failsafe=False age_s=(0.01,0.02) arm_torque_nm=0.000 motors=[681.46,719.52,681.44,722.25,680.74,719.49,680.77,722.27][0m
[0m[INFO] [1786168976.905162451] [my_drone_dds_wasd_control]: STATE arm=2 nav=14 NED=(0.002,-0.004,-0.107) vel=(-0.016,-0.014,-0.192) yaw_deg=98.1 failsafe=False age_s=(0.01,0.02) arm_torque_nm=0.000 motors=[714.82,763.96,714.99,768.86,695.93,764.13,695.76,768.69][0m
[0m[INFO] [1786168977.941351305] [my_drone_dds_wasd_control]: STATE arm=2 nav=14 NED=(0.007,0.013,-0.193) vel=(0.047,0.135,-0.062) yaw_deg=98.6 failsafe=False age_s=(0.50,0.02) arm_torque_nm=0.687 motors=[751.68,752.70,751.49,745.96,774.19,752.51,774.38,746.15][0m
[0m[INFO] [1786168978.969698210] [my_drone_dds_wasd_control]: STATE arm=2 nav=14 NED=(0.044,0.030,-0.005) vel=(0.008,0.040,-0.038) yaw_deg=97.7 failsafe=False age_s=(0.04,0.01) arm_torque_nm=0.091 motors=[750.26,841.19,750.56,804.91,761.63,841.49,761.33,804.62][0m
[0m[INFO] [1786168980.041924077] [my_drone_dds_wasd_control]: STATE arm=2 nav=14 NED=(0.053,-0.014,0.033) vel=(-0.036,0.002,-0.144) yaw_deg=97.3 failsafe=False age_s=(0.52,0.04) arm_torque_nm=0.007 motors=[679.25,920.88,679.81,910.64,642.46,921.44,641.90,910.08][0m
[0m[INFO] [1786168981.002252297] [my_drone_dds_wasd_control]: STATE arm=2 nav=14 NED=(0.046,-0.020,-0.096) vel=(-0.022,0.011,-0.237) yaw_deg=96.8 failsafe=False age_s=(0.43,0.02) arm_torque_nm=0.000 motors=[653.54,925.58,654.52,898.01,598.69,926.57,597.70,897.02][0m
[0m[INFO] [1786168982.087345518] [my_drone_dds_wasd_control]: STATE arm=2 nav=14 NED=(0.050,0.040,-0.175) vel=(-0.026,0.095,0.095) yaw_deg=96.3 failsafe=False age_s=(0.44,0.01) arm_torque_nm=0.187 motors=[930.22,776.77,931.77,733.41,843.74,778.33,842.19,731.86][0m
[0m[INFO] [1786168983.075605741] [my_drone_dds_wasd_control]: STATE arm=2 nav=14 NED=(0.059,-0.035,-0.250) vel=(-0.022,0.047,-0.252) yaw_deg=101.3 failsafe=False age_s=(0.48,0.01) arm_torque_nm=0.000 motors=[651.76,810.62,650.55,912.52,651.54,809.41,652.75,913.73][0m
[0m[INFO] [1786168984.110409509] [my_drone_dds_wasd_control]: STATE arm=2 nav=14 NED=(0.003,-0.117,-0.211) vel=(-0.109,0.003,0.132) yaw_deg=101.6 failsafe=False age_s=(0.01,0.00) arm_torque_nm=0.000 motors=[818.86,799.64,817.77,870.40,840.07,798.54,841.17,871.50][0m
[0m[INFO] [1786168985.127892149] [my_drone_dds_wasd_control]: STATE arm=2 nav=14 NED=(-0.111,-0.012,-0.209) vel=(0.051,0.032,0.063) yaw_deg=98.5 failsafe=False age_s=(0.01,0.00) arm_torque_nm=0.000 motors=[794.21,815.88,793.42,852.30,824.18,815.09,824.98,853.09][0m
[0m[INFO] [1786168986.104772524] [my_drone_dds_wasd_control]: STATE arm=2 nav=14 NED=(0.038,-0.166,-0.155) vel=(0.265,-0.162,-0.044) yaw_deg=84.1 failsafe=False age_s=(0.50,0.00) arm_torque_nm=0.000 motors=[946.30,1000.00,953.88,647.29,671.20,1000.00,663.62,639.71][0m
[0m[INFO] [1786168987.163303293] [my_drone_dds_wasd_control]: STATE arm=2 nav=14 NED=(0.113,-0.383,-0.179) vel=(-0.132,-0.416,0.168) yaw_deg=112.6 failsafe=False age_s=(0.04,0.01) arm_torque_nm=0.249 motors=[626.14,668.49,616.10,1000.00,905.76,658.46,915.80,1000.00][0m
[0m[INFO] [1786168988.166250324] [my_drone_dds_wasd_control]: STATE arm=2 nav=14 NED=(-0.631,-1.503,0.442) vel=(-1.432,-1.936,0.637) yaw_deg=115.1 failsafe=False age_s=(0.02,0.00) arm_torque_nm=0.000 motors=[826.63,926.21,820.73,1000.00,821.87,920.30,827.77,1000.00][0m
[31m[ERROR] [1786168988.743564722] [my_drone_dds_wasd_control]: Position safety gate exceeded; requesting LAND horizontal=3.04 m vertical=1.87 m[0m
[33m[WARN] [1786168988.782635395] [my_drone_dds_wasd_control]: LAND requested; Offboard setpoint stream stopped[0m
[0m[INFO] [1786168988.821407227] [my_drone_dds_wasd_control]: PX4 command ack: command=21 result=0[0m
[0m[INFO] [1786168989.168695564] [my_drone_dds_wasd_control]: STATE arm=2 nav=18 NED=(-1.637,-3.709,0.621) vel=(-0.070,-2.463,0.302) yaw_deg=78.6 failsafe=False age_s=(0.04,0.02) arm_torque_nm=0.000 motors=[853.11,1000.00,861.03,669.10,841.42,1000.00,833.51,661.18][0m
[0m[INFO] [1786168990.214176733] [my_drone_dds_wasd_control]: STATE arm=2 nav=18 NED=(-1.588,-5.140,0.312) vel=(-0.151,-1.114,-0.514) yaw_deg=91.1 failsafe=False age_s=(0.02,0.00) arm_torque_nm=0.310 motors=[723.54,682.79,725.21,675.60,590.82,684.46,589.15,673.93][0m
[0m[INFO] [1786168991.199192289] [my_drone_dds_wasd_control]: STATE arm=2 nav=18 NED=(-1.805,-5.666,0.391) vel=(-0.028,-0.014,-0.255) yaw_deg=74.9 failsafe=False age_s=(0.04,0.01) arm_torque_nm=0.021 motors=[506.97,775.76,505.09,835.88,604.24,773.88,606.12,837.76][0m
[0m[INFO] [1786168992.198191632] [my_drone_dds_wasd_control]: STATE arm=2 nav=18 NED=(-1.829,-5.787,0.344) vel=(-0.050,0.135,-0.250) yaw_deg=71.2 failsafe=False age_s=(0.03,0.01) arm_torque_nm=0.006 motors=[309.07,977.47,309.33,950.88,313.86,977.73,313.60,950.62][0m
[0m[INFO] [1786168993.225529027] [my_drone_dds_wasd_control]: STATE arm=2 nav=18 NED=(-1.849,-5.796,0.361) vel=(-0.029,-0.021,-0.065) yaw_deg=62.8 failsafe=False age_s=(0.02,0.00) arm_torque_nm=0.268 motors=[302.56,1000.00,306.33,845.65,254.50,1000.00,250.74,841.89][0m
[0m[INFO] [1786168994.255852427] [my_drone_dds_wasd_control]: STATE arm=2 nav=18 NED=(-1.866,-5.836,0.439) vel=(-0.036,-0.037,-0.018) yaw_deg=70.4 failsafe=False age_s=(0.06,0.01) arm_torque_nm=0.041 motors=[288.57,1000.00,291.17,843.67,265.28,1000.00,262.68,841.06][0m
[0m[INFO] [1786168995.323549414] [my_drone_dds_wasd_control]: STATE arm=2 nav=18 NED=(-1.869,-5.813,0.497) vel=(0.021,-0.030,-0.117) yaw_deg=68.2 failsafe=False age_s=(0.06,0.00) arm_torque_nm=0.031 motors=[294.59,914.04,296.39,720.28,337.54,915.84,335.74,718.47][0m
[0m[INFO] [1786168996.342020463] [my_drone_dds_wasd_control]: STATE arm=2 nav=18 NED=(-1.825,-5.626,0.444) vel=(0.148,0.739,0.056) yaw_deg=72.3 failsafe=False age_s=(0.05,0.00) arm_torque_nm=0.419 motors=[914.02,658.78,914.35,692.32,853.43,659.11,853.10,692.00][0m
[0m[INFO] [1786168997.359893430] [my_drone_dds_wasd_control]: STATE arm=2 nav=18 NED=(-1.677,-4.282,0.615) vel=(-0.010,0.492,0.065) yaw_deg=89.6 failsafe=False age_s=(0.09,0.01) arm_torque_nm=0.023 motors=[551.55,819.46,547.65,937.43,760.20,815.56,764.10,941.33][0m
[0m[INFO] [1786168998.363677196] [my_drone_dds_wasd_control]: STATE arm=2 nav=18 NED=(-1.669,-4.611,0.648) vel=(0.084,-0.484,0.140) yaw_deg=72.3 failsafe=False age_s=(0.08,0.02) arm_torque_nm=0.305 motors=[500.00,1000.00,503.08,880.93,495.52,1000.00,492.44,877.84][0m
[0m[INFO] [1786168999.365779416] [my_drone_dds_wasd_control]: STATE arm=2 nav=18 NED=(-1.796,-4.854,0.711) vel=(-0.043,-0.017,0.128) yaw_deg=53.1 failsafe=False age_s=(0.06,0.02) arm_torque_nm=0.064 motors=[528.45,1000.00,530.53,971.85,413.60,1000.00,411.52,969.76][0m
[0m[INFO] [1786169000.444572905] [my_drone_dds_wasd_control]: STATE arm=2 nav=18 NED=(-1.871,-4.930,0.783) vel=(-0.100,-0.096,0.210) yaw_deg=55.9 failsafe=False age_s=(0.10,0.00) arm_torque_nm=0.222 motors=[353.58,1000.00,353.16,1000.00,389.94,1000.00,390.36,1000.00][0m
[0m[INFO] [1786169004.109807940] [my_drone_dds_wasd_control]: STATE arm=2 nav=18 NED=(-1.851,-4.918,0.793) vel=(-0.034,0.002,0.117) yaw_deg=60.4 failsafe=False age_s=(0.12,0.00) arm_torque_nm=0.115 motors=[387.02,921.09,385.15,991.92,472.29,919.22,474.15,993.78][0m
[0m[INFO] [1786169005.112262729] [my_drone_dds_wasd_control]: STATE arm=2 nav=18 NED=(-1.859,-4.929,0.867) vel=(-0.003,0.008,0.269) yaw_deg=60.1 failsafe=False age_s=(0.09,0.01) arm_torque_nm=0.231 motors=[443.96,933.12,442.63,935.52,552.44,931.80,553.77,936.85][0m
DYNAMIC_HOVER_SENT_LAND
[0m[INFO] [1786169006.186637319] [my_drone_dds_wasd_control]: STATE arm=2 nav=18 NED=(-1.832,-4.841,0.844) vel=(-0.077,0.050,0.233) yaw_deg=58.5 failsafe=False age_s=(0.12,0.00) arm_torque_nm=0.255 motors=[599.11,783.77,599.42,780.33,576.84,784.07,576.54,780.02][0m
[0m[INFO] [1786169007.157029668] [my_drone_dds_wasd_control]: STATE arm=2 nav=18 NED=(-1.905,-4.929,0.894) vel=(-0.040,-0.046,0.091) yaw_deg=54.1 failsafe=False age_s=(0.10,0.01) arm_torque_nm=0.093 motors=[333.33,952.78,333.44,944.63,331.58,952.90,331.47,944.51][0m
[0m[INFO] [1786169008.161754846] [my_drone_dds_wasd_control]: STATE arm=2 nav=18 NED=(-1.849,-4.889,0.868) vel=(0.002,0.009,0.059) yaw_deg=50.2 failsafe=False age_s=(0.08,0.02) arm_torque_nm=0.084 motors=[333.44,869.46,332.79,858.42,398.79,868.81,399.44,859.06][0m
[0m[INFO] [1786169009.207534730] [my_drone_dds_wasd_control]: STATE arm=2 nav=18 NED=(-1.844,-4.914,0.906) vel=(-0.026,-0.041,0.147) yaw_deg=55.4 failsafe=False age_s=(0.12,0.01) arm_torque_nm=0.053 motors=[239.03,966.14,238.66,919.41,316.54,965.78,316.91,919.77][0m
[0m[INFO] [1786169010.256502588] [my_drone_dds_wasd_control]: STATE arm=2 nav=18 NED=(-1.822,-4.878,0.920) vel=(-0.066,-0.080,0.095) yaw_deg=50.4 failsafe=False age_s=(0.16,0.02) arm_torque_nm=0.296 motors=[486.38,1000.00,486.89,1000.00,517.71,1000.00,517.20,1000.00][0m
[0m[INFO] [1786169011.265879842] [my_drone_dds_wasd_control]: STATE arm=2 nav=18 NED=(-1.818,-4.733,0.787) vel=(0.095,0.318,-0.105) yaw_deg=37.5 failsafe=False age_s=(0.14,0.00) arm_torque_nm=0.000 motors=[854.44,841.74,859.58,645.66,620.02,846.88,614.88,640.52][0m
[0m[INFO] [1786169012.311142285] [my_drone_dds_wasd_control]: STATE arm=2 nav=18 NED=(-1.464,-4.398,0.813) vel=(-0.048,-0.036,0.085) yaw_deg=18.3 failsafe=False age_s=(0.18,0.01) arm_torque_nm=0.217 motors=[686.95,1000.00,692.15,784.27,509.05,1000.00,503.85,779.07][0m
[0m[INFO] [1786169013.304724044] [my_drone_dds_wasd_control]: STATE arm=2 nav=18 NED=(-1.843,-4.521,0.815) vel=(-0.420,-0.056,0.009) yaw_deg=30.9 failsafe=False age_s=(0.17,0.01) arm_torque_nm=0.082 motors=[476.18,1000.00,477.35,980.41,399.68,1000.00,398.51,979.24][0m
[0m[INFO] [1786169014.356806646] [my_drone_dds_wasd_control]: STATE arm=2 nav=18 NED=(-1.939,-4.548,0.784) vel=(-0.025,-0.097,0.053) yaw_deg=33.5 failsafe=False age_s=(0.21,0.02) arm_torque_nm=0.073 motors=[347.89,960.68,345.91,930.49,544.25,958.69,546.24,932.47][0m
[0m[INFO] [1786169015.361009006] [my_drone_dds_wasd_control]: STATE arm=2 nav=18 NED=(-1.968,-4.606,0.825) vel=(-0.001,0.010,0.027) yaw_deg=46.2 failsafe=False age_s=(0.20,0.02) arm_torque_nm=0.221 motors=[383.48,1000.00,385.21,915.69,348.54,1000.00,346.80,913.96][0m
[0m[INFO] [1786169016.405051943] [my_drone_dds_wasd_control]: STATE arm=2 nav=18 NED=(-1.962,-4.597,0.780) vel=(-0.039,-0.087,0.320) yaw_deg=47.3 failsafe=False age_s=(0.24,0.01) arm_torque_nm=0.112 motors=[443.39,921.93,443.26,884.21,491.39,921.81,491.51,884.33][0m
[0m[INFO] [1786169017.412116975] [my_drone_dds_wasd_control]: STATE arm=2 nav=18 NED=(-1.988,-4.637,0.813) vel=(-0.060,-0.076,0.412) yaw_deg=52.8 failsafe=False age_s=(0.24,0.01) arm_torque_nm=0.032 motors=[254.78,1000.00,255.55,1000.00,273.65,1000.00,272.89,1000.00][0m
[0m[INFO] [1786169018.450636631] [my_drone_dds_wasd_control]: STATE arm=2 nav=18 NED=(-1.994,-4.573,0.772) vel=(-0.100,-0.091,0.173) yaw_deg=45.5 failsafe=False age_s=(0.27,0.01) arm_torque_nm=0.071 motors=[562.42,1000.00,563.66,1000.00,536.26,1000.00,535.03,1000.00][0m
[0m[INFO] [1786169019.502539435] [my_drone_dds_wasd_control]: STATE arm=2 nav=18 NED=(-2.086,-4.625,0.788) vel=(-0.125,0.025,-0.008) yaw_deg=47.4 failsafe=False age_s=(0.32,0.00) arm_torque_nm=0.021 motors=[577.64,914.81,577.24,1000.00,485.24,914.42,485.63,1000.00][0m
[0m[INFO] [1786169020.567048456] [my_drone_dds_wasd_control]: STATE arm=2 nav=18 NED=(-2.132,-4.622,0.774) vel=(0.066,-0.068,-0.050) yaw_deg=27.7 failsafe=False age_s=(0.36,0.01) arm_torque_nm=0.032 motors=[527.65,901.47,526.96,864.93,622.19,900.78,622.89,865.62][0m
[0m[INFO] [1786169021.551787748] [my_drone_dds_wasd_control]: STATE arm=2 nav=18 NED=(-2.090,-4.725,0.764) vel=(-0.101,-0.096,0.136) yaw_deg=68.3 failsafe=False age_s=(0.35,0.01) arm_torque_nm=0.022 motors=[486.55,810.12,482.40,1000.00,558.21,805.97,562.36,1000.00][0m
[0m[INFO] [1786169022.600219221] [my_drone_dds_wasd_control]: STATE arm=2 nav=18 NED=(-2.158,-4.782,0.784) vel=(-0.028,0.094,-0.049) yaw_deg=58.8 failsafe=False age_s=(0.39,0.00) arm_torque_nm=0.054 motors=[531.75,862.35,532.28,960.77,388.83,862.88,388.30,960.24][0m
[0m[INFO] [1786169023.651518716] [my_drone_dds_wasd_control]: STATE arm=2 nav=18 NED=(-2.151,-4.793,0.767) vel=(0.097,-0.026,-0.010) yaw_deg=44.2 failsafe=False age_s=(0.43,0.01) arm_torque_nm=0.052 motors=[326.04,795.56,321.25,918.75,603.85,790.77,608.64,923.54][0m
[0m[INFO] [1786169024.700843286] [my_drone_dds_wasd_control]: STATE arm=2 nav=18 NED=(-2.089,-4.857,0.793) vel=(0.092,0.012,0.022) yaw_deg=71.0 failsafe=False age_s=(0.48,0.00) arm_torque_nm=0.133 motors=[286.79,1000.00,287.22,826.05,443.60,1000.00,443.18,825.62][0m
[0m[INFO] [1786169025.756034863] [my_drone_dds_wasd_control]: STATE arm=2 nav=18 NED=(-2.048,-4.856,0.776) vel=(0.023,0.037,0.023) yaw_deg=85.4 failsafe=False age_s=(0.01,0.01) arm_torque_nm=0.141 motors=[356.67,1000.00,359.97,769.90,335.18,1000.00,331.89,766.60][0m
[0m[INFO] [1786169026.806244834] [my_drone_dds_wasd_control]: STATE arm=2 nav=18 NED=(-2.063,-4.856,0.805) vel=(0.026,0.027,0.023) yaw_deg=78.5 failsafe=False age_s=(0.06,0.00) arm_torque_nm=0.017 motors=[245.48,973.30,245.98,882.40,293.83,973.81,293.32,881.89][0m
[0m[INFO] [1786169027.798445548] [my_drone_dds_wasd_control]: STATE arm=2 nav=18 NED=(-2.030,-4.777,0.861) vel=(0.020,0.015,-0.003) yaw_deg=75.8 failsafe=False age_s=(0.05,0.00) arm_torque_nm=0.343 motors=[288.65,732.30,289.15,656.23,322.82,732.80,322.32,655.73][0m
[0m[INFO] [1786169028.799781124] [my_drone_dds_wasd_control]: STATE arm=2 nav=18 NED=(-2.021,-4.771,0.857) vel=(0.023,0.011,0.018) yaw_deg=75.9 failsafe=False age_s=(0.04,0.00) arm_torque_nm=0.018 motors=[0.00,231.62,0.00,159.93,0.00,231.66,0.00,159.89][0m
[0m[INFO] [1786169029.844031957] [my_drone_dds_wasd_control]: STATE arm=2 nav=18 NED=(-2.030,-4.760,0.843) vel=(0.003,0.012,0.009) yaw_deg=75.9 failsafe=False age_s=(0.08,0.01) arm_torque_nm=0.012 motors=[0.00,231.25,0.00,160.06,0.00,231.30,0.00,160.01][0m
[0m[INFO] [1786169030.898017355] [my_drone_dds_wasd_control]: STATE arm=2 nav=18 NED=(-2.032,-4.784,0.846) vel=(-0.003,-0.006,0.008) yaw_deg=75.8 failsafe=False age_s=(0.12,0.00) arm_torque_nm=0.001 motors=[0.00,231.50,0.00,160.35,0.00,231.55,0.00,160.30][0m
[0m[INFO] [1786169031.300773809] [my_drone_dds_wasd_control]: LANDING_DISARMED_CONFIRMED[0m
DDS_DYNAMIC_HOVER_FAIL missing=[] report={'offboard_samples': 15, 'steady_hover_samples': 8, 'max_horizontal_error_m': 1.6001531176734305, 'max_height_error_m': 1.652, 'takeoff_transient_max_height_error_m': 1.652, 'max_state_step_m': 1.4810729219049277, 'max_motor_output': 1000.0, 'motor_saturation_fraction': 0.09821428571428571, 'failsafe_seen': False}
DDS_DYNAMIC_HOVER_METRICS {"failsafe_seen": false, "max_height_error_m": 1.652, "max_horizontal_error_m": 1.6001531176734305, "max_motor_output": 1000.0, "max_state_step_m": 1.4810729219049277, "motor_saturation_fraction": 0.09821428571428571, "offboard_samples": 15, "steady_hover_samples": 8, "takeoff_transient_max_height_error_m": 1.652}
