DDS WASD: T takeoff | W/S/A/D move | R/F up/down | Q/E yaw | L land | O exit Offboard | X twice emergency disarm | Z safe exit
[0m[INFO] [1786154844.365132830] [my_drone_dds_wasd_control]: NED target initialized: N=-0.006 E=-0.036 D=-0.048 yaw=95.0 deg[0m
[0m[INFO] [1786154844.400244139] [my_drone_dds_wasd_control]: local vertical target sign=-1 (target = current + sign * height)[0m
[0m[INFO] [1786154844.460271274] [my_drone_dds_wasd_control]: STATE arm=1 nav=4 NED=(-0.005,-0.031,-0.043) vel=(0.003,-0.007,-0.003) yaw_deg=95.0 failsafe=False age_s=(0.03,0.01) arm_torque_nm=0.000 motors=[0.00,0.00,0.00,0.00,0.00,0.00,0.00,0.00][0m
[0m[INFO] [1786154845.523918511] [my_drone_dds_wasd_control]: STATE arm=1 nav=4 NED=(0.009,-0.023,-0.024) vel=(0.007,-0.002,0.001) yaw_deg=95.0 failsafe=False age_s=(0.28,0.00) arm_torque_nm=0.000 motors=[0.00,0.00,0.00,0.00,0.00,0.00,0.00,0.00][0m
[0m[INFO] [1786154846.576889532] [my_drone_dds_wasd_control]: STATE arm=1 nav=4 NED=(0.005,-0.033,-0.023) vel=(0.005,-0.006,-0.000) yaw_deg=95.0 failsafe=False age_s=(0.32,0.01) arm_torque_nm=0.000 motors=[0.00,0.00,0.00,0.00,0.00,0.00,0.00,0.00][0m
[0m[INFO] [1786154846.611826912] [my_drone_dds_wasd_control]: target NED=(0.00, -0.03, -1.22) yaw=95.0 deg[0m
[0m[INFO] [1786154846.651954308] [my_drone_dds_wasd_control]: Prestreaming Offboard setpoints for 2 seconds[0m
[0m[INFO] [1786154847.577677161] [my_drone_dds_wasd_control]: STATE arm=1 nav=4 NED=(0.013,-0.021,-0.024) vel=(0.014,0.004,-0.000) yaw_deg=95.0 failsafe=False age_s=(0.36,0.01) arm_torque_nm=0.000 motors=[0.00,0.00,0.00,0.00,0.00,0.00,0.00,0.00][0m
[0m[INFO] [1786154848.585287136] [my_drone_dds_wasd_control]: STATE arm=1 nav=4 NED=(-0.004,-0.019,-0.028) vel=(0.003,0.001,-0.002) yaw_deg=95.0 failsafe=False age_s=(0.35,0.01) arm_torque_nm=0.000 motors=[0.00,0.00,0.00,0.00,0.00,0.00,0.00,0.00][0m
[0m[INFO] [1786154848.676169681] [my_drone_dds_wasd_control]: OFFBOARD mode and ARM commands sent[0m
[0m[INFO] [1786154848.724241237] [my_drone_dds_wasd_control]: PX4 command ack: command=400 result=0[0m
[0m[INFO] [1786154849.613253663] [my_drone_dds_wasd_control]: STATE arm=2 nav=14 NED=(-0.022,-0.010,-0.030) vel=(-0.008,0.007,-0.003) yaw_deg=95.0 failsafe=False age_s=(0.43,0.00) arm_torque_nm=0.000 motors=[0.00,2.35,0.00,1.89,0.07,2.35,0.07,1.89][0m
[0m[INFO] [1786154850.711471824] [my_drone_dds_wasd_control]: STATE arm=2 nav=14 NED=(-0.010,-0.014,-0.026) vel=(-0.001,0.002,-0.001) yaw_deg=95.0 failsafe=False age_s=(0.47,0.01) arm_torque_nm=0.000 motors=[224.48,237.18,224.47,239.91,221.97,237.18,221.98,239.91][0m
[0m[INFO] [1786154851.724801671] [my_drone_dds_wasd_control]: STATE arm=2 nav=14 NED=(-0.009,-0.016,-0.015) vel=(-0.002,0.001,0.002) yaw_deg=95.0 failsafe=False age_s=(0.01,0.02) arm_torque_nm=0.000 motors=[508.85,536.24,508.85,542.15,503.24,536.24,503.24,542.16][0m
[0m[INFO] [1786154852.763727056] [my_drone_dds_wasd_control]: STATE arm=2 nav=14 NED=(-0.028,-0.005,-0.037) vel=(-0.010,0.022,-0.217) yaw_deg=95.0 failsafe=False age_s=(0.05,0.01) arm_torque_nm=0.000 motors=[767.95,788.67,767.96,793.85,761.86,788.68,761.85,793.84][0m
[0m[INFO] [1786154853.823939376] [my_drone_dds_wasd_control]: STATE arm=2 nav=14 NED=(-0.029,0.014,-0.031) vel=(-0.009,0.023,-0.173) yaw_deg=95.0 failsafe=False age_s=(0.09,0.02) arm_torque_nm=0.000 motors=[792.61,807.35,792.61,808.65,791.58,807.34,791.59,808.66][0m
[0m[INFO] [1786154854.815748132] [my_drone_dds_wasd_control]: STATE arm=2 nav=14 NED=(0.008,0.057,-0.051) vel=(0.021,0.037,-0.190) yaw_deg=95.0 failsafe=False age_s=(0.08,0.02) arm_torque_nm=0.000 motors=[791.16,806.25,791.13,812.04,788.33,806.21,788.37,812.07][0m
[0m[INFO] [1786154855.867220188] [my_drone_dds_wasd_control]: STATE arm=2 nav=14 NED=(0.019,0.024,-0.076) vel=(0.003,-0.023,-0.190) yaw_deg=94.8 failsafe=False age_s=(0.13,0.01) arm_torque_nm=0.000 motors=[775.76,836.27,775.88,838.13,763.95,836.38,763.84,838.01][0m
[0m[INFO] [1786154856.867645921] [my_drone_dds_wasd_control]: STATE arm=2 nav=14 NED=(0.014,0.029,-0.087) vel=(-0.010,0.058,-0.031) yaw_deg=95.0 failsafe=False age_s=(0.12,0.01) arm_torque_nm=0.013 motors=[837.37,824.81,837.34,832.54,832.39,824.78,832.42,832.57][0m
[0m[INFO] [1786154857.920993277] [my_drone_dds_wasd_control]: STATE arm=2 nav=14 NED=(0.010,0.108,-0.103) vel=(0.001,0.014,-0.064) yaw_deg=95.0 failsafe=False age_s=(0.16,0.02) arm_torque_nm=0.048 motors=[824.46,840.25,824.52,844.87,815.28,840.30,815.23,844.82][0m
[0m[INFO] [1786154858.910662840] [my_drone_dds_wasd_control]: STATE arm=2 nav=14 NED=(0.010,0.168,-0.113) vel=(0.007,0.063,-0.064) yaw_deg=95.2 failsafe=False age_s=(0.15,0.02) arm_torque_nm=0.056 motors=[827.77,850.85,827.73,851.27,830.79,850.81,830.83,851.31][0m
[0m[INFO] [1786154859.964058848] [my_drone_dds_wasd_control]: STATE arm=2 nav=14 NED=(0.009,0.212,-0.098) vel=(0.006,0.049,0.002) yaw_deg=95.1 failsafe=False age_s=(0.19,0.01) arm_torque_nm=0.004 motors=[846.81,863.37,846.75,868.79,846.38,863.31,846.44,868.85][0m
[0m[INFO] [1786154861.012521824] [my_drone_dds_wasd_control]: STATE arm=2 nav=14 NED=(0.016,0.232,-0.079) vel=(0.032,-0.017,-0.019) yaw_deg=95.0 failsafe=False age_s=(0.24,0.02) arm_torque_nm=0.473 motors=[856.37,871.01,856.35,877.42,851.24,870.99,851.26,877.44][0m
[0m[INFO] [1786154862.024414022] [my_drone_dds_wasd_control]: STATE arm=2 nav=14 NED=(0.012,0.180,-0.079) vel=(-0.010,-0.064,-0.070) yaw_deg=94.8 failsafe=False age_s=(0.23,0.02) arm_torque_nm=0.199 motors=[850.66,872.59,850.66,868.22,854.84,872.59,854.84,868.22][0m
[0m[INFO] [1786154863.105647670] [my_drone_dds_wasd_control]: STATE arm=2 nav=14 NED=(0.001,0.116,-0.120) vel=(-0.055,-0.069,-0.051) yaw_deg=94.9 failsafe=False age_s=(0.27,0.01) arm_torque_nm=0.000 motors=[866.14,887.11,866.23,883.69,862.16,887.20,862.07,883.60][0m
[0m[INFO] [1786154864.061748208] [my_drone_dds_wasd_control]: STATE arm=2 nav=14 NED=(-0.050,-0.006,-0.278) vel=(-0.001,-0.178,-0.187) yaw_deg=94.6 failsafe=False age_s=(0.26,0.01) arm_torque_nm=0.032 motors=[836.34,852.68,836.85,836.53,810.11,853.19,809.61,836.03][0m
[0m[INFO] [1786154865.144156447] [my_drone_dds_wasd_control]: STATE arm=2 nav=14 NED=(-0.097,-0.078,-0.378) vel=(-0.068,-0.229,-0.378) yaw_deg=95.4 failsafe=False age_s=(0.30,0.02) arm_torque_nm=0.000 motors=[805.09,781.48,804.84,816.73,790.61,781.23,790.86,816.98][0m
[0m[INFO] [1786154866.126112111] [my_drone_dds_wasd_control]: STATE arm=2 nav=14 NED=(-0.081,-0.148,-0.352) vel=(-0.013,-0.091,-0.008) yaw_deg=95.2 failsafe=False age_s=(0.29,0.02) arm_torque_nm=0.083 motors=[860.33,837.53,859.71,867.68,881.92,836.91,882.53,868.29][0m
[0m[INFO] [1786154867.167102710] [my_drone_dds_wasd_control]: STATE arm=2 nav=14 NED=(-0.061,-0.131,-0.255) vel=(0.023,-0.077,-0.111) yaw_deg=92.9 failsafe=False age_s=(0.33,0.01) arm_torque_nm=0.007 motors=[884.05,902.79,885.41,824.68,847.93,904.15,846.56,823.31][0m
[0m[INFO] [1786154868.188231240] [my_drone_dds_wasd_control]: STATE arm=2 nav=14 NED=(-0.070,-0.144,-0.292) vel=(0.010,0.019,0.055) yaw_deg=95.9 failsafe=False age_s=(0.33,0.01) arm_torque_nm=0.243 motors=[864.32,896.51,864.12,911.66,865.52,896.31,865.72,911.86][0m
[0m[INFO] [1786154869.192533190] [my_drone_dds_wasd_control]: STATE arm=2 nav=14 NED=(-0.086,-0.179,-0.254) vel=(-0.025,-0.015,0.126) yaw_deg=95.2 failsafe=False age_s=(0.32,0.01) arm_torque_nm=0.071 motors=[874.49,910.28,874.45,905.96,881.79,910.24,881.82,906.00][0m
[0m[INFO] [1786154870.219525123] [my_drone_dds_wasd_control]: STATE arm=2 nav=14 NED=(-0.046,-0.253,-0.183) vel=(0.236,-0.087,-0.047) yaw_deg=92.7 failsafe=False age_s=(0.36,0.02) arm_torque_nm=0.191 motors=[871.99,963.88,873.71,867.83,823.49,965.61,821.76,866.10][0m
[0m[INFO] [1786154871.224360736] [my_drone_dds_wasd_control]: STATE arm=2 nav=14 NED=(0.115,-0.407,-0.220) vel=(-0.083,-0.311,-0.013) yaw_deg=110.0 failsafe=False age_s=(0.35,0.02) arm_torque_nm=0.000 motors=[625.23,842.05,617.69,1000.00,765.12,834.51,772.66,1000.00][0m
[0m[INFO] [1786154872.261019597] [my_drone_dds_wasd_control]: STATE arm=2 nav=14 NED=(-0.395,-1.806,0.445) vel=(0.024,-1.441,-0.533) yaw_deg=91.3 failsafe=False age_s=(0.39,0.01) arm_torque_nm=1.258 motors=[760.86,1000.00,773.94,634.41,536.94,1000.00,523.87,621.34][0m
[0m[INFO] [1786154873.306040554] [my_drone_dds_wasd_control]: STATE arm=2 nav=14 NED=(-0.240,-2.500,0.240) vel=(-0.010,-0.739,-0.363) yaw_deg=110.5 failsafe=False age_s=(0.43,0.02) arm_torque_nm=0.010 motors=[312.54,663.52,294.58,1000.00,875.32,645.55,893.29,1000.00][0m
[31m[ERROR] [1786154874.111886996] [my_drone_dds_wasd_control]: Position safety gate exceeded; requesting LAND horizontal=3.02 m vertical=1.45 m[0m
[33m[WARN] [1786154874.146251142] [my_drone_dds_wasd_control]: LAND requested; Offboard setpoint stream stopped[0m
[0m[INFO] [1786154874.176817095] [my_drone_dds_wasd_control]: PX4 command ack: command=21 result=0[0m
[0m[INFO] [1786154874.318066511] [my_drone_dds_wasd_control]: STATE arm=2 nav=18 NED=(-0.178,-3.174,0.242) vel=(0.120,-0.609,-0.136) yaw_deg=95.5 failsafe=False age_s=(0.13,0.02) arm_torque_nm=0.146 motors=[852.06,843.26,853.64,753.01,809.95,844.84,808.37,751.43][0m
[0m[INFO] [1786154875.361077268] [my_drone_dds_wasd_control]: STATE arm=2 nav=18 NED=(-0.213,-3.314,0.381) vel=(0.058,-0.140,-0.203) yaw_deg=94.8 failsafe=False age_s=(0.43,0.01) arm_torque_nm=0.324 motors=[425.50,1000.00,425.69,961.87,464.43,1000.00,464.24,961.69][0m
[0m[INFO] [1786154876.475343098] [my_drone_dds_wasd_control]: STATE arm=2 nav=18 NED=(-0.189,-3.398,0.396) vel=(0.058,-0.066,-0.064) yaw_deg=87.2 failsafe=False age_s=(0.47,0.00) arm_torque_nm=0.063 motors=[503.30,1000.00,507.00,860.86,402.55,1000.00,398.85,857.16][0m
[0m[INFO] [1786154877.475260745] [my_drone_dds_wasd_control]: STATE arm=2 nav=18 NED=(-0.198,-3.385,0.466) vel=(0.102,-0.003,0.037) yaw_deg=77.9 failsafe=False age_s=(0.00,0.01) arm_torque_nm=0.047 motors=[571.70,1000.00,576.10,820.32,426.55,1000.00,422.15,815.93][0m
[0m[INFO] [1786154878.548905778] [my_drone_dds_wasd_control]: STATE arm=2 nav=18 NED=(-0.260,-3.304,0.452) vel=(-0.085,0.137,0.004) yaw_deg=86.7 failsafe=False age_s=(0.49,0.01) arm_torque_nm=0.412 motors=[379.76,774.98,373.95,944.71,696.90,769.16,702.71,950.52][0m
[0m[INFO] [1786154879.513273839] [my_drone_dds_wasd_control]: STATE arm=2 nav=18 NED=(-0.233,-3.321,0.569) vel=(0.003,0.001,0.156) yaw_deg=93.3 failsafe=False age_s=(0.02,0.00) arm_torque_nm=0.376 motors=[521.11,888.15,520.61,876.93,574.38,887.64,574.88,877.43][0m
[0m[INFO] [1786154880.570383280] [my_drone_dds_wasd_control]: STATE arm=2 nav=18 NED=(-0.240,-3.373,0.613) vel=(-0.031,-0.008,0.040) yaw_deg=89.1 failsafe=False age_s=(0.06,0.01) arm_torque_nm=0.041 motors=[438.50,980.54,439.79,885.29,425.41,981.84,424.12,884.00][0m
[0m[INFO] [1786154881.569591400] [my_drone_dds_wasd_control]: STATE arm=2 nav=18 NED=(-0.217,-3.352,0.595) vel=(-0.012,0.062,-0.042) yaw_deg=93.1 failsafe=False age_s=(0.05,0.01) arm_torque_nm=0.088 motors=[428.46,856.02,427.75,845.42,499.06,855.30,499.78,846.13][0m
[0m[INFO] [1786154882.570566166] [my_drone_dds_wasd_control]: STATE arm=2 nav=18 NED=(-0.206,-3.358,0.594) vel=(-0.102,0.077,-0.198) yaw_deg=97.0 failsafe=False age_s=(0.04,0.02) arm_torque_nm=0.209 motors=[428.71,780.12,428.09,834.64,426.52,779.49,427.14,835.26][0m
[0m[INFO] [1786154883.609707147] [my_drone_dds_wasd_control]: STATE arm=2 nav=18 NED=(-0.242,-3.344,0.578) vel=(-0.037,0.017,-0.133) yaw_deg=97.0 failsafe=False age_s=(0.08,0.01) arm_torque_nm=0.064 motors=[410.72,804.74,410.27,808.11,444.70,804.30,445.15,808.56][0m
[0m[INFO] [1786154884.606183577] [my_drone_dds_wasd_control]: STATE arm=2 nav=18 NED=(-0.227,-3.369,0.597) vel=(0.007,-0.007,-0.072) yaw_deg=97.4 failsafe=False age_s=(0.08,0.01) arm_torque_nm=0.052 motors=[416.02,792.81,415.58,797.03,448.91,792.37,449.35,797.47][0m
[0m[INFO] [1786154885.654828433] [my_drone_dds_wasd_control]: STATE arm=2 nav=18 NED=(-0.212,-3.361,0.671) vel=(0.022,0.001,0.078) yaw_deg=97.6 failsafe=False age_s=(0.12,0.02) arm_torque_nm=0.047 motors=[433.80,805.78,433.36,808.86,467.30,805.34,467.74,809.30][0m
[0m[INFO] [1786154886.709638405] [my_drone_dds_wasd_control]: STATE arm=2 nav=18 NED=(-0.215,-3.355,0.735) vel=(0.018,-0.039,-0.065) yaw_deg=97.7 failsafe=False age_s=(0.16,0.01) arm_torque_nm=0.055 motors=[450.16,772.02,449.71,777.10,482.36,771.57,482.81,777.54][0m
[0m[INFO] [1786154887.713667663] [my_drone_dds_wasd_control]: STATE arm=2 nav=18 NED=(-0.211,-3.381,0.808) vel=(0.016,-0.037,0.102) yaw_deg=97.8 failsafe=False age_s=(0.15,0.01) arm_torque_nm=0.068 motors=[429.09,796.90,428.66,799.16,462.36,796.48,462.78,799.58][0m
[0m[INFO] [1786154888.759516596] [my_drone_dds_wasd_control]: STATE arm=2 nav=18 NED=(-0.201,-3.363,0.847) vel=(0.044,-0.042,-0.071) yaw_deg=97.9 failsafe=False age_s=(0.19,0.01) arm_torque_nm=0.055 motors=[410.73,745.27,410.27,744.31,449.95,744.82,450.41,744.77][0m
[0m[INFO] [1786154889.828695503] [my_drone_dds_wasd_control]: STATE arm=2 nav=18 NED=(-0.173,-3.388,0.817) vel=(0.064,-0.088,0.014) yaw_deg=98.0 failsafe=False age_s=(0.24,0.00) arm_torque_nm=0.048 motors=[0.00,149.13,0.00,142.81,0.00,148.72,0.00,143.21][0m
[0m[INFO] [1786154890.861269857] [my_drone_dds_wasd_control]: STATE arm=2 nav=18 NED=(-0.192,-3.374,0.801) vel=(0.014,-0.024,0.015) yaw_deg=98.2 failsafe=False age_s=(0.28,0.01) arm_torque_nm=0.004 motors=[0.00,162.17,0.00,157.65,0.00,161.76,0.00,158.06][0m
[0m[INFO] [1786154891.775492460] [my_drone_dds_wasd_control]: LANDING_DISARMED_CONFIRMED[0m
DDS_DYNAMIC_HOVER_FAIL missing=[] report={'offboard_samples': 24, 'steady_hover_samples': 17, 'max_horizontal_error_m': 2.481632527188504, 'max_height_error_m': 1.665, 'takeoff_transient_max_height_error_m': 1.665, 'max_state_step_m': 1.6308053225323984, 'max_motor_output': 1000.0, 'motor_saturation_fraction': 0.03260869565217391, 'failsafe_seen': False}
DDS_DYNAMIC_HOVER_METRICS {"failsafe_seen": false, "max_height_error_m": 1.665, "max_horizontal_error_m": 2.481632527188504, "max_motor_output": 1000.0, "max_state_step_m": 1.6308053225323984, "motor_saturation_fraction": 0.03260869565217391, "offboard_samples": 24, "steady_hover_samples": 17, "takeoff_transient_max_height_error_m": 1.665}
