DDS WASD: T takeoff | W/S/A/D move | R/F up/down | Q/E yaw | L land | O exit Offboard | X twice emergency disarm | Z safe exit
[0m[INFO] [1786177419.530673185] [my_drone_dds_wasd_control]: NED target initialized: N=-0.062 E=-0.010 D=0.011 yaw=99.6 deg[0m
[0m[INFO] [1786177419.554105863] [my_drone_dds_wasd_control]: local vertical target sign=-1 (target = current + sign * height)[0m
[0m[INFO] [1786177419.889866236] [my_drone_dds_wasd_control]: STATE arm=1 nav=4 NED=(-0.067,-0.010,0.004) vel=(-0.012,-0.003,0.004) yaw_deg=99.6 failsafe=False age_s=(0.03,0.01) arm_torque_nm=0.000 motors=[0.00,0.00,0.00,0.00,0.00,0.00,0.00,0.00][0m
[0m[INFO] [1786177420.891330598] [my_drone_dds_wasd_control]: STATE arm=1 nav=4 NED=(-0.058,0.003,-0.009) vel=(-0.005,0.004,0.001) yaw_deg=99.6 failsafe=False age_s=(0.02,0.01) arm_torque_nm=0.000 motors=[0.00,0.00,0.00,0.00,0.00,0.00,0.00,0.00][0m
[0m[INFO] [1786177421.898999554] [my_drone_dds_wasd_control]: STATE arm=1 nav=4 NED=(-0.042,0.007,-0.021) vel=(0.004,0.005,-0.004) yaw_deg=99.6 failsafe=False age_s=(0.01,0.01) arm_torque_nm=0.000 motors=[0.00,0.00,0.00,0.00,0.00,0.00,0.00,0.00][0m
[0m[INFO] [1786177421.922932924] [my_drone_dds_wasd_control]: target NED=(-0.04, 0.01, -1.22) yaw=99.6 deg[0m
[0m[INFO] [1786177421.942028933] [my_drone_dds_wasd_control]: Prestreaming Offboard setpoints for 2 seconds[0m
[0m[INFO] [1786177422.921676843] [my_drone_dds_wasd_control]: STATE arm=1 nav=4 NED=(-0.053,0.007,-0.015) vel=(-0.005,0.007,-0.000) yaw_deg=99.6 failsafe=False age_s=(0.42,0.01) arm_torque_nm=0.000 motors=[0.00,0.00,0.00,0.00,0.00,0.00,0.00,0.00][0m
[0m[INFO] [1786177423.940211721] [my_drone_dds_wasd_control]: STATE arm=1 nav=4 NED=(-0.073,0.010,-0.030) vel=(-0.018,0.010,-0.004) yaw_deg=99.6 failsafe=False age_s=(0.46,0.02) arm_torque_nm=0.000 motors=[0.00,0.00,0.00,0.00,0.00,0.00,0.00,0.00][0m
[0m[INFO] [1786177423.995230824] [my_drone_dds_wasd_control]: OFFBOARD mode and ARM commands sent[0m
[0m[INFO] [1786177424.016075180] [my_drone_dds_wasd_control]: PX4 command ack: command=400 result=0[0m
[0m[INFO] [1786177425.001370726] [my_drone_dds_wasd_control]: STATE arm=2 nav=14 NED=(-0.081,0.002,-0.032) vel=(-0.017,0.003,-0.004) yaw_deg=99.6 failsafe=False age_s=(0.49,0.01) arm_torque_nm=0.000 motors=[1.96,0.04,1.96,0.68,1.32,0.04,1.32,0.68][0m
[0m[INFO] [1786177426.041918165] [my_drone_dds_wasd_control]: STATE arm=2 nav=14 NED=(-0.073,-0.002,-0.036) vel=(-0.008,-0.002,0.111) yaw_deg=99.6 failsafe=False age_s=(0.03,0.02) arm_torque_nm=0.000 motors=[752.33,789.89,752.33,798.31,744.12,789.89,744.12,798.32][0m
[0m[INFO] [1786177427.089999268] [my_drone_dds_wasd_control]: STATE arm=2 nav=14 NED=(-0.057,-0.012,-0.041) vel=(0.006,-0.009,0.096) yaw_deg=99.6 failsafe=False age_s=(0.07,0.01) arm_torque_nm=0.055 motors=[763.06,801.86,763.06,809.66,755.40,801.86,755.41,809.66][0m
[0m[INFO] [1786177428.146508492] [my_drone_dds_wasd_control]: STATE arm=2 nav=14 NED=(-0.062,0.008,-0.120) vel=(0.007,-0.032,-0.060) yaw_deg=99.6 failsafe=False age_s=(0.11,0.02) arm_torque_nm=0.053 motors=[739.20,778.50,739.20,787.02,730.59,778.50,730.59,787.02][0m
[0m[INFO] [1786177429.152577348] [my_drone_dds_wasd_control]: STATE arm=2 nav=14 NED=(-0.046,-0.017,-0.142) vel=(0.021,-0.030,0.002) yaw_deg=99.7 failsafe=False age_s=(0.10,0.02) arm_torque_nm=0.053 motors=[760.15,796.66,760.14,805.02,752.93,796.64,752.94,805.03][0m
[0m[INFO] [1786177430.194404324] [my_drone_dds_wasd_control]: STATE arm=2 nav=14 NED=(-0.068,-0.008,-0.111) vel=(-0.002,-0.020,0.070) yaw_deg=99.6 failsafe=False age_s=(0.14,0.01) arm_torque_nm=0.062 motors=[779.35,818.83,779.35,827.18,771.17,818.83,771.17,827.18][0m
[0m[INFO] [1786177431.246901123] [my_drone_dds_wasd_control]: STATE arm=2 nav=14 NED=(-0.062,-0.030,0.137) vel=(0.033,-0.079,0.382) yaw_deg=99.8 failsafe=False age_s=(0.09,0.00) arm_torque_nm=0.349 motors=[853.33,916.31,853.25,932.57,843.67,916.23,843.75,932.65][0m
[0m[INFO] [1786177432.293639380] [my_drone_dds_wasd_control]: STATE arm=2 nav=14 NED=(-0.117,-0.436,0.324) vel=(-0.138,-0.672,0.067) yaw_deg=99.2 failsafe=False age_s=(0.13,0.01) arm_torque_nm=0.003 motors=[840.62,886.11,840.41,927.78,816.86,885.89,817.07,927.99][0m
[0m[INFO] [1786177433.341697372] [my_drone_dds_wasd_control]: STATE arm=2 nav=14 NED=(-0.423,-0.979,0.215) vel=(-0.167,-0.084,-0.134) yaw_deg=96.6 failsafe=False age_s=(0.17,0.00) arm_torque_nm=0.000 motors=[833.74,861.59,833.98,841.51,833.54,861.83,833.30,841.26][0m
[0m[INFO] [1786177434.392060684] [my_drone_dds_wasd_control]: STATE arm=2 nav=14 NED=(-0.166,-0.515,0.052) vel=(0.456,0.567,-0.129) yaw_deg=96.2 failsafe=False age_s=(0.21,0.01) arm_torque_nm=0.000 motors=[822.30,881.86,822.43,886.28,806.49,882.00,806.35,886.15][0m
[0m[INFO] [1786177435.442066210] [my_drone_dds_wasd_control]: STATE arm=2 nav=14 NED=(0.111,-0.425,-0.064) vel=(-0.043,-0.283,-0.138) yaw_deg=100.2 failsafe=False age_s=(0.26,0.00) arm_torque_nm=0.000 motors=[825.71,857.50,825.36,898.97,813.38,857.16,813.73,899.31][0m
[0m[INFO] [1786177436.500149419] [my_drone_dds_wasd_control]: STATE arm=2 nav=14 NED=(-0.115,-0.665,-0.139) vel=(-0.093,0.119,-0.100) yaw_deg=100.8 failsafe=False age_s=(0.30,0.01) arm_torque_nm=0.000 motors=[832.34,874.62,832.15,867.80,855.30,874.43,855.50,867.99][0m
[0m[INFO] [1786177437.545282137] [my_drone_dds_wasd_control]: STATE arm=2 nav=14 NED=(0.115,-0.204,-0.256) vel=(0.317,0.370,-0.134) yaw_deg=98.9 failsafe=False age_s=(0.34,0.00) arm_torque_nm=0.000 motors=[827.05,880.96,827.19,893.33,802.96,881.10,802.82,893.19][0m
[0m[INFO] [1786177438.544853565] [my_drone_dds_wasd_control]: STATE arm=2 nav=14 NED=(0.252,-0.301,-0.416) vel=(-0.132,-0.355,-0.153) yaw_deg=98.3 failsafe=False age_s=(0.33,0.00) arm_torque_nm=0.000 motors=[830.43,861.20,830.57,875.69,803.51,861.35,803.37,875.54][0m
[0m[INFO] [1786177439.589663383] [my_drone_dds_wasd_control]: STATE arm=2 nav=14 NED=(0.081,-0.510,-0.471) vel=(-0.048,0.132,-0.155) yaw_deg=99.6 failsafe=False age_s=(0.37,0.01) arm_torque_nm=0.000 motors=[824.46,867.75,824.38,859.51,839.25,867.68,839.33,859.59][0m
[0m[INFO] [1786177440.591814733] [my_drone_dds_wasd_control]: STATE arm=2 nav=14 NED=(0.231,-0.132,-0.496) vel=(0.215,0.264,-0.086) yaw_deg=100.2 failsafe=False age_s=(0.37,0.01) arm_torque_nm=0.000 motors=[823.73,875.44,823.62,899.28,809.01,875.33,809.12,899.39][0m
[0m[INFO] [1786177441.590037993] [my_drone_dds_wasd_control]: STATE arm=2 nav=14 NED=(0.254,-0.237,-0.457) vel=(-0.156,-0.343,-0.043) yaw_deg=99.7 failsafe=False age_s=(0.36,0.01) arm_torque_nm=0.000 motors=[849.30,884.32,849.31,901.15,832.00,884.33,832.00,901.15][0m
[0m[INFO] [1786177442.639625874] [my_drone_dds_wasd_control]: STATE arm=2 nav=14 NED=(0.050,-0.430,-0.587) vel=(-0.043,0.118,-0.136) yaw_deg=99.0 failsafe=False age_s=(0.40,0.00) arm_torque_nm=0.000 motors=[826.84,870.57,826.93,858.74,831.08,870.66,830.99,858.65][0m
[0m[INFO] [1786177443.691531396] [my_drone_dds_wasd_control]: STATE arm=2 nav=14 NED=(0.173,-0.175,-0.716) vel=(0.153,0.143,-0.158) yaw_deg=99.6 failsafe=False age_s=(0.44,0.01) arm_torque_nm=0.000 motors=[812.55,861.79,812.52,882.85,793.85,861.76,793.88,882.88][0m
[0m[INFO] [1786177444.691095344] [my_drone_dds_wasd_control]: STATE arm=2 nav=14 NED=(0.206,-0.343,-0.827) vel=(-0.128,-0.298,-0.045) yaw_deg=99.7 failsafe=False age_s=(0.43,0.01) arm_torque_nm=0.000 motors=[834.01,868.84,833.98,882.01,823.13,868.82,823.16,882.03][0m
[0m[INFO] [1786177445.689661294] [my_drone_dds_wasd_control]: STATE arm=2 nav=14 NED=(0.089,-0.440,-0.848) vel=(-0.022,0.135,-0.061) yaw_deg=99.5 failsafe=False age_s=(0.43,0.01) arm_torque_nm=0.000 motors=[829.06,871.54,829.08,867.35,831.71,871.56,831.69,867.33][0m
[0m[INFO] [1786177446.697843545] [my_drone_dds_wasd_control]: STATE arm=2 nav=14 NED=(0.152,-0.200,-0.908) vel=(0.103,0.128,-0.036) yaw_deg=99.6 failsafe=False age_s=(0.42,0.01) arm_torque_nm=0.000 motors=[827.78,877.82,827.77,895.32,811.09,877.81,811.10,895.33][0m
[0m[INFO] [1786177447.691724725] [my_drone_dds_wasd_control]: STATE arm=2 nav=14 NED=(0.135,-0.344,-0.973) vel=(-0.107,-0.255,-0.050) yaw_deg=99.7 failsafe=False age_s=(0.41,0.01) arm_torque_nm=0.000 motors=[832.24,868.87,832.23,879.90,822.00,868.86,822.01,879.90][0m
[0m[INFO] [1786177448.741586035] [my_drone_dds_wasd_control]: STATE arm=2 nav=14 NED=(0.035,-0.407,-1.094) vel=(-0.003,0.150,-0.079) yaw_deg=99.4 failsafe=False age_s=(0.45,0.00) arm_torque_nm=0.000 motors=[820.53,862.28,820.55,861.03,819.92,862.30,819.90,861.01][0m
[0m[INFO] [1786177449.744632113] [my_drone_dds_wasd_control]: STATE arm=2 nav=14 NED=(0.124,-0.180,-1.175) vel=(0.081,0.093,-0.018) yaw_deg=99.6 failsafe=False age_s=(0.44,0.00) arm_torque_nm=0.000 motors=[822.51,871.14,822.50,887.95,806.68,871.12,806.69,887.96][0m
[0m[INFO] [1786177450.794312533] [my_drone_dds_wasd_control]: STATE arm=2 nav=14 NED=(0.113,-0.360,-1.215) vel=(-0.088,-0.231,-0.046) yaw_deg=99.7 failsafe=False age_s=(0.49,0.01) arm_torque_nm=0.000 motors=[824.40,860.72,824.39,869.73,816.49,860.71,816.50,869.74][0m
[0m[INFO] [1786177451.796201673] [my_drone_dds_wasd_control]: STATE arm=2 nav=14 NED=(0.059,-0.431,-1.256) vel=(0.013,0.123,0.001) yaw_deg=99.6 failsafe=False age_s=(0.48,0.01) arm_torque_nm=0.000 motors=[827.91,870.05,827.92,871.23,826.10,870.06,826.10,871.22][0m
[0m[INFO] [1786177455.441839996] [my_drone_dds_wasd_control]: STATE arm=2 nav=14 NED=(0.157,-0.232,-1.265) vel=(0.063,0.054,-0.003) yaw_deg=99.6 failsafe=False age_s=(0.00,0.01) arm_torque_nm=0.000 motors=[823.65,871.70,823.66,887.02,807.95,871.71,807.95,887.01][0m
[0m[INFO] [1786177456.440502552] [my_drone_dds_wasd_control]: STATE arm=2 nav=14 NED=(0.123,-0.362,-1.262) vel=(-0.086,-0.182,0.022) yaw_deg=99.6 failsafe=False age_s=(0.50,0.01) arm_torque_nm=0.000 motors=[832.60,869.71,832.60,877.73,824.13,869.71,824.12,877.72][0m
DYNAMIC_HOVER_SENT_LAND
[33m[WARN] [1786177456.661890153] [my_drone_dds_wasd_control]: LAND requested; Offboard setpoint stream stopped[0m
[0m[INFO] [1786177456.685633233] [my_drone_dds_wasd_control]: PX4 command ack: command=21 result=0[0m
[0m[INFO] [1786177457.440721409] [my_drone_dds_wasd_control]: STATE arm=2 nav=18 NED=(0.047,-0.437,-0.621) vel=(-0.050,-0.013,2.130) yaw_deg=99.6 failsafe=False age_s=(0.23,0.01) arm_torque_nm=0.000 motors=[641.63,673.17,641.62,674.99,639.99,673.16,639.99,674.99][0m
[0m[INFO] [1786177458.493429016] [my_drone_dds_wasd_control]: STATE arm=2 nav=18 NED=(0.047,-0.348,0.526) vel=(-0.028,-0.021,0.549) yaw_deg=109.0 failsafe=False age_s=(0.39,0.02) arm_torque_nm=0.056 motors=[916.50,986.27,914.17,1000.00,989.71,983.95,992.03,1000.00][0m
[0m[INFO] [1786177459.495471160] [my_drone_dds_wasd_control]: STATE arm=2 nav=18 NED=(0.193,-1.434,-0.104) vel=(0.385,-2.850,0.113) yaw_deg=134.8 failsafe=False age_s=(0.38,0.01) arm_torque_nm=0.000 motors=[883.61,1000.00,881.94,1000.00,834.42,1000.00,836.09,1000.00][0m
[0m[INFO] [1786177460.496853918] [my_drone_dds_wasd_control]: STATE arm=2 nav=18 NED=(1.747,-7.822,0.671) vel=(3.143,-9.564,2.724) yaw_deg=178.6 failsafe=False age_s=(0.38,0.02) arm_torque_nm=0.000 motors=[897.01,1000.00,895.85,1000.00,867.20,1000.00,868.36,1000.00][0m
[0m[INFO] [1786177461.543735505] [my_drone_dds_wasd_control]: STATE arm=2 nav=18 NED=(4.192,-15.919,0.749) vel=(0.399,-4.817,-0.534) yaw_deg=-61.0 failsafe=False age_s=(0.42,0.00) arm_torque_nm=0.023 motors=[222.29,395.12,211.25,726.34,814.63,384.09,825.66,737.37][0m
[0m[INFO] [1786177462.543284606] [my_drone_dds_wasd_control]: STATE arm=2 nav=18 NED=(4.243,-18.218,0.710) vel=(-0.006,-0.119,-0.337) yaw_deg=-52.7 failsafe=False age_s=(0.41,0.01) arm_torque_nm=0.148 motors=[438.03,618.30,436.60,659.47,516.95,616.87,518.38,660.90][0m
[0m[INFO] [1786177463.591612993] [my_drone_dds_wasd_control]: STATE arm=2 nav=18 NED=(4.197,-18.005,0.661) vel=(0.090,0.230,-0.189) yaw_deg=-52.7 failsafe=False age_s=(0.45,0.02) arm_torque_nm=0.003 motors=[375.34,567.83,373.99,598.75,458.08,566.47,459.44,600.11][0m
[0m[INFO] [1786177464.592764271] [my_drone_dds_wasd_control]: STATE arm=2 nav=18 NED=(4.226,-18.122,0.646) vel=(0.102,0.082,-0.168) yaw_deg=-53.2 failsafe=False age_s=(0.44,0.02) arm_torque_nm=0.047 motors=[0.00,21.10,0.00,46.84,13.04,19.72,14.42,48.22][0m
[0m[INFO] [1786177465.642317676] [my_drone_dds_wasd_control]: STATE arm=2 nav=18 NED=(4.182,-18.156,0.615) vel=(0.061,0.007,-0.118) yaw_deg=-53.5 failsafe=False age_s=(0.48,0.00) arm_torque_nm=0.030 motors=[0.00,21.26,0.00,46.90,12.93,19.88,14.31,48.28][0m
[0m[INFO] [1786177466.647372669] [my_drone_dds_wasd_control]: STATE arm=2 nav=18 NED=(4.174,-18.164,0.628) vel=(0.040,-0.014,-0.076) yaw_deg=-53.6 failsafe=False age_s=(0.48,0.01) arm_torque_nm=0.003 motors=[0.00,21.39,0.00,46.98,12.90,20.01,14.28,48.36][0m
[0m[INFO] [1786177466.740826637] [my_drone_dds_wasd_control]: LANDING_DISARMED_CONFIRMED[0m
DDS_DYNAMIC_HOVER_FAIL missing=[] report={'offboard_samples': 29, 'steady_hover_samples': 22, 'max_horizontal_error_m': 1.0605706011388398, 'max_height_error_m': 1.544, 'takeoff_transient_max_height_error_m': 1.544, 'max_state_step_m': 0.6327448142813973, 'max_motor_output': 1000.0, 'motor_saturation_fraction': 0.02976190476190476, 'failsafe_seen': False}
DDS_DYNAMIC_HOVER_METRICS {"failsafe_seen": false, "max_height_error_m": 1.544, "max_horizontal_error_m": 1.0605706011388398, "max_motor_output": 1000.0, "max_state_step_m": 0.6327448142813973, "motor_saturation_fraction": 0.02976190476190476, "offboard_samples": 29, "steady_hover_samples": 22, "takeoff_transient_max_height_error_m": 1.544}
