DDS WASD: T takeoff | W/S/A/D move | R/F up/down | Q/E yaw | L land | O exit Offboard | X twice emergency disarm | Z safe exit
[0m[INFO] [1786154160.299733407] [my_drone_dds_wasd_control]: NED target initialized: N=-0.003 E=0.005 D=0.032 yaw=94.9 deg[0m
[0m[INFO] [1786154160.328826580] [my_drone_dds_wasd_control]: local vertical target sign=-1 (target = current + sign * height)[0m
[0m[INFO] [1786154160.389640707] [my_drone_dds_wasd_control]: STATE arm=1 nav=4 NED=(-0.004,0.004,0.028) vel=(-0.002,0.004,0.001) yaw_deg=94.9 failsafe=False age_s=(0.01,0.02) arm_torque_nm=0.000 motors=[0.00,0.00,0.00,0.00,0.00,0.00,0.00,0.00][0m
[0m[INFO] [1786154161.443156513] [my_drone_dds_wasd_control]: STATE arm=1 nav=4 NED=(-0.006,0.001,0.016) vel=(-0.004,0.001,0.000) yaw_deg=94.9 failsafe=False age_s=(0.50,0.02) arm_torque_nm=0.000 motors=[0.00,0.00,0.00,0.00,0.00,0.00,0.00,0.00][0m
[0m[INFO] [1786154162.733302096] [my_drone_dds_wasd_control]: STATE arm=1 nav=4 NED=(-0.007,0.012,0.012) vel=(-0.006,0.006,-0.000) yaw_deg=94.9 failsafe=False age_s=(0.02,0.00) arm_torque_nm=0.000 motors=[0.00,0.00,0.00,0.00,0.00,0.00,0.00,0.00][0m
[0m[INFO] [1786154162.885803754] [my_drone_dds_wasd_control]: target NED=(-0.01, 0.01, -1.19) yaw=94.9 deg[0m
[0m[INFO] [1786154163.009209438] [my_drone_dds_wasd_control]: Prestreaming Offboard setpoints for 2 seconds[0m
[0m[INFO] [1786154163.702986979] [my_drone_dds_wasd_control]: STATE arm=1 nav=4 NED=(-0.006,0.019,0.010) vel=(-0.010,0.005,-0.003) yaw_deg=94.9 failsafe=False age_s=(0.38,0.00) arm_torque_nm=0.000 motors=[0.00,0.00,0.00,0.00,0.00,0.00,0.00,0.00][0m
[0m[INFO] [1786154167.133530301] [my_drone_dds_wasd_control]: STATE arm=1 nav=4 NED=(-0.001,0.013,0.000) vel=(-0.009,-0.001,-0.005) yaw_deg=94.9 failsafe=False age_s=(0.39,0.00) arm_torque_nm=0.000 motors=[0.00,0.00,0.00,0.00,0.00,0.00,0.00,0.00][0m
[0m[INFO] [1786154167.567228106] [my_drone_dds_wasd_control]: OFFBOARD mode and ARM commands sent[0m
[0m[INFO] [1786154167.644865733] [my_drone_dds_wasd_control]: PX4 command ack: command=400 result=0[0m
[0m[INFO] [1786154168.103747510] [my_drone_dds_wasd_control]: STATE arm=2 nav=14 NED=(0.009,0.007,0.005) vel=(-0.003,-0.005,-0.002) yaw_deg=94.9 failsafe=False age_s=(0.03,0.01) arm_torque_nm=0.000 motors=[0.00,2.39,0.00,2.35,0.00,2.39,0.00,2.35][0m
[0m[INFO] [1786154169.127142660] [my_drone_dds_wasd_control]: STATE arm=2 nav=14 NED=(0.008,0.012,-0.001) vel=(-0.002,-0.003,-0.005) yaw_deg=94.9 failsafe=False age_s=(0.08,0.02) arm_torque_nm=0.000 motors=[122.54,132.09,122.53,133.14,122.04,132.08,122.05,133.15][0m
[0m[INFO] [1786154170.176879158] [my_drone_dds_wasd_control]: STATE arm=2 nav=14 NED=(0.020,0.022,-0.005) vel=(0.002,0.003,-0.008) yaw_deg=94.9 failsafe=False age_s=(0.12,0.01) arm_torque_nm=0.000 motors=[396.93,420.88,396.91,423.77,395.06,420.87,395.07,423.78][0m
[0m[INFO] [1786154171.181577499] [my_drone_dds_wasd_control]: STATE arm=2 nav=14 NED=(0.005,0.010,-0.005) vel=(-0.007,-0.006,-0.013) yaw_deg=94.9 failsafe=False age_s=(0.11,0.01) arm_torque_nm=0.000 motors=[689.64,729.07,689.64,737.36,681.53,729.07,681.53,737.36][0m
[0m[INFO] [1786154172.227225595] [my_drone_dds_wasd_control]: STATE arm=2 nav=14 NED=(-0.004,0.022,-0.004) vel=(-0.007,0.034,0.054) yaw_deg=94.9 failsafe=False age_s=(0.15,0.02) arm_torque_nm=0.000 motors=[827.26,835.12,827.29,836.86,822.91,835.15,822.88,836.82][0m
[0m[INFO] [1786154173.281079661] [my_drone_dds_wasd_control]: STATE arm=2 nav=14 NED=(0.012,0.040,-0.004) vel=(0.003,0.044,0.112) yaw_deg=94.9 failsafe=False age_s=(0.19,0.01) arm_torque_nm=0.000 motors=[844.19,852.95,844.22,854.03,840.71,852.98,840.68,854.00][0m
[0m[INFO] [1786154174.354086055] [my_drone_dds_wasd_control]: STATE arm=2 nav=14 NED=(0.010,0.025,-0.015) vel=(-0.000,0.029,0.098) yaw_deg=95.0 failsafe=False age_s=(0.24,0.02) arm_torque_nm=0.000 motors=[850.94,858.54,850.94,861.78,847.19,858.55,847.18,861.77][0m
[0m[INFO] [1786154175.384195677] [my_drone_dds_wasd_control]: STATE arm=2 nav=14 NED=(0.017,0.009,-0.033) vel=(-0.001,0.020,0.114) yaw_deg=95.0 failsafe=False age_s=(0.28,0.01) arm_torque_nm=0.002 motors=[860.46,868.10,860.46,872.85,855.97,868.09,855.98,872.85][0m
[0m[INFO] [1786154176.394052292] [my_drone_dds_wasd_control]: STATE arm=2 nav=14 NED=(0.005,0.013,-0.044) vel=(-0.002,0.008,-0.164) yaw_deg=95.1 failsafe=False age_s=(0.27,0.01) arm_torque_nm=0.000 motors=[828.44,834.36,828.37,832.18,836.63,834.29,836.70,832.25][0m
[0m[INFO] [1786154177.449415536] [my_drone_dds_wasd_control]: STATE arm=2 nav=14 NED=(-0.006,0.062,-0.018) vel=(-0.013,0.061,0.128) yaw_deg=94.9 failsafe=False age_s=(0.31,0.02) arm_torque_nm=0.016 motors=[868.47,886.02,868.46,888.84,865.79,886.02,865.79,888.84][0m
[0m[INFO] [1786154178.430627606] [my_drone_dds_wasd_control]: STATE arm=2 nav=14 NED=(0.013,0.021,-0.123) vel=(0.092,0.063,-0.049) yaw_deg=95.4 failsafe=False age_s=(0.30,0.02) arm_torque_nm=0.000 motors=[683.74,945.09,682.58,903.55,822.22,943.93,823.38,904.71][0m
[0m[INFO] [1786154179.450623076] [my_drone_dds_wasd_control]: STATE arm=2 nav=14 NED=(-0.033,0.064,-0.138) vel=(-0.066,0.028,-0.202) yaw_deg=94.8 failsafe=False age_s=(0.29,0.01) arm_torque_nm=0.021 motors=[745.27,911.25,745.40,886.67,759.06,911.38,758.93,886.54][0m
[0m[INFO] [1786154180.476144620] [my_drone_dds_wasd_control]: STATE arm=2 nav=14 NED=(-0.066,0.072,-0.263) vel=(-0.079,0.053,-0.311) yaw_deg=93.9 failsafe=False age_s=(0.27,0.01) arm_torque_nm=0.005 motors=[674.88,945.13,675.56,935.36,627.88,945.81,627.20,934.68][0m
[0m[INFO] [1786154181.502984843] [my_drone_dds_wasd_control]: STATE arm=2 nav=14 NED=(-0.063,0.094,-0.271) vel=(-0.034,0.104,-0.168) yaw_deg=93.2 failsafe=False age_s=(0.30,0.00) arm_torque_nm=0.000 motors=[749.68,935.85,750.93,909.25,671.91,937.10,670.67,908.00][0m
[0m[INFO] [1786154182.598075543] [my_drone_dds_wasd_control]: STATE arm=2 nav=14 NED=(-0.021,0.066,-0.182) vel=(0.048,-0.005,-0.063) yaw_deg=92.8 failsafe=False age_s=(0.34,0.01) arm_torque_nm=0.000 motors=[750.21,1000.00,751.91,950.14,674.60,1000.00,672.90,948.44][0m
[0m[INFO] [1786154183.596378283] [my_drone_dds_wasd_control]: STATE arm=2 nav=14 NED=(-0.022,0.067,-0.257) vel=(0.017,0.146,-0.278) yaw_deg=92.6 failsafe=False age_s=(0.37,0.00) arm_torque_nm=0.000 motors=[866.89,806.16,868.45,738.22,803.89,807.72,802.33,736.66][0m
[0m[INFO] [1786154184.633446193] [my_drone_dds_wasd_control]: STATE arm=2 nav=14 NED=(-0.010,0.765,-0.011) vel=(-0.094,0.641,0.183) yaw_deg=100.4 failsafe=False age_s=(0.41,0.01) arm_torque_nm=0.027 motors=[846.29,904.60,844.04,1000.00,798.88,902.36,801.12,1000.00][0m
[0m[INFO] [1786154185.676749534] [my_drone_dds_wasd_control]: STATE arm=2 nav=14 NED=(-0.691,0.311,0.294) vel=(-1.212,-1.434,0.338) yaw_deg=106.5 failsafe=False age_s=(0.45,0.01) arm_torque_nm=0.000 motors=[873.31,891.17,867.68,1000.00,865.06,885.54,870.68,1000.00][0m
[0m[INFO] [1786154186.728157897] [my_drone_dds_wasd_control]: STATE arm=2 nav=14 NED=(-2.288,-1.642,0.314) vel=(-1.533,-2.058,-0.032) yaw_deg=104.5 failsafe=False age_s=(0.49,0.01) arm_torque_nm=0.000 motors=[878.35,897.83,874.24,1000.00,881.82,893.72,885.94,1000.00][0m
[31m[ERROR] [1786154186.826391410] [my_drone_dds_wasd_control]: Position safety gate exceeded; requesting LAND horizontal=3.05 m vertical=1.50 m[0m
[33m[WARN] [1786154186.855480111] [my_drone_dds_wasd_control]: LAND requested; Offboard setpoint stream stopped[0m
[0m[INFO] [1786154186.899975266] [my_drone_dds_wasd_control]: PX4 command ack: command=21 result=0[0m
[0m[INFO] [1786154187.723701736] [my_drone_dds_wasd_control]: STATE arm=2 nav=18 NED=(-3.322,-2.885,0.316) vel=(-0.357,-0.235,0.158) yaw_deg=104.7 failsafe=False age_s=(0.08,0.01) arm_torque_nm=0.000 motors=[863.56,900.81,864.43,683.46,1000.00,901.67,1000.00,682.59][0m
[0m[INFO] [1786154188.739191649] [my_drone_dds_wasd_control]: STATE arm=2 nav=18 NED=(-3.263,-2.713,0.934) vel=(0.031,-0.400,0.400) yaw_deg=103.3 failsafe=False age_s=(0.07,0.01) arm_torque_nm=0.099 motors=[789.34,1000.00,797.32,706.03,661.91,1000.00,653.94,698.05][0m
[0m[INFO] [1786154189.747100956] [my_drone_dds_wasd_control]: STATE arm=2 nav=18 NED=(-3.281,-3.079,0.987) vel=(-0.113,-0.650,0.197) yaw_deg=95.3 failsafe=False age_s=(0.06,0.01) arm_torque_nm=0.033 motors=[712.46,1000.00,718.03,856.34,487.41,1000.00,481.83,850.77][0m
[0m[INFO] [1786154190.729214018] [my_drone_dds_wasd_control]: STATE arm=2 nav=18 NED=(-3.234,-3.669,0.948) vel=(0.021,-0.510,0.157) yaw_deg=81.9 failsafe=False age_s=(0.05,0.01) arm_torque_nm=0.051 motors=[534.07,1000.00,536.91,902.19,501.11,1000.00,498.27,899.34][0m
[0m[INFO] [1786154191.783778368] [my_drone_dds_wasd_control]: STATE arm=2 nav=18 NED=(-3.221,-4.062,0.904) vel=(0.074,-0.076,0.032) yaw_deg=77.8 failsafe=False age_s=(0.10,0.01) arm_torque_nm=0.010 motors=[440.03,1000.00,440.95,934.01,486.38,1000.00,485.46,933.10][0m
[0m[INFO] [1786154192.841788876] [my_drone_dds_wasd_control]: STATE arm=2 nav=18 NED=(-3.243,-4.065,0.757) vel=(0.096,-0.010,-0.007) yaw_deg=69.1 failsafe=False age_s=(0.14,0.01) arm_torque_nm=0.022 motors=[488.70,1000.00,494.22,847.17,334.40,1000.00,328.88,841.65][0m
[0m[INFO] [1786154193.834487056] [my_drone_dds_wasd_control]: STATE arm=2 nav=18 NED=(-3.283,-4.021,0.700) vel=(0.006,0.045,-0.114) yaw_deg=61.5 failsafe=False age_s=(0.13,0.01) arm_torque_nm=0.093 motors=[580.24,927.36,584.02,822.62,367.87,931.15,364.09,818.83][0m
[0m[INFO] [1786154194.882010398] [my_drone_dds_wasd_control]: STATE arm=2 nav=18 NED=(-3.300,-4.053,0.764) vel=(0.069,0.021,-0.105) yaw_deg=54.1 failsafe=False age_s=(0.12,0.01) arm_torque_nm=0.042 motors=[376.11,884.75,374.39,957.10,447.27,883.04,448.99,958.82][0m
[0m[INFO] [1786154195.921841966] [my_drone_dds_wasd_control]: STATE arm=2 nav=18 NED=(-3.273,-4.024,0.777) vel=(0.039,-0.034,0.029) yaw_deg=57.8 failsafe=False age_s=(0.16,0.02) arm_torque_nm=0.050 motors=[461.48,917.36,462.02,845.00,488.71,917.90,488.17,844.46][0m
[0m[INFO] [1786154196.936597557] [my_drone_dds_wasd_control]: STATE arm=2 nav=18 NED=(-3.346,-4.039,0.778) vel=(-0.039,0.013,-0.170) yaw_deg=58.8 failsafe=False age_s=(0.17,0.00) arm_torque_nm=0.055 motors=[481.83,777.63,481.88,757.25,497.91,777.68,497.86,757.20][0m
[0m[INFO] [1786154197.978366371] [my_drone_dds_wasd_control]: STATE arm=2 nav=18 NED=(-3.359,-4.051,0.745) vel=(-0.044,0.003,-0.029) yaw_deg=61.3 failsafe=False age_s=(0.22,0.01) arm_torque_nm=0.140 motors=[407.26,896.64,407.55,856.47,423.04,896.93,422.74,856.18][0m
[0m[INFO] [1786154201.724067897] [my_drone_dds_wasd_control]: STATE arm=2 nav=18 NED=(-3.336,-4.013,0.828) vel=(-0.002,0.030,0.057) yaw_deg=60.0 failsafe=False age_s=(0.22,0.00) arm_torque_nm=0.152 motors=[455.64,869.17,455.94,831.11,468.67,869.47,468.38,830.81][0m
[0m[INFO] [1786154202.733437227] [my_drone_dds_wasd_control]: STATE arm=2 nav=18 NED=(-3.326,-4.024,0.709) vel=(0.020,-0.007,-0.205) yaw_deg=61.6 failsafe=False age_s=(0.21,0.00) arm_torque_nm=0.002 motors=[371.07,835.27,371.51,746.72,422.39,835.71,421.94,746.28][0m
[0m[INFO] [1786154203.732168950] [my_drone_dds_wasd_control]: STATE arm=2 nav=18 NED=(-3.327,-4.025,0.681) vel=(-0.000,-0.001,-0.072) yaw_deg=61.7 failsafe=False age_s=(0.20,0.00) arm_torque_nm=0.053 motors=[288.96,729.02,289.39,656.78,325.23,729.45,324.80,656.35][0m
[0m[INFO] [1786154204.778224294] [my_drone_dds_wasd_control]: STATE arm=2 nav=18 NED=(-3.304,-4.028,0.710) vel=(0.014,0.010,-0.052) yaw_deg=61.6 failsafe=False age_s=(0.24,0.01) arm_torque_nm=0.039 motors=[0.00,217.35,0.00,139.42,0.00,217.78,0.00,138.98][0m
[0m[INFO] [1786154205.841240523] [my_drone_dds_wasd_control]: STATE arm=2 nav=18 NED=(-3.299,-4.008,0.727) vel=(0.008,0.029,-0.027) yaw_deg=61.5 failsafe=False age_s=(0.23,0.00) arm_torque_nm=0.004 motors=[0.00,217.45,0.00,139.62,0.00,217.89,0.00,139.18][0m
[0m[INFO] [1786154206.043811660] [my_drone_dds_wasd_control]: LANDING_DISARMED_CONFIRMED[0m
DDS_DYNAMIC_HOVER_FAIL missing=[] report={'offboard_samples': 19, 'steady_hover_samples': 11, 'max_horizontal_error_m': 2.813963041690491, 'max_height_error_m': 1.504, 'takeoff_transient_max_height_error_m': 1.504, 'max_state_step_m': 2.5228987296362093, 'max_motor_output': 1000.0, 'motor_saturation_fraction': 0.057692307692307696, 'failsafe_seen': False}
DDS_DYNAMIC_HOVER_METRICS {"failsafe_seen": false, "max_height_error_m": 1.504, "max_horizontal_error_m": 2.813963041690491, "max_motor_output": 1000.0, "max_state_step_m": 2.5228987296362093, "motor_saturation_fraction": 0.057692307692307696, "offboard_samples": 19, "steady_hover_samples": 11, "takeoff_transient_max_height_error_m": 1.504}
