DDS WASD: T takeoff | W/S/A/D move | R/F up/down | Q/E yaw | L land | O exit Offboard | X twice emergency disarm | Z safe exit
[0m[INFO] [1786174471.331754507] [my_drone_dds_wasd_control]: NED target initialized: N=0.011 E=0.021 D=-0.090 yaw=100.0 deg[0m
[0m[INFO] [1786174471.363165953] [my_drone_dds_wasd_control]: local vertical target sign=-1 (target = current + sign * height)[0m
[0m[INFO] [1786174471.589299932] [my_drone_dds_wasd_control]: STATE arm=1 nav=4 NED=(0.011,0.022,-0.094) vel=(0.008,0.010,-0.013) yaw_deg=100.0 failsafe=False age_s=(0.00,0.00) arm_torque_nm=0.000 motors=[0.00,0.00,0.00,0.00,0.00,0.00,0.00,0.00][0m
[0m[INFO] [1786174472.597327074] [my_drone_dds_wasd_control]: STATE arm=1 nav=4 NED=(0.009,0.033,-0.096) vel=(-0.001,0.014,-0.014) yaw_deg=100.0 failsafe=False age_s=(0.50,0.00) arm_torque_nm=0.000 motors=[0.00,0.00,0.00,0.00,0.00,0.00,0.00,0.00][0m
[0m[INFO] [1786174473.630120064] [my_drone_dds_wasd_control]: target NED=(-0.01, 0.02, -1.29) yaw=100.0 deg[0m
[0m[INFO] [1786174473.653647268] [my_drone_dds_wasd_control]: Prestreaming Offboard setpoints for 2 seconds[0m
[0m[INFO] [1786174473.677695209] [my_drone_dds_wasd_control]: STATE arm=1 nav=4 NED=(-0.008,0.025,-0.085) vel=(-0.015,0.005,-0.009) yaw_deg=100.0 failsafe=False age_s=(0.07,0.05) arm_torque_nm=0.000 motors=[0.00,0.00,0.00,0.00,0.00,0.00,0.00,0.00][0m
[0m[INFO] [1786174474.692530069] [my_drone_dds_wasd_control]: STATE arm=1 nav=4 NED=(-0.004,0.039,-0.079) vel=(-0.006,0.015,-0.006) yaw_deg=100.0 failsafe=False age_s=(0.14,0.00) arm_torque_nm=0.000 motors=[0.00,0.00,0.00,0.00,0.00,0.00,0.00,0.00][0m
[0m[INFO] [1786174475.689686997] [my_drone_dds_wasd_control]: OFFBOARD mode and ARM commands sent[0m
[0m[INFO] [1786174475.709850409] [my_drone_dds_wasd_control]: PX4 command ack: command=400 result=0[0m
[0m[INFO] [1786174475.749083998] [my_drone_dds_wasd_control]: STATE arm=1 nav=4 NED=(-0.015,0.040,-0.062) vel=(-0.014,0.011,-0.001) yaw_deg=100.0 failsafe=False age_s=(0.03,0.01) arm_torque_nm=0.000 motors=[1.79,0.18,1.79,0.38,1.65,0.18,1.65,0.38][0m
[0m[INFO] [1786174476.748124970] [my_drone_dds_wasd_control]: STATE arm=2 nav=14 NED=(-0.038,0.017,-0.047) vel=(-0.016,-0.004,0.002) yaw_deg=100.0 failsafe=False age_s=(0.03,0.01) arm_torque_nm=0.000 motors=[1.76,0.30,1.76,0.59,1.36,0.30,1.36,0.59][0m
[0m[INFO] [1786174477.790688316] [my_drone_dds_wasd_control]: STATE arm=2 nav=14 NED=(-0.014,-0.002,-0.058) vel=(0.006,-0.014,0.013) yaw_deg=100.1 failsafe=False age_s=(0.07,0.00) arm_torque_nm=0.000 motors=[740.68,777.99,740.68,785.82,732.81,777.99,732.81,785.82][0m
[0m[INFO] [1786174478.846853766] [my_drone_dds_wasd_control]: STATE arm=2 nav=14 NED=(-0.002,-0.006,-0.071) vel=(0.009,-0.014,0.038) yaw_deg=100.1 failsafe=False age_s=(0.11,0.00) arm_torque_nm=0.000 motors=[742.42,778.79,742.42,787.29,733.98,778.79,733.98,787.29][0m
[0m[INFO] [1786174479.854390362] [my_drone_dds_wasd_control]: STATE arm=2 nav=14 NED=(0.016,0.013,-0.055) vel=(0.018,0.002,0.002) yaw_deg=100.1 failsafe=False age_s=(0.10,0.00) arm_torque_nm=0.000 motors=[762.45,799.32,762.44,807.57,755.41,799.30,755.42,807.58][0m
[0m[INFO] [1786174480.896843006] [my_drone_dds_wasd_control]: STATE arm=2 nav=14 NED=(-0.003,0.014,-0.050) vel=(0.000,0.003,-0.196) yaw_deg=100.1 failsafe=False age_s=(0.14,0.01) arm_torque_nm=0.000 motors=[747.85,783.69,747.84,792.02,740.13,783.68,740.14,792.02][0m
[0m[INFO] [1786174481.906118973] [my_drone_dds_wasd_control]: STATE arm=2 nav=14 NED=(-0.003,0.008,-0.057) vel=(0.001,0.001,-0.004) yaw_deg=100.1 failsafe=False age_s=(0.13,0.01) arm_torque_nm=0.000 motors=[787.87,824.21,787.86,833.07,779.77,824.20,779.78,833.07][0m
[0m[INFO] [1786174482.913639947] [my_drone_dds_wasd_control]: STATE arm=2 nav=14 NED=(-0.001,-0.002,-0.088) vel=(0.006,-0.039,0.771) yaw_deg=100.0 failsafe=False age_s=(0.12,0.01) arm_torque_nm=0.000 motors=[924.32,973.46,924.33,983.08,914.11,973.47,914.10,983.07][0m
[0m[INFO] [1786174483.896431221] [my_drone_dds_wasd_control]: STATE arm=2 nav=14 NED=(-0.022,-0.148,-0.275) vel=(-0.013,-0.291,-0.349) yaw_deg=99.6 failsafe=False age_s=(0.02,0.01) arm_torque_nm=0.000 motors=[744.05,787.90,744.06,797.66,733.16,787.91,733.14,797.64][0m
[0m[INFO] [1786174484.954909028] [my_drone_dds_wasd_control]: STATE arm=2 nav=14 NED=(-0.066,-0.305,-0.490) vel=(-0.003,-0.047,0.144) yaw_deg=98.8 failsafe=False age_s=(0.06,0.00) arm_torque_nm=0.000 motors=[816.10,848.31,816.21,848.09,807.26,848.42,807.15,847.98][0m
[0m[INFO] [1786174486.005733628] [my_drone_dds_wasd_control]: STATE arm=2 nav=14 NED=(0.008,-0.144,-0.493) vel=(0.079,0.167,0.197) yaw_deg=99.1 failsafe=False age_s=(0.10,0.01) arm_torque_nm=0.000 motors=[844.68,894.65,844.69,904.04,834.21,894.66,834.19,904.03][0m
[0m[INFO] [1786174487.000281903] [my_drone_dds_wasd_control]: STATE arm=2 nav=14 NED=(0.118,-0.196,-0.490) vel=(0.028,-0.158,0.153) yaw_deg=99.7 failsafe=False age_s=(0.09,0.01) arm_torque_nm=0.000 motors=[857.58,901.83,857.52,916.36,848.03,901.77,848.09,916.42][0m
[0m[INFO] [1786174490.097498277] [my_drone_dds_wasd_control]: STATE arm=2 nav=14 NED=(0.099,-0.366,-0.367) vel=(-0.020,-0.008,0.027) yaw_deg=100.6 failsafe=False age_s=(0.13,0.01) arm_torque_nm=0.000 motors=[842.59,880.24,842.47,890.43,842.22,880.12,842.34,890.54][0m
[0m[INFO] [1786174491.143169351] [my_drone_dds_wasd_control]: STATE arm=2 nav=14 NED=(0.147,-0.265,-0.325) vel=(0.061,0.098,-0.038) yaw_deg=100.1 failsafe=False age_s=(0.17,0.00) arm_torque_nm=0.000 motors=[836.45,885.99,836.46,895.32,825.89,886.00,825.88,895.31][0m
[0m[INFO] [1786174492.185095291] [my_drone_dds_wasd_control]: STATE arm=2 nav=14 NED=(0.211,-0.344,-0.315) vel=(0.002,-0.144,-0.063) yaw_deg=99.4 failsafe=False age_s=(0.21,0.01) arm_torque_nm=0.000 motors=[840.80,880.82,840.88,888.54,826.01,880.90,825.93,888.45][0m
[0m[INFO] [1786174493.239541885] [my_drone_dds_wasd_control]: STATE arm=2 nav=14 NED=(0.152,-0.458,-0.294) vel=(-0.041,0.037,-0.112) yaw_deg=99.8 failsafe=False age_s=(0.25,0.00) arm_torque_nm=0.000 motors=[838.33,878.16,838.32,883.77,833.26,878.16,833.27,883.78][0m
[0m[INFO] [1786174494.237780768] [my_drone_dds_wasd_control]: STATE arm=2 nav=14 NED=(0.156,-0.399,-0.475) vel=(0.036,0.056,-0.214) yaw_deg=100.2 failsafe=False age_s=(0.24,0.00) arm_torque_nm=0.000 motors=[808.82,856.29,808.77,867.72,801.74,856.24,801.79,867.78][0m
[0m[INFO] [1786174495.300886801] [my_drone_dds_wasd_control]: STATE arm=2 nav=14 NED=(0.167,-0.475,-0.532) vel=(-0.018,-0.106,-0.075) yaw_deg=100.0 failsafe=False age_s=(0.29,0.01) arm_torque_nm=0.000 motors=[837.40,876.16,837.41,886.94,825.81,876.17,825.80,886.93][0m
[0m[INFO] [1786174496.344899525] [my_drone_dds_wasd_control]: STATE arm=2 nav=14 NED=(0.099,-0.503,-0.616) vel=(-0.029,0.070,-0.121) yaw_deg=99.8 failsafe=False age_s=(0.33,0.00) arm_torque_nm=0.000 motors=[828.77,870.81,828.80,874.80,822.75,870.84,822.73,874.78][0m
[0m[INFO] [1786174497.391930355] [my_drone_dds_wasd_control]: STATE arm=2 nav=14 NED=(0.131,-0.424,-0.791) vel=(0.047,0.030,-0.121) yaw_deg=99.9 failsafe=False age_s=(0.37,0.01) arm_torque_nm=0.000 motors=[818.62,864.90,818.61,875.73,808.15,864.89,808.16,875.74][0m
DYNAMIC_HOVER_SENT_LAND
[33m[WARN] [1786174497.816929571] [my_drone_dds_wasd_control]: LAND requested; Offboard setpoint stream stopped[0m
[0m[INFO] [1786174497.842691358] [my_drone_dds_wasd_control]: PX4 command ack: command=21 result=0[0m
[0m[INFO] [1786174498.441000861] [my_drone_dds_wasd_control]: STATE arm=2 nav=18 NED=(0.123,-0.476,-0.584) vel=(-0.014,-0.085,1.463) yaw_deg=100.0 failsafe=False age_s=(0.07,0.01) arm_torque_nm=0.000 motors=[489.67,509.77,489.66,517.48,483.07,509.76,483.09,517.50][0m
[0m[INFO] [1786174499.490038766] [my_drone_dds_wasd_control]: STATE arm=2 nav=18 NED=(-0.223,-0.162,-0.056) vel=(-0.548,0.532,-0.062) yaw_deg=99.9 failsafe=False age_s=(0.23,0.00) arm_torque_nm=0.000 motors=[483.86,502.94,483.55,522.68,490.52,502.62,490.84,522.99][0m
[0m[INFO] [1786174500.548192493] [my_drone_dds_wasd_control]: STATE arm=2 nav=18 NED=(-0.003,-0.358,-0.088) vel=(-0.105,0.104,-0.030) yaw_deg=98.7 failsafe=False age_s=(0.27,0.01) arm_torque_nm=0.000 motors=[0.35,0.00,0.27,2.06,3.28,0.00,3.36,2.14][0m
[0m[INFO] [1786174501.554128092] [my_drone_dds_wasd_control]: STATE arm=2 nav=18 NED=(0.114,-0.503,-0.074) vel=(0.084,-0.093,-0.013) yaw_deg=98.6 failsafe=False age_s=(0.26,0.01) arm_torque_nm=0.000 motors=[0.37,0.00,0.29,2.11,3.26,0.00,3.34,2.19][0m
[0m[INFO] [1786174501.755636045] [my_drone_dds_wasd_control]: LANDING_DISARMED_CONFIRMED[0m
DDS_DYNAMIC_HOVER_METRICS {"failsafe_seen": false, "max_height_error_m": 1.0150000000000001, "max_horizontal_error_m": 0.5342377747782349, "max_motor_output": 983.08, "max_state_step_m": 0.2698332818612263, "motor_saturation_fraction": 0.0, "offboard_samples": 19, "steady_hover_samples": 12, "takeoff_transient_max_height_error_m": 1.243}
DDS_DYNAMIC_HOVER_PASS
