DDS WASD: T takeoff | W/S/A/D move | R/F up/down | Q/E yaw | L land | O exit Offboard | X twice emergency disarm | Z safe exit
[0m[INFO] [1786170690.607947039] [my_drone_dds_wasd_control]: NED target initialized: N=0.041 E=-0.000 D=-0.010 yaw=99.7 deg[0m
[0m[INFO] [1786170690.636797612] [my_drone_dds_wasd_control]: local vertical target sign=-1 (target = current + sign * height)[0m
[0m[INFO] [1786170691.002039922] [my_drone_dds_wasd_control]: STATE arm=1 nav=4 NED=(0.031,0.001,-0.006) vel=(-0.010,0.005,-0.002) yaw_deg=99.8 failsafe=False age_s=(0.03,0.00) arm_torque_nm=0.000 motors=[0.00,0.00,0.00,0.00,0.00,0.00,0.00,0.00][0m
[0m[INFO] [1786170692.000105853] [my_drone_dds_wasd_control]: STATE arm=1 nav=4 NED=(0.022,-0.009,-0.011) vel=(-0.006,-0.003,-0.003) yaw_deg=99.8 failsafe=False age_s=(0.02,0.00) arm_torque_nm=0.000 motors=[0.00,0.00,0.00,0.00,0.00,0.00,0.00,0.00][0m
[0m[INFO] [1786170693.050182194] [my_drone_dds_wasd_control]: STATE arm=1 nav=4 NED=(0.014,0.005,-0.002) vel=(-0.004,0.003,0.002) yaw_deg=99.7 failsafe=False age_s=(0.07,0.01) arm_torque_nm=0.000 motors=[0.00,0.00,0.00,0.00,0.00,0.00,0.00,0.00][0m
[0m[INFO] [1786170693.074134571] [my_drone_dds_wasd_control]: target NED=(0.01, 0.00, -1.20) yaw=99.7 deg[0m
[0m[INFO] [1786170693.097360252] [my_drone_dds_wasd_control]: Prestreaming Offboard setpoints for 2 seconds[0m
[0m[INFO] [1786170696.444801555] [my_drone_dds_wasd_control]: STATE arm=1 nav=4 NED=(0.025,-0.014,-0.010) vel=(0.005,-0.011,-0.001) yaw_deg=99.7 failsafe=False age_s=(0.46,0.01) arm_torque_nm=0.000 motors=[0.00,0.00,0.00,0.00,0.00,0.00,0.00,0.00][0m
[0m[INFO] [1786170697.444428733] [my_drone_dds_wasd_control]: STATE arm=1 nav=4 NED=(-0.013,-0.018,0.001) vel=(-0.016,-0.006,0.003) yaw_deg=99.7 failsafe=False age_s=(0.45,0.01) arm_torque_nm=0.000 motors=[0.00,0.00,0.00,0.00,0.00,0.00,0.00,0.00][0m
[0m[INFO] [1786170697.495157997] [my_drone_dds_wasd_control]: OFFBOARD mode and ARM commands sent[0m
[0m[INFO] [1786170697.516773561] [my_drone_dds_wasd_control]: PX4 command ack: command=400 result=0[0m
[0m[INFO] [1786170698.442876739] [my_drone_dds_wasd_control]: STATE arm=2 nav=14 NED=(-0.011,0.009,0.008) vel=(-0.003,0.011,0.005) yaw_deg=99.7 failsafe=False age_s=(0.43,0.01) arm_torque_nm=0.000 motors=[1.36,0.61,1.36,0.34,1.69,0.61,1.69,0.34][0m
[0m[INFO] [1786170699.444431809] [my_drone_dds_wasd_control]: STATE arm=2 nav=14 NED=(0.019,0.006,0.005) vel=(0.013,0.004,0.016) yaw_deg=99.7 failsafe=False age_s=(0.43,0.01) arm_torque_nm=0.000 motors=[735.99,772.80,736.00,780.21,728.26,772.81,728.26,780.21][0m
[0m[INFO] [1786170700.498053857] [my_drone_dds_wasd_control]: STATE arm=2 nav=14 NED=(0.041,0.002,-0.002) vel=(0.018,-0.002,0.131) yaw_deg=99.7 failsafe=False age_s=(0.47,0.00) arm_torque_nm=0.004 motors=[768.46,806.92,768.47,814.66,760.33,806.92,760.32,814.66][0m
[0m[INFO] [1786170701.497946918] [my_drone_dds_wasd_control]: STATE arm=2 nav=14 NED=(0.036,-0.004,-0.014) vel=(0.009,-0.004,0.041) yaw_deg=99.7 failsafe=False age_s=(0.46,0.00) arm_torque_nm=0.052 motors=[763.45,802.16,763.46,810.09,755.30,802.16,755.30,810.08][0m
[0m[INFO] [1786170702.498728027] [my_drone_dds_wasd_control]: STATE arm=2 nav=14 NED=(0.033,-0.003,-0.034) vel=(0.005,-0.002,-0.047) yaw_deg=99.8 failsafe=False age_s=(0.45,0.00) arm_torque_nm=0.046 motors=[759.64,797.51,759.64,805.51,751.63,797.51,751.63,805.51][0m
[0m[INFO] [1786170703.547713571] [my_drone_dds_wasd_control]: STATE arm=2 nav=14 NED=(0.033,-0.032,-0.032) vel=(0.012,-0.052,-0.021) yaw_deg=99.7 failsafe=False age_s=(0.49,0.01) arm_torque_nm=0.077 motors=[772.11,821.82,772.12,829.80,763.82,821.83,763.81,829.79][0m
[0m[INFO] [1786170704.598759360] [my_drone_dds_wasd_control]: STATE arm=2 nav=14 NED=(0.035,-0.049,-0.024) vel=(-0.052,0.304,0.030) yaw_deg=99.4 failsafe=False age_s=(0.03,0.00) arm_torque_nm=0.075 motors=[839.05,806.26,839.08,813.85,828.78,806.29,828.75,813.82][0m
[0m[INFO] [1786170705.599969422] [my_drone_dds_wasd_control]: STATE arm=2 nav=14 NED=(0.020,0.104,-0.032) vel=(-0.064,0.355,0.010) yaw_deg=99.6 failsafe=False age_s=(0.02,0.00) arm_torque_nm=0.048 motors=[836.29,819.49,836.17,836.16,829.53,819.37,829.64,836.28][0m
[0m[INFO] [1786170706.612389801] [my_drone_dds_wasd_control]: STATE arm=2 nav=14 NED=(-0.048,0.627,-0.035) vel=(-0.132,0.822,-0.082) yaw_deg=98.4 failsafe=False age_s=(0.52,0.02) arm_torque_nm=0.164 motors=[852.17,794.53,852.19,805.93,838.69,794.55,838.67,805.91][0m
[0m[INFO] [1786170707.647335735] [my_drone_dds_wasd_control]: STATE arm=2 nav=14 NED=(-0.164,1.693,-0.022) vel=(-0.096,0.597,0.076) yaw_deg=97.8 failsafe=False age_s=(0.46,0.01) arm_torque_nm=0.000 motors=[811.84,922.21,811.94,928.99,796.66,922.31,796.56,928.89][0m
[0m[INFO] [1786170708.696554147] [my_drone_dds_wasd_control]: STATE arm=2 nav=14 NED=(-0.074,0.393,0.316) vel=(0.280,-3.171,0.550) yaw_deg=99.0 failsafe=False age_s=(0.50,0.02) arm_torque_nm=0.000 motors=[912.11,1000.00,911.95,1000.00,892.66,1000.00,892.82,1000.00][0m
[31m[ERROR] [1786170709.450344555] [my_drone_dds_wasd_control]: Position safety gate exceeded; requesting LAND horizontal=3.37 m vertical=2.02 m[0m
[33m[WARN] [1786170709.471701391] [my_drone_dds_wasd_control]: LAND requested; Offboard setpoint stream stopped[0m
[0m[INFO] [1786170709.497159338] [my_drone_dds_wasd_control]: PX4 command ack: command=21 result=0[0m
[0m[INFO] [1786170709.757256563] [my_drone_dds_wasd_control]: STATE arm=2 nav=18 NED=(0.099,-5.114,0.751) vel=(0.257,-6.142,-0.285) yaw_deg=88.7 failsafe=False age_s=(0.25,0.01) arm_torque_nm=0.366 motors=[921.49,1000.00,923.18,951.44,913.64,1000.00,911.95,949.75][0m
[0m[INFO] [1786170710.750511184] [my_drone_dds_wasd_control]: STATE arm=2 nav=18 NED=(1.367,-11.004,0.517) vel=(2.142,-5.123,0.043) yaw_deg=85.7 failsafe=False age_s=(0.48,0.01) arm_torque_nm=0.000 motors=[929.75,862.11,930.65,823.62,892.65,863.02,891.74,822.72][0m
[0m[INFO] [1786170711.796328726] [my_drone_dds_wasd_control]: STATE arm=2 nav=18 NED=(3.283,-13.612,0.800) vel=(0.144,-0.550,-0.189) yaw_deg=103.0 failsafe=False age_s=(0.02,0.02) arm_torque_nm=0.318 motors=[936.07,605.80,931.22,1000.00,822.79,600.95,827.64,1000.00][0m
[0m[INFO] [1786170712.845741038] [my_drone_dds_wasd_control]: STATE arm=2 nav=18 NED=(3.294,-16.160,0.801) vel=(-0.087,-4.229,0.024) yaw_deg=77.4 failsafe=False age_s=(0.06,0.01) arm_torque_nm=0.000 motors=[832.56,981.51,835.36,862.92,716.56,984.31,713.76,860.12][0m
[0m[INFO] [1786170713.903748933] [my_drone_dds_wasd_control]: STATE arm=2 nav=18 NED=(3.273,-21.706,0.775) vel=(0.029,-5.970,0.005) yaw_deg=68.6 failsafe=False age_s=(0.11,0.02) arm_torque_nm=0.001 motors=[721.78,936.00,722.82,853.88,717.41,937.03,716.38,852.85][0m
[0m[INFO] [1786170714.943446821] [my_drone_dds_wasd_control]: STATE arm=2 nav=18 NED=(3.320,-27.981,0.731) vel=(-0.071,-5.639,0.044) yaw_deg=89.3 failsafe=False age_s=(0.15,0.01) arm_torque_nm=0.000 motors=[729.27,812.96,728.70,855.16,734.75,812.39,735.32,855.73][0m
[0m[INFO] [1786170715.946936124] [my_drone_dds_wasd_control]: STATE arm=2 nav=18 NED=(3.214,-32.907,0.750) vel=(-0.129,-4.882,0.125) yaw_deg=64.5 failsafe=False age_s=(0.14,0.01) arm_torque_nm=0.296 motors=[687.26,1000.00,691.39,815.66,564.49,1000.00,560.36,811.52][0m
[0m[INFO] [1786170716.943795916] [my_drone_dds_wasd_control]: STATE arm=2 nav=18 NED=(3.133,-37.712,0.623) vel=(-0.127,-4.749,-0.112) yaw_deg=64.8 failsafe=False age_s=(0.13,0.01) arm_torque_nm=0.000 motors=[566.30,848.46,566.63,807.35,579.88,848.78,579.55,807.02][0m
[0m[INFO] [1786170717.997860980] [my_drone_dds_wasd_control]: STATE arm=2 nav=18 NED=(3.018,-42.514,0.613) vel=(-0.124,-4.248,-0.206) yaw_deg=56.8 failsafe=False age_s=(0.17,0.02) arm_torque_nm=0.018 motors=[561.56,885.40,565.39,688.55,437.54,889.23,433.71,684.72][0m
[0m[INFO] [1786170719.049340884] [my_drone_dds_wasd_control]: STATE arm=2 nav=18 NED=(3.028,-46.439,0.521) vel=(-0.100,-3.032,-0.294) yaw_deg=52.0 failsafe=False age_s=(0.22,0.01) arm_torque_nm=0.036 motors=[410.30,850.03,412.41,704.13,379.90,852.14,377.80,702.02][0m
[0m[INFO] [1786170720.049053789] [my_drone_dds_wasd_control]: STATE arm=2 nav=18 NED=(3.050,-48.612,0.408) vel=(-0.072,-1.151,-0.379) yaw_deg=51.3 failsafe=False age_s=(0.21,0.01) arm_torque_nm=0.000 motors=[332.47,789.63,334.45,658.07,297.79,791.62,295.80,656.08][0m
[0m[INFO] [1786170721.103586475] [my_drone_dds_wasd_control]: STATE arm=2 nav=18 NED=(3.035,-49.014,0.361) vel=(-0.044,-0.064,-0.418) yaw_deg=48.7 failsafe=False age_s=(0.25,0.02) arm_torque_nm=0.001 motors=[476.15,968.47,478.39,821.11,436.16,970.71,433.92,818.88][0m
[0m[INFO] [1786170722.144494970] [my_drone_dds_wasd_control]: STATE arm=2 nav=18 NED=(3.076,-49.058,0.481) vel=(0.044,0.070,-0.092) yaw_deg=45.8 failsafe=False age_s=(0.29,0.01) arm_torque_nm=0.094 motors=[496.55,993.42,498.79,863.02,439.44,995.65,437.21,860.78][0m
[0m[INFO] [1786170723.201557836] [my_drone_dds_wasd_control]: STATE arm=2 nav=18 NED=(3.087,-49.110,0.521) vel=(0.016,-0.050,-0.000) yaw_deg=44.9 failsafe=False age_s=(0.33,0.02) arm_torque_nm=0.058 motors=[415.96,983.00,417.11,884.28,418.37,984.15,417.22,883.13][0m
[0m[INFO] [1786170724.249421629] [my_drone_dds_wasd_control]: STATE arm=2 nav=18 NED=(3.018,-49.142,0.590) vel=(0.164,-0.028,-0.046) yaw_deg=28.5 failsafe=False age_s=(0.38,0.01) arm_torque_nm=0.042 motors=[423.42,968.93,425.85,812.95,376.18,971.35,373.76,810.52][0m
[0m[INFO] [1786170725.255737726] [my_drone_dds_wasd_control]: STATE arm=2 nav=18 NED=(2.976,-49.110,0.687) vel=(0.053,0.031,0.103) yaw_deg=27.9 failsafe=False age_s=(0.37,0.01) arm_torque_nm=0.042 motors=[424.18,967.44,426.38,841.14,366.68,969.64,364.49,838.95][0m
[0m[INFO] [1786170726.313248079] [my_drone_dds_wasd_control]: STATE arm=2 nav=18 NED=(2.906,-49.092,0.728) vel=(0.068,0.131,0.056) yaw_deg=29.7 failsafe=False age_s=(0.41,0.02) arm_torque_nm=0.060 motors=[378.25,936.07,379.86,828.60,351.06,937.68,349.46,826.99][0m
[0m[INFO] [1786170727.325838585] [my_drone_dds_wasd_control]: STATE arm=2 nav=18 NED=(2.923,-49.091,0.774) vel=(-0.073,0.086,0.305) yaw_deg=27.7 failsafe=False age_s=(0.40,0.02) arm_torque_nm=0.031 motors=[423.58,934.88,425.42,853.20,351.16,936.72,349.32,851.36][0m
DYNAMIC_HOVER_SENT_LAND
[0m[INFO] [1786170728.362077467] [my_drone_dds_wasd_control]: STATE arm=2 nav=18 NED=(2.923,-49.074,0.785) vel=(-0.216,0.060,-0.063) yaw_deg=28.6 failsafe=False age_s=(0.44,0.01) arm_torque_nm=0.288 motors=[376.11,837.87,377.53,790.98,304.74,839.28,303.33,789.56][0m
[0m[INFO] [1786170732.048241158] [my_drone_dds_wasd_control]: STATE arm=2 nav=18 NED=(2.812,-49.110,0.687) vel=(-0.148,0.000,-0.212) yaw_deg=29.1 failsafe=False age_s=(0.47,0.00) arm_torque_nm=0.064 motors=[313.84,769.09,315.82,640.34,276.73,771.07,274.75,638.36][0m
[0m[INFO] [1786170733.103053951] [my_drone_dds_wasd_control]: STATE arm=2 nav=18 NED=(2.859,-49.080,0.688) vel=(-0.043,0.031,-0.093) yaw_deg=29.2 failsafe=False age_s=(0.01,0.01) arm_torque_nm=0.035 motors=[0.00,267.72,0.00,129.91,0.00,269.79,0.00,127.84][0m
[0m[INFO] [1786170734.109351587] [my_drone_dds_wasd_control]: STATE arm=1 nav=14 NED=(2.897,-49.077,0.685) vel=(0.008,0.005,-0.057) yaw_deg=29.1 failsafe=False age_s=(0.04,0.01) arm_torque_nm=0.004 motors=[0.00,0.00,0.00,0.00,0.00,0.00,0.00,0.00][0m
[0m[INFO] [1786170734.154740893] [my_drone_dds_wasd_control]: LANDING_DISARMED_CONFIRMED[0m
DDS_DYNAMIC_HOVER_FAIL missing=[] report={'offboard_samples': 12, 'steady_hover_samples': 4, 'max_horizontal_error_m': 1.7019180356292134, 'max_height_error_m': 1.516, 'takeoff_transient_max_height_error_m': 1.885, 'max_state_step_m': 1.346233263591418, 'max_motor_output': 1000.0, 'motor_saturation_fraction': 0.033783783783783786, 'failsafe_seen': False}
DDS_DYNAMIC_HOVER_METRICS {"failsafe_seen": false, "max_height_error_m": 1.516, "max_horizontal_error_m": 1.7019180356292134, "max_motor_output": 1000.0, "max_state_step_m": 1.346233263591418, "motor_saturation_fraction": 0.033783783783783786, "offboard_samples": 12, "steady_hover_samples": 4, "takeoff_transient_max_height_error_m": 1.885}
