DDS WASD: T takeoff | W/S/A/D move | R/F up/down | Q/E yaw | L land | O exit Offboard | X twice emergency disarm | Z safe exit
[0m[INFO] [1786170103.183049573] [my_drone_dds_wasd_control]: NED target initialized: N=0.014 E=-0.013 D=-0.006 yaw=99.9 deg[0m
[0m[INFO] [1786170103.218951677] [my_drone_dds_wasd_control]: local vertical target sign=-1 (target = current + sign * height)[0m
[0m[INFO] [1786170103.261695240] [my_drone_dds_wasd_control]: STATE arm=1 nav=4 NED=(0.017,-0.017,-0.001) vel=(0.005,-0.011,0.013) yaw_deg=99.9 failsafe=False age_s=(0.00,0.00) arm_torque_nm=0.000 motors=[0.00,0.00,0.00,0.00,0.00,0.00,0.00,0.00][0m
[0m[INFO] [1786170104.263023994] [my_drone_dds_wasd_control]: STATE arm=1 nav=4 NED=(0.002,-0.038,0.002) vel=(-0.007,-0.019,0.014) yaw_deg=99.9 failsafe=False age_s=(0.05,0.02) arm_torque_nm=0.000 motors=[0.00,0.00,0.00,0.00,0.00,0.00,0.00,0.00][0m
[0m[INFO] [1786170105.262103740] [my_drone_dds_wasd_control]: STATE arm=1 nav=4 NED=(0.004,-0.027,-0.012) vel=(-0.002,-0.008,0.010) yaw_deg=99.9 failsafe=False age_s=(0.03,0.00) arm_torque_nm=0.000 motors=[0.00,0.00,0.00,0.00,0.00,0.00,0.00,0.00][0m
[0m[INFO] [1786170105.313181310] [my_drone_dds_wasd_control]: target NED=(0.00, -0.03, -1.21) yaw=99.9 deg[0m
[0m[INFO] [1786170105.365421142] [my_drone_dds_wasd_control]: Prestreaming Offboard setpoints for 2 seconds[0m
[0m[INFO] [1786170106.272271821] [my_drone_dds_wasd_control]: STATE arm=1 nav=4 NED=(0.001,-0.000,-0.002) vel=(-0.004,0.007,0.014) yaw_deg=100.0 failsafe=False age_s=(0.34,0.00) arm_torque_nm=0.000 motors=[0.00,0.00,0.00,0.00,0.00,0.00,0.00,0.00][0m
[0m[INFO] [1786170107.307072341] [my_drone_dds_wasd_control]: STATE arm=1 nav=4 NED=(0.008,0.006,-0.008) vel=(-0.003,0.008,0.010) yaw_deg=100.0 failsafe=False age_s=(0.38,0.01) arm_torque_nm=0.000 motors=[0.00,0.00,0.00,0.00,0.00,0.00,0.00,0.00][0m
[0m[INFO] [1786170107.348562471] [my_drone_dds_wasd_control]: OFFBOARD mode and ARM commands sent[0m
[0m[INFO] [1786170107.381321569] [my_drone_dds_wasd_control]: PX4 command ack: command=400 result=0[0m
[0m[INFO] [1786170108.332120284] [my_drone_dds_wasd_control]: STATE arm=2 nav=14 NED=(0.010,0.024,-0.015) vel=(-0.003,0.014,0.009) yaw_deg=100.0 failsafe=False age_s=(0.44,0.01) arm_torque_nm=0.000 motors=[1.99,0.02,1.99,0.19,1.80,0.02,1.80,0.19][0m
[0m[INFO] [1786170109.357327951] [my_drone_dds_wasd_control]: STATE arm=2 nav=14 NED=(0.015,0.020,-0.049) vel=(-0.002,0.006,-0.200) yaw_deg=100.0 failsafe=False age_s=(0.48,0.02) arm_torque_nm=0.000 motors=[698.71,732.94,698.70,740.82,691.07,732.94,691.07,740.82][0m
[0m[INFO] [1786170110.365342792] [my_drone_dds_wasd_control]: STATE arm=2 nav=14 NED=(0.028,0.014,-0.066) vel=(0.004,0.001,-0.211) yaw_deg=99.9 failsafe=False age_s=(0.47,0.02) arm_torque_nm=0.000 motors=[708.38,743.17,708.38,750.26,701.34,743.17,701.34,750.26][0m
[0m[INFO] [1786170111.366273162] [my_drone_dds_wasd_control]: STATE arm=2 nav=14 NED=(0.030,0.004,-0.062) vel=(0.007,0.001,-0.316) yaw_deg=100.0 failsafe=False age_s=(0.46,0.02) arm_torque_nm=0.000 motors=[705.90,739.93,705.90,747.19,699.01,739.93,699.02,747.20][0m
[0m[INFO] [1786170112.407550241] [my_drone_dds_wasd_control]: STATE arm=2 nav=14 NED=(0.050,-0.022,-0.061) vel=(0.010,-0.003,-0.192) yaw_deg=99.9 failsafe=False age_s=(0.00,0.01) arm_torque_nm=0.000 motors=[737.78,769.58,737.79,777.61,729.01,769.59,729.00,777.60][0m
[0m[INFO] [1786170113.461893564] [my_drone_dds_wasd_control]: STATE arm=2 nav=14 NED=(0.034,0.003,-0.083) vel=(-0.009,0.036,-0.164) yaw_deg=100.0 failsafe=False age_s=(0.04,0.02) arm_torque_nm=0.061 motors=[758.22,780.78,758.23,788.33,749.70,780.79,749.69,788.32][0m
[0m[INFO] [1786170114.507811935] [my_drone_dds_wasd_control]: STATE arm=2 nav=14 NED=(0.028,0.010,-0.070) vel=(0.033,-0.207,-0.085) yaw_deg=100.0 failsafe=False age_s=(0.09,0.01) arm_torque_nm=0.024 motors=[734.03,876.61,733.99,887.58,726.74,876.57,726.79,887.63][0m
[0m[INFO] [1786170115.511452694] [my_drone_dds_wasd_control]: STATE arm=2 nav=14 NED=(0.034,-0.167,-0.149) vel=(0.047,-0.369,-0.430) yaw_deg=97.0 failsafe=False age_s=(0.08,0.01) arm_torque_nm=0.190 motors=[722.42,777.62,722.89,764.19,697.14,778.08,696.68,763.73][0m
[0m[INFO] [1786170119.262408922] [my_drone_dds_wasd_control]: STATE arm=2 nav=14 NED=(0.042,-0.398,-0.175) vel=(0.031,0.006,0.186) yaw_deg=99.2 failsafe=False age_s=(0.11,0.00) arm_torque_nm=0.060 motors=[831.03,862.91,830.94,874.66,827.21,862.81,827.31,874.75][0m
[0m[INFO] [1786170120.256365885] [my_drone_dds_wasd_control]: STATE arm=2 nav=14 NED=(0.068,-0.245,0.062) vel=(-0.036,-0.021,0.035) yaw_deg=102.2 failsafe=False age_s=(0.10,0.00) arm_torque_nm=0.000 motors=[803.60,900.16,803.03,950.16,801.27,899.59,801.84,950.72][0m
[0m[INFO] [1786170121.282925463] [my_drone_dds_wasd_control]: STATE arm=2 nav=14 NED=(-0.013,-1.056,0.103) vel=(-0.148,-1.623,0.013) yaw_deg=102.5 failsafe=False age_s=(0.09,0.00) arm_torque_nm=0.000 motors=[839.11,947.86,838.57,1000.00,827.90,947.32,828.45,1000.00][0m
[31m[ERROR] [1786170122.207304511] [my_drone_dds_wasd_control]: Position safety gate exceeded; requesting LAND horizontal=3.05 m vertical=1.29 m[0m
[33m[WARN] [1786170122.255007016] [my_drone_dds_wasd_control]: LAND requested; Offboard setpoint stream stopped[0m
[0m[INFO] [1786170122.358156200] [my_drone_dds_wasd_control]: STATE arm=2 nav=14 NED=(-0.335,-3.058,0.082) vel=(-0.283,-2.231,-0.114) yaw_deg=98.4 failsafe=False age_s=(0.11,0.10) arm_torque_nm=0.000 motors=[848.68,926.64,848.75,935.04,834.36,926.71,834.29,934.97][0m
[0m[INFO] [1786170122.488508254] [my_drone_dds_wasd_control]: PX4 command ack: command=21 result=0[0m
[0m[INFO] [1786170123.306079621] [my_drone_dds_wasd_control]: STATE arm=2 nav=18 NED=(-0.426,-4.528,0.042) vel=(0.129,-0.252,0.179) yaw_deg=99.2 failsafe=False age_s=(0.26,0.00) arm_torque_nm=0.000 motors=[852.00,874.55,852.00,863.48,863.67,874.54,863.68,863.48][0m
[0m[INFO] [1786170124.311066455] [my_drone_dds_wasd_control]: STATE arm=2 nav=18 NED=(-0.085,-3.695,0.208) vel=(0.309,1.128,0.355) yaw_deg=98.1 failsafe=False age_s=(0.25,0.00) arm_torque_nm=0.000 motors=[831.95,914.84,831.88,943.08,809.60,914.77,809.67,943.15][0m
[0m[INFO] [1786170125.367389589] [my_drone_dds_wasd_control]: STATE arm=2 nav=18 NED=(0.012,-3.603,0.420) vel=(-0.120,-1.060,0.424) yaw_deg=99.8 failsafe=False age_s=(0.29,0.01) arm_torque_nm=0.000 motors=[832.90,963.19,832.72,1000.00,806.13,963.01,806.31,1000.00][0m
[0m[INFO] [1786170126.362444892] [my_drone_dds_wasd_control]: STATE arm=2 nav=18 NED=(-0.236,-5.764,0.688) vel=(-0.158,-2.472,0.290) yaw_deg=102.0 failsafe=False age_s=(0.29,0.01) arm_torque_nm=0.000 motors=[839.14,922.15,838.83,944.12,842.85,921.85,843.16,944.43][0m
[0m[INFO] [1786170127.354540656] [my_drone_dds_wasd_control]: STATE arm=2 nav=18 NED=(-0.376,-7.512,0.743) vel=(-0.010,-0.691,0.102) yaw_deg=102.7 failsafe=False age_s=(0.28,0.01) arm_torque_nm=0.000 motors=[775.70,890.12,775.83,886.06,769.25,890.25,769.12,885.93][0m
[0m[INFO] [1786170128.414940193] [my_drone_dds_wasd_control]: STATE arm=2 nav=18 NED=(-0.298,-8.106,0.713) vel=(0.182,-1.127,-0.130) yaw_deg=96.1 failsafe=False age_s=(0.32,0.00) arm_torque_nm=0.000 motors=[612.74,858.03,611.99,833.23,700.25,857.28,701.00,833.98][0m
[0m[INFO] [1786170129.461215938] [my_drone_dds_wasd_control]: STATE arm=2 nav=18 NED=(-0.072,-9.549,0.737) vel=(0.261,-1.761,0.069) yaw_deg=129.9 failsafe=False age_s=(0.36,0.01) arm_torque_nm=0.350 motors=[672.22,903.04,673.35,857.81,622.69,904.18,621.56,856.68][0m
[0m[INFO] [1786170130.503102809] [my_drone_dds_wasd_control]: STATE arm=2 nav=18 NED=(0.081,-11.452,0.678) vel=(0.207,-1.785,-0.020) yaw_deg=125.2 failsafe=False age_s=(0.40,0.00) arm_torque_nm=0.303 motors=[578.27,865.00,578.79,834.11,565.79,865.52,565.27,833.59][0m
[0m[INFO] [1786170131.555894802] [my_drone_dds_wasd_control]: STATE arm=2 nav=18 NED=(0.128,-12.823,0.663) vel=(0.052,-0.856,-0.118) yaw_deg=135.3 failsafe=False age_s=(0.45,0.01) arm_torque_nm=0.070 motors=[459.74,763.48,457.74,869.10,520.98,761.49,522.97,871.09][0m
[0m[INFO] [1786170132.556569930] [my_drone_dds_wasd_control]: STATE arm=2 nav=18 NED=(0.180,-13.265,0.689) vel=(0.072,0.068,-0.016) yaw_deg=129.6 failsafe=False age_s=(0.44,0.01) arm_torque_nm=0.105 motors=[444.86,802.99,443.86,846.46,485.47,801.98,486.47,847.46][0m
[0m[INFO] [1786170133.608994719] [my_drone_dds_wasd_control]: STATE arm=2 nav=18 NED=(0.123,-13.273,0.651) vel=(-0.071,0.172,-0.002) yaw_deg=127.9 failsafe=False age_s=(0.48,0.00) arm_torque_nm=0.016 motors=[407.54,784.38,406.62,842.54,426.90,783.45,427.83,843.46][0m
[0m[INFO] [1786170134.654973600] [my_drone_dds_wasd_control]: STATE arm=2 nav=18 NED=(0.137,-13.347,0.704) vel=(0.065,0.068,-0.011) yaw_deg=126.1 failsafe=False age_s=(0.02,0.01) arm_torque_nm=0.057 motors=[269.73,690.49,268.78,747.45,292.34,689.54,293.29,748.40][0m
[0m[INFO] [1786170135.654265290] [my_drone_dds_wasd_control]: STATE arm=2 nav=18 NED=(0.199,-13.473,0.790) vel=(0.236,-0.361,0.176) yaw_deg=124.7 failsafe=False age_s=(0.01,0.01) arm_torque_nm=0.375 motors=[566.07,1000.00,564.90,1000.00,602.63,1000.00,603.80,1000.00][0m
[0m[INFO] [1786170136.708400398] [my_drone_dds_wasd_control]: STATE arm=2 nav=18 NED=(0.336,-13.894,0.819) vel=(-0.155,0.149,0.209) yaw_deg=119.9 failsafe=False age_s=(0.05,0.00) arm_torque_nm=0.000 motors=[710.98,967.38,712.74,906.64,624.50,969.14,622.74,904.88][0m
[0m[INFO] [1786170137.767370935] [my_drone_dds_wasd_control]: STATE arm=2 nav=18 NED=(-0.282,-12.239,0.775) vel=(-0.463,3.022,-0.006) yaw_deg=38.3 failsafe=False age_s=(0.09,0.01) arm_torque_nm=0.000 motors=[1000.00,1000.00,1000.00,587.79,405.26,1000.00,392.59,575.12][0m
[0m[INFO] [1786170138.756168757] [my_drone_dds_wasd_control]: STATE arm=2 nav=18 NED=(-0.755,-9.105,0.738) vel=(-0.741,2.833,0.009) yaw_deg=-49.7 failsafe=False age_s=(0.07,0.02) arm_torque_nm=0.415 motors=[571.58,943.77,572.22,884.59,577.05,944.41,576.41,883.94][0m
[0m[INFO] [1786170139.804059583] [my_drone_dds_wasd_control]: STATE arm=2 nav=18 NED=(-1.206,-6.760,0.698) vel=(-0.264,1.525,-0.277) yaw_deg=-44.4 failsafe=False age_s=(0.11,0.01) arm_torque_nm=0.342 motors=[645.72,926.31,652.39,674.29,339.88,932.98,333.22,667.62][0m
DYNAMIC_HOVER_SENT_LAND
[0m[INFO] [1786170140.910373097] [my_drone_dds_wasd_control]: STATE arm=2 nav=18 NED=(-1.161,-5.891,0.481) vel=(-0.120,-0.022,-0.417) yaw_deg=-43.4 failsafe=False age_s=(0.10,0.03) arm_torque_nm=0.316 motors=[411.52,771.06,412.35,743.87,369.74,771.89,368.91,743.05][0m
[0m[INFO] [1786170141.882353693] [my_drone_dds_wasd_control]: STATE arm=2 nav=18 NED=(-1.205,-5.869,0.440) vel=(-0.110,-0.084,-0.162) yaw_deg=-43.8 failsafe=False age_s=(0.11,0.00) arm_torque_nm=0.169 motors=[331.79,717.87,332.98,699.30,251.03,719.06,249.85,698.11][0m
[0m[INFO] [1786170142.938312502] [my_drone_dds_wasd_control]: STATE arm=2 nav=18 NED=(-1.135,-5.882,0.585) vel=(0.061,-0.032,0.057) yaw_deg=-43.2 failsafe=False age_s=(0.13,0.01) arm_torque_nm=0.112 motors=[343.45,699.12,344.46,673.87,283.56,700.14,282.54,672.85][0m
[0m[INFO] [1786170144.003469710] [my_drone_dds_wasd_control]: STATE arm=2 nav=18 NED=(-1.147,-5.833,0.639) vel=(-0.124,0.032,0.039) yaw_deg=-42.1 failsafe=False age_s=(0.11,0.02) arm_torque_nm=0.164 motors=[646.94,931.37,647.39,909.19,631.72,931.81,631.27,908.74][0m
[0m[INFO] [1786170144.973489338] [my_drone_dds_wasd_control]: STATE arm=2 nav=18 NED=(-0.325,-6.918,0.751) vel=(2.155,-2.290,0.627) yaw_deg=-1.3 failsafe=False age_s=(0.10,0.02) arm_torque_nm=0.372 motors=[1000.00,944.63,1000.00,563.25,997.32,949.42,992.54,558.47][0m
[0m[INFO] [1786170146.003844683] [my_drone_dds_wasd_control]: STATE arm=2 nav=18 NED=(1.286,-9.108,0.650) vel=(0.093,-2.331,-0.187) yaw_deg=-154.6 failsafe=False age_s=(0.24,0.01) arm_torque_nm=0.000 motors=[521.73,605.16,514.95,823.55,870.79,598.39,877.57,830.33][0m
[0m[INFO] [1786170147.016082432] [my_drone_dds_wasd_control]: STATE arm=2 nav=18 NED=(1.219,-10.646,0.644) vel=(0.111,-0.487,-0.098) yaw_deg=-142.9 failsafe=False age_s=(0.17,0.01) arm_torque_nm=0.113 motors=[590.85,419.54,582.72,863.64,827.85,411.41,835.99,871.78][0m
[0m[INFO] [1786170148.092244005] [my_drone_dds_wasd_control]: STATE arm=2 nav=18 NED=(1.228,-10.640,0.646) vel=(0.093,0.372,-0.076) yaw_deg=177.8 failsafe=False age_s=(0.10,0.01) arm_torque_nm=0.170 motors=[588.29,241.69,577.15,894.22,868.03,230.56,879.16,905.36][0m
[0m[INFO] [1786170149.109446636] [my_drone_dds_wasd_control]: STATE arm=2 nav=18 NED=(1.213,-10.758,0.646) vel=(0.059,0.188,-0.071) yaw_deg=114.8 failsafe=False age_s=(0.13,0.01) arm_torque_nm=0.056 motors=[610.62,54.88,597.04,933.25,869.08,41.30,882.65,946.83][0m
[0m[INFO] [1786170150.113975307] [my_drone_dds_wasd_control]: STATE arm=2 nav=18 NED=(1.179,-10.923,0.658) vel=(0.021,-0.074,-0.050) yaw_deg=99.1 failsafe=False age_s=(0.12,0.01) arm_torque_nm=0.038 motors=[502.26,0.00,487.83,830.20,773.88,0.00,788.31,844.62][0m
[0m[INFO] [1786170151.230905102] [my_drone_dds_wasd_control]: STATE arm=2 nav=18 NED=(1.169,-11.056,0.652) vel=(0.010,-0.247,-0.040) yaw_deg=99.8 failsafe=False age_s=(0.16,0.02) arm_torque_nm=0.037 motors=[15.71,0.00,1.28,313.79,292.31,0.00,306.73,328.22][0m
[0m[INFO] [1786170154.968994851] [my_drone_dds_wasd_control]: STATE arm=2 nav=18 NED=(1.190,-11.022,0.665) vel=(0.015,-0.161,-0.007) yaw_deg=107.6 failsafe=False age_s=(0.16,0.01) arm_torque_nm=0.001 motors=[15.57,0.00,1.14,313.62,292.46,0.00,306.89,328.04][0m
[0m[INFO] [1786170155.465061594] [my_drone_dds_wasd_control]: LANDING_DISARMED_CONFIRMED[0m
DDS_DYNAMIC_HOVER_FAIL missing=[] report={'offboard_samples': 12, 'steady_hover_samples': 5, 'max_horizontal_error_m': 3.0464748480826165, 'max_height_error_m': 1.313, 'takeoff_transient_max_height_error_m': 1.313, 'max_state_step_m': 2.027838504417943, 'max_motor_output': 1000.0, 'motor_saturation_fraction': 0.03977272727272727, 'failsafe_seen': False}
DDS_DYNAMIC_HOVER_METRICS {"failsafe_seen": false, "max_height_error_m": 1.313, "max_horizontal_error_m": 3.0464748480826165, "max_motor_output": 1000.0, "max_state_step_m": 2.027838504417943, "motor_saturation_fraction": 0.03977272727272727, "offboard_samples": 12, "steady_hover_samples": 5, "takeoff_transient_max_height_error_m": 1.313}
