DDS WASD: T takeoff | W/S/A/D move | R/F up/down | Q/E yaw | L land | O exit Offboard | X twice emergency disarm | Z safe exit
[0m[INFO] [1786171701.716718008] [my_drone_dds_wasd_control]: NED target initialized: N=0.011 E=-0.022 D=0.002 yaw=99.8 deg[0m
[0m[INFO] [1786171701.736563353] [my_drone_dds_wasd_control]: local vertical target sign=-1 (target = current + sign * height)[0m
[0m[INFO] [1786171701.767589220] [my_drone_dds_wasd_control]: STATE arm=1 nav=4 NED=(0.010,-0.020,0.004) vel=(-0.012,0.001,0.001) yaw_deg=99.8 failsafe=False age_s=(0.01,0.00) arm_torque_nm=0.000 motors=[0.00,0.00,0.00,0.00,0.00,0.00,0.00,0.00][0m
[0m[INFO] [1786171702.773069714] [my_drone_dds_wasd_control]: STATE arm=1 nav=4 NED=(0.008,0.015,0.003) vel=(-0.011,0.025,0.002) yaw_deg=99.8 failsafe=False age_s=(0.09,0.00) arm_torque_nm=0.000 motors=[0.00,0.00,0.00,0.00,0.00,0.00,0.00,0.00][0m
[0m[INFO] [1786171703.772955694] [my_drone_dds_wasd_control]: STATE arm=1 nav=4 NED=(0.014,0.011,0.011) vel=(-0.003,0.016,0.004) yaw_deg=99.8 failsafe=False age_s=(0.09,0.00) arm_torque_nm=0.000 motors=[0.00,0.00,0.00,0.00,0.00,0.00,0.00,0.00][0m
[0m[INFO] [1786171703.801656186] [my_drone_dds_wasd_control]: target NED=(0.01, 0.01, -1.19) yaw=99.8 deg[0m
[0m[INFO] [1786171703.824673448] [my_drone_dds_wasd_control]: Prestreaming Offboard setpoints for 2 seconds[0m
[0m[INFO] [1786171704.813218253] [my_drone_dds_wasd_control]: STATE arm=1 nav=4 NED=(0.025,-0.006,-0.004) vel=(0.007,0.004,0.001) yaw_deg=99.8 failsafe=False age_s=(0.46,0.01) arm_torque_nm=0.000 motors=[0.00,0.00,0.00,0.00,0.00,0.00,0.00,0.00][0m
[0m[INFO] [1786171705.817594945] [my_drone_dds_wasd_control]: STATE arm=1 nav=4 NED=(0.028,-0.025,-0.018) vel=(0.004,-0.007,-0.002) yaw_deg=99.8 failsafe=False age_s=(0.46,0.01) arm_torque_nm=0.000 motors=[0.00,0.00,0.00,0.00,0.00,0.00,0.00,0.00][0m
[0m[INFO] [1786171705.866648633] [my_drone_dds_wasd_control]: OFFBOARD mode and ARM commands sent[0m
[0m[INFO] [1786171705.889760591] [my_drone_dds_wasd_control]: PX4 command ack: command=400 result=0[0m
[0m[INFO] [1786171706.870442809] [my_drone_dds_wasd_control]: STATE arm=2 nav=14 NED=(0.023,-0.025,-0.016) vel=(0.002,-0.007,-0.001) yaw_deg=99.8 failsafe=False age_s=(0.49,0.00) arm_torque_nm=0.000 motors=[1.61,0.37,1.61,0.43,1.59,0.37,1.59,0.43][0m
[0m[INFO] [1786171707.873145053] [my_drone_dds_wasd_control]: STATE arm=2 nav=14 NED=(0.054,-0.024,-0.024) vel=(0.020,-0.006,-0.008) yaw_deg=99.8 failsafe=False age_s=(0.48,0.00) arm_torque_nm=0.004 motors=[731.60,768.25,731.60,775.60,724.21,768.25,724.21,775.60][0m
[0m[INFO] [1786171708.923370170] [my_drone_dds_wasd_control]: STATE arm=2 nav=14 NED=(0.060,-0.032,-0.028) vel=(0.014,-0.006,-0.009) yaw_deg=99.8 failsafe=False age_s=(0.02,0.01) arm_torque_nm=0.002 motors=[743.75,782.36,743.75,790.09,736.00,782.36,736.00,790.09][0m
[0m[INFO] [1786171709.971550946] [my_drone_dds_wasd_control]: STATE arm=2 nav=14 NED=(0.047,-0.051,-0.008) vel=(-0.004,0.016,0.137) yaw_deg=99.8 failsafe=False age_s=(0.06,0.00) arm_torque_nm=0.005 motors=[804.59,817.65,804.59,825.76,796.26,817.66,796.26,825.75][0m
[0m[INFO] [1786171710.969045831] [my_drone_dds_wasd_control]: STATE arm=2 nav=14 NED=(0.047,-0.057,-0.003) vel=(0.002,-0.012,-0.002) yaw_deg=99.8 failsafe=False age_s=(0.05,0.00) arm_torque_nm=0.002 motors=[772.57,808.64,772.57,816.58,764.49,808.64,764.49,816.58][0m
[0m[INFO] [1786171712.017855265] [my_drone_dds_wasd_control]: STATE arm=2 nav=14 NED=(0.034,-0.049,-0.025) vel=(-0.019,0.058,-0.229) yaw_deg=99.8 failsafe=False age_s=(0.09,0.01) arm_torque_nm=0.000 motors=[773.69,778.70,773.69,781.30,771.03,778.70,771.03,781.29][0m
[0m[INFO] [1786171713.066686875] [my_drone_dds_wasd_control]: STATE arm=2 nav=14 NED=(-0.004,0.285,-0.003) vel=(-0.090,0.631,0.173) yaw_deg=98.2 failsafe=False age_s=(0.04,0.00) arm_torque_nm=0.000 motors=[836.24,866.09,836.39,867.48,822.51,866.23,822.36,867.33][0m
[0m[INFO] [1786171714.066889846] [my_drone_dds_wasd_control]: STATE arm=2 nav=14 NED=(0.026,0.687,0.162) vel=(0.036,-0.124,0.108) yaw_deg=96.7 failsafe=False age_s=(0.03,0.00) arm_torque_nm=0.000 motors=[830.91,907.91,831.13,909.14,810.70,908.14,810.47,908.92][0m
[0m[INFO] [1786171715.066132473] [my_drone_dds_wasd_control]: STATE arm=2 nav=14 NED=(0.020,0.010,0.198) vel=(-0.000,-0.797,-0.035) yaw_deg=98.6 failsafe=False age_s=(0.02,0.00) arm_torque_nm=0.000 motors=[842.45,865.22,842.32,878.13,840.39,865.09,840.52,878.26][0m
[0m[INFO] [1786171716.116020867] [my_drone_dds_wasd_control]: STATE arm=2 nav=14 NED=(-0.019,-0.317,0.148) vel=(-0.029,0.072,-0.104) yaw_deg=102.0 failsafe=False age_s=(0.06,0.01) arm_torque_nm=0.000 motors=[826.63,863.04,826.20,887.36,838.45,862.61,838.89,887.79][0m
[0m[INFO] [1786171717.114605181] [my_drone_dds_wasd_control]: STATE arm=2 nav=14 NED=(0.022,-0.222,0.036) vel=(0.053,-0.126,-0.139) yaw_deg=100.5 failsafe=False age_s=(0.05,0.01) arm_torque_nm=0.000 motors=[819.52,880.82,819.51,892.95,807.86,880.82,807.86,892.96][0m
[0m[INFO] [1786171718.166181701] [my_drone_dds_wasd_control]: STATE arm=2 nav=14 NED=(0.082,-0.662,-0.117) vel=(0.039,-0.448,-0.143) yaw_deg=98.1 failsafe=False age_s=(0.10,0.00) arm_torque_nm=0.000 motors=[838.84,869.21,839.13,865.47,818.54,869.50,818.26,865.18][0m
[0m[INFO] [1786171721.919947365] [my_drone_dds_wasd_control]: STATE arm=2 nav=14 NED=(0.105,-0.812,-0.256) vel=(0.007,0.103,-0.138) yaw_deg=99.6 failsafe=False age_s=(0.13,0.01) arm_torque_nm=0.000 motors=[826.15,865.36,826.09,875.10,820.98,865.30,821.03,875.15][0m
[0m[INFO] [1786171722.918795925] [my_drone_dds_wasd_control]: STATE arm=2 nav=14 NED=(0.100,-0.683,-0.381) vel=(0.028,-0.001,-0.095) yaw_deg=100.6 failsafe=False age_s=(0.12,0.01) arm_torque_nm=0.000 motors=[818.44,872.63,818.31,888.31,814.10,872.49,814.24,888.44][0m
[0m[INFO] [1786171723.924385407] [my_drone_dds_wasd_control]: STATE arm=2 nav=14 NED=(0.130,-0.872,-0.468) vel=(0.032,-0.207,-0.104) yaw_deg=99.8 failsafe=False age_s=(0.12,0.01) arm_torque_nm=0.000 motors=[831.25,867.51,831.28,874.78,821.57,867.54,821.55,874.75][0m
[0m[INFO] [1786171724.970770030] [my_drone_dds_wasd_control]: STATE arm=2 nav=14 NED=(0.141,-0.908,-0.565) vel=(-0.002,0.105,-0.093) yaw_deg=99.6 failsafe=False age_s=(0.16,0.02) arm_torque_nm=0.000 motors=[829.76,868.93,829.80,875.18,819.76,868.98,819.71,875.13][0m
[0m[INFO] [1786171726.022706655] [my_drone_dds_wasd_control]: STATE arm=2 nav=14 NED=(0.164,-0.787,-0.641) vel=(0.019,0.039,-0.081) yaw_deg=99.7 failsafe=False age_s=(0.20,0.01) arm_torque_nm=0.000 motors=[824.43,873.44,824.43,882.62,815.42,873.44,815.42,882.62][0m
[0m[INFO] [1786171727.022559823] [my_drone_dds_wasd_control]: STATE arm=2 nav=14 NED=(0.178,-0.839,-0.715) vel=(0.009,-0.073,-0.074) yaw_deg=99.8 failsafe=False age_s=(0.19,0.01) arm_torque_nm=0.000 motors=[828.93,867.68,828.93,876.58,820.73,867.67,820.74,876.58][0m
[0m[INFO] [1786171728.066061977] [my_drone_dds_wasd_control]: STATE arm=2 nav=14 NED=(0.181,-0.833,-0.775) vel=(-0.002,0.083,-0.064) yaw_deg=100.0 failsafe=False age_s=(0.23,0.02) arm_torque_nm=0.000 motors=[827.57,869.31,827.54,878.40,820.21,869.29,820.23,878.42][0m
[0m[INFO] [1786171729.116917362] [my_drone_dds_wasd_control]: STATE arm=2 nav=14 NED=(0.195,-0.758,-0.815) vel=(0.012,0.036,-0.056) yaw_deg=99.8 failsafe=False age_s=(0.28,0.01) arm_torque_nm=0.000 motors=[826.84,872.38,826.85,881.24,817.30,872.39,817.29,881.23][0m
[0m[INFO] [1786171730.120865494] [my_drone_dds_wasd_control]: STATE arm=2 nav=14 NED=(0.187,-0.793,-0.857) vel=(-0.004,-0.036,-0.040) yaw_deg=99.7 failsafe=False age_s=(0.27,0.01) arm_torque_nm=0.000 motors=[828.84,868.52,828.86,876.98,818.48,868.54,818.46,876.96][0m
[0m[INFO] [1786171731.116602934] [my_drone_dds_wasd_control]: STATE arm=2 nav=14 NED=(0.173,-0.789,-0.912) vel=(-0.009,0.049,-0.027) yaw_deg=99.8 failsafe=False age_s=(0.26,0.01) arm_torque_nm=0.000 motors=[830.52,872.48,830.51,880.96,822.71,872.47,822.72,880.97][0m
[0m[INFO] [1786171732.167459796] [my_drone_dds_wasd_control]: STATE arm=2 nav=14 NED=(0.187,-0.689,-0.918) vel=(0.012,0.055,0.018) yaw_deg=99.9 failsafe=False age_s=(0.30,0.02) arm_torque_nm=0.000 motors=[838.69,883.47,838.67,893.55,829.84,883.46,829.85,893.57][0m
[0m[INFO] [1786171733.216585454] [my_drone_dds_wasd_control]: STATE arm=2 nav=14 NED=(0.227,-0.657,-0.980) vel=(0.013,0.004,0.015) yaw_deg=99.8 failsafe=False age_s=(0.34,0.01) arm_torque_nm=0.000 motors=[840.55,882.54,840.55,891.11,831.34,882.55,831.33,891.10][0m
[0m[INFO] [1786171734.225557492] [my_drone_dds_wasd_control]: STATE arm=2 nav=14 NED=(0.218,-0.666,-1.221) vel=(-0.013,0.021,-0.070) yaw_deg=99.8 failsafe=False age_s=(0.34,0.01) arm_torque_nm=0.000 motors=[822.46,863.82,822.47,872.62,813.33,863.83,813.32,872.61][0m
[0m[INFO] [1786171735.269179372] [my_drone_dds_wasd_control]: STATE arm=2 nav=14 NED=(0.187,-0.643,-1.530) vel=(-0.010,0.022,-0.039) yaw_deg=99.8 failsafe=False age_s=(0.38,0.02) arm_torque_nm=0.000 motors=[811.49,854.48,811.49,862.58,803.56,854.48,803.56,862.58][0m
[0m[INFO] [1786171736.265537392] [my_drone_dds_wasd_control]: STATE arm=2 nav=14 NED=(0.199,-0.625,-1.661) vel=(0.008,0.005,0.049) yaw_deg=99.8 failsafe=False age_s=(0.37,0.02) arm_torque_nm=0.000 motors=[820.99,862.78,820.99,871.82,812.21,862.78,812.22,871.82][0m
[0m[INFO] [1786171737.326279445] [my_drone_dds_wasd_control]: STATE arm=2 nav=14 NED=(0.193,-0.628,-1.694) vel=(-0.010,0.006,0.094) yaw_deg=99.8 failsafe=False age_s=(0.41,0.01) arm_torque_nm=0.000 motors=[855.25,899.55,855.25,908.55,846.25,899.55,846.25,908.55][0m
[0m[INFO] [1786171738.368823319] [my_drone_dds_wasd_control]: STATE arm=2 nav=14 NED=(0.191,-0.606,-1.749) vel=(-0.000,0.017,0.070) yaw_deg=99.8 failsafe=False age_s=(0.45,0.02) arm_torque_nm=0.000 motors=[824.91,867.98,824.91,876.08,816.63,867.98,816.63,876.07][0m
[0m[INFO] [1786171739.366796052] [my_drone_dds_wasd_control]: STATE arm=2 nav=14 NED=(0.206,-0.616,-1.791) vel=(0.010,-0.011,0.056) yaw_deg=99.8 failsafe=False age_s=(0.45,0.02) arm_torque_nm=0.000 motors=[820.64,862.90,820.64,871.94,811.36,862.90,811.36,871.94][0m
[0m[INFO] [1786171740.420089006] [my_drone_dds_wasd_control]: STATE arm=2 nav=14 NED=(0.202,-0.631,-1.805) vel=(-0.006,0.000,0.120) yaw_deg=99.8 failsafe=False age_s=(0.49,0.01) arm_torque_nm=0.000 motors=[828.52,869.91,828.52,878.59,819.92,869.91,819.92,878.59][0m
[0m[INFO] [1786171741.467826209] [my_drone_dds_wasd_control]: STATE arm=2 nav=14 NED=(0.189,-0.607,-1.680) vel=(-0.009,0.016,0.096) yaw_deg=99.8 failsafe=False age_s=(0.03,0.02) arm_torque_nm=0.000 motors=[830.12,873.19,830.12,881.99,821.69,873.19,821.69,881.99][0m
[0m[INFO] [1786171742.516662725] [my_drone_dds_wasd_control]: STATE arm=2 nav=14 NED=(0.179,-0.610,-1.578) vel=(-0.001,-0.010,0.030) yaw_deg=99.8 failsafe=False age_s=(0.07,0.01) arm_torque_nm=0.000 motors=[823.74,866.00,823.74,874.68,815.04,866.00,815.04,874.68][0m
[0m[INFO] [1786171743.568764155] [my_drone_dds_wasd_control]: STATE arm=2 nav=14 NED=(0.184,-0.599,-1.498) vel=(0.001,0.009,0.062) yaw_deg=99.8 failsafe=False age_s=(0.11,0.02) arm_torque_nm=0.000 motors=[832.89,874.81,832.90,883.80,823.80,874.81,823.80,883.80][0m
DYNAMIC_HOVER_SENT_LAND
[33m[WARN] [1786171743.689621759] [my_drone_dds_wasd_control]: LAND requested; Offboard setpoint stream stopped[0m
[0m[INFO] [1786171743.710279928] [my_drone_dds_wasd_control]: PX4 command ack: command=21 result=0[0m
[0m[INFO] [1786171744.620326289] [my_drone_dds_wasd_control]: STATE arm=2 nav=18 NED=(0.142,-0.579,-1.286) vel=(-0.014,-0.004,0.314) yaw_deg=99.8 failsafe=False age_s=(0.14,0.01) arm_torque_nm=0.000 motors=[832.75,877.55,832.75,885.99,824.33,877.55,824.33,885.99][0m
[0m[INFO] [1786171745.673408759] [my_drone_dds_wasd_control]: STATE arm=2 nav=18 NED=(0.161,-0.627,-1.045) vel=(0.032,-0.077,0.250) yaw_deg=99.8 failsafe=False age_s=(0.18,0.02) arm_torque_nm=0.000 motors=[818.85,861.49,818.85,869.80,810.67,861.49,810.67,869.80][0m
[0m[INFO] [1786171746.672399738] [my_drone_dds_wasd_control]: STATE arm=2 nav=18 NED=(0.189,-0.727,-0.768) vel=(0.021,-0.084,0.302) yaw_deg=99.8 failsafe=False age_s=(0.17,0.02) arm_torque_nm=0.000 motors=[827.44,867.63,827.45,876.74,818.00,867.64,818.00,876.74][0m
[0m[INFO] [1786171747.674690141] [my_drone_dds_wasd_control]: STATE arm=2 nav=18 NED=(0.190,-0.774,-0.465) vel=(0.008,-0.048,0.295) yaw_deg=99.8 failsafe=False age_s=(0.17,0.02) arm_torque_nm=0.000 motors=[824.71,867.67,824.71,876.29,816.39,867.66,816.39,876.29][0m
[0m[INFO] [1786171748.722940582] [my_drone_dds_wasd_control]: STATE arm=2 nav=18 NED=(0.220,-0.813,-0.110) vel=(0.035,-0.062,0.271) yaw_deg=99.8 failsafe=False age_s=(0.21,0.01) arm_torque_nm=0.000 motors=[821.03,864.09,821.03,872.26,813.05,864.09,813.05,872.26][0m
[0m[INFO] [1786171749.767453694] [my_drone_dds_wasd_control]: STATE arm=2 nav=18 NED=(0.307,-0.894,0.258) vel=(0.044,-0.068,0.260) yaw_deg=99.8 failsafe=False age_s=(0.25,0.02) arm_torque_nm=0.000 motors=[819.09,859.82,819.09,869.19,809.40,859.82,809.40,869.19][0m
[0m[INFO] [1786171750.819472637] [my_drone_dds_wasd_control]: STATE arm=2 nav=18 NED=(0.361,-1.105,0.550) vel=(0.038,-0.599,-0.092) yaw_deg=99.0 failsafe=False age_s=(0.29,0.01) arm_torque_nm=0.066 motors=[695.72,837.39,695.65,879.42,659.82,837.32,659.89,879.49][0m
[0m[INFO] [1786171751.824565095] [my_drone_dds_wasd_control]: STATE arm=2 nav=18 NED=(0.355,-2.529,0.618) vel=(-0.009,-1.974,0.037) yaw_deg=99.1 failsafe=False age_s=(0.28,0.01) arm_torque_nm=0.092 motors=[705.75,850.41,706.10,876.16,650.67,850.76,650.32,875.81][0m
[0m[INFO] [1786171752.865383681] [my_drone_dds_wasd_control]: STATE arm=2 nav=18 NED=(0.233,-4.991,0.727) vel=(-0.065,-2.890,0.128) yaw_deg=77.8 failsafe=False age_s=(0.33,0.02) arm_torque_nm=0.109 motors=[720.72,956.21,724.07,838.68,557.73,959.56,554.38,835.33][0m
[0m[INFO] [1786171756.664072581] [my_drone_dds_wasd_control]: STATE arm=2 nav=18 NED=(0.242,-8.289,0.783) vel=(0.059,-3.454,0.132) yaw_deg=81.6 failsafe=False age_s=(0.32,0.00) arm_torque_nm=0.202 motors=[693.00,949.60,696.55,779.80,565.35,953.15,561.80,776.24][0m
[0m[INFO] [1786171757.669705892] [my_drone_dds_wasd_control]: STATE arm=2 nav=18 NED=(0.552,-11.471,0.856) vel=(0.226,-2.775,0.093) yaw_deg=142.3 failsafe=False age_s=(0.32,0.00) arm_torque_nm=0.001 motors=[334.84,623.53,323.69,1000.00,790.39,612.38,801.54,1000.00][0m
[0m[INFO] [1786171758.717967523] [my_drone_dds_wasd_control]: STATE arm=2 nav=18 NED=(0.832,-14.307,0.837) vel=(-0.005,-2.728,-0.043) yaw_deg=119.9 failsafe=False age_s=(0.36,0.01) arm_torque_nm=0.000 motors=[456.73,817.33,454.51,924.98,535.49,815.10,537.71,927.21][0m
[0m[INFO] [1786171759.766367446] [my_drone_dds_wasd_control]: STATE arm=2 nav=18 NED=(0.811,-17.167,0.808) vel=(0.017,-2.459,-0.034) yaw_deg=115.9 failsafe=False age_s=(0.40,0.00) arm_torque_nm=0.000 motors=[385.38,804.36,382.47,955.43,478.14,801.45,481.06,958.34][0m
[0m[INFO] [1786171760.770672207] [my_drone_dds_wasd_control]: STATE arm=2 nav=18 NED=(0.840,-19.328,0.780) vel=(0.108,-1.648,-0.011) yaw_deg=113.2 failsafe=False age_s=(0.39,0.00) arm_torque_nm=0.000 motors=[327.99,790.45,324.81,941.69,442.44,787.28,445.61,944.86][0m
[0m[INFO] [1786171761.817353028] [my_drone_dds_wasd_control]: STATE arm=2 nav=18 NED=(0.814,-20.612,0.755) vel=(0.044,-0.704,-0.032) yaw_deg=110.9 failsafe=False age_s=(0.43,0.01) arm_torque_nm=0.113 motors=[258.21,780.27,254.75,930.87,397.43,776.80,400.89,934.33][0m
[0m[INFO] [1786171762.817782350] [my_drone_dds_wasd_control]: STATE arm=2 nav=18 NED=(0.757,-20.599,0.843) vel=(-0.123,0.399,0.382) yaw_deg=112.1 failsafe=False age_s=(0.43,0.01) arm_torque_nm=0.153 motors=[0.00,224.91,0.00,339.42,0.00,222.29,0.00,342.03][0m
[0m[INFO] [1786171763.817075568] [my_drone_dds_wasd_control]: STATE arm=2 nav=18 NED=(0.761,-20.571,0.962) vel=(0.032,0.081,0.183) yaw_deg=112.0 failsafe=False age_s=(0.42,0.01) arm_torque_nm=0.050 motors=[0.00,159.93,0.00,252.75,0.00,157.85,0.00,254.84][0m
[0m[INFO] [1786171764.819500280] [my_drone_dds_wasd_control]: STATE arm=2 nav=18 NED=(0.772,-20.636,0.965) vel=(0.049,-0.023,0.114) yaw_deg=111.4 failsafe=False age_s=(0.41,0.01) arm_torque_nm=0.046 motors=[0.00,160.01,0.00,253.19,0.00,157.92,0.00,255.27][0m
[0m[INFO] [1786171765.827874854] [my_drone_dds_wasd_control]: STATE arm=2 nav=18 NED=(0.758,-20.662,0.936) vel=(0.040,-0.056,0.063) yaw_deg=110.7 failsafe=False age_s=(0.40,0.01) arm_torque_nm=0.006 motors=[0.00,160.15,0.00,253.36,0.00,158.06,0.00,255.45][0m
[0m[INFO] [1786171765.867669692] [my_drone_dds_wasd_control]: LANDING_DISARMED_CONFIRMED[0m
DDS_DYNAMIC_HOVER_FAIL missing=[] report={'offboard_samples': 34, 'steady_hover_samples': 27, 'max_horizontal_error_m': 0.9272998436320369, 'max_height_error_m': 1.388, 'takeoff_transient_max_height_error_m': 1.388, 'max_state_step_m': 0.6779830381359109, 'max_motor_output': 1000.0, 'motor_saturation_fraction': 0.004464285714285714, 'failsafe_seen': False}
DDS_DYNAMIC_HOVER_METRICS {"failsafe_seen": false, "max_height_error_m": 1.388, "max_horizontal_error_m": 0.9272998436320369, "max_motor_output": 1000.0, "max_state_step_m": 0.6779830381359109, "motor_saturation_fraction": 0.004464285714285714, "offboard_samples": 34, "steady_hover_samples": 27, "takeoff_transient_max_height_error_m": 1.388}
