DDS WASD: T takeoff | W/S/A/D move | R/F up/down | Q/E yaw | L land | O exit Offboard | X twice emergency disarm | Z safe exit
[0m[INFO] [1786172011.001305637] [my_drone_dds_wasd_control]: NED target initialized: N=-0.026 E=-0.020 D=0.094 yaw=99.9 deg[0m
[0m[INFO] [1786172011.025366228] [my_drone_dds_wasd_control]: local vertical target sign=-1 (target = current + sign * height)[0m
[0m[INFO] [1786172011.482079996] [my_drone_dds_wasd_control]: STATE arm=1 nav=4 NED=(-0.020,-0.010,0.092) vel=(-0.019,0.010,0.017) yaw_deg=99.9 failsafe=False age_s=(0.04,0.02) arm_torque_nm=0.000 motors=[0.00,0.00,0.00,0.00,0.00,0.00,0.00,0.00][0m
[0m[INFO] [1786172012.531800051] [my_drone_dds_wasd_control]: STATE arm=1 nav=4 NED=(-0.004,-0.001,0.070) vel=(-0.007,0.009,0.012) yaw_deg=99.9 failsafe=False age_s=(0.32,0.01) arm_torque_nm=0.000 motors=[0.00,0.00,0.00,0.00,0.00,0.00,0.00,0.00][0m
[0m[INFO] [1786172013.535623284] [my_drone_dds_wasd_control]: STATE arm=1 nav=4 NED=(-0.004,0.016,0.055) vel=(-0.005,0.011,0.006) yaw_deg=99.9 failsafe=False age_s=(0.31,0.01) arm_torque_nm=0.000 motors=[0.00,0.00,0.00,0.00,0.00,0.00,0.00,0.00][0m
[0m[INFO] [1786172013.558348625] [my_drone_dds_wasd_control]: target NED=(-0.00, 0.02, -1.14) yaw=99.9 deg[0m
[0m[INFO] [1786172013.582717272] [my_drone_dds_wasd_control]: Prestreaming Offboard setpoints for 2 seconds[0m
[0m[INFO] [1786172014.591209590] [my_drone_dds_wasd_control]: STATE arm=1 nav=4 NED=(0.001,0.009,0.042) vel=(-0.001,0.000,0.002) yaw_deg=99.9 failsafe=False age_s=(0.46,0.02) arm_torque_nm=0.000 motors=[0.00,0.00,0.00,0.00,0.00,0.00,0.00,0.00][0m
[0m[INFO] [1786172015.586544896] [my_drone_dds_wasd_control]: OFFBOARD mode and ARM commands sent[0m
[0m[INFO] [1786172015.606247148] [my_drone_dds_wasd_control]: PX4 command ack: command=400 result=0[0m
[0m[INFO] [1786172015.631120279] [my_drone_dds_wasd_control]: STATE arm=2 nav=14 NED=(0.016,-0.028,0.070) vel=(0.008,-0.020,0.012) yaw_deg=99.8 failsafe=False age_s=(0.03,0.01) arm_torque_nm=0.000 motors=[1.53,0.52,1.53,0.48,1.47,0.52,1.47,0.48][0m
[0m[INFO] [1786172016.681408569] [my_drone_dds_wasd_control]: STATE arm=2 nav=14 NED=(0.006,-0.039,0.063) vel=(-0.000,-0.019,0.009) yaw_deg=99.8 failsafe=False age_s=(0.08,0.02) arm_torque_nm=0.000 motors=[22.77,22.96,22.77,23.35,22.30,22.96,22.30,23.35][0m
[0m[INFO] [1786172017.741917555] [my_drone_dds_wasd_control]: STATE arm=2 nav=14 NED=(0.015,-0.035,0.048) vel=(0.002,-0.012,0.026) yaw_deg=99.8 failsafe=False age_s=(0.12,0.01) arm_torque_nm=0.000 motors=[737.42,774.87,737.43,781.78,729.61,774.88,729.60,781.76][0m
[0m[INFO] [1786172018.767551593] [my_drone_dds_wasd_control]: STATE arm=2 nav=14 NED=(0.024,-0.022,0.034) vel=(0.005,-0.003,0.003) yaw_deg=99.8 failsafe=False age_s=(0.11,0.01) arm_torque_nm=0.000 motors=[750.75,787.20,750.76,795.04,742.17,787.21,742.16,795.03][0m
[0m[INFO] [1786172019.789761667] [my_drone_dds_wasd_control]: STATE arm=2 nav=14 NED=(0.022,-0.053,0.026) vel=(0.014,-0.063,0.546) yaw_deg=99.8 failsafe=False age_s=(0.15,0.02) arm_torque_nm=0.000 motors=[840.66,886.89,840.67,895.20,832.03,886.89,832.02,895.20][0m
[0m[INFO] [1786172020.834403834] [my_drone_dds_wasd_control]: STATE arm=2 nav=14 NED=(0.143,-0.220,0.091) vel=(0.309,-0.457,0.252) yaw_deg=99.7 failsafe=False age_s=(0.10,0.01) arm_torque_nm=0.000 motors=[798.64,892.33,798.59,890.44,804.73,892.28,804.79,890.49][0m
[0m[INFO] [1786172021.885120968] [my_drone_dds_wasd_control]: STATE arm=2 nav=14 NED=(0.318,-0.730,0.334) vel=(-0.057,-0.047,0.184) yaw_deg=96.2 failsafe=False age_s=(0.14,0.00) arm_torque_nm=0.000 motors=[884.36,861.87,884.69,873.94,844.44,862.20,844.10,873.61][0m
[0m[INFO] [1786172022.887848320] [my_drone_dds_wasd_control]: STATE arm=2 nav=14 NED=(0.062,-0.128,0.415) vel=(-0.256,0.747,0.006) yaw_deg=96.8 failsafe=False age_s=(0.13,0.00) arm_torque_nm=0.000 motors=[817.25,899.25,817.36,889.74,817.05,899.37,816.94,889.62][0m
[0m[INFO] [1786172023.936494936] [my_drone_dds_wasd_control]: STATE arm=2 nav=14 NED=(0.134,-0.060,0.380) vel=(0.238,-0.499,-0.060) yaw_deg=101.5 failsafe=False age_s=(0.18,0.01) arm_torque_nm=0.000 motors=[821.04,880.72,820.57,912.95,827.97,880.25,828.44,913.42][0m
[0m[INFO] [1786172024.934344160] [my_drone_dds_wasd_control]: STATE arm=2 nav=14 NED=(0.183,-0.480,0.277) vel=(-0.192,0.086,-0.105) yaw_deg=100.2 failsafe=False age_s=(0.17,0.01) arm_torque_nm=0.000 motors=[865.90,848.24,865.85,868.36,850.16,848.19,850.21,868.41][0m
[0m[INFO] [1786172025.983256369] [my_drone_dds_wasd_control]: STATE arm=2 nav=14 NED=(-0.113,0.105,0.131) vel=(-0.116,0.491,-0.049) yaw_deg=98.3 failsafe=False age_s=(0.21,0.00) arm_torque_nm=0.000 motors=[806.58,910.62,806.77,895.84,805.71,910.81,805.52,895.65][0m
[0m[INFO] [1786172027.034178758] [my_drone_dds_wasd_control]: STATE arm=2 nav=14 NED=(0.064,-0.151,-0.014) vel=(0.243,-0.656,-0.149) yaw_deg=98.3 failsafe=False age_s=(0.25,0.01) arm_torque_nm=0.000 motors=[842.50,872.11,842.61,885.40,819.44,872.22,819.33,885.28][0m
[0m[INFO] [1786172028.079497934] [my_drone_dds_wasd_control]: STATE arm=2 nav=14 NED=(0.036,-0.391,-0.188) vel=(-0.246,0.409,-0.121) yaw_deg=100.1 failsafe=False age_s=(0.29,0.00) arm_torque_nm=0.000 motors=[851.94,857.48,851.81,872.46,848.10,857.35,848.23,872.59][0m
[0m[INFO] [1786172029.081194462] [my_drone_dds_wasd_control]: STATE arm=2 nav=14 NED=(-0.176,0.173,-0.333) vel=(0.042,0.204,-0.104) yaw_deg=100.3 failsafe=False age_s=(0.29,0.00) arm_torque_nm=0.000 motors=[797.55,904.86,797.44,906.56,805.36,904.75,805.48,906.67][0m
[0m[INFO] [1786172030.081571812] [my_drone_dds_wasd_control]: STATE arm=2 nav=14 NED=(0.086,-0.277,-0.436) vel=(0.242,-0.639,-0.116) yaw_deg=99.1 failsafe=False age_s=(0.28,0.00) arm_torque_nm=0.000 motors=[849.00,856.71,849.11,872.89,823.59,856.82,823.48,872.78][0m
[0m[INFO] [1786172031.130623450] [my_drone_dds_wasd_control]: STATE arm=2 nav=14 NED=(0.010,-0.298,-0.530) vel=(-0.261,0.563,-0.087) yaw_deg=99.5 failsafe=False age_s=(0.32,0.01) arm_torque_nm=0.000 motors=[847.92,868.72,847.96,874.73,839.01,868.76,838.97,874.70][0m
[0m[INFO] [1786172032.180648033] [my_drone_dds_wasd_control]: STATE arm=2 nav=14 NED=(-0.164,0.146,-0.611) vel=(0.145,-0.112,-0.058) yaw_deg=100.0 failsafe=False age_s=(0.36,0.00) arm_torque_nm=0.000 motors=[805.78,910.47,805.72,911.78,809.38,910.41,809.44,911.84][0m
[0m[INFO] [1786172033.231988075] [my_drone_dds_wasd_control]: STATE arm=2 nav=14 NED=(0.130,-0.446,-0.672) vel=(0.166,-0.446,-0.078) yaw_deg=99.7 failsafe=False age_s=(0.40,0.01) arm_torque_nm=0.000 motors=[859.10,843.11,859.11,864.87,836.90,843.11,836.89,864.86][0m
[0m[INFO] [1786172034.283342535] [my_drone_dds_wasd_control]: STATE arm=2 nav=14 NED=(-0.035,-0.147,-0.739) vel=(-0.264,0.669,-0.058) yaw_deg=100.0 failsafe=False age_s=(0.45,0.00) arm_torque_nm=0.000 motors=[824.39,881.33,824.38,883.86,822.06,881.33,822.06,883.86][0m
[0m[INFO] [1786172035.331080471] [my_drone_dds_wasd_control]: STATE arm=2 nav=14 NED=(-0.040,0.007,-0.803) vel=(0.270,-0.452,-0.042) yaw_deg=99.7 failsafe=False age_s=(0.49,0.01) arm_torque_nm=0.000 motors=[819.47,904.58,819.51,906.28,814.56,904.62,814.52,906.25][0m
[0m[INFO] [1786172038.735869173] [my_drone_dds_wasd_control]: STATE arm=2 nav=14 NED=(0.260,-0.545,-0.884) vel=(0.043,-0.099,-0.037) yaw_deg=99.7 failsafe=False age_s=(0.01,0.01) arm_torque_nm=0.000 motors=[866.43,841.24,866.42,864.07,844.93,841.22,844.94,864.09][0m
[0m[INFO] [1786172039.742075875] [my_drone_dds_wasd_control]: STATE arm=2 nav=14 NED=(0.022,-0.050,-0.931) vel=(-0.249,0.611,-0.048) yaw_deg=100.3 failsafe=False age_s=(0.01,0.01) arm_torque_nm=0.000 motors=[809.05,890.52,809.00,891.98,811.91,890.47,811.96,892.03][0m
[0m[INFO] [1786172040.780116365] [my_drone_dds_wasd_control]: STATE arm=2 nav=14 NED=(0.089,-0.120,-0.961) vel=(0.329,-0.620,-0.034) yaw_deg=99.7 failsafe=False age_s=(0.05,0.00) arm_torque_nm=0.000 motors=[828.64,891.32,828.70,894.74,820.28,891.38,820.22,894.68][0m
[0m[INFO] [1786172041.779220111] [my_drone_dds_wasd_control]: STATE arm=2 nav=14 NED=(0.320,-0.548,-1.018) vel=(-0.042,0.139,-0.031) yaw_deg=99.6 failsafe=False age_s=(0.04,0.00) arm_torque_nm=0.000 motors=[864.61,840.83,864.61,863.23,842.10,840.83,842.10,863.23][0m
[0m[INFO] [1786172042.834327941] [my_drone_dds_wasd_control]: STATE arm=2 nav=14 NED=(0.040,0.039,-1.000) vel=(-0.193,0.438,-0.016) yaw_deg=100.3 failsafe=False age_s=(0.08,0.01) arm_torque_nm=0.000 motors=[800.00,902.01,799.93,900.74,806.65,901.95,806.72,900.81][0m
[0m[INFO] [1786172043.881221921] [my_drone_dds_wasd_control]: STATE arm=2 nav=14 NED=(0.252,-0.295,-0.967) vel=(0.391,-0.703,-0.047) yaw_deg=99.8 failsafe=False age_s=(0.12,0.00) arm_torque_nm=0.000 motors=[837.34,871.97,837.40,878.89,825.38,872.03,825.32,878.83][0m
[0m[INFO] [1786172044.885388273] [my_drone_dds_wasd_control]: STATE arm=2 nav=14 NED=(0.420,-0.476,-0.932) vel=(-0.175,0.463,0.002) yaw_deg=99.8 failsafe=False age_s=(0.12,0.00) arm_torque_nm=0.000 motors=[873.02,857.32,873.02,881.04,849.28,857.32,849.28,881.04][0m
[0m[INFO] [1786172045.932260294] [my_drone_dds_wasd_control]: STATE arm=2 nav=14 NED=(0.050,0.179,-0.898) vel=(-0.138,0.192,-0.014) yaw_deg=100.2 failsafe=False age_s=(0.16,0.01) arm_torque_nm=0.000 motors=[796.63,916.22,796.56,910.60,807.80,916.16,807.87,910.66][0m
[0m[INFO] [1786172046.981035894] [my_drone_dds_wasd_control]: STATE arm=2 nav=14 NED=(0.376,-0.445,-0.830) vel=(0.463,-0.732,-0.086) yaw_deg=99.5 failsafe=False age_s=(0.20,0.00) arm_torque_nm=0.000 motors=[848.05,858.84,848.17,865.75,831.20,858.96,831.08,865.63][0m
DYNAMIC_HOVER_SENT_LAND
[33m[WARN] [1786172048.000161806] [my_drone_dds_wasd_control]: LAND requested; Offboard setpoint stream stopped[0m
[0m[INFO] [1786172048.016049710] [my_drone_dds_wasd_control]: PX4 command ack: command=21 result=0[0m
[0m[INFO] [1786172048.031876900] [my_drone_dds_wasd_control]: STATE arm=2 nav=18 NED=(0.472,-0.393,-0.781) vel=(-0.313,0.739,-0.028) yaw_deg=99.9 failsafe=False age_s=(0.02,0.03) arm_torque_nm=0.000 motors=[870.25,869.07,870.24,894.45,845.44,869.07,845.45,894.46][0m
[0m[INFO] [1786172049.085830960] [my_drone_dds_wasd_control]: STATE arm=2 nav=18 NED=(0.091,0.187,-0.720) vel=(0.021,-0.210,0.262) yaw_deg=100.5 failsafe=False age_s=(0.30,0.00) arm_torque_nm=0.000 motors=[739.81,895.94,739.74,878.83,762.48,895.87,762.55,878.90][0m
[0m[INFO] [1786172050.135437906] [my_drone_dds_wasd_control]: STATE arm=2 nav=18 NED=(0.650,-0.685,-0.323) vel=(0.574,-0.672,0.262) yaw_deg=100.5 failsafe=False age_s=(0.34,0.01) arm_torque_nm=0.000 motors=[867.32,834.57,867.33,855.38,845.95,834.58,845.94,855.37][0m
[0m[INFO] [1786172051.184658757] [my_drone_dds_wasd_control]: STATE arm=2 nav=18 NED=(0.559,-0.164,0.130) vel=(-0.560,1.093,0.274) yaw_deg=101.2 failsafe=False age_s=(0.38,0.00) arm_torque_nm=0.000 motors=[854.57,889.68,854.63,908.39,830.50,889.75,830.43,908.33][0m
[0m[INFO] [1786172052.240003071] [my_drone_dds_wasd_control]: STATE arm=2 nav=18 NED=(0.149,0.211,0.519) vel=(0.266,-0.646,0.359) yaw_deg=100.9 failsafe=False age_s=(0.42,0.01) arm_torque_nm=0.000 motors=[804.63,979.98,804.70,942.49,835.73,980.06,835.66,942.42][0m
[0m[INFO] [1786172053.284193792] [my_drone_dds_wasd_control]: STATE arm=2 nav=18 NED=(0.994,-1.356,0.705) vel=(1.005,-2.293,0.006) yaw_deg=118.1 failsafe=False age_s=(0.46,0.00) arm_torque_nm=0.000 motors=[735.21,929.77,735.85,914.41,696.59,930.42,695.95,913.76][0m
[0m[INFO] [1786172054.328045026] [my_drone_dds_wasd_control]: STATE arm=2 nav=18 NED=(2.049,-4.154,0.697) vel=(1.236,-2.958,0.017) yaw_deg=121.9 failsafe=False age_s=(0.00,0.01) arm_torque_nm=0.000 motors=[615.12,861.59,612.94,919.11,739.83,859.42,742.01,921.28][0m
[0m[INFO] [1786172055.330184346] [my_drone_dds_wasd_control]: STATE arm=2 nav=18 NED=(3.489,-6.844,0.741) vel=(1.543,-2.651,-0.026) yaw_deg=132.6 failsafe=False age_s=(0.50,0.01) arm_torque_nm=0.000 motors=[637.50,926.62,639.11,873.87,555.38,928.23,553.77,872.26][0m
[0m[INFO] [1786172056.330011772] [my_drone_dds_wasd_control]: STATE arm=2 nav=18 NED=(5.000,-9.449,0.691) vel=(1.500,-2.416,-0.079) yaw_deg=129.1 failsafe=False age_s=(0.49,0.01) arm_torque_nm=0.030 motors=[482.52,839.75,480.42,925.12,573.58,837.64,575.68,927.23][0m
[0m[INFO] [1786172057.379371594] [my_drone_dds_wasd_control]: STATE arm=2 nav=18 NED=(6.318,-11.953,0.676) vel=(0.979,-2.016,-0.163) yaw_deg=126.5 failsafe=False age_s=(0.03,0.00) arm_torque_nm=0.006 motors=[460.53,800.11,459.37,879.84,477.32,798.95,478.48,881.00][0m
[0m[INFO] [1786172058.434147297] [my_drone_dds_wasd_control]: STATE arm=2 nav=18 NED=(6.742,-13.810,0.650) vel=(0.146,-1.117,-0.198) yaw_deg=130.3 failsafe=False age_s=(0.07,0.01) arm_torque_nm=0.001 motors=[410.11,754.57,409.03,805.81,448.59,753.50,449.66,806.88][0m
[0m[INFO] [1786172059.432860187] [my_drone_dds_wasd_control]: STATE arm=2 nav=18 NED=(6.704,-14.561,0.673) vel=(0.107,-0.051,-0.087) yaw_deg=122.6 failsafe=False age_s=(0.06,0.01) arm_torque_nm=0.000 motors=[368.43,813.53,368.05,819.23,395.12,813.15,395.51,819.62][0m
[0m[INFO] [1786172060.436229282] [my_drone_dds_wasd_control]: STATE arm=2 nav=18 NED=(6.683,-14.557,0.723) vel=(-0.007,0.105,-0.020) yaw_deg=119.3 failsafe=False age_s=(0.05,0.01) arm_torque_nm=0.000 motors=[350.43,801.24,349.97,842.41,347.83,800.78,348.29,842.87][0m
[0m[INFO] [1786172061.486713661] [my_drone_dds_wasd_control]: STATE arm=2 nav=18 NED=(6.630,-14.550,0.776) vel=(-0.003,0.100,0.105) yaw_deg=115.1 failsafe=False age_s=(0.10,0.00) arm_torque_nm=0.137 motors=[266.49,736.43,266.56,725.27,271.81,736.50,271.74,725.20][0m
[0m[INFO] [1786172062.478993323] [my_drone_dds_wasd_control]: STATE arm=2 nav=18 NED=(6.668,-14.591,0.758) vel=(0.015,0.209,-0.116) yaw_deg=119.0 failsafe=False age_s=(0.09,0.00) arm_torque_nm=0.000 motors=[521.41,873.03,519.09,960.03,628.35,870.71,630.66,962.35][0m
[0m[INFO] [1786172063.533894588] [my_drone_dds_wasd_control]: STATE arm=2 nav=18 NED=(6.028,-13.059,0.867) vel=(-1.409,2.573,0.352) yaw_deg=-33.5 failsafe=False age_s=(0.13,0.01) arm_torque_nm=0.052 motors=[1000.00,1000.00,1000.00,692.19,482.25,1000.00,470.80,680.74][0m
[0m[INFO] [1786172064.533031196] [my_drone_dds_wasd_control]: STATE arm=2 nav=18 NED=(3.986,-11.987,1.061) vel=(-1.873,0.235,0.302) yaw_deg=41.1 failsafe=False age_s=(0.33,0.01) arm_torque_nm=0.061 motors=[685.67,676.07,678.92,1000.00,835.00,669.32,841.74,1000.00][0m
[0m[INFO] [1786172065.589997882] [my_drone_dds_wasd_control]: STATE arm=2 nav=18 NED=(2.695,-12.228,0.997) vel=(-0.945,-0.039,0.132) yaw_deg=57.9 failsafe=False age_s=(0.37,0.00) arm_torque_nm=0.411 motors=[678.88,578.79,672.14,992.57,830.01,572.05,836.75,999.31][0m
[0m[INFO] [1786172066.633358051] [my_drone_dds_wasd_control]: STATE arm=2 nav=18 NED=(2.534,-12.301,0.988) vel=(0.070,-0.120,0.070) yaw_deg=69.7 failsafe=False age_s=(0.41,0.01) arm_torque_nm=0.108 motors=[678.38,435.11,669.53,991.75,862.65,426.27,871.50,1000.00][0m
[0m[INFO] [1786172067.638040446] [my_drone_dds_wasd_control]: STATE arm=2 nav=18 NED=(2.514,-12.290,0.955) vel=(-0.068,-0.104,0.011) yaw_deg=67.8 failsafe=False age_s=(0.40,0.01) arm_torque_nm=0.135 motors=[682.69,285.50,671.97,988.29,877.49,274.78,888.21,999.01][0m
[0m[INFO] [1786172068.680363076] [my_drone_dds_wasd_control]: STATE arm=2 nav=18 NED=(2.472,-12.300,0.884) vel=(-0.057,-0.101,-0.035) yaw_deg=73.1 failsafe=False age_s=(0.44,0.00) arm_torque_nm=0.003 motors=[0.00,0.00,0.00,275.05,235.82,0.00,247.98,287.21][0m
[0m[INFO] [1786172069.683312958] [my_drone_dds_wasd_control]: STATE arm=2 nav=18 NED=(2.489,-12.302,0.870) vel=(-0.028,-0.083,-0.033) yaw_deg=76.3 failsafe=False age_s=(0.44,0.00) arm_torque_nm=0.001 motors=[0.00,0.00,0.00,273.67,237.32,0.00,249.48,285.82][0m
[0m[INFO] [1786172073.638226820] [my_drone_dds_wasd_control]: LANDING_DISARMED_CONFIRMED[0m
DDS_DYNAMIC_HOVER_FAIL missing=[] report={'offboard_samples': 29, 'steady_hover_samples': 21, 'max_horizontal_error_m': 0.6519386474201389, 'max_height_error_m': 1.52, 'takeoff_transient_max_height_error_m': 1.555, 'max_state_step_m': 0.7530478072473221, 'max_motor_output': 1000.0, 'motor_saturation_fraction': 0.019230769230769232, 'failsafe_seen': False}
DDS_DYNAMIC_HOVER_METRICS {"failsafe_seen": false, "max_height_error_m": 1.52, "max_horizontal_error_m": 0.6519386474201389, "max_motor_output": 1000.0, "max_state_step_m": 0.7530478072473221, "motor_saturation_fraction": 0.019230769230769232, "offboard_samples": 29, "steady_hover_samples": 21, "takeoff_transient_max_height_error_m": 1.555}
