DDS WASD: T takeoff | W/S/A/D move | R/F up/down | Q/E yaw | L land | O exit Offboard | X twice emergency disarm | Z safe exit
[0m[INFO] [1786177584.733843511] [my_drone_dds_wasd_control]: NED target initialized: N=0.006 E=0.037 D=-0.031 yaw=99.6 deg[0m
[0m[INFO] [1786177584.754940023] [my_drone_dds_wasd_control]: local vertical target sign=-1 (target = current + sign * height)[0m
[0m[INFO] [1786177584.811079271] [my_drone_dds_wasd_control]: STATE arm=1 nav=4 NED=(0.004,0.038,-0.032) vel=(-0.017,-0.002,-0.003) yaw_deg=99.6 failsafe=False age_s=(0.03,0.01) arm_torque_nm=0.000 motors=[0.00,0.00,0.00,0.00,0.00,0.00,0.00,0.00][0m
[0m[INFO] [1786177585.864111291] [my_drone_dds_wasd_control]: STATE arm=1 nav=4 NED=(-0.006,0.039,-0.041) vel=(-0.021,0.001,-0.005) yaw_deg=99.5 failsafe=False age_s=(0.15,0.00) arm_torque_nm=0.000 motors=[0.00,0.00,0.00,0.00,0.00,0.00,0.00,0.00][0m
[0m[INFO] [1786177586.864095328] [my_drone_dds_wasd_control]: STATE arm=1 nav=4 NED=(0.008,0.054,-0.045) vel=(-0.004,0.012,-0.002) yaw_deg=99.5 failsafe=False age_s=(0.14,0.00) arm_torque_nm=0.000 motors=[0.00,0.00,0.00,0.00,0.00,0.00,0.00,0.00][0m
[0m[INFO] [1786177586.887151829] [my_drone_dds_wasd_control]: target NED=(0.01, 0.05, -1.25) yaw=99.5 deg[0m
[0m[INFO] [1786177586.905831658] [my_drone_dds_wasd_control]: Prestreaming Offboard setpoints for 2 seconds[0m
[0m[INFO] [1786177587.906503874] [my_drone_dds_wasd_control]: STATE arm=1 nav=4 NED=(0.026,0.040,-0.047) vel=(0.008,-0.000,-0.002) yaw_deg=99.5 failsafe=False age_s=(0.46,0.01) arm_torque_nm=0.000 motors=[0.00,0.00,0.00,0.00,0.00,0.00,0.00,0.00][0m
[0m[INFO] [1786177588.907878624] [my_drone_dds_wasd_control]: STATE arm=1 nav=4 NED=(0.033,0.034,-0.049) vel=(0.013,-0.002,-0.003) yaw_deg=99.5 failsafe=False age_s=(0.45,0.01) arm_torque_nm=0.000 motors=[0.00,0.00,0.00,0.00,0.00,0.00,0.00,0.00][0m
[0m[INFO] [1786177588.955401664] [my_drone_dds_wasd_control]: OFFBOARD mode and ARM commands sent[0m
[0m[INFO] [1786177588.974319265] [my_drone_dds_wasd_control]: PX4 command ack: command=400 result=0[0m
[0m[INFO] [1786177589.954609172] [my_drone_dds_wasd_control]: STATE arm=2 nav=14 NED=(0.031,0.041,-0.042) vel=(0.005,0.004,0.001) yaw_deg=99.5 failsafe=False age_s=(0.48,0.00) arm_torque_nm=0.000 motors=[1.65,0.34,1.65,0.43,1.58,0.34,1.58,0.43][0m
[0m[INFO] [1786177591.011029476] [my_drone_dds_wasd_control]: STATE arm=2 nav=14 NED=(-0.001,0.022,-0.032) vel=(-0.017,-0.008,0.003) yaw_deg=99.5 failsafe=False age_s=(0.02,0.01) arm_torque_nm=0.000 motors=[737.63,773.67,737.63,782.53,728.99,773.67,728.99,782.54][0m
[0m[INFO] [1786177592.055839088] [my_drone_dds_wasd_control]: STATE arm=2 nav=14 NED=(-0.008,0.013,-0.027) vel=(-0.017,-0.008,-0.013) yaw_deg=99.5 failsafe=False age_s=(0.06,0.00) arm_torque_nm=0.000 motors=[751.38,787.07,751.38,796.44,742.03,787.07,742.03,796.44][0m
[0m[INFO] [1786177593.108944291] [my_drone_dds_wasd_control]: STATE arm=2 nav=14 NED=(-0.013,0.027,-0.047) vel=(0.013,-0.026,-0.016) yaw_deg=99.5 failsafe=False age_s=(0.11,0.01) arm_torque_nm=0.000 motors=[751.15,802.29,751.13,811.17,743.49,802.27,743.51,811.18][0m
[0m[INFO] [1786177594.105026418] [my_drone_dds_wasd_control]: STATE arm=2 nav=14 NED=(-0.002,0.014,-0.032) vel=(0.011,-0.022,0.175) yaw_deg=99.5 failsafe=False age_s=(0.10,0.01) arm_torque_nm=0.000 motors=[802.93,843.90,802.93,852.43,793.88,843.90,793.87,852.42][0m
[0m[INFO] [1786177595.107379557] [my_drone_dds_wasd_control]: STATE arm=2 nav=14 NED=(-0.005,0.022,-0.099) vel=(-0.036,0.025,-0.115) yaw_deg=99.5 failsafe=False age_s=(0.09,0.01) arm_torque_nm=0.000 motors=[765.45,792.50,765.44,804.12,754.71,792.49,754.73,804.13][0m
[0m[INFO] [1786177596.159404338] [my_drone_dds_wasd_control]: STATE arm=2 nav=14 NED=(0.013,0.024,-0.126) vel=(-0.027,0.003,-0.064) yaw_deg=99.6 failsafe=False age_s=(0.13,0.00) arm_torque_nm=0.000 motors=[779.69,807.38,779.67,821.86,766.72,807.36,766.74,821.88][0m
[0m[INFO] [1786177597.212132872] [my_drone_dds_wasd_control]: STATE arm=2 nav=14 NED=(0.025,0.022,-0.105) vel=(-0.070,0.039,0.027) yaw_deg=99.4 failsafe=False age_s=(0.17,0.01) arm_torque_nm=0.000 motors=[866.29,799.39,866.30,861.85,803.12,799.40,803.11,861.84][0m
[0m[INFO] [1786177598.216269625] [my_drone_dds_wasd_control]: STATE arm=2 nav=14 NED=(0.026,0.022,-0.050) vel=(-0.013,-0.028,0.051) yaw_deg=99.3 failsafe=False age_s=(0.07,0.02) arm_torque_nm=0.000 motors=[817.45,858.65,817.48,867.28,806.10,858.69,806.07,867.25][0m
[0m[INFO] [1786177599.256870095] [my_drone_dds_wasd_control]: STATE arm=2 nav=14 NED=(0.102,-0.086,0.171) vel=(0.114,-0.157,0.023) yaw_deg=99.7 failsafe=False age_s=(0.11,0.01) arm_torque_nm=0.000 motors=[833.43,881.19,833.40,888.51,828.76,881.16,828.79,888.54][0m
[0m[INFO] [1786177600.259280131] [my_drone_dds_wasd_control]: STATE arm=2 nav=14 NED=(0.202,-0.262,0.216) vel=(0.086,-0.111,-0.093) yaw_deg=99.1 failsafe=False age_s=(0.10,0.01) arm_torque_nm=0.000 motors=[834.37,869.13,834.42,878.81,820.34,869.18,820.29,878.76][0m
[0m[INFO] [1786177601.259889880] [my_drone_dds_wasd_control]: STATE arm=2 nav=14 NED=(0.188,-0.313,0.159) vel=(-0.028,-0.013,-0.119) yaw_deg=99.8 failsafe=False age_s=(0.09,0.01) arm_torque_nm=0.000 motors=[830.59,875.78,830.53,885.80,825.10,875.73,825.15,885.85][0m
[0m[INFO] [1786177602.260475391] [my_drone_dds_wasd_control]: STATE arm=2 nav=14 NED=(0.208,-0.324,0.010) vel=(0.063,-0.058,-0.188) yaw_deg=99.0 failsafe=False age_s=(0.09,0.01) arm_torque_nm=0.000 motors=[822.39,869.25,822.44,873.62,813.30,869.31,813.25,873.56][0m
[0m[INFO] [1786177603.259217079] [my_drone_dds_wasd_control]: STATE arm=2 nav=14 NED=(0.243,-0.427,-0.197) vel=(0.013,-0.058,-0.125) yaw_deg=99.1 failsafe=False age_s=(0.08,0.01) arm_torque_nm=0.000 motors=[824.68,859.48,824.70,871.20,811.34,859.50,811.32,871.18][0m
[0m[INFO] [1786177604.308091174] [my_drone_dds_wasd_control]: STATE arm=2 nav=14 NED=(0.171,-0.411,-0.296) vel=(-0.067,0.048,-0.054) yaw_deg=99.7 failsafe=False age_s=(0.12,0.02) arm_torque_nm=0.000 motors=[836.99,883.35,836.94,892.24,833.02,883.29,833.08,892.29][0m
[0m[INFO] [1786177605.316103879] [my_drone_dds_wasd_control]: STATE arm=2 nav=14 NED=(0.214,-0.348,-0.445) vel=(0.064,0.000,-0.184) yaw_deg=99.1 failsafe=False age_s=(0.11,0.02) arm_torque_nm=0.000 motors=[814.80,861.04,814.85,865.96,805.91,861.09,805.86,865.91][0m
[0m[INFO] [1786177606.360912785] [my_drone_dds_wasd_control]: STATE arm=2 nav=14 NED=(0.248,-0.356,-0.620) vel=(-0.020,-0.009,-0.162) yaw_deg=99.4 failsafe=False age_s=(0.15,0.01) arm_torque_nm=0.000 motors=[817.41,851.90,817.39,865.06,805.30,851.89,805.31,865.07][0m
[0m[INFO] [1786177607.362666862] [my_drone_dds_wasd_control]: STATE arm=2 nav=14 NED=(0.169,-0.332,-0.725) vel=(-0.062,0.046,-0.087) yaw_deg=99.7 failsafe=False age_s=(0.15,0.01) arm_torque_nm=0.000 motors=[820.06,866.67,820.02,873.21,816.65,866.63,816.69,873.25][0m
[0m[INFO] [1786177608.408212278] [my_drone_dds_wasd_control]: STATE arm=2 nav=14 NED=(0.184,-0.330,-0.769) vel=(0.058,-0.024,0.025) yaw_deg=99.4 failsafe=False age_s=(0.19,0.02) arm_torque_nm=0.000 motors=[840.05,885.08,840.07,893.18,830.53,885.10,830.51,893.16][0m
[0m[INFO] [1786177609.470343020] [my_drone_dds_wasd_control]: STATE arm=2 nav=14 NED=(0.167,-0.384,-0.787) vel=(-0.051,-0.017,-0.121) yaw_deg=99.0 failsafe=False age_s=(0.23,0.01) arm_torque_nm=0.000 motors=[825.23,861.44,825.27,870.74,812.06,861.49,812.02,870.69][0m
[0m[INFO] [1786177610.469755175] [my_drone_dds_wasd_control]: STATE arm=2 nav=14 NED=(0.083,-0.359,-0.674) vel=(-0.038,0.042,0.016) yaw_deg=99.5 failsafe=False age_s=(0.22,0.01) arm_torque_nm=0.000 motors=[844.85,893.81,844.82,899.96,841.70,893.77,841.74,899.99][0m
[0m[INFO] [1786177611.510509846] [my_drone_dds_wasd_control]: STATE arm=2 nav=14 NED=(0.130,-0.314,-0.790) vel=(0.069,-0.008,-0.135) yaw_deg=99.5 failsafe=False age_s=(0.26,0.02) arm_torque_nm=0.000 motors=[819.72,862.04,819.70,872.33,810.45,862.03,810.47,872.35][0m
[0m[INFO] [1786177612.582365571] [my_drone_dds_wasd_control]: STATE arm=2 nav=14 NED=(0.139,-0.345,-0.914) vel=(-0.044,-0.013,-0.024) yaw_deg=99.3 failsafe=False age_s=(0.31,0.01) arm_torque_nm=0.000 motors=[832.32,869.58,832.35,879.62,820.03,869.60,820.00,879.59][0m
[0m[INFO] [1786177613.605395891] [my_drone_dds_wasd_control]: STATE arm=2 nav=14 NED=(0.074,-0.340,-0.958) vel=(-0.013,0.024,0.009) yaw_deg=99.6 failsafe=False age_s=(0.35,0.02) arm_torque_nm=0.000 motors=[832.32,880.66,832.29,886.27,828.78,880.64,828.80,886.29][0m
[0m[INFO] [1786177614.608093619] [my_drone_dds_wasd_control]: STATE arm=2 nav=14 NED=(0.115,-0.340,-0.979) vel=(0.061,-0.016,-0.085) yaw_deg=99.5 failsafe=False age_s=(0.34,0.02) arm_torque_nm=0.000 motors=[827.42,868.74,827.42,879.34,816.96,868.74,816.96,879.34][0m
[0m[INFO] [1786177615.619219902] [my_drone_dds_wasd_control]: STATE arm=2 nav=14 NED=(0.122,-0.340,-0.993) vel=(-0.032,0.004,-0.004) yaw_deg=99.5 failsafe=False age_s=(0.33,0.02) arm_torque_nm=0.000 motors=[837.24,876.24,837.24,886.65,826.40,876.25,826.39,886.65][0m
[0m[INFO] [1786177616.657591359] [my_drone_dds_wasd_control]: STATE arm=2 nav=14 NED=(0.031,-0.305,-1.042) vel=(-0.021,0.026,-0.059) yaw_deg=99.4 failsafe=False age_s=(0.37,0.01) arm_torque_nm=0.000 motors=[820.55,867.94,820.55,872.68,815.30,867.95,815.30,872.68][0m
[0m[INFO] [1786177617.707815348] [my_drone_dds_wasd_control]: STATE arm=2 nav=14 NED=(0.060,-0.319,-1.046) vel=(0.057,-0.024,-0.016) yaw_deg=99.5 failsafe=False age_s=(0.42,0.02) arm_torque_nm=0.000 motors=[829.05,870.82,829.05,880.43,819.36,870.82,819.36,880.43][0m
[0m[INFO] [1786177618.760384179] [my_drone_dds_wasd_control]: STATE arm=2 nav=14 NED=(0.058,-0.352,-0.994) vel=(-0.037,-0.003,-0.056) yaw_deg=99.4 failsafe=False age_s=(0.46,0.01) arm_torque_nm=0.000 motors=[837.58,877.27,837.59,887.18,826.95,877.27,826.95,887.17][0m
DYNAMIC_HOVER_SENT_LAND
[33m[WARN] [1786177618.980363507] [my_drone_dds_wasd_control]: LAND requested; Offboard setpoint stream stopped[0m
[0m[INFO] [1786177618.999368292] [my_drone_dds_wasd_control]: PX4 command ack: command=21 result=0[0m
[0m[INFO] [1786177619.813765770] [my_drone_dds_wasd_control]: STATE arm=2 nav=18 NED=(0.008,-0.337,-0.295) vel=(-0.027,0.003,2.267) yaw_deg=99.5 failsafe=False age_s=(0.39,0.01) arm_torque_nm=0.000 motors=[485.20,514.50,485.19,517.11,483.18,514.50,483.19,517.12][0m
[0m[INFO] [1786177620.806915436] [my_drone_dds_wasd_control]: STATE arm=2 nav=18 NED=(0.015,-0.297,-0.859) vel=(-0.017,-0.016,-1.138) yaw_deg=99.6 failsafe=False age_s=(0.38,0.01) arm_torque_nm=0.006 motors=[490.04,508.64,490.01,516.87,484.44,508.61,484.47,516.91][0m
[0m[INFO] [1786177621.858753859] [my_drone_dds_wasd_control]: STATE arm=2 nav=18 NED=(0.048,-0.290,-0.837) vel=(0.011,0.008,-0.630) yaw_deg=99.6 failsafe=False age_s=(0.43,0.00) arm_torque_nm=0.000 motors=[489.10,510.42,489.09,515.88,484.60,510.41,484.61,515.89][0m
[0m[INFO] [1786177622.866023457] [my_drone_dds_wasd_control]: STATE arm=2 nav=18 NED=(0.051,-0.287,-0.777) vel=(0.005,0.003,-0.423) yaw_deg=99.6 failsafe=False age_s=(0.42,0.00) arm_torque_nm=0.000 motors=[2.82,0.00,2.81,0.00,3.23,0.00,3.24,0.00][0m
[0m[INFO] [1786177623.861852564] [my_drone_dds_wasd_control]: STATE arm=2 nav=18 NED=(0.046,-0.281,-0.666) vel=(-0.005,0.007,-0.243) yaw_deg=99.7 failsafe=False age_s=(0.41,0.00) arm_torque_nm=0.000 motors=[2.92,0.00,2.91,0.00,3.19,0.00,3.20,0.00][0m
[0m[INFO] [1786177624.512266656] [my_drone_dds_wasd_control]: LANDING_DISARMED_CONFIRMED[0m
DDS_DYNAMIC_HOVER_METRICS {"failsafe_seen": false, "max_height_error_m": 0.576, "max_horizontal_error_m": 0.46152464722915937, "max_motor_output": 899.99, "max_state_step_m": 0.14300349646075092, "motor_saturation_fraction": 0.0, "offboard_samples": 29, "steady_hover_samples": 10, "steady_window_start_s": 20.0, "takeoff_transient_max_height_error_m": 1.466}
DDS_DYNAMIC_HOVER_PASS
