DDS WASD: T takeoff | W/S/A/D move | R/F up/down | Q/E yaw | H hover | L land | O exit Offboard | X twice emergency disarm | Z safe exit
[0m[INFO] [1786346500.968256878] [my_drone_dds_wasd_control]: NED target initialized: N=0.055 E=0.035 D=0.032 yaw=97.3 deg[0m
[0m[INFO] [1786346500.992528284] [my_drone_dds_wasd_control]: local vertical target sign=-1 (target = current + sign * height)[0m
[0m[INFO] [1786346501.066140381] [my_drone_dds_wasd_control]: STATE arm=1 nav=4 NED=(0.055,0.033,0.032) vel=(0.005,0.005,0.007) truth_enu=(0.008,-0.000,1.000) truth_vel_enu=(0.000,0.000,0.000) control=DISARMED yaw_deg=97.3 failsafe=False age_s=(0.05,0.01) arm_torque_nm=0.000 motors=[0.00,0.00,0.00,0.00,0.00,0.00,0.00,0.00][0m
[0m[INFO] [1786346502.074253634] [my_drone_dds_wasd_control]: STATE arm=1 nav=4 NED=(0.065,0.021,0.020) vel=(0.010,-0.005,0.005) truth_enu=(0.008,-0.000,1.000) truth_vel_enu=(0.000,0.000,0.000) control=DISARMED yaw_deg=97.3 failsafe=False age_s=(0.05,0.01) arm_torque_nm=0.000 motors=[0.00,0.00,0.00,0.00,0.00,0.00,0.00,0.00][0m
[0m[INFO] [1786346503.115355389] [my_drone_dds_wasd_control]: STATE arm=1 nav=4 NED=(0.050,0.030,0.006) vel=(-0.007,0.005,0.004) truth_enu=(0.008,-0.000,1.000) truth_vel_enu=(0.000,0.000,0.000) control=DISARMED yaw_deg=97.3 failsafe=False age_s=(0.09,0.02) arm_torque_nm=0.000 motors=[0.00,0.00,0.00,0.00,0.00,0.00,0.00,0.00][0m
[0m[INFO] [1786346503.137765338] [my_drone_dds_wasd_control]: target NED=(0.05, 0.03, -1.19) yaw=97.3 deg[0m
[0m[INFO] [1786346503.158312590] [my_drone_dds_wasd_control]: Prestreaming Offboard setpoints for 2 seconds[0m
[0m[INFO] [1786346504.162325351] [my_drone_dds_wasd_control]: STATE arm=1 nav=4 NED=(0.057,0.035,-0.008) vel=(-0.003,0.008,0.001) truth_enu=(0.008,-0.000,1.000) truth_vel_enu=(0.000,0.000,0.000) control=POSITION_HOLD yaw_deg=97.3 failsafe=False age_s=(0.14,0.01) arm_torque_nm=0.000 motors=[0.00,0.00,0.00,0.00,0.00,0.00,0.00,0.00][0m
[0m[INFO] [1786346505.162185269] [my_drone_dds_wasd_control]: STATE arm=1 nav=4 NED=(0.050,0.027,-0.026) vel=(-0.004,0.003,-0.004) truth_enu=(0.008,-0.000,1.000) truth_vel_enu=(0.000,0.000,0.000) control=POSITION_HOLD yaw_deg=97.3 failsafe=False age_s=(0.13,0.01) arm_torque_nm=0.000 motors=[0.00,0.00,0.00,0.00,0.00,0.00,0.00,0.00][0m
[0m[INFO] [1786346505.181153116] [my_drone_dds_wasd_control]: OFFBOARD mode and ARM commands sent[0m
[0m[INFO] [1786346505.198115190] [my_drone_dds_wasd_control]: PX4 command ack: command=400 result=0[0m
[0m[INFO] [1786346506.212604772] [my_drone_dds_wasd_control]: STATE arm=2 nav=14 NED=(0.053,0.021,-0.019) vel=(0.003,0.001,-0.000) truth_enu=(0.008,-0.000,1.000) truth_vel_enu=(0.000,0.000,0.000) control=POSITION_HOLD yaw_deg=97.3 failsafe=False age_s=(0.02,0.02) arm_torque_nm=0.000 motors=[2.10,0.00,2.10,0.31,1.72,0.00,1.72,0.31][0m
[0m[INFO] [1786346507.224935916] [my_drone_dds_wasd_control]: STATE arm=2 nav=14 NED=(0.066,0.030,-0.019) vel=(0.006,0.006,-0.001) truth_enu=(0.008,-0.000,1.001) truth_vel_enu=(0.000,-0.000,0.018) control=POSITION_HOLD yaw_deg=97.3 failsafe=False age_s=(0.01,0.02) arm_torque_nm=0.000 motors=[456.04,477.44,456.04,480.27,453.27,477.44,453.27,480.27][0m
[0m[INFO] [1786346508.215255534] [my_drone_dds_wasd_control]: STATE arm=2 nav=14 NED=(0.050,0.006,-0.146) vel=(-0.015,-0.003,0.048) truth_enu=(0.011,-0.006,1.125) truth_vel_enu=(0.010,-0.012,-0.037) control=POSITION_HOLD yaw_deg=97.3 failsafe=False age_s=(0.00,0.02) arm_torque_nm=0.000 motors=[489.55,509.92,489.55,515.03,484.34,509.92,484.34,515.03][0m
[0m[INFO] [1786346509.269935622] [my_drone_dds_wasd_control]: STATE arm=2 nav=14 NED=(0.055,0.025,-0.223) vel=(0.010,0.019,-0.112) truth_enu=(0.034,-0.011,1.204) truth_vel_enu=(0.026,0.004,0.098) control=POSITION_HOLD yaw_deg=97.3 failsafe=False age_s=(0.05,0.01) arm_torque_nm=0.000 motors=[444.07,463.23,444.07,467.71,439.38,463.23,439.38,467.71][0m
[0m[INFO] [1786346510.299843358] [my_drone_dds_wasd_control]: STATE arm=2 nav=14 NED=(0.051,0.022,-0.279) vel=(-0.004,-0.021,0.525) truth_enu=(0.044,-0.013,1.252) truth_vel_enu=(-0.003,-0.014,-0.501) control=POSITION_HOLD yaw_deg=97.2 failsafe=False age_s=(0.04,0.01) arm_torque_nm=0.000 motors=[610.97,637.63,610.97,644.81,603.54,637.63,603.54,644.81][0m
[0m[INFO] [1786346511.317946060] [my_drone_dds_wasd_control]: STATE arm=2 nav=14 NED=(0.011,0.028,-0.240) vel=(0.000,-0.014,-0.083) truth_enu=(0.038,-0.024,1.238) truth_vel_enu=(-0.010,0.007,0.078) control=POSITION_HOLD yaw_deg=97.2 failsafe=False age_s=(0.58,0.02) arm_torque_nm=0.000 motors=[484.76,507.93,484.76,511.65,480.98,507.93,480.98,511.65][0m
[0m[INFO] [1786346512.369038535] [my_drone_dds_wasd_control]: STATE arm=2 nav=14 NED=(0.072,0.012,-0.435) vel=(0.061,-0.030,-0.158) truth_enu=(0.011,0.025,1.409) truth_vel_enu=(-0.033,0.059,0.165) control=POSITION_HOLD yaw_deg=97.2 failsafe=False age_s=(0.02,0.01) arm_torque_nm=0.000 motors=[445.02,462.47,445.02,468.03,439.30,462.47,439.30,468.03][0m
[0m[INFO] [1786346513.369944454] [my_drone_dds_wasd_control]: STATE arm=2 nav=14 NED=(0.080,0.008,-0.565) vel=(-0.027,-0.001,-0.160) truth_enu=(-0.007,0.044,1.545) truth_vel_enu=(-0.003,-0.018,0.154) control=POSITION_HOLD yaw_deg=97.4 failsafe=False age_s=(0.02,0.01) arm_torque_nm=0.000 motors=[448.14,467.34,448.13,472.19,444.00,467.34,444.01,472.20][0m
[0m[INFO] [1786346514.416055912] [my_drone_dds_wasd_control]: STATE arm=2 nav=14 NED=(0.054,0.003,-0.689) vel=(-0.023,-0.001,-0.119) truth_enu=(-0.006,0.016,1.672) truth_vel_enu=(0.000,-0.021,0.120) control=POSITION_HOLD yaw_deg=97.3 failsafe=False age_s=(0.06,0.02) arm_torque_nm=0.000 motors=[464.75,485.86,464.76,489.73,460.40,485.87,460.40,489.73][0m
[0m[INFO] [1786346515.466015948] [my_drone_dds_wasd_control]: STATE arm=2 nav=14 NED=(0.034,0.015,-0.804) vel=(-0.007,0.018,-0.084) truth_enu=(0.000,0.006,1.765) truth_vel_enu=(0.011,0.001,0.082) control=POSITION_HOLD yaw_deg=97.3 failsafe=False age_s=(0.10,0.01) arm_torque_nm=0.000 motors=[468.00,487.56,468.00,492.75,462.82,487.56,462.82,492.75][0m
[0m[INFO] [1786346516.550543976] [my_drone_dds_wasd_control]: STATE arm=2 nav=14 NED=(0.070,0.017,-0.859) vel=(0.027,-0.004,-0.062) truth_enu=(0.002,0.022,1.827) truth_vel_enu=(-0.011,0.019,0.059) control=POSITION_HOLD yaw_deg=97.2 failsafe=False age_s=(0.14,0.02) arm_torque_nm=0.000 motors=[470.16,489.78,470.17,494.73,464.61,489.79,464.60,494.73][0m
[0m[INFO] [1786346517.518168894] [my_drone_dds_wasd_control]: STATE arm=2 nav=14 NED=(0.074,0.011,-0.622) vel=(-0.023,-0.000,0.664) truth_enu=(-0.007,0.015,1.609) truth_vel_enu=(0.002,-0.038,-0.518) control=POSITION_HOLD yaw_deg=97.3 failsafe=False age_s=(0.13,0.02) arm_torque_nm=0.000 motors=[511.03,531.17,511.02,537.74,505.40,531.16,505.41,537.75][0m
[0m[INFO] [1786346518.563778577] [my_drone_dds_wasd_control]: STATE arm=2 nav=14 NED=(0.010,0.016,-0.634) vel=(-0.024,0.006,-0.140) truth_enu=(-0.002,-0.030,1.622) truth_vel_enu=(0.001,-0.026,0.122) control=POSITION_HOLD yaw_deg=97.4 failsafe=False age_s=(0.18,0.01) arm_torque_nm=0.000 motors=[473.47,495.51,473.46,499.59,469.69,495.51,469.69,499.59][0m
[0m[INFO] [1786346519.567629329] [my_drone_dds_wasd_control]: STATE arm=2 nav=14 NED=(0.026,0.002,-0.783) vel=(0.065,0.006,-0.150) truth_enu=(-0.008,-0.007,1.747) truth_vel_enu=(-0.004,0.064,0.126) control=POSITION_HOLD yaw_deg=97.3 failsafe=False age_s=(0.17,0.01) arm_torque_nm=0.000 motors=[468.95,489.35,468.96,492.67,465.07,489.36,465.07,492.66][0m
[0m[INFO] [1786346520.570185664] [my_drone_dds_wasd_control]: STATE arm=2 nav=14 NED=(0.094,0.016,-0.888) vel=(0.030,0.022,-0.112) truth_enu=(0.002,0.056,1.856) truth_vel_enu=(0.018,0.035,0.098) control=POSITION_HOLD yaw_deg=97.3 failsafe=False age_s=(0.16,0.01) arm_torque_nm=0.000 motors=[469.00,488.28,469.00,494.74,462.80,488.28,462.80,494.75][0m
[0m[INFO] [1786346521.569146174] [my_drone_dds_wasd_control]: STATE arm=2 nav=14 NED=(0.095,0.030,-0.953) vel=(-0.049,0.006,-0.085) truth_enu=(0.020,0.037,1.939) truth_vel_enu=(0.014,-0.059,0.081) control=POSITION_HOLD yaw_deg=97.3 failsafe=False age_s=(0.15,0.01) arm_torque_nm=0.000 motors=[470.06,490.17,470.06,495.08,465.08,490.17,465.08,495.08][0m
[0m[INFO] [1786346522.611868272] [my_drone_dds_wasd_control]: STATE arm=2 nav=14 NED=(0.011,0.021,-1.021) vel=(-0.057,-0.015,-0.074) truth_enu=(0.024,-0.041,2.011) truth_vel_enu=(-0.006,-0.063,0.074) control=POSITION_HOLD yaw_deg=97.3 failsafe=False age_s=(0.19,0.02) arm_torque_nm=0.000 motors=[467.10,488.14,467.09,492.38,463.47,488.13,463.48,492.39][0m
[0m[INFO] [1786346523.676391293] [my_drone_dds_wasd_control]: STATE arm=2 nav=14 NED=(0.026,0.014,-1.095) vel=(0.056,0.003,-0.025) truth_enu=(0.017,-0.046,2.063) truth_vel_enu=(-0.000,0.041,0.031) control=POSITION_HOLD yaw_deg=97.4 failsafe=False age_s=(0.24,0.01) arm_torque_nm=0.000 motors=[476.27,496.17,476.27,501.25,471.60,496.16,471.61,501.25][0m
[0m[INFO] [1786346524.715972848] [my_drone_dds_wasd_control]: STATE arm=2 nav=14 NED=(0.067,0.035,-1.104) vel=(0.027,0.009,-0.011) truth_enu=(0.021,-0.006,2.085) truth_vel_enu=(-0.001,0.018,0.025) control=POSITION_HOLD yaw_deg=97.5 failsafe=False age_s=(0.28,0.02) arm_torque_nm=0.000 motors=[475.69,496.14,475.69,501.72,470.38,496.14,470.38,501.72][0m
VELOCITY_TEST_HOVER_SETTLED
[0m[INFO] [1786346525.696136387] [my_drone_dds_wasd_control]: VELOCITY_CONTROL_ENTER key=R[0m
[0m[INFO] [1786346525.722262458] [my_drone_dds_wasd_control]: STATE arm=2 nav=14 NED=(0.063,0.031,-1.119) vel=(-0.017,-0.014,-0.028) truth_enu=(0.005,-0.012,2.107) truth_vel_enu=(-0.028,-0.024,0.029) control=VELOCITY_CONTROL yaw_deg=97.2 failsafe=False age_s=(0.27,0.04) arm_torque_nm=0.000 motors=[470.58,489.86,470.60,494.22,464.45,489.88,464.43,494.20][0m
[0m[INFO] [1786346526.766282487] [my_drone_dds_wasd_control]: STATE arm=2 nav=14 NED=(0.025,0.003,-1.197) vel=(-0.013,-0.015,-0.164) truth_enu=(-0.028,-0.036,2.183) truth_vel_enu=(-0.032,-0.008,0.161) control=VELOCITY_CONTROL yaw_deg=97.2 failsafe=False age_s=(0.31,0.01) arm_torque_nm=0.000 motors=[476.63,498.09,476.63,502.10,472.73,498.09,472.74,502.10][0m
[0m[INFO] [1786346527.818986368] [my_drone_dds_wasd_control]: STATE arm=2 nav=14 NED=(0.044,-0.029,-1.394) vel=(0.008,-0.020,-0.192) truth_enu=(-0.063,-0.034,2.385) truth_vel_enu=(-0.034,0.002,0.190) control=VELOCITY_CONTROL yaw_deg=97.2 failsafe=False age_s=(0.35,0.02) arm_torque_nm=0.000 motors=[463.57,483.30,463.58,488.58,458.10,483.31,458.10,488.57][0m
[0m[INFO] [1786346528.166075415] [my_drone_dds_wasd_control]: VELOCITY_RELEASE_HOLD NED=(0.04, -0.05, -1.45) yaw=97.1 deg[0m
[0m[INFO] [1786346528.863013822] [my_drone_dds_wasd_control]: STATE arm=2 nav=14 NED=(0.043,-0.088,-1.482) vel=(0.005,-0.017,-0.019) truth_enu=(-0.091,-0.035,2.476) truth_vel_enu=(-0.011,0.002,0.021) control=POSITION_HOLD yaw_deg=97.1 failsafe=False age_s=(0.40,0.01) arm_torque_nm=0.000 motors=[466.99,486.97,466.99,491.32,462.70,486.97,462.70,491.32][0m
[0m[INFO] [1786346529.867294847] [my_drone_dds_wasd_control]: STATE arm=2 nav=14 NED=(0.056,-0.052,-1.473) vel=(0.012,0.042,0.005) truth_enu=(-0.072,-0.029,2.465) truth_vel_enu=(0.036,0.005,-0.003) control=POSITION_HOLD yaw_deg=97.0 failsafe=False age_s=(0.39,0.01) arm_torque_nm=0.000 motors=[469.19,490.72,469.21,493.87,464.69,490.73,464.67,493.86][0m
VELOCITY_PHASE_DONE key=R
[0m[INFO] [1786346530.296459362] [my_drone_dds_wasd_control]: VELOCITY_CONTROL_ENTER key=F[0m
[0m[INFO] [1786346530.867358054] [my_drone_dds_wasd_control]: STATE arm=2 nav=14 NED=(0.037,-0.017,-1.447) vel=(-0.017,0.003,0.072) truth_enu=(-0.056,-0.041,2.436) truth_vel_enu=(-0.011,-0.028,-0.071) control=VELOCITY_CONTROL yaw_deg=97.2 failsafe=False age_s=(0.38,0.01) arm_torque_nm=0.000 motors=[460.54,480.77,460.53,485.79,456.35,480.76,456.36,485.80][0m
[0m[INFO] [1786346531.864995091] [my_drone_dds_wasd_control]: STATE arm=2 nav=14 NED=(0.002,-0.033,-1.266) vel=(-0.006,-0.003,0.229) truth_enu=(-0.075,-0.062,2.259) truth_vel_enu=(-0.017,-0.009,-0.227) control=VELOCITY_CONTROL yaw_deg=97.2 failsafe=False age_s=(0.37,0.01) arm_torque_nm=0.000 motors=[465.65,485.71,465.65,490.77,460.75,485.71,460.76,490.78][0m
[0m[INFO] [1786346532.664882309] [my_drone_dds_wasd_control]: VELOCITY_RELEASE_HOLD NED=(-0.00, -0.05, -1.08) yaw=97.1 deg[0m
[0m[INFO] [1786346532.916983658] [my_drone_dds_wasd_control]: STATE arm=2 nav=14 NED=(-0.006,-0.057,-1.051) vel=(-0.007,-0.011,0.093) truth_enu=(-0.094,-0.067,2.068) truth_vel_enu=(-0.020,-0.004,-0.089) control=POSITION_HOLD yaw_deg=97.1 failsafe=False age_s=(0.41,0.02) arm_torque_nm=0.000 motors=[478.85,500.06,478.85,504.56,474.35,500.06,474.35,504.56][0m
[0m[INFO] [1786346533.920770434] [my_drone_dds_wasd_control]: STATE arm=2 nav=14 NED=(-0.019,-0.085,-1.019) vel=(-0.001,0.001,0.000) truth_enu=(-0.105,-0.063,2.032) truth_vel_enu=(0.005,0.015,-0.008) control=POSITION_HOLD yaw_deg=97.0 failsafe=False age_s=(0.41,0.02) arm_torque_nm=0.000 motors=[472.31,492.36,472.32,497.07,466.91,492.37,466.90,497.06][0m
VELOCITY_PHASE_DONE key=F
[0m[INFO] [1786346534.797480328] [my_drone_dds_wasd_control]: VELOCITY_CONTROL_ENTER key=R[0m
[0m[INFO] [1786346534.912769261] [my_drone_dds_wasd_control]: STATE arm=2 nav=14 NED=(0.011,-0.058,-1.026) vel=(0.025,0.056,-0.016) truth_enu=(-0.071,-0.033,2.037) truth_vel_enu=(0.057,0.037,0.019) control=VELOCITY_CONTROL yaw_deg=97.1 failsafe=False age_s=(0.40,0.02) arm_torque_nm=0.000 motors=[477.72,496.22,477.71,501.85,472.74,496.21,472.75,501.86][0m
VELOCITY_PHASE_DONE key=R
[0m[INFO] [1786346535.839888200] [my_drone_dds_wasd_control]: HOVER_HOLD_CURRENT NED=(0.03, -0.02, -1.08) yaw=97.2 deg measured_down=-1.10[0m
[0m[INFO] [1786346535.966071337] [my_drone_dds_wasd_control]: STATE arm=2 nav=14 NED=(0.033,-0.019,-1.120) vel=(0.003,0.013,-0.151) truth_enu=(-0.024,-0.012,2.129) truth_vel_enu=(0.022,0.007,0.152) control=POSITION_HOLD yaw_deg=97.2 failsafe=False age_s=(0.44,0.01) arm_torque_nm=0.000 motors=[455.34,475.56,455.34,480.21,450.75,475.56,450.75,480.21][0m
[0m[INFO] [1786346536.965748593] [my_drone_dds_wasd_control]: STATE arm=2 nav=14 NED=(0.021,-0.019,-1.166) vel=(0.003,0.010,0.020) truth_enu=(-0.004,-0.001,2.174) truth_vel_enu=(0.027,0.019,0.009) control=POSITION_HOLD yaw_deg=97.1 failsafe=False age_s=(0.43,0.01) arm_torque_nm=0.000 motors=[467.02,486.65,467.02,490.85,462.27,486.66,462.27,490.84][0m
[0m[INFO] [1786346538.013052753] [my_drone_dds_wasd_control]: STATE arm=2 nav=14 NED=(0.055,0.010,-1.161) vel=(0.016,0.001,0.025) truth_enu=(0.022,0.027,2.166) truth_vel_enu=(0.011,0.022,-0.021) control=POSITION_HOLD yaw_deg=97.2 failsafe=False age_s=(0.47,0.02) arm_torque_nm=0.000 motors=[470.36,490.49,470.36,496.06,465.29,490.48,465.30,496.07][0m
[0m[INFO] [1786346539.014555512] [my_drone_dds_wasd_control]: STATE arm=2 nav=14 NED=(0.045,-0.001,-1.142) vel=(-0.042,-0.038,0.043) truth_enu=(0.012,0.018,2.147) truth_vel_enu=(-0.022,-0.035,-0.016) control=POSITION_HOLD yaw_deg=97.0 failsafe=False age_s=(0.47,0.02) arm_torque_nm=0.000 motors=[471.05,489.72,471.07,494.40,464.49,489.74,464.47,494.38][0m
VELOCITY_PHASE_DONE key=H
[33m[WARN] [1786346539.942214705] [my_drone_dds_wasd_control]: OFFBOARD_LANDING_STARTED; holding XY and descending to the recorded takeoff ground height[0m
[0m[INFO] [1786346540.067799498] [my_drone_dds_wasd_control]: STATE arm=2 nav=14 NED=(0.017,-0.014,-1.116) vel=(-0.001,-0.025,0.045) truth_enu=(-0.012,-0.009,2.129) truth_vel_enu=(-0.025,-0.001,-0.039) control=LANDING yaw_deg=97.2 failsafe=False age_s=(0.00,0.01) arm_torque_nm=0.000 motors=[448.76,471.65,448.74,474.16,448.00,471.63,448.02,474.18][0m
[0m[INFO] [1786346541.118013173] [my_drone_dds_wasd_control]: STATE arm=2 nav=14 NED=(0.034,-0.032,-0.920) vel=(-0.005,-0.011,0.230) truth_enu=(-0.033,-0.003,1.963) truth_vel_enu=(-0.007,-0.012,-0.215) control=LANDING yaw_deg=97.2 failsafe=False age_s=(0.04,0.02) arm_torque_nm=0.000 motors=[475.28,494.22,475.28,500.41,469.00,494.22,469.00,500.40][0m
[0m[INFO] [1786346542.167737706] [my_drone_dds_wasd_control]: STATE arm=2 nav=14 NED=(-0.005,-0.015,-0.670) vel=(-0.031,0.025,0.247) truth_enu=(-0.019,-0.032,1.716) truth_vel_enu=(0.028,-0.024,-0.235) control=LANDING yaw_deg=97.3 failsafe=False age_s=(0.09,0.01) arm_torque_nm=0.000 motors=[469.90,490.59,469.89,495.55,465.81,490.58,465.82,495.56][0m
[0m[INFO] [1786346543.164514865] [my_drone_dds_wasd_control]: STATE arm=2 nav=14 NED=(-0.013,0.010,-0.473) vel=(0.018,0.010,0.160) truth_enu=(-0.004,-0.032,1.516) truth_vel_enu=(-0.001,0.027,-0.176) control=LANDING yaw_deg=97.3 failsafe=False age_s=(0.58,0.01) arm_torque_nm=0.000 motors=[466.18,487.57,466.18,491.51,462.27,487.57,462.28,491.51][0m
[0m[INFO] [1786346544.215982111] [my_drone_dds_wasd_control]: STATE arm=2 nav=14 NED=(0.055,-0.007,-0.304) vel=(0.033,-0.036,0.121) truth_enu=(-0.033,0.004,1.352) truth_vel_enu=(-0.046,0.016,-0.117) control=LANDING yaw_deg=97.1 failsafe=False age_s=(0.47,0.00) arm_torque_nm=0.000 motors=[471.49,491.06,471.50,496.89,464.97,491.07,464.96,496.88][0m
[0m[INFO] [1786346545.264990059] [my_drone_dds_wasd_control]: STATE arm=2 nav=14 NED=(0.017,-0.054,-0.204) vel=(-0.069,-0.001,0.096) truth_enu=(-0.064,-0.030,1.251) truth_vel_enu=(0.003,-0.065,-0.075) control=LANDING yaw_deg=97.0 failsafe=False age_s=(0.01,0.01) arm_torque_nm=0.000 motors=[470.55,488.28,470.57,492.76,464.66,488.30,464.65,492.75][0m
[0m[INFO] [1786346546.319273890] [my_drone_dds_wasd_control]: STATE arm=2 nav=14 NED=(-0.019,-0.016,-0.137) vel=(0.013,0.045,0.046) truth_enu=(-0.034,-0.065,1.192) truth_vel_enu=(0.032,0.012,-0.035) control=LANDING yaw_deg=97.0 failsafe=False age_s=(0.05,0.00) arm_torque_nm=0.000 motors=[469.50,492.86,469.50,496.14,466.40,492.86,466.40,496.14][0m
[0m[INFO] [1786346547.327029824] [my_drone_dds_wasd_control]: STATE arm=2 nav=14 NED=(0.005,-0.021,-0.114) vel=(0.028,-0.006,0.024) truth_enu=(-0.022,-0.035,1.158) truth_vel_enu=(-0.001,0.029,-0.025) control=LANDING yaw_deg=97.0 failsafe=False age_s=(0.04,0.00) arm_torque_nm=0.000 motors=[470.52,488.63,470.52,495.14,463.90,488.63,463.90,495.14][0m
[0m[INFO] [1786346548.371100922] [my_drone_dds_wasd_control]: STATE arm=2 nav=14 NED=(0.022,-0.024,-0.105) vel=(0.019,0.017,0.026) truth_enu=(-0.007,-0.008,1.128) truth_vel_enu=(0.034,0.028,-0.022) control=LANDING yaw_deg=97.2 failsafe=False age_s=(0.08,0.01) arm_torque_nm=0.000 motors=[470.74,491.00,470.72,496.22,467.13,490.98,467.15,496.23][0m
[0m[INFO] [1786346549.420965121] [my_drone_dds_wasd_control]: STATE arm=2 nav=14 NED=(0.053,0.024,-0.082) vel=(-0.008,0.007,0.008) truth_enu=(0.031,0.007,1.105) truth_vel_enu=(0.021,-0.010,-0.020) control=LANDING yaw_deg=97.2 failsafe=False age_s=(0.13,0.00) arm_torque_nm=0.000 motors=[473.18,493.93,473.18,499.00,467.86,493.93,467.86,498.99][0m
[33m[WARN] [1786346550.070651364] [my_drone_dds_wasd_control]: PX4_TOUCHDOWN_LAND_SENT after stable ground-height hold[0m
[0m[INFO] [1786346550.095888438] [my_drone_dds_wasd_control]: PX4 command ack: command=21 result=0[0m
[33m[WARN] [1786346550.369881684] [my_drone_dds_wasd_control]: PX4_TOUCHDOWN_FORCE_DISARM_SENT after stable ground-height hold[0m
[0m[INFO] [1786346550.396333074] [my_drone_dds_wasd_control]: PX4 command ack: command=400 result=0[0m
[0m[INFO] [1786346550.421036493] [my_drone_dds_wasd_control]: STATE arm=2 nav=18 NED=(0.009,0.025,-0.065) vel=(-0.055,-0.042,0.158) truth_enu=(0.022,-0.033,1.081) truth_vel_enu=(-0.033,-0.058,-0.085) control=LANDING yaw_deg=97.0 failsafe=False age_s=(0.07,0.03) arm_torque_nm=0.000 motors=[0.00,0.00,0.00,0.00,0.00,0.00,0.00,0.00][0m
[0m[INFO] [1786346550.523654725] [my_drone_dds_wasd_control]: LANDING_DISARMED_CONFIRMED[0m
DDS_VELOCITY_WASD_METRICS {"failsafe_seen": false, "max_horizontal_speed_m_s": 0.06920260110718382, "max_motor_output": 504.56, "max_vertical_speed_m_s": 0.247, "motor_saturation_fraction": 0.0, "position_hold_samples": 6, "position_safety_land_seen": false, "release_holds": 2, "state_samples": 46, "velocity_control_samples": 6, "velocity_enters": 3, "vertical_only": true}
DDS_VELOCITY_WASD_PASS
