DDS WASD: T takeoff | W/S/A/D move | R/F up/down | Q/E yaw | H hover | L land | O exit Offboard | X twice emergency disarm | Z safe exit
[0m[INFO] [1786346320.272359787] [my_drone_dds_wasd_control]: NED target initialized: N=0.048 E=-0.014 D=0.071 yaw=97.3 deg[0m
[0m[INFO] [1786346320.292569802] [my_drone_dds_wasd_control]: local vertical target sign=-1 (target = current + sign * height)[0m
[0m[INFO] [1786346320.348456056] [my_drone_dds_wasd_control]: STATE arm=1 nav=4 NED=(0.045,-0.013,0.074) vel=(0.018,0.002,0.014) truth_enu=(nan,nan,nan) truth_vel_enu=(nan,nan,nan) control=DISARMED yaw_deg=97.3 failsafe=False age_s=(0.03,0.01) arm_torque_nm=0.000 motors=[0.00,0.00,0.00,0.00,0.00,0.00,0.00,0.00][0m
[0m[INFO] [1786346321.394346198] [my_drone_dds_wasd_control]: STATE arm=1 nav=4 NED=(0.025,-0.005,0.091) vel=(0.004,0.005,0.015) truth_enu=(0.016,-0.000,1.000) truth_vel_enu=(0.000,0.000,0.000) control=DISARMED yaw_deg=97.3 failsafe=False age_s=(0.08,0.00) arm_torque_nm=0.000 motors=[0.00,0.00,0.00,0.00,0.00,0.00,0.00,0.00][0m
[0m[INFO] [1786346322.418350214] [my_drone_dds_wasd_control]: target NED=(0.01, -0.01, -1.13) yaw=97.3 deg[0m
[0m[INFO] [1786346322.437997418] [my_drone_dds_wasd_control]: Prestreaming Offboard setpoints for 2 seconds[0m
[0m[INFO] [1786346322.457277890] [my_drone_dds_wasd_control]: STATE arm=1 nav=4 NED=(0.009,-0.012,0.073) vel=(-0.003,0.002,0.005) truth_enu=(0.016,-0.000,1.000) truth_vel_enu=(0.000,0.000,0.000) control=POSITION_HOLD yaw_deg=97.3 failsafe=False age_s=(0.14,0.04) arm_torque_nm=0.000 motors=[0.00,0.00,0.00,0.00,0.00,0.00,0.00,0.00][0m
[0m[INFO] [1786346323.496543725] [my_drone_dds_wasd_control]: STATE arm=1 nav=4 NED=(-0.018,-0.005,0.055) vel=(-0.018,0.008,0.003) truth_enu=(0.016,-0.000,1.000) truth_vel_enu=(0.000,0.000,0.000) control=POSITION_HOLD yaw_deg=97.3 failsafe=False age_s=(0.00,0.00) arm_torque_nm=0.000 motors=[0.00,0.00,0.00,0.00,0.00,0.00,0.00,0.00][0m
[0m[INFO] [1786346324.450258036] [my_drone_dds_wasd_control]: OFFBOARD mode and ARM commands sent[0m
[0m[INFO] [1786346324.475537646] [my_drone_dds_wasd_control]: PX4 command ack: command=400 result=0[0m
[0m[INFO] [1786346324.509419107] [my_drone_dds_wasd_control]: STATE arm=2 nav=14 NED=(-0.025,-0.016,0.031) vel=(-0.015,0.000,-0.001) truth_enu=(0.016,-0.000,1.000) truth_vel_enu=(0.000,0.000,0.000) control=POSITION_HOLD yaw_deg=97.3 failsafe=False age_s=(0.03,0.02) arm_torque_nm=0.000 motors=[2.22,0.00,2.22,0.08,1.91,0.00,1.91,0.08][0m
[0m[INFO] [1786346325.543765389] [my_drone_dds_wasd_control]: STATE arm=2 nav=14 NED=(-0.011,-0.005,0.043) vel=(-0.006,0.009,0.004) truth_enu=(0.016,-0.000,1.000) truth_vel_enu=(0.000,0.000,0.000) control=POSITION_HOLD yaw_deg=97.3 failsafe=False age_s=(0.08,0.01) arm_torque_nm=0.000 motors=[12.91,11.17,12.91,11.06,13.06,11.17,13.06,11.06][0m
[0m[INFO] [1786346326.594590844] [my_drone_dds_wasd_control]: STATE arm=2 nav=14 NED=(-0.017,-0.031,0.044) vel=(-0.005,-0.007,-0.276) truth_enu=(0.016,0.000,1.005) truth_vel_enu=(0.000,-0.000,0.121) control=POSITION_HOLD yaw_deg=97.3 failsafe=False age_s=(0.12,0.00) arm_torque_nm=0.000 motors=[422.16,442.05,422.16,445.94,418.18,442.05,418.18,445.94][0m
[0m[INFO] [1786346327.597164496] [my_drone_dds_wasd_control]: STATE arm=2 nav=14 NED=(0.000,-0.018,-0.108) vel=(-0.004,0.032,-0.107) truth_enu=(0.032,-0.002,1.140) truth_vel_enu=(0.036,-0.009,0.023) control=POSITION_HOLD yaw_deg=97.4 failsafe=False age_s=(0.12,0.00) arm_torque_nm=0.000 motors=[453.71,471.38,453.71,476.15,449.27,471.38,449.28,476.15][0m
[0m[INFO] [1786346328.647420181] [my_drone_dds_wasd_control]: STATE arm=2 nav=14 NED=(-0.023,0.029,-0.194) vel=(-0.039,-0.007,-0.096) truth_enu=(0.059,-0.036,1.227) truth_vel_enu=(-0.009,-0.052,0.098) control=POSITION_HOLD yaw_deg=97.4 failsafe=False age_s=(0.16,0.01) arm_torque_nm=0.000 motors=[461.63,481.46,461.63,487.08,455.90,481.46,455.90,487.08][0m
[0m[INFO] [1786346329.646926548] [my_drone_dds_wasd_control]: STATE arm=2 nav=14 NED=(-0.055,-0.039,-0.295) vel=(0.004,-0.082,-0.108) truth_enu=(0.001,-0.078,1.314) truth_vel_enu=(-0.081,-0.017,0.106) control=POSITION_HOLD yaw_deg=97.2 failsafe=False age_s=(0.15,0.01) arm_torque_nm=0.000 motors=[462.89,482.54,462.90,486.30,458.40,482.55,458.40,486.30][0m
[0m[INFO] [1786346330.696162348] [my_drone_dds_wasd_control]: STATE arm=2 nav=14 NED=(-0.046,-0.082,-0.410) vel=(0.044,0.017,-0.121) truth_enu=(-0.040,-0.056,1.414) truth_vel_enu=(0.013,0.048,0.109) control=POSITION_HOLD yaw_deg=97.2 failsafe=False age_s=(0.19,0.00) arm_torque_nm=0.000 motors=[474.78,493.59,474.78,498.34,470.48,493.59,470.48,498.34][0m
[0m[INFO] [1786346331.709711184] [my_drone_dds_wasd_control]: STATE arm=2 nav=14 NED=(-0.006,-0.029,-0.516) vel=(0.037,0.061,-0.118) truth_enu=(0.008,-0.001,1.524) truth_vel_enu=(0.059,0.049,0.112) control=POSITION_HOLD yaw_deg=97.5 failsafe=False age_s=(0.18,0.00) arm_torque_nm=0.000 motors=[468.72,487.65,468.70,494.27,464.15,487.63,464.17,494.29][0m
[0m[INFO] [1786346332.748930099] [my_drone_dds_wasd_control]: STATE arm=2 nav=14 NED=(-0.001,0.018,-0.631) vel=(-0.017,0.000,-0.076) truth_enu=(0.043,0.017,1.626) truth_vel_enu=(-0.000,-0.012,0.088) control=POSITION_HOLD yaw_deg=97.3 failsafe=False age_s=(0.23,0.01) arm_torque_nm=0.000 motors=[470.15,489.46,470.16,494.25,464.10,489.48,464.08,494.24][0m
[0m[INFO] [1786346333.746210969] [my_drone_dds_wasd_control]: STATE arm=2 nav=14 NED=(-0.030,-0.023,-0.700) vel=(-0.024,-0.059,-0.076) truth_enu=(0.006,-0.008,1.699) truth_vel_enu=(-0.057,-0.022,0.067) control=POSITION_HOLD yaw_deg=97.2 failsafe=False age_s=(0.22,0.01) arm_torque_nm=0.000 motors=[470.07,489.89,470.08,493.78,465.26,489.90,465.25,493.77][0m
[0m[INFO] [1786346334.747130897] [my_drone_dds_wasd_control]: STATE arm=2 nav=14 NED=(-0.026,-0.075,-0.759) vel=(0.012,-0.011,-0.065) truth_enu=(-0.033,-0.008,1.753) truth_vel_enu=(-0.008,0.020,0.060) control=POSITION_HOLD yaw_deg=97.4 failsafe=False age_s=(0.21,0.01) arm_torque_nm=0.000 motors=[469.46,489.18,469.45,493.99,465.91,489.17,465.92,494.00][0m
[0m[INFO] [1786346335.803718973] [my_drone_dds_wasd_control]: STATE arm=2 nav=14 NED=(-0.007,-0.017,-0.802) vel=(0.001,0.067,-0.048) truth_enu=(0.003,0.016,1.800) truth_vel_enu=(0.056,0.013,0.045) control=POSITION_HOLD yaw_deg=97.5 failsafe=False age_s=(0.25,0.00) arm_torque_nm=0.000 motors=[470.36,490.04,470.34,495.82,465.69,490.03,465.70,495.84][0m
[0m[INFO] [1786346336.847193588] [my_drone_dds_wasd_control]: STATE arm=2 nav=14 NED=(-0.007,-0.005,-0.842) vel=(-0.019,-0.029,-0.044) truth_enu=(0.022,0.007,1.840) truth_vel_enu=(-0.027,-0.024,0.041) control=POSITION_HOLD yaw_deg=97.3 failsafe=False age_s=(0.29,0.01) arm_torque_nm=0.000 motors=[469.98,491.31,469.99,496.11,464.60,491.32,464.60,496.11][0m
[0m[INFO] [1786346337.897749080] [my_drone_dds_wasd_control]: STATE arm=2 nav=14 NED=(-0.035,-0.047,-0.865) vel=(-0.026,-0.012,-0.040) truth_enu=(-0.011,-0.025,1.874) truth_vel_enu=(-0.011,-0.027,0.037) control=POSITION_HOLD yaw_deg=97.2 failsafe=False age_s=(0.34,0.00) arm_torque_nm=0.000 motors=[471.61,490.49,471.62,494.48,466.83,490.50,466.82,494.47][0m
[0m[INFO] [1786346338.895197984] [my_drone_dds_wasd_control]: STATE arm=2 nav=14 NED=(-0.050,-0.031,-0.890) vel=(0.014,0.026,-0.040) truth_enu=(-0.000,-0.028,1.906) truth_vel_enu=(0.019,0.022,0.039) control=POSITION_HOLD yaw_deg=97.4 failsafe=False age_s=(0.33,0.00) arm_torque_nm=0.000 motors=[469.59,489.67,469.57,494.79,465.65,489.66,465.66,494.80][0m
[0m[INFO] [1786346339.951341242] [my_drone_dds_wasd_control]: STATE arm=2 nav=14 NED=(-0.000,0.004,-0.908) vel=(0.037,0.003,-0.032) truth_enu=(0.006,0.011,1.940) truth_vel_enu=(-0.016,0.034,0.033) control=POSITION_HOLD yaw_deg=97.3 failsafe=False age_s=(0.37,0.01) arm_torque_nm=0.000 motors=[470.99,491.92,470.99,496.81,465.51,491.92,465.51,496.80][0m
[0m[INFO] [1786346340.996251042] [my_drone_dds_wasd_control]: STATE arm=2 nav=14 NED=(-0.005,-0.053,-0.925) vel=(-0.033,-0.041,-0.034) truth_enu=(-0.033,0.007,1.979) truth_vel_enu=(-0.036,-0.035,0.044) control=POSITION_HOLD yaw_deg=97.3 failsafe=False age_s=(0.41,0.00) arm_torque_nm=0.000 motors=[471.86,490.44,471.86,495.44,466.72,490.44,466.71,495.44][0m
[0m[INFO] [1786346341.995596987] [my_drone_dds_wasd_control]: STATE arm=2 nav=14 NED=(-0.036,-0.053,-0.973) vel=(-0.020,0.047,-0.029) truth_enu=(-0.025,-0.023,2.013) truth_vel_enu=(0.049,-0.012,0.033) control=POSITION_HOLD yaw_deg=97.4 failsafe=False age_s=(0.40,0.00) arm_torque_nm=0.000 motors=[469.98,490.26,469.97,494.69,466.54,490.25,466.55,494.70][0m
[0m[INFO] [1786346343.000352393] [my_drone_dds_wasd_control]: STATE arm=2 nav=14 NED=(-0.025,0.002,-1.004) vel=(0.010,0.040,-0.021) truth_enu=(0.030,-0.017,2.035) truth_vel_enu=(0.040,0.013,0.016) control=POSITION_HOLD yaw_deg=97.3 failsafe=False age_s=(0.40,0.00) arm_torque_nm=0.000 motors=[469.95,489.64,469.95,494.96,464.66,489.64,464.66,494.96][0m
[0m[INFO] [1786346344.055008556] [my_drone_dds_wasd_control]: STATE arm=2 nav=14 NED=(-0.000,0.010,-1.021) vel=(-0.001,-0.030,-0.014) truth_enu=(0.033,-0.016,2.047) truth_vel_enu=(-0.029,-0.015,0.013) control=POSITION_HOLD yaw_deg=97.3 failsafe=False age_s=(0.44,0.01) arm_torque_nm=0.000 motors=[470.86,491.15,470.86,496.14,465.76,491.15,465.76,496.14][0m
[0m[INFO] [1786346345.044388520] [my_drone_dds_wasd_control]: STATE arm=2 nav=14 NED=(-0.025,-0.054,-1.029) vel=(-0.039,-0.042,-0.014) truth_enu=(-0.004,-0.052,2.056) truth_vel_enu=(-0.022,-0.050,0.012) control=POSITION_HOLD yaw_deg=97.3 failsafe=False age_s=(0.43,0.01) arm_torque_nm=0.000 motors=[472.08,490.06,472.08,495.67,466.64,490.05,466.64,495.68][0m
VELOCITY_TEST_HOVER_SETTLED
[0m[INFO] [1786346346.099061463] [my_drone_dds_wasd_control]: STATE arm=2 nav=14 NED=(-0.088,-0.019,-1.028) vel=(0.016,0.051,-0.023) truth_enu=(0.020,-0.074,2.062) truth_vel_enu=(0.047,0.032,0.023) control=POSITION_HOLD yaw_deg=97.2 failsafe=False age_s=(0.47,0.00) arm_torque_nm=0.000 motors=[469.64,491.47,469.64,493.99,467.21,491.47,467.21,493.99][0m
[0m[INFO] [1786346346.144585574] [my_drone_dds_wasd_control]: VELOCITY_CONTROL_ENTER key=R[0m
[0m[INFO] [1786346347.147905868] [my_drone_dds_wasd_control]: STATE arm=2 nav=14 NED=(-0.027,0.020,-1.076) vel=(0.049,0.003,-0.091) truth_enu=(0.042,-0.006,2.107) truth_vel_enu=(-0.005,0.054,0.088) control=VELOCITY_CONTROL yaw_deg=96.9 failsafe=False age_s=(0.01,0.01) arm_torque_nm=0.000 motors=[475.86,491.91,475.86,499.93,467.93,491.91,467.93,499.93][0m
[0m[INFO] [1786346348.144966492] [my_drone_dds_wasd_control]: STATE arm=2 nav=14 NED=(-0.011,0.015,-1.168) vel=(0.008,0.002,-0.095) truth_enu=(0.038,0.020,2.207) truth_vel_enu=(0.001,0.019,0.096) control=VELOCITY_CONTROL yaw_deg=96.9 failsafe=False age_s=(0.00,0.01) arm_torque_nm=0.000 motors=[464.08,485.13,464.08,488.50,460.68,485.13,460.68,488.50][0m
[0m[INFO] [1786346348.245499860] [my_drone_dds_wasd_control]: VELOCITY_RELEASE_HOLD NED=(-0.01, 0.02, -1.18) yaw=96.9 deg[0m
[0m[INFO] [1786346349.155763819] [my_drone_dds_wasd_control]: STATE arm=2 nav=14 NED=(0.017,0.000,-1.186) vel=(0.012,-0.010,0.004) truth_enu=(0.034,0.043,2.233) truth_vel_enu=(-0.005,0.017,-0.009) control=POSITION_HOLD yaw_deg=96.9 failsafe=False age_s=(0.50,0.01) arm_torque_nm=0.000 motors=[469.23,488.65,469.23,493.89,464.20,488.65,464.20,493.89][0m
[0m[INFO] [1786346350.147728283] [my_drone_dds_wasd_control]: STATE arm=2 nav=14 NED=(0.008,0.012,-1.184) vel=(-0.037,0.020,0.013) truth_enu=(0.045,0.034,2.212) truth_vel_enu=(0.026,-0.031,-0.014) control=POSITION_HOLD yaw_deg=96.9 failsafe=False age_s=(0.49,0.01) arm_torque_nm=0.000 motors=[469.65,488.55,469.64,493.94,464.37,488.55,464.38,493.94][0m
VELOCITY_PHASE_DONE key=R
[0m[INFO] [1786346350.676953251] [my_drone_dds_wasd_control]: VELOCITY_CONTROL_ENTER key=F[0m
[0m[INFO] [1786346351.202752027] [my_drone_dds_wasd_control]: STATE arm=2 nav=14 NED=(-0.011,0.045,-1.154) vel=(-0.015,0.002,0.078) truth_enu=(0.061,0.001,2.176) truth_vel_enu=(-0.005,-0.024,-0.076) control=VELOCITY_CONTROL yaw_deg=96.7 failsafe=False age_s=(0.03,0.00) arm_torque_nm=0.000 motors=[461.71,482.56,461.70,486.81,457.60,482.55,457.61,486.81][0m
[0m[INFO] [1786346352.197369394] [my_drone_dds_wasd_control]: STATE arm=2 nav=14 NED=(-0.021,0.044,-1.000) vel=(-0.009,-0.002,0.154) truth_enu=(0.047,-0.020,2.041) truth_vel_enu=(-0.014,-0.024,-0.148) control=VELOCITY_CONTROL yaw_deg=96.7 failsafe=False age_s=(0.02,0.00) arm_torque_nm=0.000 motors=[470.14,489.33,470.14,494.94,464.57,489.33,464.57,494.94][0m
[0m[INFO] [1786346352.703224193] [my_drone_dds_wasd_control]: VELOCITY_RELEASE_HOLD NED=(-0.04, 0.03, -0.91) yaw=96.7 deg[0m
[0m[INFO] [1786346353.244328389] [my_drone_dds_wasd_control]: STATE arm=2 nav=14 NED=(-0.046,0.014,-0.882) vel=(-0.006,-0.011,0.047) truth_enu=(0.031,-0.043,1.925) truth_vel_enu=(-0.014,-0.015,-0.045) control=POSITION_HOLD yaw_deg=96.7 failsafe=False age_s=(0.06,0.01) arm_torque_nm=0.000 motors=[475.00,494.76,475.00,499.76,469.92,494.76,469.92,499.76][0m
[0m[INFO] [1786346354.263338433] [my_drone_dds_wasd_control]: STATE arm=2 nav=14 NED=(-0.074,0.004,-0.871) vel=(0.009,0.024,0.006) truth_enu=(0.035,-0.042,1.904) truth_vel_enu=(0.023,0.026,-0.004) control=POSITION_HOLD yaw_deg=96.7 failsafe=False age_s=(0.05,0.01) arm_torque_nm=0.000 motors=[471.48,492.25,471.48,496.17,467.58,492.25,467.58,496.17][0m
VELOCITY_PHASE_DONE key=F
[0m[INFO] [1786346355.186825754] [my_drone_dds_wasd_control]: VELOCITY_CONTROL_ENTER key=R[0m
[0m[INFO] [1786346355.245168131] [my_drone_dds_wasd_control]: STATE arm=2 nav=14 NED=(-0.012,0.044,-0.882) vel=(0.059,0.038,-0.005) truth_enu=(0.068,0.014,1.899) truth_vel_enu=(0.031,0.065,0.003) control=VELOCITY_CONTROL yaw_deg=96.5 failsafe=False age_s=(0.04,0.01) arm_torque_nm=0.000 motors=[471.03,490.45,471.04,495.44,465.17,490.46,465.16,495.43][0m
VELOCITY_PHASE_DONE key=R
[0m[INFO] [1786346356.223452260] [my_drone_dds_wasd_control]: HOVER_HOLD_CURRENT NED=(0.04, 0.06, -0.91) yaw=96.6 deg measured_down=-0.93[0m
[0m[INFO] [1786346356.245380031] [my_drone_dds_wasd_control]: STATE arm=2 nav=14 NED=(0.037,0.062,-0.928) vel=(0.013,0.009,-0.105) truth_enu=(0.085,0.047,1.948) truth_vel_enu=(0.009,0.008,0.104) control=POSITION_HOLD yaw_deg=96.6 failsafe=False age_s=(0.04,0.00) arm_torque_nm=0.000 motors=[474.37,494.61,474.36,498.41,470.89,494.61,470.90,498.41][0m
[0m[INFO] [1786346357.292936895] [my_drone_dds_wasd_control]: STATE arm=2 nav=14 NED=(0.034,0.070,-0.957) vel=(0.008,0.000,0.003) truth_enu=(0.090,0.054,1.988) truth_vel_enu=(-0.004,0.006,0.001) control=POSITION_HOLD yaw_deg=96.6 failsafe=False age_s=(0.08,0.00) arm_torque_nm=0.000 motors=[468.18,488.59,468.19,492.99,463.39,488.59,463.38,492.99][0m
[0m[INFO] [1786346358.349761649] [my_drone_dds_wasd_control]: STATE arm=2 nav=14 NED=(0.048,0.043,-0.939) vel=(-0.001,-0.014,0.017) truth_enu=(0.077,0.054,1.976) truth_vel_enu=(-0.010,-0.009,-0.011) control=POSITION_HOLD yaw_deg=96.6 failsafe=False age_s=(0.12,0.01) arm_torque_nm=0.000 motors=[471.92,490.18,471.92,495.59,466.52,490.18,466.52,495.59][0m
[0m[INFO] [1786346359.344178967] [my_drone_dds_wasd_control]: STATE arm=2 nav=14 NED=(0.026,0.057,-0.920) vel=(-0.017,0.025,0.012) truth_enu=(0.088,0.038,1.964) truth_vel_enu=(0.026,-0.017,-0.006) control=POSITION_HOLD yaw_deg=96.6 failsafe=False age_s=(0.11,0.01) arm_torque_nm=0.000 motors=[471.34,491.50,471.34,496.25,466.44,491.51,466.43,496.25][0m
VELOCITY_PHASE_DONE key=H
[33m[WARN] [1786346360.371937331] [my_drone_dds_wasd_control]: OFFBOARD_LANDING_STARTED; holding XY and descending to the recorded takeoff ground height[0m
[0m[INFO] [1786346360.400882777] [my_drone_dds_wasd_control]: STATE arm=2 nav=14 NED=(0.011,0.073,-0.915) vel=(0.020,-0.005,0.003) truth_enu=(0.102,0.039,1.957) truth_vel_enu=(-0.008,0.022,0.002) control=LANDING yaw_deg=96.6 failsafe=False age_s=(0.16,0.00) arm_torque_nm=0.000 motors=[469.92,491.38,469.92,495.38,465.92,491.38,465.92,495.38][0m
[0m[INFO] [1786346361.396423329] [my_drone_dds_wasd_control]: STATE arm=2 nav=14 NED=(0.049,0.056,-0.780) vel=(0.016,0.002,0.219) truth_enu=(0.090,0.066,1.820) truth_vel_enu=(0.003,0.011,-0.214) control=LANDING yaw_deg=96.7 failsafe=False age_s=(0.15,0.00) arm_torque_nm=0.000 motors=[468.10,485.37,468.09,491.56,463.04,485.35,463.06,491.57][0m
[0m[INFO] [1786346362.451390848] [my_drone_dds_wasd_control]: STATE arm=2 nav=14 NED=(0.032,0.087,-0.518) vel=(-0.062,0.029,0.254) truth_enu=(0.114,0.034,1.570) truth_vel_enu=(0.025,-0.064,-0.236) control=LANDING yaw_deg=96.7 failsafe=False age_s=(0.19,0.01) arm_torque_nm=0.000 motors=[470.65,490.10,470.65,495.07,465.53,490.10,465.53,495.07][0m
[0m[INFO] [1786346363.501692476] [my_drone_dds_wasd_control]: STATE arm=2 nav=14 NED=(-0.031,0.077,-0.321) vel=(-0.016,-0.032,0.162) truth_enu=(0.109,-0.023,1.365) truth_vel_enu=(-0.034,-0.021,-0.159) control=LANDING yaw_deg=96.8 failsafe=False age_s=(0.23,0.00) arm_torque_nm=0.000 motors=[470.81,493.22,470.80,497.19,467.72,493.21,467.74,497.20][0m
[0m[INFO] [1786346364.495878366] [my_drone_dds_wasd_control]: STATE arm=2 nav=14 NED=(-0.003,0.028,-0.204) vel=(0.056,0.000,0.110) truth_enu=(0.084,-0.000,1.227) truth_vel_enu=(0.010,0.051,-0.112) control=LANDING yaw_deg=96.6 failsafe=False age_s=(0.22,0.00) arm_torque_nm=0.000 motors=[474.35,492.06,474.36,496.56,468.90,492.07,468.89,496.55][0m
[0m[INFO] [1786346365.542075900] [my_drone_dds_wasd_control]: STATE arm=2 nav=14 NED=(0.047,0.095,-0.114) vel=(0.018,0.060,0.068) truth_enu=(0.139,0.042,1.125) truth_vel_enu=(0.065,0.015,-0.076) control=LANDING yaw_deg=96.8 failsafe=False age_s=(0.27,0.01) arm_torque_nm=0.000 motors=[471.46,492.76,471.45,498.21,467.08,492.75,467.10,498.22][0m
[0m[INFO] [1786346366.543851100] [my_drone_dds_wasd_control]: STATE arm=2 nav=14 NED=(0.033,0.119,-0.043) vel=(-0.047,-0.034,0.043) truth_enu=(0.162,0.015,1.061) truth_vel_enu=(-0.022,-0.064,-0.046) control=LANDING yaw_deg=96.8 failsafe=False age_s=(0.26,0.01) arm_torque_nm=0.000 motors=[472.51,492.60,472.52,497.82,467.23,492.60,467.23,497.82][0m
[33m[WARN] [1786346367.498317107] [my_drone_dds_wasd_control]: PX4_TOUCHDOWN_LAND_SENT after stable ground-height hold[0m
[0m[INFO] [1786346367.521992934] [my_drone_dds_wasd_control]: PX4 command ack: command=21 result=0[0m
[0m[INFO] [1786346367.595632713] [my_drone_dds_wasd_control]: STATE arm=2 nav=18 NED=(-0.035,0.071,0.017) vel=(-0.034,-0.057,0.135) truth_enu=(0.112,-0.056,1.018) truth_vel_enu=(-0.055,-0.051,-0.156) control=LANDING yaw_deg=96.4 failsafe=False age_s=(0.08,0.00) arm_torque_nm=0.000 motors=[524.52,548.07,524.54,551.42,519.05,548.09,519.02,551.40][0m
[33m[WARN] [1786346367.797607885] [my_drone_dds_wasd_control]: PX4_TOUCHDOWN_FORCE_DISARM_SENT after stable ground-height hold[0m
[0m[INFO] [1786346367.824115171] [my_drone_dds_wasd_control]: PX4 command ack: command=400 result=0[0m
[0m[INFO] [1786346367.952061946] [my_drone_dds_wasd_control]: LANDING_DISARMED_CONFIRMED[0m
DDS_VELOCITY_WASD_METRICS {"failsafe_seen": false, "max_horizontal_speed_m_s": 0.070178344238091, "max_motor_output": 551.42, "max_vertical_speed_m_s": 0.254, "motor_saturation_fraction": 0.0, "position_hold_samples": 8, "position_safety_land_seen": false, "release_holds": 2, "state_samples": 43, "velocity_control_samples": 5, "velocity_enters": 3, "vertical_only": true}
DDS_VELOCITY_WASD_PASS
