ROS2_DDS_NOARM_READY
ROS2_DDS_READY arm_control=false
logs=/tmp/my_drone_ros2_dds
DDS WASD: T takeoff | W/S/A/D move | R/F up/down | Q/E yaw | L land | O exit Offboard | X twice emergency disarm | Z safe exit
[0m[INFO] [1786138820.667413226] [my_drone_dds_wasd_control]: NED target initialized: N=0.002 E=0.000 D=-0.007 yaw=95.2 deg[0m
[0m[INFO] [1786138820.693626596] [my_drone_dds_wasd_control]: local vertical target sign=-1 (target = current + sign * height)[0m
[0m[INFO] [1786138820.952424093] [my_drone_dds_wasd_control]: STATE arm=1 nav=4 NED=(-0.004,-0.002,-0.011) vel=(-0.009,-0.005,0.009) yaw_deg=95.1 failsafe=False age_s=(0.03,0.00) arm_torque_nm=0.000 motors=[0.00,0.00,0.00,0.00,0.00,0.00,0.00,0.00][0m
[0m[INFO] [1786138821.956031399] [my_drone_dds_wasd_control]: STATE arm=1 nav=4 NED=(0.010,-0.006,-0.011) vel=(0.001,-0.003,0.007) yaw_deg=95.2 failsafe=False age_s=(0.02,0.00) arm_torque_nm=0.000 motors=[0.00,0.00,0.00,0.00,0.00,0.00,0.00,0.00][0m
[0m[INFO] [1786138822.949233927] [my_drone_dds_wasd_control]: STATE arm=1 nav=4 NED=(0.027,-0.005,-0.001) vel=(0.007,0.000,0.010) yaw_deg=95.2 failsafe=False age_s=(0.01,0.00) arm_torque_nm=0.000 motors=[0.00,0.00,0.00,0.00,0.00,0.00,0.00,0.00][0m
[0m[INFO] [1786138823.088153356] [my_drone_dds_wasd_control]: target NED=(0.03, -0.00, -1.20) yaw=95.2 deg[0m
[0m[INFO] [1786138823.127040254] [my_drone_dds_wasd_control]: Prestreaming Offboard setpoints for 2 seconds[0m
[0m[INFO] [1786138823.950475991] [my_drone_dds_wasd_control]: STATE arm=1 nav=4 NED=(0.024,0.001,-0.017) vel=(0.007,0.002,0.003) yaw_deg=95.2 failsafe=False age_s=(0.28,0.00) arm_torque_nm=0.000 motors=[0.00,0.00,0.00,0.00,0.00,0.00,0.00,0.00][0m
[0m[INFO] [1786138824.958858712] [my_drone_dds_wasd_control]: STATE arm=1 nav=4 NED=(0.024,0.004,-0.016) vel=(0.007,0.002,0.003) yaw_deg=95.2 failsafe=False age_s=(0.27,0.00) arm_torque_nm=0.000 motors=[0.00,0.00,0.00,0.00,0.00,0.00,0.00,0.00][0m
[0m[INFO] [1786138825.146690517] [my_drone_dds_wasd_control]: OFFBOARD mode and ARM commands sent[0m
[0m[INFO] [1786138825.179945417] [my_drone_dds_wasd_control]: PX4 command ack: command=400 result=0[0m
[0m[INFO] [1786138825.994442279] [my_drone_dds_wasd_control]: STATE arm=2 nav=14 NED=(0.021,0.013,-0.016) vel=(0.005,0.007,0.002) yaw_deg=95.2 failsafe=False age_s=(0.34,0.01) arm_torque_nm=0.000 motors=[3.23,0.00,3.23,0.00,3.11,0.00,3.11,0.00][0m
[0m[INFO] [1786138826.997968573] [my_drone_dds_wasd_control]: STATE arm=2 nav=14 NED=(0.009,0.012,-0.011) vel=(-0.002,0.005,0.003) yaw_deg=95.2 failsafe=False age_s=(0.33,0.01) arm_torque_nm=0.000 motors=[200.73,204.71,200.73,207.78,198.00,204.70,198.00,207.79][0m
[0m[INFO] [1786138828.000101960] [my_drone_dds_wasd_control]: STATE arm=2 nav=14 NED=(-0.000,0.009,-0.022) vel=(-0.009,0.001,-0.001) yaw_deg=95.2 failsafe=False age_s=(0.32,0.01) arm_torque_nm=0.000 motors=[469.27,485.63,469.27,492.79,462.69,485.62,462.70,492.80][0m
[0m[INFO] [1786138828.997184882] [my_drone_dds_wasd_control]: STATE arm=2 nav=14 NED=(-0.013,-0.002,-0.030) vel=(-0.015,-0.015,-0.002) yaw_deg=95.1 failsafe=False age_s=(0.31,0.01) arm_torque_nm=0.000 motors=[776.49,802.53,776.51,814.84,763.25,802.55,763.24,814.83][0m
[0m[INFO] [1786138830.045844937] [my_drone_dds_wasd_control]: STATE arm=2 nav=14 NED=(-0.034,0.005,-0.044) vel=(-0.034,-0.007,0.124) yaw_deg=95.0 failsafe=False age_s=(0.36,0.00) arm_torque_nm=0.000 motors=[826.69,852.50,826.77,837.54,835.48,852.58,835.40,837.46][0m
[0m[INFO] [1786138831.102020011] [my_drone_dds_wasd_control]: STATE arm=2 nav=14 NED=(0.060,0.066,0.048) vel=(0.063,0.031,-0.001) yaw_deg=95.1 failsafe=False age_s=(0.40,0.01) arm_torque_nm=0.000 motors=[828.21,848.86,828.21,852.05,824.71,848.86,824.70,852.05][0m
[0m[INFO] [1786138832.155607668] [my_drone_dds_wasd_control]: STATE arm=2 nav=14 NED=(0.154,0.073,0.044) vel=(0.028,-0.021,0.255) yaw_deg=95.3 failsafe=False age_s=(0.44,0.02) arm_torque_nm=0.000 motors=[873.68,892.95,873.62,898.93,872.58,892.89,872.64,898.98][0m
[0m[INFO] [1786138833.149793350] [my_drone_dds_wasd_control]: STATE arm=2 nav=14 NED=(0.160,0.046,-0.107) vel=(-0.018,-0.047,0.198) yaw_deg=95.1 failsafe=False age_s=(0.43,0.00) arm_torque_nm=0.000 motors=[875.12,893.69,875.11,898.02,872.11,893.68,872.13,898.04][0m
[0m[INFO] [1786138834.148979405] [my_drone_dds_wasd_control]: STATE arm=2 nav=14 NED=(0.093,-0.023,-0.241) vel=(-0.046,-0.048,0.065) yaw_deg=95.0 failsafe=False age_s=(0.42,0.00) arm_torque_nm=0.000 motors=[852.42,871.22,852.48,871.96,846.69,871.28,846.64,871.90][0m
[0m[INFO] [1786138835.199670393] [my_drone_dds_wasd_control]: STATE arm=2 nav=14 NED=(0.017,-0.064,-0.184) vel=(-0.029,-0.036,0.160) yaw_deg=95.2 failsafe=False age_s=(0.47,0.01) arm_torque_nm=0.000 motors=[878.77,898.04,878.75,901.75,876.57,898.02,876.59,901.77][0m
[0m[INFO] [1786138836.247723696] [my_drone_dds_wasd_control]: STATE arm=2 nav=14 NED=(-0.036,-0.102,-0.214) vel=(-0.008,-0.025,0.068) yaw_deg=95.2 failsafe=False age_s=(0.00,0.00) arm_torque_nm=0.000 motors=[866.94,886.43,866.91,889.89,865.58,886.41,865.61,889.92][0m
PTY_SENT_W
[0m[INFO] [1786138837.191706782] [my_drone_dds_wasd_control]: target NED=(0.02, 0.08, -1.20) yaw=95.2 deg[0m
[0m[INFO] [1786138837.297829215] [my_drone_dds_wasd_control]: STATE arm=2 nav=14 NED=(-0.040,-0.142,-0.308) vel=(0.015,-0.025,-0.033) yaw_deg=95.0 failsafe=False age_s=(0.05,0.01) arm_torque_nm=0.000 motors=[848.77,869.58,848.77,872.60,845.21,869.58,845.20,872.59][0m
[0m[INFO] [1786138838.297910395] [my_drone_dds_wasd_control]: STATE arm=2 nav=14 NED=(-0.031,-0.156,-0.359) vel=(0.014,0.011,0.017) yaw_deg=95.2 failsafe=False age_s=(0.04,0.01) arm_torque_nm=0.000 motors=[860.66,879.61,860.64,883.64,858.16,879.59,858.18,883.66][0m
[0m[INFO] [1786138840.848741982] [my_drone_dds_wasd_control]: STATE arm=2 nav=14 NED=(-0.024,-0.137,-0.313) vel=(0.017,0.018,0.020) yaw_deg=95.1 failsafe=False age_s=(0.05,0.01) arm_torque_nm=0.000 motors=[869.59,889.50,869.62,890.71,865.76,889.54,865.73,890.68][0m
[0m[INFO] [1786138841.846167900] [my_drone_dds_wasd_control]: STATE arm=2 nav=14 NED=(-0.019,-0.140,-0.343) vel=(0.007,0.013,0.018) yaw_deg=95.2 failsafe=False age_s=(0.06,0.01) arm_torque_nm=0.000 motors=[871.17,890.91,871.15,894.55,869.33,890.89,869.36,894.57][0m
[0m[INFO] [1786138842.845156712] [my_drone_dds_wasd_control]: STATE arm=2 nav=14 NED=(-0.025,-0.138,-0.432) vel=(0.006,0.012,0.030) yaw_deg=95.2 failsafe=False age_s=(0.05,0.01) arm_torque_nm=0.000 motors=[861.84,882.07,861.84,884.41,859.92,882.06,859.93,884.42][0m
PTY_SENT_D
[0m[INFO] [1786138843.788888192] [my_drone_dds_wasd_control]: target NED=(-0.06, 0.07, -1.20) yaw=95.2 deg[0m
[0m[INFO] [1786138843.902235048] [my_drone_dds_wasd_control]: STATE arm=2 nav=14 NED=(-0.002,-0.133,-0.586) vel=(0.017,0.014,0.061) yaw_deg=95.1 failsafe=False age_s=(0.08,0.02) arm_torque_nm=0.000 motors=[869.54,890.11,869.55,891.20,867.36,890.13,867.35,891.19][0m
[0m[INFO] [1786138844.897515890] [my_drone_dds_wasd_control]: STATE arm=2 nav=14 NED=(-0.020,-0.158,-0.667) vel=(-0.028,-0.078,-0.090) yaw_deg=95.6 failsafe=False age_s=(0.09,0.00) arm_torque_nm=0.000 motors=[853.99,848.18,853.69,862.09,864.42,847.88,864.71,862.38][0m
[0m[INFO] [1786138845.896997401] [my_drone_dds_wasd_control]: STATE arm=2 nav=14 NED=(-0.040,-0.146,-0.908) vel=(0.001,0.064,0.060) yaw_deg=95.1 failsafe=False age_s=(0.08,0.00) arm_torque_nm=0.000 motors=[872.15,888.19,872.12,894.60,868.09,888.16,868.11,894.63][0m
[0m[INFO] [1786138846.945115948] [my_drone_dds_wasd_control]: STATE arm=2 nav=14 NED=(-0.035,-0.091,-1.103) vel=(-0.005,0.043,0.139) yaw_deg=95.1 failsafe=False age_s=(0.12,0.01) arm_torque_nm=0.000 motors=[870.83,889.46,870.87,890.78,866.59,889.49,866.56,890.75][0m
[0m[INFO] [1786138847.994973039] [my_drone_dds_wasd_control]: STATE arm=2 nav=14 NED=(-0.019,-0.076,-1.191) vel=(-0.004,0.013,0.190) yaw_deg=95.1 failsafe=False age_s=(0.16,0.00) arm_torque_nm=0.000 motors=[876.20,895.25,876.19,899.22,873.27,895.24,873.29,899.23][0m
PTY_SENT_S
[0m[INFO] [1786138848.731219772] [my_drone_dds_wasd_control]: target NED=(-0.05, -0.01, -1.20) yaw=95.2 deg[0m
[0m[INFO] [1786138849.050530134] [my_drone_dds_wasd_control]: STATE arm=2 nav=14 NED=(-0.044,-0.060,-1.273) vel=(-0.014,-0.000,0.038) yaw_deg=95.1 failsafe=False age_s=(0.21,0.01) arm_torque_nm=0.000 motors=[848.57,865.74,848.62,865.79,844.16,865.80,844.10,865.74][0m
[0m[INFO] [1786138850.097596461] [my_drone_dds_wasd_control]: STATE arm=2 nav=14 NED=(-0.062,-0.090,-1.329) vel=(-0.008,-0.034,0.088) yaw_deg=95.2 failsafe=False age_s=(0.25,0.00) arm_torque_nm=0.000 motors=[856.67,873.25,856.65,875.83,855.81,873.23,855.83,875.85][0m
[0m[INFO] [1786138851.144688027] [my_drone_dds_wasd_control]: STATE arm=2 nav=14 NED=(-0.053,-0.127,-1.469) vel=(0.011,-0.016,0.173) yaw_deg=95.2 failsafe=False age_s=(0.29,0.01) arm_torque_nm=0.000 motors=[864.55,883.20,864.53,887.62,862.16,883.17,862.19,887.65][0m
[0m[INFO] [1786138852.148548322] [my_drone_dds_wasd_control]: STATE arm=2 nav=14 NED=(-0.070,-0.130,-1.509) vel=(-0.000,-0.005,0.186) yaw_deg=95.1 failsafe=False age_s=(0.28,0.01) arm_torque_nm=0.000 motors=[866.00,886.29,866.01,888.64,863.14,886.29,863.14,888.64][0m
[0m[INFO] [1786138853.199909406] [my_drone_dds_wasd_control]: STATE arm=2 nav=14 NED=(-0.052,-0.124,-1.503) vel=(0.014,-0.004,0.107) yaw_deg=95.1 failsafe=False age_s=(0.32,0.02) arm_torque_nm=0.000 motors=[853.29,871.27,853.28,874.50,850.51,871.26,850.51,874.51][0m
PTY_SENT_A
[0m[INFO] [1786138853.738413201] [my_drone_dds_wasd_control]: target NED=(0.03, -0.00, -1.20) yaw=95.2 deg[0m
[0m[INFO] [1786138854.244097411] [my_drone_dds_wasd_control]: STATE arm=2 nav=14 NED=(-0.034,-0.130,-1.347) vel=(0.007,-0.007,0.230) yaw_deg=95.2 failsafe=False age_s=(0.37,0.01) arm_torque_nm=0.000 motors=[880.99,901.77,881.00,903.58,878.26,901.78,878.25,903.57][0m
[0m[INFO] [1786138855.244637049] [my_drone_dds_wasd_control]: STATE arm=2 nav=14 NED=(-0.031,-0.153,-1.247) vel=(0.006,-0.020,0.047) yaw_deg=95.2 failsafe=False age_s=(0.36,0.01) arm_torque_nm=0.000 motors=[860.82,878.30,860.83,878.63,859.56,878.32,859.55,878.62][0m
[0m[INFO] [1786138856.244291921] [my_drone_dds_wasd_control]: STATE arm=2 nav=14 NED=(-0.014,-0.139,-1.219) vel=(0.017,0.001,0.126) yaw_deg=95.3 failsafe=False age_s=(0.35,0.01) arm_torque_nm=0.000 motors=[885.79,906.10,885.69,916.73,883.90,906.00,884.00,916.83][0m
[0m[INFO] [1786138857.294576328] [my_drone_dds_wasd_control]: STATE arm=2 nav=14 NED=(0.022,-0.160,-1.317) vel=(0.022,-0.004,0.344) yaw_deg=95.0 failsafe=False age_s=(0.39,0.02) arm_torque_nm=0.000 motors=[921.87,944.43,921.91,947.38,915.89,944.47,915.85,947.34][0m
[0m[INFO] [1786138858.299679724] [my_drone_dds_wasd_control]: STATE arm=2 nav=14 NED=(0.041,-0.158,-1.405) vel=(0.008,0.000,0.494) yaw_deg=95.1 failsafe=False age_s=(0.38,0.02) arm_torque_nm=0.000 motors=[926.08,947.85,926.08,952.94,920.98,947.85,920.98,952.94][0m
PTY_SENT_Q
[0m[INFO] [1786138858.743257407] [my_drone_dds_wasd_control]: target NED=(0.03, -0.00, -1.20) yaw=92.2 deg[0m
[0m[INFO] [1786138859.298223663] [my_drone_dds_wasd_control]: STATE arm=2 nav=14 NED=(0.018,-0.163,-1.410) vel=(-0.023,-0.015,0.199) yaw_deg=93.7 failsafe=False age_s=(0.38,0.00) arm_torque_nm=0.000 motors=[898.44,918.54,898.28,942.65,887.02,918.39,887.17,942.80][0m
[0m[INFO] [1786138860.350742271] [my_drone_dds_wasd_control]: STATE arm=2 nav=14 NED=(-0.013,-0.180,-1.366) vel=(0.002,0.007,0.380) yaw_deg=92.2 failsafe=False age_s=(0.42,0.01) arm_torque_nm=0.000 motors=[924.96,946.88,924.65,967.47,930.34,946.57,930.65,967.78][0m
[0m[INFO] [1786138861.400342167] [my_drone_dds_wasd_control]: STATE arm=2 nav=14 NED=(-0.005,-0.178,-1.337) vel=(0.013,0.025,-0.015) yaw_deg=92.0 failsafe=False age_s=(0.46,0.02) arm_torque_nm=0.000 motors=[850.84,869.85,850.92,870.20,843.64,869.93,843.56,870.12][0m
[0m[INFO] [1786138862.395963846] [my_drone_dds_wasd_control]: STATE arm=2 nav=14 NED=(0.030,-0.151,-1.248) vel=(0.022,0.015,-0.077) yaw_deg=92.1 failsafe=False age_s=(0.45,0.02) arm_torque_nm=0.000 motors=[846.65,864.78,846.68,866.44,842.74,864.81,842.71,866.41][0m
[0m[INFO] [1786138863.416434490] [my_drone_dds_wasd_control]: STATE arm=2 nav=14 NED=(0.065,-0.161,-1.055) vel=(0.009,-0.010,0.046) yaw_deg=92.2 failsafe=False age_s=(0.44,0.02) arm_torque_nm=0.000 motors=[870.95,899.78,870.92,905.92,867.21,899.75,867.24,905.95][0m
PTY_SENT_E
[0m[INFO] [1786138863.750207584] [my_drone_dds_wasd_control]: target NED=(0.03, -0.00, -1.20) yaw=95.2 deg[0m
[0m[INFO] [1786138864.394731661] [my_drone_dds_wasd_control]: STATE arm=2 nav=14 NED=(0.058,-0.157,-0.893) vel=(-0.003,-0.006,0.020) yaw_deg=94.1 failsafe=False age_s=(0.44,0.02) arm_torque_nm=0.000 motors=[861.90,914.19,861.73,911.96,878.18,914.02,878.35,912.13][0m
[0m[INFO] [1786138865.446998454] [my_drone_dds_wasd_control]: STATE arm=2 nav=14 NED=(-0.008,-0.250,-0.761) vel=(-0.205,-0.232,0.139) yaw_deg=97.8 failsafe=False age_s=(0.48,0.01) arm_torque_nm=0.000 motors=[872.90,905.90,871.23,1000.00,861.41,904.22,863.09,1000.00][0m
[0m[INFO] [1786138866.497163721] [my_drone_dds_wasd_control]: STATE arm=2 nav=14 NED=(-0.408,-0.669,-0.920) vel=(-0.361,-0.389,0.006) yaw_deg=96.5 failsafe=False age_s=(0.02,0.00) arm_torque_nm=0.000 motors=[874.70,897.52,873.97,959.87,873.88,896.79,874.62,960.61][0m
[0m[INFO] [1786138867.496503800] [my_drone_dds_wasd_control]: STATE arm=2 nav=14 NED=(-0.525,-0.767,-1.297) vel=(0.091,0.135,-0.114) yaw_deg=94.8 failsafe=False age_s=(0.01,0.00) arm_torque_nm=0.000 motors=[849.31,868.60,849.32,876.99,839.28,868.62,839.26,876.97][0m
[0m[INFO] [1786138868.562683610] [my_drone_dds_wasd_control]: STATE arm=2 nav=14 NED=(-0.325,-0.578,-1.552) vel=(0.180,0.182,0.051) yaw_deg=94.3 failsafe=False age_s=(0.05,0.01) arm_torque_nm=0.000 motors=[859.92,878.85,860.04,877.77,851.36,878.97,851.24,877.66][0m
[0m[INFO] [1786138869.548229287] [my_drone_dds_wasd_control]: STATE arm=2 nav=14 NED=(-0.207,-0.451,-1.641) vel=(0.106,0.123,0.123) yaw_deg=95.2 failsafe=False age_s=(0.04,0.01) arm_torque_nm=0.000 motors=[870.21,888.55,870.17,895.02,866.97,888.51,867.01,895.05][0m
[0m[INFO] [1786138870.599787199] [my_drone_dds_wasd_control]: STATE arm=2 nav=14 NED=(-0.123,-0.343,-1.508) vel=(0.072,0.088,0.118) yaw_deg=95.1 failsafe=False age_s=(0.08,0.02) arm_torque_nm=0.000 motors=[868.37,888.87,868.34,893.94,866.52,888.83,866.56,893.98][0m
PTY_SENT_LAND
[33m[WARN] [1786138870.738203436] [my_drone_dds_wasd_control]: LAND requested; Offboard setpoint stream stopped[0m
[0m[INFO] [1786138870.776436889] [my_drone_dds_wasd_control]: PX4 command ack: command=21 result=0[0m
[0m[INFO] [1786138871.655137774] [my_drone_dds_wasd_control]: STATE arm=2 nav=18 NED=(-0.023,-0.297,-0.926) vel=(0.027,-0.136,0.767) yaw_deg=95.2 failsafe=False age_s=(0.13,0.01) arm_torque_nm=0.000 motors=[875.18,1000.00,875.13,1000.00,850.16,1000.00,850.21,1000.00][0m
[0m[INFO] [1786138872.656129405] [my_drone_dds_wasd_control]: STATE arm=2 nav=18 NED=(-0.066,-0.947,-0.314) vel=(-0.123,-1.054,0.589) yaw_deg=96.5 failsafe=False age_s=(0.12,0.01) arm_torque_nm=0.000 motors=[872.98,953.03,871.95,1000.00,860.32,952.00,861.35,1000.00][0m
[0m[INFO] [1786138875.257234474] [my_drone_dds_wasd_control]: STATE arm=2 nav=18 NED=(-0.382,-1.824,-0.028) vel=(-0.255,-0.358,0.236) yaw_deg=96.1 failsafe=False age_s=(0.15,0.01) arm_torque_nm=0.000 motors=[818.51,857.95,818.00,861.56,857.43,857.44,857.94,862.07][0m
[0m[INFO] [1786138876.246065460] [my_drone_dds_wasd_control]: STATE arm=2 nav=18 NED=(-0.418,-1.679,0.119) vel=(0.092,0.356,0.384) yaw_deg=95.1 failsafe=False age_s=(0.14,0.01) arm_torque_nm=0.000 motors=[830.93,854.26,830.56,877.50,838.72,853.89,839.09,877.87][0m
[0m[INFO] [1786138877.293516833] [my_drone_dds_wasd_control]: STATE arm=2 nav=18 NED=(-0.395,-1.472,0.179) vel=(0.009,0.040,0.137) yaw_deg=95.4 failsafe=False age_s=(0.18,0.00) arm_torque_nm=0.000 motors=[769.35,811.88,769.07,848.01,756.71,811.60,756.99,848.29][0m
[0m[INFO] [1786138878.299166133] [my_drone_dds_wasd_control]: STATE arm=2 nav=18 NED=(-0.408,-1.459,0.182) vel=(-0.001,0.094,0.093) yaw_deg=95.1 failsafe=False age_s=(0.18,0.00) arm_torque_nm=0.000 motors=[751.52,800.83,751.35,850.39,716.30,800.65,716.47,850.56][0m
[0m[INFO] [1786138879.351427120] [my_drone_dds_wasd_control]: STATE arm=2 nav=18 NED=(-0.418,-1.449,0.151) vel=(-0.084,0.064,-0.014) yaw_deg=94.7 failsafe=False age_s=(0.22,0.01) arm_torque_nm=0.000 motors=[727.63,782.31,727.67,845.24,660.88,782.35,660.83,845.19][0m
[0m[INFO] [1786138880.393980948] [my_drone_dds_wasd_control]: STATE arm=2 nav=18 NED=(-0.417,-1.468,0.032) vel=(-0.041,0.010,-0.086) yaw_deg=94.8 failsafe=False age_s=(0.26,0.00) arm_torque_nm=0.000 motors=[695.78,760.18,695.85,852.77,597.57,760.25,597.51,852.70][0m
[0m[INFO] [1786138881.402850224] [my_drone_dds_wasd_control]: STATE arm=2 nav=18 NED=(-0.394,-1.478,-0.037) vel=(0.030,0.020,-0.104) yaw_deg=94.7 failsafe=False age_s=(0.25,0.00) arm_torque_nm=0.000 motors=[659.56,769.42,659.76,867.70,544.20,769.63,544.00,867.50][0m
[0m[INFO] [1786138882.444584616] [my_drone_dds_wasd_control]: STATE arm=2 nav=18 NED=(-0.403,-1.505,0.000) vel=(-0.008,-0.092,0.108) yaw_deg=94.5 failsafe=False age_s=(0.29,0.01) arm_torque_nm=0.000 motors=[672.46,817.82,672.86,927.03,529.07,818.23,528.66,926.62][0m
[0m[INFO] [1786138883.447042602] [my_drone_dds_wasd_control]: STATE arm=2 nav=18 NED=(-0.412,-1.482,0.081) vel=(-0.030,0.008,0.254) yaw_deg=94.1 failsafe=False age_s=(0.29,0.01) arm_torque_nm=0.000 motors=[706.36,834.35,707.14,964.10,511.82,835.12,511.05,963.33][0m
[0m[INFO] [1786138884.448979937] [my_drone_dds_wasd_control]: STATE arm=2 nav=18 NED=(-0.410,-1.515,0.146) vel=(-0.037,-0.110,0.149) yaw_deg=93.7 failsafe=False age_s=(0.28,0.01) arm_torque_nm=0.000 motors=[673.07,829.75,674.32,954.29,444.21,830.99,442.96,953.04][0m
[0m[INFO] [1786138885.502739578] [my_drone_dds_wasd_control]: STATE arm=2 nav=18 NED=(-0.395,-1.541,0.061) vel=(0.035,-0.062,0.015) yaw_deg=93.8 failsafe=False age_s=(0.32,0.02) arm_torque_nm=0.000 motors=[629.29,830.70,630.81,928.97,404.22,832.22,402.71,927.45][0m
[0m[INFO] [1786138886.547228876] [my_drone_dds_wasd_control]: STATE arm=2 nav=18 NED=(-0.418,-1.514,0.075) vel=(-0.027,-0.008,0.070) yaw_deg=93.8 failsafe=False age_s=(0.36,0.01) arm_torque_nm=0.000 motors=[644.35,826.91,646.20,935.44,381.04,828.76,379.19,933.59][0m
[0m[INFO] [1786138887.547657327] [my_drone_dds_wasd_control]: STATE arm=2 nav=18 NED=(-0.410,-1.482,0.068) vel=(0.017,0.073,-0.007) yaw_deg=93.9 failsafe=False age_s=(0.35,0.01) arm_torque_nm=0.000 motors=[613.62,809.59,615.70,928.48,320.30,811.68,318.21,926.40][0m
[0m[INFO] [1786138888.599922988] [my_drone_dds_wasd_control]: STATE arm=2 nav=18 NED=(-0.374,-1.474,0.010) vel=(0.024,-0.001,0.038) yaw_deg=94.0 failsafe=False age_s=(0.40,0.00) arm_torque_nm=0.000 motors=[618.97,814.68,621.25,927.88,314.24,816.97,311.95,925.60][0m
[0m[INFO] [1786138889.600029185] [my_drone_dds_wasd_control]: STATE arm=2 nav=18 NED=(-0.388,-1.474,0.010) vel=(-0.011,0.063,-0.039) yaw_deg=94.2 failsafe=False age_s=(0.39,0.00) arm_torque_nm=0.000 motors=[599.18,795.43,601.64,920.50,268.53,797.89,266.08,918.04][0m
[0m[INFO] [1786138890.646759007] [my_drone_dds_wasd_control]: STATE arm=2 nav=18 NED=(-0.362,-1.432,-0.125) vel=(0.028,0.095,-0.183) yaw_deg=94.2 failsafe=False age_s=(0.43,0.01) arm_torque_nm=0.000 motors=[454.86,643.04,457.20,774.60,127.49,645.38,125.15,772.26][0m
[0m[INFO] [1786138891.648110790] [my_drone_dds_wasd_control]: STATE arm=2 nav=18 NED=(-0.364,-1.466,-0.159) vel=(0.007,0.012,-0.138) yaw_deg=94.3 failsafe=False age_s=(0.42,0.01) arm_torque_nm=0.000 motors=[0.00,129.21,0.00,259.79,0.00,131.46,0.00,257.55][0m
[0m[INFO] [1786138892.695080738] [my_drone_dds_wasd_control]: STATE arm=2 nav=18 NED=(-0.377,-1.471,-0.186) vel=(-0.005,-0.005,-0.127) yaw_deg=94.3 failsafe=False age_s=(0.46,0.00) arm_torque_nm=0.000 motors=[0.00,129.49,0.00,260.30,0.00,131.73,0.00,258.06][0m
[0m[INFO] [1786138893.197256658] [my_drone_dds_wasd_control]: LANDING_DISARMED_CONFIRMED[0m
DDS_WASD_METRICS {"failsafe_seen": false, "max_height_error_m": 1.248, "max_horizontal_position_error_m": 0.9467386122895802, "max_motor_output": 1000.0, "motor_saturation_fraction": 0.016129032258064516, "offboard_state_count": 43, "yaw_range_deg": 5.799999999999997}
DDS_WASD_PTY_PASS
