[INFO] [launch]: All log files can be found below /home/asus/.ros/log/2026-08-13-00-30-54-243494-LAPTOP-FHNQ6FG2-27868
[INFO] [launch]: Default logging verbosity is set to INFO
[INFO] [gazebo-1]: process started with pid [27910]
[INFO] [parameter_bridge-2]: process started with pid [27911]
[INFO] [robot_state_publisher-3]: process started with pid [27912]
[INFO] [gazebo_sensor_delay-4]: process started with pid [27913]
[parameter_bridge-2] [INFO] [1786552260.277516374] [ros_gz_bridge]: Creating GZ->ROS Bridge: [/model/my_drone/odometry (gz.msgs.Odometry) -> /model/my_drone/odometry (nav_msgs/msg/Odometry)] (Lazy 0)
[parameter_bridge-2] [INFO] [1786552260.280052028] [ros_gz_bridge]: Creating ROS->GZ Bridge: [/world/flight_world/wrench (ros_gz_interfaces/msg/EntityWrench) -> /world/flight_world/wrench (gz.msgs.EntityWrench)] (Lazy 0)
[robot_state_publisher-3] [WARN] [1786552260.281124046] [kdl_parser]: The root link base_link has an inertia specified in the URDF, but KDL does not support a root link with an inertia.  As a workaround, you can add an extra dummy link to your URDF.
[robot_state_publisher-3] [INFO] [1786552260.281255288] [robot_state_publisher]: Robot initialized
[parameter_bridge-2] [INFO] [1786552260.281795819] [ros_gz_bridge]: Creating ROS->GZ Bridge: [/world/flight_world/wrench/latest (ros_gz_interfaces/msg/EntityWrench) -> /world/flight_world/wrench/latest (gz.msgs.EntityWrench)] (Lazy 0)
[parameter_bridge-2] [INFO] [1786552260.282367283] [ros_gz_bridge]: Creating ROS->GZ Bridge: [/world/flight_world/wrench/persistent (ros_gz_interfaces/msg/EntityWrench) -> /world/flight_world/wrench/persistent (gz.msgs.EntityWrench)] (Lazy 0)
[parameter_bridge-2] [INFO] [1786552260.282870972] [ros_gz_bridge]: Creating ROS->GZ Bridge: [/world/flight_world/wrench/clear (ros_gz_interfaces/msg/Entity) -> /world/flight_world/wrench/clear (gz.msgs.Entity)] (Lazy 0)
[parameter_bridge-2] [INFO] [1786552260.283716535] [ros_gz_bridge]: Creating GZ->ROS Bridge: [/my_drone/command/motor_speed (gz.msgs.Actuators) -> /my_drone/command/motor_speed (actuator_msgs/msg/Actuators)] (Lazy 0)
[parameter_bridge-2] [INFO] [1786552260.284787390] [ros_gz_bridge]: Creating GZ->ROS Bridge: [/world/flight_world/model/my_drone/joint_state (gz.msgs.Model) -> /world/flight_world/model/my_drone/joint_state (sensor_msgs/msg/JointState)] (Lazy 0)
[parameter_bridge-2] [INFO] [1786552260.286134464] [ros_gz_bridge]: Creating ROS->GZ Bridge: [/world/flight_world/model/my_drone/joint_state (sensor_msgs/msg/JointState) -> /world/flight_world/model/my_drone/joint_state (gz.msgs.Model)] (Lazy 0)
[parameter_bridge-2] [INFO] [1786552260.286751164] [ros_gz_bridge]: Creating GZ->ROS Bridge: [/clock (gz.msgs.Clock) -> /clock (rosgraph_msgs/msg/Clock)] (Lazy 0)
[INFO] [gazebo_direct_motor_model-5]: process started with pid [27950]
[gazebo-1] [1;32m[Msg] [0m[1;32mGazebo Sim Server v[0m[1;32m8.11.0[0m[1;32m[0m
[gazebo-1] [1;32m[Msg] [0m[1;32mSetting seed value: [0m[1;32m4027[0m[1;32m[0m
[gazebo-1] [1;32m[Msg] [0m[1;32mLoading SDF world file[[0m[1;32m/mnt/e/清洁无人机/drone_sim_ws/src/drone_arm_sim/worlds/flight_world_debug_4kg.sdf[0m[1;32m].[0m
[gazebo-1] [1;32m[Msg] [0m[1;32mServing entity system service on [[0m[1;32m/[0m[1;32mentity/system/add[0m[1;32m][0m[1;32m[0m
[gazebo-1] [1;32m[Msg] [0m[1;32mCreate[0m[1;32m service on [[0m[1;32m/world/flight_world/create_multiple[0m[1;32m] (async)[0m[1;32m[0m
[gazebo-1] [1;32m[Msg] [0m[1;32mCreate[0m[1;32m service on [[0m[1;32m/world/flight_world/create_multiple/blocking[0m[1;32m] (blocking)[0m[1;32m[0m
[gazebo-1] [1;32m[Msg] [0m[1;32mRemove[0m[1;32m service on [[0m[1;32m/world/flight_world/remove[0m[1;32m] (async)[0m[1;32m[0m
[gazebo-1] [1;32m[Msg] [0m[1;32mRemove[0m[1;32m service on [[0m[1;32m/world/flight_world/remove/blocking[0m[1;32m] (blocking)[0m[1;32m[0m
[gazebo-1] [1;32m[Msg] [0m[1;32mPose[0m[1;32m service on [[0m[1;32m/world/flight_world/set_pose[0m[1;32m] (async)[0m[1;32m[0m
[gazebo-1] [1;32m[Msg] [0m[1;32mPose[0m[1;32m service on [[0m[1;32m/world/flight_world/set_pose/blocking[0m[1;32m] (blocking)[0m[1;32m[0m
[gazebo-1] [1;32m[Msg] [0m[1;32mPose[0m[1;32m service on [[0m[1;32m/world/flight_world/set_pose_vector[0m[1;32m] (async)[0m[1;32m[0m
[gazebo-1] [1;32m[Msg] [0m[1;32mPose[0m[1;32m service on [[0m[1;32m/world/flight_world/set_pose_vector/blocking[0m[1;32m] (blocking)[0m[1;32m[0m
[gazebo-1] [1;32m[Msg] [0m[1;32mLight configuration[0m[1;32m service on [[0m[1;32m/world/flight_world/light_config[0m[1;32m] (async)[0m[1;32m[0m
[gazebo-1] [1;32m[Msg] [0m[1;32mLight configuration[0m[1;32m service on [[0m[1;32m/world/flight_world/light_config/blocking[0m[1;32m] (blocking)[0m[1;32m[0m
[gazebo-1] [1;32m[Msg] [0m[1;32mPhysics[0m[1;32m service on [[0m[1;32m/world/flight_world/set_physics[0m[1;32m] (async)[0m[1;32m[0m
[gazebo-1] [1;32m[Msg] [0m[1;32mPhysics[0m[1;32m service on [[0m[1;32m/world/flight_world/set_physics/blocking[0m[1;32m] (blocking)[0m[1;32m[0m
[gazebo-1] [1;32m[Msg] [0m[1;32mSphericalCoordinates[0m[1;32m service on [[0m[1;32m/world/flight_world/set_spherical_coordinates[0m[1;32m] (async)[0m[1;32m[0m
[gazebo-1] [1;32m[Msg] [0m[1;32mSphericalCoordinates[0m[1;32m service on [[0m[1;32m/world/flight_world/set_spherical_coordinates/blocking[0m[1;32m] (blocking)[0m[1;32m[0m
[gazebo-1] [1;32m[Msg] [0m[1;32mEnable collision[0m[1;32m service on [[0m[1;32m/world/flight_world/enable_collision[0m[1;32m] (async)[0m[1;32m[0m
[gazebo-1] [1;32m[Msg] [0m[1;32mEnable collision[0m[1;32m service on [[0m[1;32m/world/flight_world/enable_collision/blocking[0m[1;32m] (blocking)[0m[1;32m[0m
[gazebo-1] [1;32m[Msg] [0m[1;32mDisable collision[0m[1;32m service on [[0m[1;32m/world/flight_world/disable_collision[0m[1;32m] (async)[0m[1;32m[0m
[gazebo-1] [1;32m[Msg] [0m[1;32mDisable collision[0m[1;32m service on [[0m[1;32m/world/flight_world/disable_collision/blocking[0m[1;32m] (blocking)[0m[1;32m[0m
[gazebo-1] [1;32m[Msg] [0m[1;32mMaterial[0m[1;32m service on [[0m[1;32m/world/flight_world/visual_config[0m[1;32m] (async)[0m[1;32m[0m
[gazebo-1] [1;32m[Msg] [0m[1;32mMaterial[0m[1;32m service on [[0m[1;32m/world/flight_world/visual_config/blocking[0m[1;32m] (blocking)[0m[1;32m[0m
[gazebo-1] [1;32m[Msg] [0m[1;32mMaterial[0m[1;32m service on [[0m[1;32m/world/flight_world/wheel_slip[0m[1;32m] (async)[0m[1;32m[0m
[gazebo-1] [1;32m[Msg] [0m[1;32mMaterial[0m[1;32m service on [[0m[1;32m/world/flight_world/wheel_slip/blocking[0m[1;32m] (blocking)[0m[1;32m[0m
[gazebo-1] [1;32m[Msg] [0m[1;32mListening to instantaneous wrench commands in [[0m[1;32m/world/flight_world/wrench[0m[1;32m][0m[1;32m[0m
[gazebo-1] [1;32m[Msg] [0m[1;32mListening to persistent wrench commands in [[0m[1;32m/world/flight_world/wrench/persistent[0m[1;32m][0m[1;32m[0m
[gazebo-1] [1;32m[Msg] [0m[1;32mListening to wrench clear commands in [[0m[1;32m/world/flight_world/wrench/clear[0m[1;32m][0m[1;32m[0m
[INFO] [create-6]: process started with pid [27976]
[gazebo_sensor_delay-4] [INFO] [1786552262.205535384] [my_drone_gazebo_sensor_delay]: sensor delay imu: 0.0 ms
[gazebo_sensor_delay-4] [INFO] [1786552262.218346558] [my_drone_gazebo_sensor_delay]: sensor delay magnetometer: 0.0 ms
[gazebo_sensor_delay-4] [INFO] [1786552262.231382719] [my_drone_gazebo_sensor_delay]: sensor delay air_pressure: 0.0 ms
[gazebo_sensor_delay-4] [INFO] [1786552262.245065997] [my_drone_gazebo_sensor_delay]: sensor delay navsat: 0.0 ms
[create-6] [INFO] [1786552262.535417960] [ros_gz_sim]: Entity creation successful.
[gazebo-1] [1;32m[Msg] [0m[1;32mHolding latest wrench from [[0m[1;32m/world/flight_world/wrench/latest[0m[1;32m] for every physics step; wall timeout [[0m[1;32m1[0m[1;32m s].[0m[1;32m[0m
[gazebo-1] [1;32m[Msg] [0m[1;32mLoaded level [[0m[1;32mdefault[0m[1;32m][0m[1;32m[0m
[gazebo-1] [1;32m[Msg] [0m[1;32mServing world controls on [[0m[1;32m/world/flight_world[0m[1;32m/control], [[0m[1;32m/world/flight_world[0m[1;32m/control/state] and [[0m[1;32m/world/flight_world[0m[1;32m/playback/control][0m[1;32m[0m
[gazebo-1] [1;32m[Msg] [0m[1;32mServing GUI information on [[0m[1;32m/world/flight_world[0m[1;32m/[0m[1;32mgui/info[0m[1;32m][0m[1;32m[0m
[gazebo-1] [1;32m[Msg] [0m[1;32mWorld [[0m[1;32mflight_world[0m[1;32m] initialized with [[0m[1;32mflight_step[0m[1;32m] physics profile.[0m[1;32m[0m
[gazebo-1] [1;32m[Msg] [0m[1;32mServing world SDF generation service on [[0m[1;32m/world/flight_world[0m[1;32m/[0m[1;32mgenerate_world_sdf[0m[1;32m][0m[1;32m[0m
[gazebo-1] [1;32m[Msg] [0m[1;32mServing world names on [[0m[1;32m/gazebo/worlds[0m[1;32m][0m[1;32m[0m
[gazebo-1] [1;32m[Msg] [0m[1;32mResource path add service on [[0m[1;32m/gazebo/resource_paths/add[0m[1;32m].[0m[1;32m[0m
[gazebo-1] [1;32m[Msg] [0m[1;32mResource path get service on [[0m[1;32m/gazebo/resource_paths/get[0m[1;32m].[0m[1;32m[0m
[gazebo-1] [1;32m[Msg] [0m[1;32mResource path resolve service on [[0m[1;32m/gazebo/resource_paths/resolve[0m[1;32m].[0m[1;32m[0m
[gazebo-1] [1;32m[Msg] [0m[1;32mResource paths published on [[0m[1;32m/gazebo/resource_paths[0m[1;32m].[0m[1;32m[0m
[gazebo-1] [1;32m[Msg] [0m[1;32mServer control service on [[0m[1;32m/server_control[0m[1;32m].[0m[1;32m[0m
[gazebo-1] [1;32m[Msg] [0m[1;32mFound no publishers on /stats, adding root stats topic[0m[1;32m[0m
[gazebo-1] [1;32m[Msg] [0m[1;32mFound no publishers on /clock, adding root clock topic[0m[1;32m[0m
[gazebo-1] [1;33mWarning [Utils.cc:132][0m [/sdf/model[@name="my_drone_v3_cad_debug_4kg"]/link[@name="base_link"]/sensor[@name="air_pressure_sensor"]/gz_frame_id:<urdf-string>:L0]: XML Element[gz_frame_id], child of element[sensor], not defined in SDF. Copying[gz_frame_id] as children of [sensor].
[gazebo-1] [1;33mWarning [Utils.cc:132][0m [/sdf/model[@name="my_drone_v3_cad_debug_4kg"]/link[@name="base_link"]/sensor[@name="magnetometer_sensor"]/gz_frame_id:<urdf-string>:L0]: XML Element[gz_frame_id], child of element[sensor], not defined in SDF. Copying[gz_frame_id] as children of [sensor].
[gazebo-1] [1;33mWarning [Utils.cc:132][0m [/sdf/model[@name="my_drone_v3_cad_debug_4kg"]/link[@name="base_link"]/sensor[@name="imu_sensor"]/gz_frame_id:<urdf-string>:L0]: XML Element[gz_frame_id], child of element[sensor], not defined in SDF. Copying[gz_frame_id] as children of [sensor].
[gazebo-1] [1;33mWarning [Utils.cc:132][0m [/sdf/model[@name="my_drone_v3_cad_debug_4kg"]/link[@name="base_link"]/sensor[@name="navsat_sensor"]/gz_frame_id:<urdf-string>:L0]: XML Element[gz_frame_id], child of element[sensor], not defined in SDF. Copying[gz_frame_id] as children of [sensor].
[INFO] [create-6]: process has finished cleanly [pid 27976]
[gazebo_direct_motor_model-5] [INFO] [1786552262.921942540] [my_drone_gazebo_direct_motor_model]: reaction moment trial enabled: Q/T=0.005 m
[gazebo_direct_motor_model-5] [INFO] [1786552262.936904613] [my_drone_gazebo_direct_motor_model]: battery dynamics override: enabled=False R=0.005 ohm capacity=10 Ah
[gazebo-1] [INFO] [1786552262.994596352] [gz_ros_control]: [gz_ros2_control] Fixed joint ['arm_mount'] (Entity='76') is skipped.
[gazebo-1] [INFO] [1786552263.147435010] [gz_ros_control]: Loading controller_manager
[gazebo-1] [INFO] [1786552263.320101569] [controller_manager]: Using ROS clock for triggering controller manager cycles.
[gazebo-1] [INFO] [1786552263.323850771] [controller_manager]: Subscribing to '/robot_description' topic for robot description.
[gazebo-1] [WARN] [1786552263.327434554] [gz_ros_control]: Waiting RM to load and initialize hardware...
[gazebo-1] [INFO] [1786552263.334839162] [controller_manager]: Received robot description from topic.
[gazebo-1] [INFO] [1786552263.334907660] [controller_manager]: Enforcing command limits is disabled. Command limits from URDF will be ignored.
[gazebo-1] [INFO] [1786552263.458197302] [gz_ros_control]: The position_proportional_gain has been set to: 0.5
[gazebo-1] [INFO] [1786552263.458311632] [gz_ros_control]: Loading joint: shoulder_pan
[gazebo-1] [INFO] [1786552263.458318391] [gz_ros_control]: 	State:
[gazebo-1] [INFO] [1786552263.458323763] [gz_ros_control]: 		 position
[gazebo-1] [INFO] [1786552263.458331833] [gz_ros_control]: 			 found initial value: 0.000000
[gazebo-1] [INFO] [1786552263.458337835] [gz_ros_control]: 		 velocity
[gazebo-1] [INFO] [1786552263.458344303] [gz_ros_control]: 	Command:
[gazebo-1] [INFO] [1786552263.458346502] [gz_ros_control]: 		 position
[gazebo-1] [INFO] [1786552263.458363778] [gz_ros_control]: Loading joint: shoulder_lift
[gazebo-1] [INFO] [1786552263.458366223] [gz_ros_control]: 	State:
[gazebo-1] [INFO] [1786552263.458368396] [gz_ros_control]: 		 position
[gazebo-1] [INFO] [1786552263.458370765] [gz_ros_control]: 			 found initial value: 0.000000
[gazebo-1] [INFO] [1786552263.458373539] [gz_ros_control]: 		 velocity
[gazebo-1] [INFO] [1786552263.458375732] [gz_ros_control]: 	Command:
[gazebo-1] [INFO] [1786552263.458377736] [gz_ros_control]: 		 position
[gazebo-1] [INFO] [1786552263.458384436] [gz_ros_control]: Loading joint: elbow_flex
[gazebo-1] [INFO] [1786552263.458386724] [gz_ros_control]: 	State:
[gazebo-1] [INFO] [1786552263.458388848] [gz_ros_control]: 		 position
[gazebo-1] [INFO] [1786552263.458391507] [gz_ros_control]: 			 found initial value: 0.000000
[gazebo-1] [INFO] [1786552263.458393660] [gz_ros_control]: 		 velocity
[gazebo-1] [INFO] [1786552263.458395605] [gz_ros_control]: 	Command:
[gazebo-1] [INFO] [1786552263.458397639] [gz_ros_control]: 		 position
[gazebo-1] [INFO] [1786552263.458403985] [gz_ros_control]: Loading joint: wrist_flex
[gazebo-1] [INFO] [1786552263.458406036] [gz_ros_control]: 	State:
[gazebo-1] [INFO] [1786552263.458408007] [gz_ros_control]: 		 position
[gazebo-1] [INFO] [1786552263.458409850] [gz_ros_control]: 			 found initial value: 0.000000
[gazebo-1] [INFO] [1786552263.458412003] [gz_ros_control]: 		 velocity
[gazebo-1] [INFO] [1786552263.458413888] [gz_ros_control]: 	Command:
[gazebo-1] [INFO] [1786552263.458415788] [gz_ros_control]: 		 position
[gazebo-1] [INFO] [1786552263.458421289] [gz_ros_control]: Loading joint: wrist_roll
[gazebo-1] [INFO] [1786552263.458423298] [gz_ros_control]: 	State:
[gazebo-1] [INFO] [1786552263.458425109] [gz_ros_control]: 		 position
[gazebo-1] [INFO] [1786552263.458428063] [gz_ros_control]: 			 found initial value: -1.570796
[gazebo-1] [INFO] [1786552263.458430345] [gz_ros_control]: 		 velocity
[gazebo-1] [INFO] [1786552263.458432338] [gz_ros_control]: 	Command:
[gazebo-1] [INFO] [1786552263.458434100] [gz_ros_control]: 		 position
[gazebo-1] [INFO] [1786552263.458441101] [gz_ros_control]: Loading joint: gripper
[gazebo-1] [INFO] [1786552263.458443316] [gz_ros_control]: 	State:
[gazebo-1] [INFO] [1786552263.458445243] [gz_ros_control]: 		 position
[gazebo-1] [INFO] [1786552263.458447143] [gz_ros_control]: 			 found initial value: 0.000000
[gazebo-1] [INFO] [1786552263.458449490] [gz_ros_control]: 		 velocity
[gazebo-1] [INFO] [1786552263.458451572] [gz_ros_control]: 	Command:
[gazebo-1] [INFO] [1786552263.458453383] [gz_ros_control]: 		 position
[gazebo-1] [INFO] [1786552263.458498802] [gz_ros_control]: Loading sensor: imu_sensor
[gazebo-1] [INFO] [1786552263.458501250] [gz_ros_control]: 	State:
[gazebo-1] [WARN] [1786552263.458503821] [gz_ros_control]: IMU sensor 'imu_sensor' not found in hardware_info, skipping.
[gazebo-1] [INFO] [1786552263.458586295] [controller_manager]: Initialize hardware 'GazeboSimSystem' 
[gazebo-1] [WARN] [1786552263.458602915] [controller_manager.hardware_component.system.GazeboSimSystem]: Executor is not available during hardware component initialization for 'GazeboSimSystem'. Skipping node creation!
[gazebo-1] [INFO] [1786552263.458659126] [controller_manager]: Successful initialization of hardware 'GazeboSimSystem'
[gazebo-1] [INFO] [1786552263.458778334] [controller_manager]: Activating component 'GazeboSimSystem'.
[gazebo-1] [INFO] [1786552263.458786972] [resource_manager]: 'configure' hardware 'GazeboSimSystem' 
[gazebo-1] [INFO] [1786552263.458790570] [gz_ros_control]: System Successfully configured!
[gazebo-1] [INFO] [1786552263.458794000] [resource_manager]: Successful 'configure' of hardware 'GazeboSimSystem'
[gazebo-1] [INFO] [1786552263.458799546] [resource_manager]: 'activate' hardware 'GazeboSimSystem' 
[gazebo-1] [INFO] [1786552263.458811314] [resource_manager]: Successful 'activate' of hardware 'GazeboSimSystem'
[gazebo-1] [WARN] [1786552263.458872300] [controller_manager]: Component 'GazeboSimSystem' does not have read or write statistics initialized, skipping registration.
[gazebo-1] [INFO] [1786552263.458878295] [controller_manager]: Resource Manager has been successfully initialized. Starting Controller Manager services...
[gazebo_direct_motor_model-5] [INFO] [1786552267.452048089] [my_drone_gazebo_direct_motor_model]: MOTOR_DYNAMIC_STATE sim_s=0.012 cmd_min=0.0000 cmd_mean=0.0000 cmd_max=0.0000 filtered_mean=0.0000 filtered_max=0.0000 esc_throttle_mean=0.0000 total_thrust_n=0.0000 body_up_force_n=0.0000 saturated_motors=0 rated_cap_command=1.0000 voltage_v=14.8000 thrust_scale=1.000000 current_a=0.0000
[parameter_bridge-2] [INFO] [1786552267.453107196] [ros_gz_bridge]: Passing message from ROS ros_gz_interfaces/msg/EntityWrench to Gazebo gz.msgs.EntityWrench (showing msg only once per type)
[gazebo-1] [1;32m[Msg] [0m[1;32mOdometryPublisher publishing odometry on [[0m[1;32m/model/my_drone/odometry[0m[1;32m][0m[1;32m[0m
[gazebo-1] [1;32m[Msg] [0m[1;32mOdometryPublisher publishing odometry with covariance on [[0m[1;32m/model/my_drone/odometry_with_covariance[0m[1;32m][0m[1;32m[0m
[gazebo-1] [1;32m[Msg] [0m[1;32mOdometryPublisher publishing Pose_V (TF) on [[0m[1;32m/model/my_drone/pose[0m[1;32m][0m[1;32m[0m
[gazebo-1] [1;32m[Msg] [0m[1;32mServing scene information on [[0m[1;32m/world/flight_world[0m[1;32m/[0m[1;32mscene/info[0m[1;32m][0m[1;32m[0m
[gazebo-1] [1;32m[Msg] [0m[1;32mServing graph information on [[0m[1;32m/world/flight_world[0m[1;32m/[0m[1;32mscene/graph[0m[1;32m][0m[1;32m[0m
[gazebo-1] [1;32m[Msg] [0m[1;32mServing full state on [[0m[1;32m/world/flight_world[0m[1;32m/[0m[1;32mstate[0m[1;32m][0m[1;32m[0m
[gazebo-1] [1;32m[Msg] [0m[1;32mServing full state (async) on [[0m[1;32m/world/flight_world[0m[1;32m/[0m[1;32mstate_async[0m[1;32m][0m[1;32m[0m
[gazebo-1] [1;32m[Msg] [0m[1;32mPublishing scene information on [[0m[1;32m/world/flight_world/scene/info[0m[1;32m][0m[1;32m[0m
[gazebo-1] [1;32m[Msg] [0m[1;32mPublishing entity deletions on [[0m[1;32m/world/flight_world/scene/deletion[0m[1;32m][0m[1;32m[0m
[gazebo-1] [1;32m[Msg] [0m[1;32mPublishing state changes on [[0m[1;32m/world/flight_world/state[0m[1;32m][0m[1;32m[0m
[gazebo-1] [1;32m[Msg] [0m[1;32mPublishing pose messages on [[0m[1;32m/world/flight_world[0m[1;32m/[0m[1;32mpose/info[0m[1;32m][0m[1;32m[0m
[gazebo-1] [1;32m[Msg] [0m[1;32mPublishing dynamic pose messages on [[0m[1;32m/world/flight_world[0m[1;32m/[0m[1;32mdynamic_pose/info[0m[1;32m][0m[1;32m[0m
[gazebo_direct_motor_model-5] [INFO] [1786552268.449632978] [my_drone_gazebo_direct_motor_model]: MOTOR_DYNAMIC_STATE sim_s=1.012 cmd_min=0.0000 cmd_mean=0.0000 cmd_max=0.0000 filtered_mean=0.0000 filtered_max=0.0000 esc_throttle_mean=0.0000 total_thrust_n=0.0000 body_up_force_n=0.0000 saturated_motors=0 rated_cap_command=1.0000 voltage_v=14.8000 thrust_scale=1.000000 current_a=0.0000
[gazebo_direct_motor_model-5] [INFO] [1786552269.454493096] [my_drone_gazebo_direct_motor_model]: MOTOR_DYNAMIC_STATE sim_s=2.012 cmd_min=0.0000 cmd_mean=0.0000 cmd_max=0.0000 filtered_mean=0.0000 filtered_max=0.0000 esc_throttle_mean=0.0000 total_thrust_n=0.0000 body_up_force_n=0.0000 saturated_motors=0 rated_cap_command=1.0000 voltage_v=14.8000 thrust_scale=1.000000 current_a=0.0000
[gazebo_direct_motor_model-5] [INFO] [1786552270.450915711] [my_drone_gazebo_direct_motor_model]: MOTOR_DYNAMIC_STATE sim_s=3.012 cmd_min=0.0000 cmd_mean=0.0000 cmd_max=0.0000 filtered_mean=0.0000 filtered_max=0.0000 esc_throttle_mean=0.0000 total_thrust_n=0.0000 body_up_force_n=0.0000 saturated_motors=0 rated_cap_command=1.0000 voltage_v=14.8000 thrust_scale=1.000000 current_a=0.0000
[gazebo_direct_motor_model-5] [INFO] [1786552271.454176117] [my_drone_gazebo_direct_motor_model]: MOTOR_DYNAMIC_STATE sim_s=4.016 cmd_min=0.0000 cmd_mean=0.0000 cmd_max=0.0000 filtered_mean=0.0000 filtered_max=0.0000 esc_throttle_mean=0.0000 total_thrust_n=0.0000 body_up_force_n=0.0000 saturated_motors=0 rated_cap_command=1.0000 voltage_v=14.8000 thrust_scale=1.000000 current_a=0.0000
[gazebo_direct_motor_model-5] [INFO] [1786552272.458233710] [my_drone_gazebo_direct_motor_model]: MOTOR_DYNAMIC_STATE sim_s=5.016 cmd_min=0.0000 cmd_mean=0.0000 cmd_max=0.0000 filtered_mean=0.0000 filtered_max=0.0000 esc_throttle_mean=0.0000 total_thrust_n=0.0000 body_up_force_n=0.0000 saturated_motors=0 rated_cap_command=1.0000 voltage_v=14.8000 thrust_scale=1.000000 current_a=0.0000
[gazebo_direct_motor_model-5] [INFO] [1786552273.458100966] [my_drone_gazebo_direct_motor_model]: MOTOR_DYNAMIC_STATE sim_s=6.016 cmd_min=0.0000 cmd_mean=0.0000 cmd_max=0.0000 filtered_mean=0.0000 filtered_max=0.0000 esc_throttle_mean=0.0000 total_thrust_n=0.0000 body_up_force_n=0.0000 saturated_motors=0 rated_cap_command=1.0000 voltage_v=14.8000 thrust_scale=1.000000 current_a=0.0000
[gazebo_direct_motor_model-5] [INFO] [1786552274.453499748] [my_drone_gazebo_direct_motor_model]: MOTOR_DYNAMIC_STATE sim_s=7.016 cmd_min=0.0000 cmd_mean=0.0000 cmd_max=0.0000 filtered_mean=0.0000 filtered_max=0.0000 esc_throttle_mean=0.0000 total_thrust_n=0.0000 body_up_force_n=0.0000 saturated_motors=0 rated_cap_command=1.0000 voltage_v=14.8000 thrust_scale=1.000000 current_a=0.0000
[gazebo_direct_motor_model-5] [INFO] [1786552275.457358366] [my_drone_gazebo_direct_motor_model]: MOTOR_DYNAMIC_STATE sim_s=8.016 cmd_min=0.0000 cmd_mean=0.0000 cmd_max=0.0000 filtered_mean=0.0000 filtered_max=0.0000 esc_throttle_mean=0.0000 total_thrust_n=0.0000 body_up_force_n=0.0000 saturated_motors=0 rated_cap_command=1.0000 voltage_v=14.8000 thrust_scale=1.000000 current_a=0.0000
[gazebo_direct_motor_model-5] [INFO] [1786552276.455058587] [my_drone_gazebo_direct_motor_model]: MOTOR_DYNAMIC_STATE sim_s=9.016 cmd_min=0.0000 cmd_mean=0.0000 cmd_max=0.0000 filtered_mean=0.0000 filtered_max=0.0000 esc_throttle_mean=0.0000 total_thrust_n=0.0000 body_up_force_n=0.0000 saturated_motors=0 rated_cap_command=1.0000 voltage_v=14.8000 thrust_scale=1.000000 current_a=0.0000
[gazebo_direct_motor_model-5] [INFO] [1786552277.462707399] [my_drone_gazebo_direct_motor_model]: MOTOR_DYNAMIC_STATE sim_s=10.016 cmd_min=0.0000 cmd_mean=0.0000 cmd_max=0.0000 filtered_mean=0.0000 filtered_max=0.0000 esc_throttle_mean=0.0000 total_thrust_n=0.0000 body_up_force_n=0.0000 saturated_motors=0 rated_cap_command=1.0000 voltage_v=14.8000 thrust_scale=1.000000 current_a=0.0000
[gazebo_direct_motor_model-5] [INFO] [1786552278.455309978] [my_drone_gazebo_direct_motor_model]: MOTOR_DYNAMIC_STATE sim_s=11.016 cmd_min=0.0000 cmd_mean=0.0000 cmd_max=0.0000 filtered_mean=0.0000 filtered_max=0.0000 esc_throttle_mean=0.0000 total_thrust_n=0.0000 body_up_force_n=0.0000 saturated_motors=0 rated_cap_command=1.0000 voltage_v=14.8000 thrust_scale=1.000000 current_a=0.0000
[gazebo_direct_motor_model-5] [INFO] [1786552279.458049277] [my_drone_gazebo_direct_motor_model]: MOTOR_DYNAMIC_STATE sim_s=12.016 cmd_min=0.0000 cmd_mean=0.0000 cmd_max=0.0000 filtered_mean=0.0000 filtered_max=0.0000 esc_throttle_mean=0.0000 total_thrust_n=0.0000 body_up_force_n=0.0000 saturated_motors=0 rated_cap_command=1.0000 voltage_v=14.8000 thrust_scale=1.000000 current_a=0.0000
[gazebo_direct_motor_model-5] [INFO] [1786552280.457102614] [my_drone_gazebo_direct_motor_model]: MOTOR_DYNAMIC_STATE sim_s=13.016 cmd_min=0.0000 cmd_mean=0.0000 cmd_max=0.0000 filtered_mean=0.0000 filtered_max=0.0000 esc_throttle_mean=0.0000 total_thrust_n=0.0000 body_up_force_n=0.0000 saturated_motors=0 rated_cap_command=1.0000 voltage_v=14.8000 thrust_scale=1.000000 current_a=0.0000
[gazebo_direct_motor_model-5] [INFO] [1786552281.453911071] [my_drone_gazebo_direct_motor_model]: MOTOR_DYNAMIC_STATE sim_s=14.016 cmd_min=0.0000 cmd_mean=0.0000 cmd_max=0.0000 filtered_mean=0.0000 filtered_max=0.0000 esc_throttle_mean=0.0000 total_thrust_n=0.0000 body_up_force_n=0.0000 saturated_motors=0 rated_cap_command=1.0000 voltage_v=14.8000 thrust_scale=1.000000 current_a=0.0000
[gazebo_direct_motor_model-5] [INFO] [1786552282.459712004] [my_drone_gazebo_direct_motor_model]: MOTOR_DYNAMIC_STATE sim_s=15.016 cmd_min=0.0000 cmd_mean=0.0000 cmd_max=0.0000 filtered_mean=0.0000 filtered_max=0.0000 esc_throttle_mean=0.0000 total_thrust_n=0.0000 body_up_force_n=0.0000 saturated_motors=0 rated_cap_command=1.0000 voltage_v=14.8000 thrust_scale=1.000000 current_a=0.0000
[gazebo_direct_motor_model-5] [INFO] [1786552283.459337243] [my_drone_gazebo_direct_motor_model]: MOTOR_DYNAMIC_STATE sim_s=16.020 cmd_min=0.0000 cmd_mean=0.0000 cmd_max=0.0000 filtered_mean=0.0000 filtered_max=0.0000 esc_throttle_mean=0.0000 total_thrust_n=0.0000 body_up_force_n=0.0000 saturated_motors=0 rated_cap_command=1.0000 voltage_v=14.8000 thrust_scale=1.000000 current_a=0.0000
[gazebo_direct_motor_model-5] [INFO] [1786552284.460351616] [my_drone_gazebo_direct_motor_model]: MOTOR_DYNAMIC_STATE sim_s=17.020 cmd_min=0.0000 cmd_mean=0.0000 cmd_max=0.0000 filtered_mean=0.0000 filtered_max=0.0000 esc_throttle_mean=0.0000 total_thrust_n=0.0000 body_up_force_n=0.0000 saturated_motors=0 rated_cap_command=1.0000 voltage_v=14.8000 thrust_scale=1.000000 current_a=0.0000
[gazebo_direct_motor_model-5] [INFO] [1786552285.461958199] [my_drone_gazebo_direct_motor_model]: MOTOR_DYNAMIC_STATE sim_s=18.020 cmd_min=0.0000 cmd_mean=0.0000 cmd_max=0.0000 filtered_mean=0.0000 filtered_max=0.0000 esc_throttle_mean=0.0000 total_thrust_n=0.0000 body_up_force_n=0.0000 saturated_motors=0 rated_cap_command=1.0000 voltage_v=14.8000 thrust_scale=1.000000 current_a=0.0000
[gazebo_direct_motor_model-5] [INFO] [1786552286.459741799] [my_drone_gazebo_direct_motor_model]: MOTOR_DYNAMIC_STATE sim_s=19.020 cmd_min=0.0000 cmd_mean=0.0000 cmd_max=0.0000 filtered_mean=0.0000 filtered_max=0.0000 esc_throttle_mean=0.0000 total_thrust_n=0.0000 body_up_force_n=0.0000 saturated_motors=0 rated_cap_command=1.0000 voltage_v=14.8000 thrust_scale=1.000000 current_a=0.0000
[gazebo_direct_motor_model-5] [INFO] [1786552287.466837947] [my_drone_gazebo_direct_motor_model]: MOTOR_DYNAMIC_STATE sim_s=20.020 cmd_min=0.0000 cmd_mean=0.0000 cmd_max=0.0000 filtered_mean=0.0000 filtered_max=0.0000 esc_throttle_mean=0.0000 total_thrust_n=0.0000 body_up_force_n=0.0000 saturated_motors=0 rated_cap_command=1.0000 voltage_v=14.8000 thrust_scale=1.000000 current_a=0.0000
[gazebo_direct_motor_model-5] [INFO] [1786552288.460175994] [my_drone_gazebo_direct_motor_model]: MOTOR_DYNAMIC_STATE sim_s=21.020 cmd_min=0.0000 cmd_mean=0.0000 cmd_max=0.0000 filtered_mean=0.0000 filtered_max=0.0000 esc_throttle_mean=0.0000 total_thrust_n=0.0000 body_up_force_n=0.0000 saturated_motors=0 rated_cap_command=1.0000 voltage_v=14.8000 thrust_scale=1.000000 current_a=0.0000
[gazebo_direct_motor_model-5] [INFO] [1786552289.462761397] [my_drone_gazebo_direct_motor_model]: MOTOR_DYNAMIC_STATE sim_s=22.020 cmd_min=0.0000 cmd_mean=0.0000 cmd_max=0.0000 filtered_mean=0.0000 filtered_max=0.0000 esc_throttle_mean=0.0000 total_thrust_n=0.0000 body_up_force_n=0.0000 saturated_motors=0 rated_cap_command=1.0000 voltage_v=14.8000 thrust_scale=1.000000 current_a=0.0000
[gazebo_direct_motor_model-5] [INFO] [1786552290.464742615] [my_drone_gazebo_direct_motor_model]: MOTOR_DYNAMIC_STATE sim_s=23.020 cmd_min=0.0000 cmd_mean=0.0000 cmd_max=0.0000 filtered_mean=0.0000 filtered_max=0.0000 esc_throttle_mean=0.0000 total_thrust_n=0.0000 body_up_force_n=0.0000 saturated_motors=0 rated_cap_command=1.0000 voltage_v=14.8000 thrust_scale=1.000000 current_a=0.0000
[gazebo_direct_motor_model-5] [INFO] [1786552291.464591520] [my_drone_gazebo_direct_motor_model]: MOTOR_DYNAMIC_STATE sim_s=24.020 cmd_min=0.0000 cmd_mean=0.0000 cmd_max=0.0000 filtered_mean=0.0000 filtered_max=0.0000 esc_throttle_mean=0.0000 total_thrust_n=0.0000 body_up_force_n=0.0000 saturated_motors=0 rated_cap_command=1.0000 voltage_v=14.8000 thrust_scale=1.000000 current_a=0.0000
[gazebo_direct_motor_model-5] [INFO] [1786552292.463680017] [my_drone_gazebo_direct_motor_model]: MOTOR_DYNAMIC_STATE sim_s=25.020 cmd_min=0.0000 cmd_mean=0.0000 cmd_max=0.0000 filtered_mean=0.0000 filtered_max=0.0000 esc_throttle_mean=0.0000 total_thrust_n=0.0000 body_up_force_n=0.0000 saturated_motors=0 rated_cap_command=1.0000 voltage_v=14.8000 thrust_scale=1.000000 current_a=0.0000
[gazebo_direct_motor_model-5] [INFO] [1786552293.457521815] [my_drone_gazebo_direct_motor_model]: MOTOR_DYNAMIC_STATE sim_s=26.020 cmd_min=0.0000 cmd_mean=0.0000 cmd_max=0.0000 filtered_mean=0.0000 filtered_max=0.0000 esc_throttle_mean=0.0000 total_thrust_n=0.0000 body_up_force_n=0.0000 saturated_motors=0 rated_cap_command=1.0000 voltage_v=14.8000 thrust_scale=1.000000 current_a=0.0000
[gazebo_direct_motor_model-5] [INFO] [1786552294.467291040] [my_drone_gazebo_direct_motor_model]: MOTOR_DYNAMIC_STATE sim_s=27.020 cmd_min=0.0000 cmd_mean=0.0000 cmd_max=0.0000 filtered_mean=0.0000 filtered_max=0.0000 esc_throttle_mean=0.0000 total_thrust_n=0.0000 body_up_force_n=0.0000 saturated_motors=0 rated_cap_command=1.0000 voltage_v=14.8000 thrust_scale=1.000000 current_a=0.0000
[gazebo_direct_motor_model-5] [INFO] [1786552295.461075965] [my_drone_gazebo_direct_motor_model]: MOTOR_DYNAMIC_STATE sim_s=28.020 cmd_min=0.0000 cmd_mean=0.0000 cmd_max=0.0000 filtered_mean=0.0000 filtered_max=0.0000 esc_throttle_mean=0.0000 total_thrust_n=0.0000 body_up_force_n=0.0000 saturated_motors=0 rated_cap_command=1.0000 voltage_v=14.8000 thrust_scale=1.000000 current_a=0.0000
[gazebo_direct_motor_model-5] [INFO] [1786552296.460513081] [my_drone_gazebo_direct_motor_model]: MOTOR_DYNAMIC_STATE sim_s=29.020 cmd_min=0.0000 cmd_mean=0.0000 cmd_max=0.0000 filtered_mean=0.0000 filtered_max=0.0000 esc_throttle_mean=0.0000 total_thrust_n=0.0000 body_up_force_n=0.0000 saturated_motors=0 rated_cap_command=1.0000 voltage_v=14.8000 thrust_scale=1.000000 current_a=0.0000
[gazebo_direct_motor_model-5] [INFO] [1786552297.471081994] [my_drone_gazebo_direct_motor_model]: MOTOR_DYNAMIC_STATE sim_s=30.020 cmd_min=0.0000 cmd_mean=0.0000 cmd_max=0.0000 filtered_mean=0.0000 filtered_max=0.0000 esc_throttle_mean=0.0000 total_thrust_n=0.0000 body_up_force_n=0.0000 saturated_motors=0 rated_cap_command=1.0000 voltage_v=14.8000 thrust_scale=1.000000 current_a=0.0000
[gazebo_direct_motor_model-5] [INFO] [1786552298.461407710] [my_drone_gazebo_direct_motor_model]: MOTOR_DYNAMIC_STATE sim_s=31.020 cmd_min=0.0000 cmd_mean=0.0000 cmd_max=0.0000 filtered_mean=0.0000 filtered_max=0.0000 esc_throttle_mean=0.0000 total_thrust_n=0.0000 body_up_force_n=0.0000 saturated_motors=0 rated_cap_command=1.0000 voltage_v=14.8000 thrust_scale=1.000000 current_a=0.0000
[gazebo_direct_motor_model-5] [INFO] [1786552299.463477012] [my_drone_gazebo_direct_motor_model]: MOTOR_DYNAMIC_STATE sim_s=32.020 cmd_min=0.0000 cmd_mean=0.0000 cmd_max=0.0000 filtered_mean=0.0000 filtered_max=0.0000 esc_throttle_mean=0.0000 total_thrust_n=0.0000 body_up_force_n=0.0000 saturated_motors=0 rated_cap_command=1.0000 voltage_v=14.8000 thrust_scale=1.000000 current_a=0.0000
[gazebo_direct_motor_model-5] [INFO] [1786552300.464817560] [my_drone_gazebo_direct_motor_model]: MOTOR_DYNAMIC_STATE sim_s=33.020 cmd_min=0.0000 cmd_mean=0.0000 cmd_max=0.0000 filtered_mean=0.0000 filtered_max=0.0000 esc_throttle_mean=0.0000 total_thrust_n=0.0000 body_up_force_n=0.0000 saturated_motors=0 rated_cap_command=1.0000 voltage_v=14.8000 thrust_scale=1.000000 current_a=0.0000
[gazebo_direct_motor_model-5] [INFO] [1786552301.465882811] [my_drone_gazebo_direct_motor_model]: MOTOR_DYNAMIC_STATE sim_s=34.020 cmd_min=0.0000 cmd_mean=0.0000 cmd_max=0.0000 filtered_mean=0.0000 filtered_max=0.0000 esc_throttle_mean=0.0000 total_thrust_n=0.0000 body_up_force_n=0.0000 saturated_motors=0 rated_cap_command=1.0000 voltage_v=14.8000 thrust_scale=1.000000 current_a=0.0000
[gazebo_direct_motor_model-5] [INFO] [1786552302.464506349] [my_drone_gazebo_direct_motor_model]: MOTOR_DYNAMIC_STATE sim_s=35.020 cmd_min=0.0000 cmd_mean=0.0000 cmd_max=0.0000 filtered_mean=0.0000 filtered_max=0.0000 esc_throttle_mean=0.0000 total_thrust_n=0.0000 body_up_force_n=0.0000 saturated_motors=0 rated_cap_command=1.0000 voltage_v=14.8000 thrust_scale=1.000000 current_a=0.0000
[gazebo_direct_motor_model-5] [INFO] [1786552303.458949126] [my_drone_gazebo_direct_motor_model]: MOTOR_DYNAMIC_STATE sim_s=36.020 cmd_min=0.0000 cmd_mean=0.0000 cmd_max=0.0000 filtered_mean=0.0000 filtered_max=0.0000 esc_throttle_mean=0.0000 total_thrust_n=0.0000 body_up_force_n=0.0000 saturated_motors=0 rated_cap_command=1.0000 voltage_v=14.8000 thrust_scale=1.000000 current_a=0.0000
[gazebo_direct_motor_model-5] [INFO] [1786552304.460397691] [my_drone_gazebo_direct_motor_model]: MOTOR_DYNAMIC_STATE sim_s=37.020 cmd_min=0.0000 cmd_mean=0.0000 cmd_max=0.0000 filtered_mean=0.0000 filtered_max=0.0000 esc_throttle_mean=0.0000 total_thrust_n=0.0000 body_up_force_n=0.0000 saturated_motors=0 rated_cap_command=1.0000 voltage_v=14.8000 thrust_scale=1.000000 current_a=0.0000
[gazebo_direct_motor_model-5] [INFO] [1786552305.461204702] [my_drone_gazebo_direct_motor_model]: MOTOR_DYNAMIC_STATE sim_s=38.020 cmd_min=0.0000 cmd_mean=0.0000 cmd_max=0.0000 filtered_mean=0.0000 filtered_max=0.0000 esc_throttle_mean=0.0000 total_thrust_n=0.0000 body_up_force_n=0.0000 saturated_motors=0 rated_cap_command=1.0000 voltage_v=14.8000 thrust_scale=1.000000 current_a=0.0000
[gazebo_direct_motor_model-5] [INFO] [1786552306.459407445] [my_drone_gazebo_direct_motor_model]: MOTOR_DYNAMIC_STATE sim_s=39.020 cmd_min=0.0000 cmd_mean=0.0000 cmd_max=0.0000 filtered_mean=0.0000 filtered_max=0.0000 esc_throttle_mean=0.0000 total_thrust_n=0.0000 body_up_force_n=0.0000 saturated_motors=0 rated_cap_command=1.0000 voltage_v=14.8000 thrust_scale=1.000000 current_a=0.0000
[gazebo_direct_motor_model-5] [INFO] [1786552307.463994052] [my_drone_gazebo_direct_motor_model]: MOTOR_DYNAMIC_STATE sim_s=40.020 cmd_min=0.0000 cmd_mean=0.0000 cmd_max=0.0000 filtered_mean=0.0000 filtered_max=0.0000 esc_throttle_mean=0.0000 total_thrust_n=0.0000 body_up_force_n=0.0000 saturated_motors=0 rated_cap_command=1.0000 voltage_v=14.8000 thrust_scale=1.000000 current_a=0.0000
[gazebo_direct_motor_model-5] [INFO] [1786552308.460188455] [my_drone_gazebo_direct_motor_model]: MOTOR_DYNAMIC_STATE sim_s=41.020 cmd_min=0.0000 cmd_mean=0.0000 cmd_max=0.0000 filtered_mean=0.0000 filtered_max=0.0000 esc_throttle_mean=0.0000 total_thrust_n=0.0000 body_up_force_n=0.0000 saturated_motors=0 rated_cap_command=1.0000 voltage_v=14.8000 thrust_scale=1.000000 current_a=0.0000
[gazebo_direct_motor_model-5] [INFO] [1786552309.464717112] [my_drone_gazebo_direct_motor_model]: MOTOR_DYNAMIC_STATE sim_s=42.020 cmd_min=0.0000 cmd_mean=0.0000 cmd_max=0.0000 filtered_mean=0.0000 filtered_max=0.0000 esc_throttle_mean=0.0000 total_thrust_n=0.0000 body_up_force_n=0.0000 saturated_motors=0 rated_cap_command=1.0000 voltage_v=14.8000 thrust_scale=1.000000 current_a=0.0000
[gazebo_direct_motor_model-5] [INFO] [1786552310.464735254] [my_drone_gazebo_direct_motor_model]: MOTOR_DYNAMIC_STATE sim_s=43.020 cmd_min=0.0000 cmd_mean=0.0000 cmd_max=0.0000 filtered_mean=0.0000 filtered_max=0.0000 esc_throttle_mean=0.0000 total_thrust_n=0.0000 body_up_force_n=0.0000 saturated_motors=0 rated_cap_command=1.0000 voltage_v=14.8000 thrust_scale=1.000000 current_a=0.0000
[gazebo_direct_motor_model-5] [INFO] [1786552311.461688197] [my_drone_gazebo_direct_motor_model]: MOTOR_DYNAMIC_STATE sim_s=44.020 cmd_min=0.0000 cmd_mean=0.0000 cmd_max=0.0000 filtered_mean=0.0000 filtered_max=0.0000 esc_throttle_mean=0.0000 total_thrust_n=0.0000 body_up_force_n=0.0000 saturated_motors=0 rated_cap_command=1.0000 voltage_v=14.8000 thrust_scale=1.000000 current_a=0.0000
[gazebo_direct_motor_model-5] [INFO] [1786552312.465651213] [my_drone_gazebo_direct_motor_model]: MOTOR_DYNAMIC_STATE sim_s=45.020 cmd_min=0.0000 cmd_mean=0.0000 cmd_max=0.0000 filtered_mean=0.0000 filtered_max=0.0000 esc_throttle_mean=0.0000 total_thrust_n=0.0000 body_up_force_n=0.0000 saturated_motors=0 rated_cap_command=1.0000 voltage_v=14.8000 thrust_scale=1.000000 current_a=0.0000
[gazebo_direct_motor_model-5] [INFO] [1786552313.463450740] [my_drone_gazebo_direct_motor_model]: MOTOR_DYNAMIC_STATE sim_s=46.020 cmd_min=0.0000 cmd_mean=0.0000 cmd_max=0.0000 filtered_mean=0.0000 filtered_max=0.0000 esc_throttle_mean=0.0000 total_thrust_n=0.0000 body_up_force_n=0.0000 saturated_motors=0 rated_cap_command=1.0000 voltage_v=14.8000 thrust_scale=1.000000 current_a=0.0000
[gazebo_direct_motor_model-5] [INFO] [1786552314.466795277] [my_drone_gazebo_direct_motor_model]: MOTOR_DYNAMIC_STATE sim_s=47.020 cmd_min=0.0000 cmd_mean=0.0000 cmd_max=0.0000 filtered_mean=0.0000 filtered_max=0.0000 esc_throttle_mean=0.0000 total_thrust_n=0.0000 body_up_force_n=0.0000 saturated_motors=0 rated_cap_command=1.0000 voltage_v=14.8000 thrust_scale=1.000000 current_a=0.0000
[gazebo_direct_motor_model-5] [INFO] [1786552315.465386396] [my_drone_gazebo_direct_motor_model]: MOTOR_DYNAMIC_STATE sim_s=48.020 cmd_min=0.0000 cmd_mean=0.0000 cmd_max=0.0000 filtered_mean=0.0000 filtered_max=0.0000 esc_throttle_mean=0.0000 total_thrust_n=0.0000 body_up_force_n=0.0000 saturated_motors=0 rated_cap_command=1.0000 voltage_v=14.8000 thrust_scale=1.000000 current_a=0.0000
[gazebo_direct_motor_model-5] [INFO] [1786552316.461484318] [my_drone_gazebo_direct_motor_model]: MOTOR_DYNAMIC_STATE sim_s=49.020 cmd_min=0.0000 cmd_mean=0.0000 cmd_max=0.0000 filtered_mean=0.0000 filtered_max=0.0000 esc_throttle_mean=0.0000 total_thrust_n=0.0000 body_up_force_n=0.0000 saturated_motors=0 rated_cap_command=1.0000 voltage_v=14.8000 thrust_scale=1.000000 current_a=0.0000
[gazebo_direct_motor_model-5] [INFO] [1786552317.462867096] [my_drone_gazebo_direct_motor_model]: MOTOR_DYNAMIC_STATE sim_s=50.020 cmd_min=0.0000 cmd_mean=0.0000 cmd_max=0.0000 filtered_mean=0.0000 filtered_max=0.0000 esc_throttle_mean=0.0000 total_thrust_n=0.0000 body_up_force_n=0.0000 saturated_motors=0 rated_cap_command=1.0000 voltage_v=14.8000 thrust_scale=1.000000 current_a=0.0000
[gazebo_direct_motor_model-5] [INFO] [1786552318.462913847] [my_drone_gazebo_direct_motor_model]: MOTOR_DYNAMIC_STATE sim_s=51.020 cmd_min=0.0000 cmd_mean=0.0000 cmd_max=0.0000 filtered_mean=0.0000 filtered_max=0.0000 esc_throttle_mean=0.0000 total_thrust_n=0.0000 body_up_force_n=0.0000 saturated_motors=0 rated_cap_command=1.0000 voltage_v=14.8000 thrust_scale=1.000000 current_a=0.0000
[gazebo_direct_motor_model-5] [INFO] [1786552319.458168704] [my_drone_gazebo_direct_motor_model]: MOTOR_DYNAMIC_STATE sim_s=52.020 cmd_min=0.0000 cmd_mean=0.0000 cmd_max=0.0000 filtered_mean=0.0000 filtered_max=0.0000 esc_throttle_mean=0.0000 total_thrust_n=0.0000 body_up_force_n=0.0000 saturated_motors=0 rated_cap_command=1.0000 voltage_v=14.8000 thrust_scale=1.000000 current_a=0.0000
[gazebo_direct_motor_model-5] [INFO] [1786552320.460349017] [my_drone_gazebo_direct_motor_model]: MOTOR_DYNAMIC_STATE sim_s=53.020 cmd_min=0.0000 cmd_mean=0.0000 cmd_max=0.0000 filtered_mean=0.0000 filtered_max=0.0000 esc_throttle_mean=0.0000 total_thrust_n=0.0000 body_up_force_n=0.0000 saturated_motors=0 rated_cap_command=1.0000 voltage_v=14.8000 thrust_scale=1.000000 current_a=0.0000
[gazebo_direct_motor_model-5] [INFO] [1786552321.463277110] [my_drone_gazebo_direct_motor_model]: MOTOR_DYNAMIC_STATE sim_s=54.020 cmd_min=0.0000 cmd_mean=0.0000 cmd_max=0.0000 filtered_mean=0.0000 filtered_max=0.0000 esc_throttle_mean=0.0000 total_thrust_n=0.0000 body_up_force_n=0.0000 saturated_motors=0 rated_cap_command=1.0000 voltage_v=14.8000 thrust_scale=1.000000 current_a=0.0000
[gazebo_direct_motor_model-5] [INFO] [1786552322.461913749] [my_drone_gazebo_direct_motor_model]: MOTOR_DYNAMIC_STATE sim_s=55.020 cmd_min=0.0000 cmd_mean=0.0000 cmd_max=0.0000 filtered_mean=0.0000 filtered_max=0.0000 esc_throttle_mean=0.0000 total_thrust_n=0.0000 body_up_force_n=0.0000 saturated_motors=0 rated_cap_command=1.0000 voltage_v=14.8000 thrust_scale=1.000000 current_a=0.0000
[gazebo_direct_motor_model-5] [INFO] [1786552323.457612303] [my_drone_gazebo_direct_motor_model]: MOTOR_DYNAMIC_STATE sim_s=56.020 cmd_min=0.0000 cmd_mean=0.0000 cmd_max=0.0000 filtered_mean=0.0000 filtered_max=0.0000 esc_throttle_mean=0.0000 total_thrust_n=0.0000 body_up_force_n=0.0000 saturated_motors=0 rated_cap_command=1.0000 voltage_v=14.8000 thrust_scale=1.000000 current_a=0.0000
[gazebo_direct_motor_model-5] [INFO] [1786552324.460791322] [my_drone_gazebo_direct_motor_model]: MOTOR_DYNAMIC_STATE sim_s=57.020 cmd_min=0.0000 cmd_mean=0.0000 cmd_max=0.0000 filtered_mean=0.0000 filtered_max=0.0000 esc_throttle_mean=0.0000 total_thrust_n=0.0000 body_up_force_n=0.0000 saturated_motors=0 rated_cap_command=1.0000 voltage_v=14.8000 thrust_scale=1.000000 current_a=0.0000
[gazebo_direct_motor_model-5] [INFO] [1786552325.457553515] [my_drone_gazebo_direct_motor_model]: MOTOR_DYNAMIC_STATE sim_s=58.020 cmd_min=0.0000 cmd_mean=0.0000 cmd_max=0.0000 filtered_mean=0.0000 filtered_max=0.0000 esc_throttle_mean=0.0000 total_thrust_n=0.0000 body_up_force_n=0.0000 saturated_motors=0 rated_cap_command=1.0000 voltage_v=14.8000 thrust_scale=1.000000 current_a=0.0000
[gazebo_direct_motor_model-5] [INFO] [1786552326.461231677] [my_drone_gazebo_direct_motor_model]: MOTOR_DYNAMIC_STATE sim_s=59.020 cmd_min=0.0000 cmd_mean=0.0000 cmd_max=0.0000 filtered_mean=0.0000 filtered_max=0.0000 esc_throttle_mean=0.0000 total_thrust_n=0.0000 body_up_force_n=0.0000 saturated_motors=0 rated_cap_command=1.0000 voltage_v=14.8000 thrust_scale=1.000000 current_a=0.0000
[gazebo_direct_motor_model-5] [INFO] [1786552327.461362704] [my_drone_gazebo_direct_motor_model]: MOTOR_DYNAMIC_STATE sim_s=60.020 cmd_min=0.0000 cmd_mean=0.0000 cmd_max=0.0000 filtered_mean=0.0000 filtered_max=0.0000 esc_throttle_mean=0.0000 total_thrust_n=0.0000 body_up_force_n=0.0000 saturated_motors=0 rated_cap_command=1.0000 voltage_v=14.8000 thrust_scale=1.000000 current_a=0.0000
[gazebo_direct_motor_model-5] [INFO] [1786552328.461735069] [my_drone_gazebo_direct_motor_model]: MOTOR_DYNAMIC_STATE sim_s=61.020 cmd_min=0.0000 cmd_mean=0.0000 cmd_max=0.0000 filtered_mean=0.0000 filtered_max=0.0000 esc_throttle_mean=0.0000 total_thrust_n=0.0000 body_up_force_n=0.0000 saturated_motors=0 rated_cap_command=1.0000 voltage_v=14.8000 thrust_scale=1.000000 current_a=0.0000
[gazebo_direct_motor_model-5] [INFO] [1786552329.459267597] [my_drone_gazebo_direct_motor_model]: MOTOR_DYNAMIC_STATE sim_s=62.020 cmd_min=0.0000 cmd_mean=0.0000 cmd_max=0.0000 filtered_mean=0.0000 filtered_max=0.0000 esc_throttle_mean=0.0000 total_thrust_n=0.0000 body_up_force_n=0.0000 saturated_motors=0 rated_cap_command=1.0000 voltage_v=14.8000 thrust_scale=1.000000 current_a=0.0000
[gazebo_direct_motor_model-5] [INFO] [1786552330.458636252] [my_drone_gazebo_direct_motor_model]: MOTOR_DYNAMIC_STATE sim_s=63.020 cmd_min=0.0000 cmd_mean=0.0000 cmd_max=0.0000 filtered_mean=0.0000 filtered_max=0.0000 esc_throttle_mean=0.0000 total_thrust_n=0.0000 body_up_force_n=0.0000 saturated_motors=0 rated_cap_command=1.0000 voltage_v=14.8000 thrust_scale=1.000000 current_a=0.0000
[gazebo_direct_motor_model-5] [INFO] [1786552331.465901726] [my_drone_gazebo_direct_motor_model]: MOTOR_DYNAMIC_STATE sim_s=64.024 cmd_min=0.0000 cmd_mean=0.0000 cmd_max=0.0000 filtered_mean=0.0000 filtered_max=0.0000 esc_throttle_mean=0.0000 total_thrust_n=0.0000 body_up_force_n=0.0000 saturated_motors=0 rated_cap_command=1.0000 voltage_v=14.8000 thrust_scale=1.000000 current_a=0.0000
[gazebo_direct_motor_model-5] [INFO] [1786552332.484777852] [my_drone_gazebo_direct_motor_model]: MOTOR_DYNAMIC_STATE sim_s=65.024 cmd_min=0.0000 cmd_mean=0.0000 cmd_max=0.0000 filtered_mean=0.0000 filtered_max=0.0000 esc_throttle_mean=0.0000 total_thrust_n=0.0000 body_up_force_n=0.0000 saturated_motors=0 rated_cap_command=1.0000 voltage_v=14.8000 thrust_scale=1.000000 current_a=0.0000
[gazebo_direct_motor_model-5] [INFO] [1786552333.470700069] [my_drone_gazebo_direct_motor_model]: MOTOR_DYNAMIC_STATE sim_s=66.024 cmd_min=0.0000 cmd_mean=0.0000 cmd_max=0.0000 filtered_mean=0.0000 filtered_max=0.0000 esc_throttle_mean=0.0000 total_thrust_n=0.0000 body_up_force_n=0.0000 saturated_motors=0 rated_cap_command=1.0000 voltage_v=14.8000 thrust_scale=1.000000 current_a=0.0000
[gazebo_direct_motor_model-5] [INFO] [1786552334.572437522] [my_drone_gazebo_direct_motor_model]: MOTOR_DYNAMIC_STATE sim_s=67.024 cmd_min=0.0000 cmd_mean=0.0000 cmd_max=0.0000 filtered_mean=0.0000 filtered_max=0.0000 esc_throttle_mean=0.0000 total_thrust_n=0.0000 body_up_force_n=0.0000 saturated_motors=0 rated_cap_command=1.0000 voltage_v=14.8000 thrust_scale=1.000000 current_a=0.0000
[gazebo_direct_motor_model-5] [INFO] [1786552335.477732366] [my_drone_gazebo_direct_motor_model]: MOTOR_DYNAMIC_STATE sim_s=68.024 cmd_min=0.0000 cmd_mean=0.0000 cmd_max=0.0000 filtered_mean=0.0000 filtered_max=0.0000 esc_throttle_mean=0.0000 total_thrust_n=0.0000 body_up_force_n=0.0000 saturated_motors=0 rated_cap_command=1.0000 voltage_v=14.8000 thrust_scale=1.000000 current_a=0.0000
[gazebo_direct_motor_model-5] [INFO] [1786552336.471222747] [my_drone_gazebo_direct_motor_model]: MOTOR_DYNAMIC_STATE sim_s=69.024 cmd_min=0.0000 cmd_mean=0.0000 cmd_max=0.0000 filtered_mean=0.0000 filtered_max=0.0000 esc_throttle_mean=0.0000 total_thrust_n=0.0000 body_up_force_n=0.0000 saturated_motors=0 rated_cap_command=1.0000 voltage_v=14.8000 thrust_scale=1.000000 current_a=0.0000
[gazebo_direct_motor_model-5] [INFO] [1786552337.466922534] [my_drone_gazebo_direct_motor_model]: MOTOR_DYNAMIC_STATE sim_s=70.024 cmd_min=0.0000 cmd_mean=0.0000 cmd_max=0.0000 filtered_mean=0.0000 filtered_max=0.0000 esc_throttle_mean=0.0000 total_thrust_n=0.0000 body_up_force_n=0.0000 saturated_motors=0 rated_cap_command=1.0000 voltage_v=14.8000 thrust_scale=1.000000 current_a=0.0000
[gazebo_direct_motor_model-5] [INFO] [1786552338.467310742] [my_drone_gazebo_direct_motor_model]: MOTOR_DYNAMIC_STATE sim_s=71.024 cmd_min=0.0000 cmd_mean=0.0000 cmd_max=0.0000 filtered_mean=0.0000 filtered_max=0.0000 esc_throttle_mean=0.0000 total_thrust_n=0.0000 body_up_force_n=0.0000 saturated_motors=0 rated_cap_command=1.0000 voltage_v=14.8000 thrust_scale=1.000000 current_a=0.0000
[gazebo_direct_motor_model-5] [INFO] [1786552339.469880500] [my_drone_gazebo_direct_motor_model]: MOTOR_DYNAMIC_STATE sim_s=72.024 cmd_min=0.0000 cmd_mean=0.0000 cmd_max=0.0000 filtered_mean=0.0000 filtered_max=0.0000 esc_throttle_mean=0.0000 total_thrust_n=0.0000 body_up_force_n=0.0000 saturated_motors=0 rated_cap_command=1.0000 voltage_v=14.8000 thrust_scale=1.000000 current_a=0.0000
[gazebo_direct_motor_model-5] [INFO] [1786552340.469201436] [my_drone_gazebo_direct_motor_model]: MOTOR_DYNAMIC_STATE sim_s=73.024 cmd_min=0.0000 cmd_mean=0.0000 cmd_max=0.0000 filtered_mean=0.0000 filtered_max=0.0000 esc_throttle_mean=0.0000 total_thrust_n=0.0000 body_up_force_n=0.0000 saturated_motors=0 rated_cap_command=1.0000 voltage_v=14.8000 thrust_scale=1.000000 current_a=0.0000
[gazebo_direct_motor_model-5] [INFO] [1786552341.476716581] [my_drone_gazebo_direct_motor_model]: MOTOR_DYNAMIC_STATE sim_s=74.024 cmd_min=0.0000 cmd_mean=0.0000 cmd_max=0.0000 filtered_mean=0.0000 filtered_max=0.0000 esc_throttle_mean=0.0000 total_thrust_n=0.0000 body_up_force_n=0.0000 saturated_motors=0 rated_cap_command=1.0000 voltage_v=14.8000 thrust_scale=1.000000 current_a=0.0000
[gazebo_direct_motor_model-5] [INFO] [1786552342.467328883] [my_drone_gazebo_direct_motor_model]: MOTOR_DYNAMIC_STATE sim_s=75.024 cmd_min=0.0000 cmd_mean=0.0000 cmd_max=0.0000 filtered_mean=0.0000 filtered_max=0.0000 esc_throttle_mean=0.0000 total_thrust_n=0.0000 body_up_force_n=0.0000 saturated_motors=0 rated_cap_command=1.0000 voltage_v=14.8000 thrust_scale=1.000000 current_a=0.0000
[gazebo_direct_motor_model-5] [INFO] [1786552342.554161149] [my_drone_gazebo_direct_motor_model]: first nonzero velocity motor command: raw=[1.007354736328125, 0.956939697265625, 1.00262451171875, 1.110107421875, 0.92559814453125, 0.952239990234375, 0.9302978515625, 1.11480712890625], normalized=[0.001007354736328125, 0.000956939697265625, 0.00100262451171875, 0.001110107421875, 0.00092559814453125, 0.000952239990234375, 0.0009302978515625, 0.00111480712890625]
[gazebo_direct_motor_model-5] [INFO] [1786552343.467611446] [my_drone_gazebo_direct_motor_model]: MOTOR_DYNAMIC_STATE sim_s=76.024 cmd_min=0.0010 cmd_mean=0.0010 cmd_max=0.0010 filtered_mean=0.0010 filtered_max=0.0010 esc_throttle_mean=0.0069 total_thrust_n=0.0941 body_up_force_n=0.0815 saturated_motors=0 rated_cap_command=1.0000 voltage_v=14.8000 thrust_scale=1.000000 current_a=0.0000
[gazebo_direct_motor_model-5] [INFO] [1786552344.467822942] [my_drone_gazebo_direct_motor_model]: MOTOR_DYNAMIC_STATE sim_s=77.024 cmd_min=0.4039 cmd_mean=0.4194 cmd_max=0.4348 filtered_mean=0.4193 filtered_max=0.4348 esc_throttle_mean=0.4762 total_thrust_n=39.4741 body_up_force_n=34.1856 saturated_motors=0 rated_cap_command=1.0000 voltage_v=14.8000 thrust_scale=1.000000 current_a=0.0000
[gazebo_direct_motor_model-5] [INFO] [1786552345.467254479] [my_drone_gazebo_direct_motor_model]: MOTOR_DYNAMIC_STATE sim_s=78.024 cmd_min=0.4660 cmd_mean=0.4830 cmd_max=0.5002 filtered_mean=0.4830 filtered_max=0.5002 esc_throttle_mean=0.5614 total_thrust_n=45.4759 body_up_force_n=39.3833 saturated_motors=0 rated_cap_command=1.0000 voltage_v=14.8000 thrust_scale=1.000000 current_a=0.0000
[gazebo_direct_motor_model-5] [INFO] [1786552346.467529487] [my_drone_gazebo_direct_motor_model]: MOTOR_DYNAMIC_STATE sim_s=79.024 cmd_min=0.4676 cmd_mean=0.4820 cmd_max=0.4963 filtered_mean=0.4820 filtered_max=0.4963 esc_throttle_mean=0.5616 total_thrust_n=45.3804 body_up_force_n=39.3006 saturated_motors=0 rated_cap_command=1.0000 voltage_v=14.8000 thrust_scale=1.000000 current_a=0.0000
[gazebo_direct_motor_model-5] [INFO] [1786552347.465495466] [my_drone_gazebo_direct_motor_model]: MOTOR_DYNAMIC_STATE sim_s=80.024 cmd_min=0.4663 cmd_mean=0.4817 cmd_max=0.4968 filtered_mean=0.4817 filtered_max=0.4968 esc_throttle_mean=0.5605 total_thrust_n=45.3527 body_up_force_n=39.2766 saturated_motors=0 rated_cap_command=1.0000 voltage_v=14.8000 thrust_scale=1.000000 current_a=0.0000
[gazebo_direct_motor_model-5] [INFO] [1786552348.470981570] [my_drone_gazebo_direct_motor_model]: MOTOR_DYNAMIC_STATE sim_s=81.024 cmd_min=0.4658 cmd_mean=0.4816 cmd_max=0.4980 filtered_mean=0.4816 filtered_max=0.4980 esc_throttle_mean=0.5600 total_thrust_n=45.3412 body_up_force_n=39.2666 saturated_motors=0 rated_cap_command=1.0000 voltage_v=14.8000 thrust_scale=1.000000 current_a=0.0000
[gazebo_direct_motor_model-5] [INFO] [1786552349.470063789] [my_drone_gazebo_direct_motor_model]: MOTOR_DYNAMIC_STATE sim_s=82.024 cmd_min=0.4665 cmd_mean=0.4822 cmd_max=0.4987 filtered_mean=0.4822 filtered_max=0.4987 esc_throttle_mean=0.5611 total_thrust_n=45.3996 body_up_force_n=39.3172 saturated_motors=0 rated_cap_command=1.0000 voltage_v=14.8000 thrust_scale=1.000000 current_a=0.0000
[gazebo_direct_motor_model-5] [INFO] [1786552350.465458345] [my_drone_gazebo_direct_motor_model]: MOTOR_DYNAMIC_STATE sim_s=83.024 cmd_min=0.4655 cmd_mean=0.4803 cmd_max=0.4952 filtered_mean=0.4803 filtered_max=0.4952 esc_throttle_mean=0.5583 total_thrust_n=45.2136 body_up_force_n=39.1561 saturated_motors=0 rated_cap_command=1.0000 voltage_v=14.8000 thrust_scale=1.000000 current_a=0.0000
[gazebo_direct_motor_model-5] [INFO] [1786552351.467943321] [my_drone_gazebo_direct_motor_model]: MOTOR_DYNAMIC_STATE sim_s=84.024 cmd_min=0.4645 cmd_mean=0.4796 cmd_max=0.4949 filtered_mean=0.4796 filtered_max=0.4949 esc_throttle_mean=0.5561 total_thrust_n=45.1532 body_up_force_n=39.1038 saturated_motors=0 rated_cap_command=1.0000 voltage_v=14.8000 thrust_scale=1.000000 current_a=0.0000
[gazebo_direct_motor_model-5] [INFO] [1786552352.470834310] [my_drone_gazebo_direct_motor_model]: MOTOR_DYNAMIC_STATE sim_s=85.024 cmd_min=0.4650 cmd_mean=0.4808 cmd_max=0.4975 filtered_mean=0.4808 filtered_max=0.4975 esc_throttle_mean=0.5576 total_thrust_n=45.2627 body_up_force_n=39.1987 saturated_motors=0 rated_cap_command=1.0000 voltage_v=14.8000 thrust_scale=1.000000 current_a=0.0000
[gazebo_direct_motor_model-5] [INFO] [1786552353.466678551] [my_drone_gazebo_direct_motor_model]: MOTOR_DYNAMIC_STATE sim_s=86.024 cmd_min=0.4654 cmd_mean=0.4807 cmd_max=0.4958 filtered_mean=0.4807 filtered_max=0.4958 esc_throttle_mean=0.5588 total_thrust_n=45.2568 body_up_force_n=39.1936 saturated_motors=0 rated_cap_command=1.0000 voltage_v=14.8000 thrust_scale=1.000000 current_a=0.0000
[gazebo_direct_motor_model-5] [INFO] [1786552354.471680522] [my_drone_gazebo_direct_motor_model]: MOTOR_DYNAMIC_STATE sim_s=87.024 cmd_min=0.4656 cmd_mean=0.4804 cmd_max=0.4946 filtered_mean=0.4804 filtered_max=0.4946 esc_throttle_mean=0.5582 total_thrust_n=45.2298 body_up_force_n=39.1701 saturated_motors=0 rated_cap_command=1.0000 voltage_v=14.8000 thrust_scale=1.000000 current_a=0.0000
[gazebo_direct_motor_model-5] [INFO] [1786552355.466452218] [my_drone_gazebo_direct_motor_model]: MOTOR_DYNAMIC_STATE sim_s=88.024 cmd_min=0.4649 cmd_mean=0.4815 cmd_max=0.4989 filtered_mean=0.4815 filtered_max=0.4989 esc_throttle_mean=0.5587 total_thrust_n=45.3344 body_up_force_n=39.2608 saturated_motors=0 rated_cap_command=1.0000 voltage_v=14.8000 thrust_scale=1.000000 current_a=0.0000
[gazebo_direct_motor_model-5] [INFO] [1786552356.470040727] [my_drone_gazebo_direct_motor_model]: MOTOR_DYNAMIC_STATE sim_s=89.024 cmd_min=0.4675 cmd_mean=0.4817 cmd_max=0.4962 filtered_mean=0.4817 filtered_max=0.4962 esc_throttle_mean=0.5612 total_thrust_n=45.3496 body_up_force_n=39.2739 saturated_motors=0 rated_cap_command=1.0000 voltage_v=14.8000 thrust_scale=1.000000 current_a=0.0000
[gazebo_direct_motor_model-5] [INFO] [1786552357.465704405] [my_drone_gazebo_direct_motor_model]: MOTOR_DYNAMIC_STATE sim_s=90.024 cmd_min=0.4653 cmd_mean=0.4811 cmd_max=0.4969 filtered_mean=0.4811 filtered_max=0.4969 esc_throttle_mean=0.5587 total_thrust_n=45.2929 body_up_force_n=39.2248 saturated_motors=0 rated_cap_command=1.0000 voltage_v=14.8000 thrust_scale=1.000000 current_a=0.0000
[gazebo_direct_motor_model-5] [INFO] [1786552358.468392155] [my_drone_gazebo_direct_motor_model]: MOTOR_DYNAMIC_STATE sim_s=91.024 cmd_min=0.4654 cmd_mean=0.4810 cmd_max=0.4967 filtered_mean=0.4810 filtered_max=0.4967 esc_throttle_mean=0.5592 total_thrust_n=45.2806 body_up_force_n=39.2141 saturated_motors=0 rated_cap_command=1.0000 voltage_v=14.8000 thrust_scale=1.000000 current_a=0.0000
[gazebo_direct_motor_model-5] [INFO] [1786552359.466116414] [my_drone_gazebo_direct_motor_model]: MOTOR_DYNAMIC_STATE sim_s=92.024 cmd_min=0.4666 cmd_mean=0.4812 cmd_max=0.4959 filtered_mean=0.4812 filtered_max=0.4959 esc_throttle_mean=0.5593 total_thrust_n=45.3042 body_up_force_n=39.2346 saturated_motors=0 rated_cap_command=1.0000 voltage_v=14.8000 thrust_scale=1.000000 current_a=0.0000
[gazebo_direct_motor_model-5] [INFO] [1786552360.465442663] [my_drone_gazebo_direct_motor_model]: MOTOR_DYNAMIC_STATE sim_s=93.024 cmd_min=0.4650 cmd_mean=0.4814 cmd_max=0.4969 filtered_mean=0.4814 filtered_max=0.4969 esc_throttle_mean=0.5585 total_thrust_n=45.3169 body_up_force_n=39.2456 saturated_motors=0 rated_cap_command=1.0000 voltage_v=14.8000 thrust_scale=1.000000 current_a=0.0000
[gazebo_direct_motor_model-5] [INFO] [1786552361.470396289] [my_drone_gazebo_direct_motor_model]: MOTOR_DYNAMIC_STATE sim_s=94.024 cmd_min=0.4668 cmd_mean=0.4815 cmd_max=0.4972 filtered_mean=0.4815 filtered_max=0.4972 esc_throttle_mean=0.5607 total_thrust_n=45.3319 body_up_force_n=39.2586 saturated_motors=0 rated_cap_command=1.0000 voltage_v=14.8000 thrust_scale=1.000000 current_a=0.0000
[gazebo_direct_motor_model-5] [INFO] [1786552362.463440105] [my_drone_gazebo_direct_motor_model]: MOTOR_DYNAMIC_STATE sim_s=95.024 cmd_min=0.4661 cmd_mean=0.4813 cmd_max=0.4963 filtered_mean=0.4813 filtered_max=0.4963 esc_throttle_mean=0.5597 total_thrust_n=45.3101 body_up_force_n=39.2397 saturated_motors=0 rated_cap_command=1.0000 voltage_v=14.8000 thrust_scale=1.000000 current_a=0.0000
[gazebo_direct_motor_model-5] [INFO] [1786552363.466639057] [my_drone_gazebo_direct_motor_model]: MOTOR_DYNAMIC_STATE sim_s=96.024 cmd_min=0.4657 cmd_mean=0.4806 cmd_max=0.4957 filtered_mean=0.4806 filtered_max=0.4957 esc_throttle_mean=0.5581 total_thrust_n=45.2421 body_up_force_n=39.1808 saturated_motors=0 rated_cap_command=1.0000 voltage_v=14.8000 thrust_scale=1.000000 current_a=0.0000
[gazebo_direct_motor_model-5] [INFO] [1786552364.463757378] [my_drone_gazebo_direct_motor_model]: MOTOR_DYNAMIC_STATE sim_s=97.024 cmd_min=0.4659 cmd_mean=0.4812 cmd_max=0.4963 filtered_mean=0.4812 filtered_max=0.4963 esc_throttle_mean=0.5588 total_thrust_n=45.2986 body_up_force_n=39.2297 saturated_motors=0 rated_cap_command=1.0000 voltage_v=14.8000 thrust_scale=1.000000 current_a=0.0000
[gazebo_direct_motor_model-5] [INFO] [1786552365.464748262] [my_drone_gazebo_direct_motor_model]: MOTOR_DYNAMIC_STATE sim_s=98.024 cmd_min=0.4655 cmd_mean=0.4812 cmd_max=0.4969 filtered_mean=0.4812 filtered_max=0.4969 esc_throttle_mean=0.5595 total_thrust_n=45.3067 body_up_force_n=39.2368 saturated_motors=0 rated_cap_command=1.0000 voltage_v=14.8000 thrust_scale=1.000000 current_a=0.0000
[gazebo_direct_motor_model-5] [INFO] [1786552366.470250037] [my_drone_gazebo_direct_motor_model]: MOTOR_DYNAMIC_STATE sim_s=99.024 cmd_min=0.4660 cmd_mean=0.4814 cmd_max=0.4967 filtered_mean=0.4814 filtered_max=0.4967 esc_throttle_mean=0.5599 total_thrust_n=45.3174 body_up_force_n=39.2461 saturated_motors=0 rated_cap_command=1.0000 voltage_v=14.8000 thrust_scale=1.000000 current_a=0.0000
[gazebo_direct_motor_model-5] [INFO] [1786552367.463873307] [my_drone_gazebo_direct_motor_model]: MOTOR_DYNAMIC_STATE sim_s=100.024 cmd_min=0.4658 cmd_mean=0.4813 cmd_max=0.4971 filtered_mean=0.4813 filtered_max=0.4971 esc_throttle_mean=0.5584 total_thrust_n=45.3094 body_up_force_n=39.2391 saturated_motors=0 rated_cap_command=1.0000 voltage_v=14.8000 thrust_scale=1.000000 current_a=0.0000
[gazebo_direct_motor_model-5] [INFO] [1786552368.467241052] [my_drone_gazebo_direct_motor_model]: MOTOR_DYNAMIC_STATE sim_s=101.024 cmd_min=0.4671 cmd_mean=0.4815 cmd_max=0.4958 filtered_mean=0.4815 filtered_max=0.4958 esc_throttle_mean=0.5607 total_thrust_n=45.3327 body_up_force_n=39.2592 saturated_motors=0 rated_cap_command=1.0000 voltage_v=14.8000 thrust_scale=1.000000 current_a=0.0000
[gazebo_direct_motor_model-5] [INFO] [1786552369.466596188] [my_drone_gazebo_direct_motor_model]: MOTOR_DYNAMIC_STATE sim_s=102.024 cmd_min=0.4642 cmd_mean=0.4810 cmd_max=0.4977 filtered_mean=0.4810 filtered_max=0.4977 esc_throttle_mean=0.5584 total_thrust_n=45.2802 body_up_force_n=39.2138 saturated_motors=0 rated_cap_command=1.0000 voltage_v=14.8000 thrust_scale=1.000000 current_a=0.0000
[gazebo_direct_motor_model-5] [INFO] [1786552370.466649141] [my_drone_gazebo_direct_motor_model]: MOTOR_DYNAMIC_STATE sim_s=103.024 cmd_min=0.4661 cmd_mean=0.4813 cmd_max=0.4954 filtered_mean=0.4813 filtered_max=0.4954 esc_throttle_mean=0.5600 total_thrust_n=45.3102 body_up_force_n=39.2398 saturated_motors=0 rated_cap_command=1.0000 voltage_v=14.8000 thrust_scale=1.000000 current_a=0.0000
[gazebo_direct_motor_model-5] [INFO] [1786552371.465588595] [my_drone_gazebo_direct_motor_model]: MOTOR_DYNAMIC_STATE sim_s=104.024 cmd_min=0.4663 cmd_mean=0.4812 cmd_max=0.4971 filtered_mean=0.4812 filtered_max=0.4971 esc_throttle_mean=0.5591 total_thrust_n=45.3056 body_up_force_n=39.2358 saturated_motors=0 rated_cap_command=1.0000 voltage_v=14.8000 thrust_scale=1.000000 current_a=0.0000
[gazebo_direct_motor_model-5] [INFO] [1786552372.462466453] [my_drone_gazebo_direct_motor_model]: MOTOR_DYNAMIC_STATE sim_s=105.024 cmd_min=0.4657 cmd_mean=0.4812 cmd_max=0.4965 filtered_mean=0.4812 filtered_max=0.4965 esc_throttle_mean=0.5596 total_thrust_n=45.3043 body_up_force_n=39.2347 saturated_motors=0 rated_cap_command=1.0000 voltage_v=14.8000 thrust_scale=1.000000 current_a=0.0000
[gazebo_direct_motor_model-5] [INFO] [1786552373.463757090] [my_drone_gazebo_direct_motor_model]: MOTOR_DYNAMIC_STATE sim_s=106.024 cmd_min=0.4660 cmd_mean=0.4818 cmd_max=0.4976 filtered_mean=0.4818 filtered_max=0.4976 esc_throttle_mean=0.5601 total_thrust_n=45.3606 body_up_force_n=39.2834 saturated_motors=0 rated_cap_command=1.0000 voltage_v=14.8000 thrust_scale=1.000000 current_a=0.0000
[gazebo_direct_motor_model-5] [INFO] [1786552374.466439864] [my_drone_gazebo_direct_motor_model]: MOTOR_DYNAMIC_STATE sim_s=107.024 cmd_min=0.4661 cmd_mean=0.4812 cmd_max=0.4963 filtered_mean=0.4812 filtered_max=0.4963 esc_throttle_mean=0.5592 total_thrust_n=45.3009 body_up_force_n=39.2317 saturated_motors=0 rated_cap_command=1.0000 voltage_v=14.8000 thrust_scale=1.000000 current_a=0.0000
[gazebo_direct_motor_model-5] [INFO] [1786552375.465848620] [my_drone_gazebo_direct_motor_model]: MOTOR_DYNAMIC_STATE sim_s=108.024 cmd_min=0.4660 cmd_mean=0.4815 cmd_max=0.4967 filtered_mean=0.4815 filtered_max=0.4967 esc_throttle_mean=0.5601 total_thrust_n=45.3286 body_up_force_n=39.2557 saturated_motors=0 rated_cap_command=1.0000 voltage_v=14.8000 thrust_scale=1.000000 current_a=0.0000
[gazebo_direct_motor_model-5] [INFO] [1786552376.463717986] [my_drone_gazebo_direct_motor_model]: MOTOR_DYNAMIC_STATE sim_s=109.024 cmd_min=0.4669 cmd_mean=0.4814 cmd_max=0.4960 filtered_mean=0.4814 filtered_max=0.4960 esc_throttle_mean=0.5605 total_thrust_n=45.3162 body_up_force_n=39.2449 saturated_motors=0 rated_cap_command=1.0000 voltage_v=14.8000 thrust_scale=1.000000 current_a=0.0000
[gazebo_direct_motor_model-5] [INFO] [1786552377.462903661] [my_drone_gazebo_direct_motor_model]: MOTOR_DYNAMIC_STATE sim_s=110.024 cmd_min=0.4653 cmd_mean=0.4812 cmd_max=0.4975 filtered_mean=0.4812 filtered_max=0.4975 esc_throttle_mean=0.5585 total_thrust_n=45.3008 body_up_force_n=39.2316 saturated_motors=0 rated_cap_command=1.0000 voltage_v=14.8000 thrust_scale=1.000000 current_a=0.0000
[gazebo_direct_motor_model-5] [INFO] [1786552378.461510179] [my_drone_gazebo_direct_motor_model]: MOTOR_DYNAMIC_STATE sim_s=111.024 cmd_min=0.4661 cmd_mean=0.4813 cmd_max=0.4965 filtered_mean=0.4813 filtered_max=0.4965 esc_throttle_mean=0.5598 total_thrust_n=45.3142 body_up_force_n=39.2432 saturated_motors=0 rated_cap_command=1.0000 voltage_v=14.8000 thrust_scale=1.000000 current_a=0.0000
[gazebo_direct_motor_model-5] [INFO] [1786552379.464565241] [my_drone_gazebo_direct_motor_model]: MOTOR_DYNAMIC_STATE sim_s=112.024 cmd_min=0.4653 cmd_mean=0.4813 cmd_max=0.4971 filtered_mean=0.4813 filtered_max=0.4971 esc_throttle_mean=0.5595 total_thrust_n=45.3144 body_up_force_n=39.2434 saturated_motors=0 rated_cap_command=1.0000 voltage_v=14.8000 thrust_scale=1.000000 current_a=0.0000
[gazebo_direct_motor_model-5] [INFO] [1786552380.463093025] [my_drone_gazebo_direct_motor_model]: MOTOR_DYNAMIC_STATE sim_s=113.024 cmd_min=0.4661 cmd_mean=0.4809 cmd_max=0.4957 filtered_mean=0.4809 filtered_max=0.4957 esc_throttle_mean=0.5589 total_thrust_n=45.2780 body_up_force_n=39.2119 saturated_motors=0 rated_cap_command=1.0000 voltage_v=14.8000 thrust_scale=1.000000 current_a=0.0000
[gazebo_direct_motor_model-5] [INFO] [1786552381.462499619] [my_drone_gazebo_direct_motor_model]: MOTOR_DYNAMIC_STATE sim_s=114.024 cmd_min=0.4447 cmd_mean=0.4595 cmd_max=0.4746 filtered_mean=0.4595 filtered_max=0.4746 esc_throttle_mean=0.5243 total_thrust_n=43.2608 body_up_force_n=37.4649 saturated_motors=0 rated_cap_command=1.0000 voltage_v=14.8000 thrust_scale=1.000000 current_a=0.0000
[gazebo_direct_motor_model-5] [INFO] [1786552382.461370558] [my_drone_gazebo_direct_motor_model]: MOTOR_DYNAMIC_STATE sim_s=115.024 cmd_min=0.4631 cmd_mean=0.4780 cmd_max=0.4930 filtered_mean=0.4780 filtered_max=0.4930 esc_throttle_mean=0.5526 total_thrust_n=45.0048 body_up_force_n=38.9753 saturated_motors=0 rated_cap_command=1.0000 voltage_v=14.8000 thrust_scale=1.000000 current_a=0.0000
[gazebo_direct_motor_model-5] [INFO] [1786552383.464875994] [my_drone_gazebo_direct_motor_model]: MOTOR_DYNAMIC_STATE sim_s=116.024 cmd_min=0.4656 cmd_mean=0.4806 cmd_max=0.4958 filtered_mean=0.4806 filtered_max=0.4959 esc_throttle_mean=0.5581 total_thrust_n=45.2459 body_up_force_n=39.1841 saturated_motors=0 rated_cap_command=1.0000 voltage_v=14.8000 thrust_scale=1.000000 current_a=0.0000
[gazebo_direct_motor_model-5] [INFO] [1786552384.463393901] [my_drone_gazebo_direct_motor_model]: MOTOR_DYNAMIC_STATE sim_s=117.024 cmd_min=0.4684 cmd_mean=0.4844 cmd_max=0.5004 filtered_mean=0.4844 filtered_max=0.5004 esc_throttle_mean=0.5642 total_thrust_n=45.6068 body_up_force_n=39.4966 saturated_motors=0 rated_cap_command=1.0000 voltage_v=14.8000 thrust_scale=1.000000 current_a=0.0000
[gazebo_direct_motor_model-5] [INFO] [1786552385.466029110] [my_drone_gazebo_direct_motor_model]: MOTOR_DYNAMIC_STATE sim_s=118.024 cmd_min=0.4686 cmd_mean=0.4840 cmd_max=0.4998 filtered_mean=0.4840 filtered_max=0.4998 esc_throttle_mean=0.5639 total_thrust_n=45.5685 body_up_force_n=39.4635 saturated_motors=0 rated_cap_command=1.0000 voltage_v=14.8000 thrust_scale=1.000000 current_a=0.0000
[gazebo_direct_motor_model-5] [INFO] [1786552386.463046268] [my_drone_gazebo_direct_motor_model]: MOTOR_DYNAMIC_STATE sim_s=119.024 cmd_min=0.4687 cmd_mean=0.4837 cmd_max=0.4983 filtered_mean=0.4837 filtered_max=0.4983 esc_throttle_mean=0.5635 total_thrust_n=45.5352 body_up_force_n=39.4346 saturated_motors=0 rated_cap_command=1.0000 voltage_v=14.8000 thrust_scale=1.000000 current_a=0.0000
[gazebo_direct_motor_model-5] [INFO] [1786552387.461969031] [my_drone_gazebo_direct_motor_model]: MOTOR_DYNAMIC_STATE sim_s=120.024 cmd_min=0.0000 cmd_mean=0.0000 cmd_max=0.0000 filtered_mean=0.0000 filtered_max=0.0000 esc_throttle_mean=0.0000 total_thrust_n=0.0000 body_up_force_n=0.0000 saturated_motors=0 rated_cap_command=1.0000 voltage_v=14.8000 thrust_scale=1.000000 current_a=0.0000
