
______  __   __    ___ 
| ___ \ \ \ / /   /   |
| |_/ /  \ V /   / /| |
|  __/   /   \  / /_| |
| |     / /^\ \ \___  |
\_|     \/   \/     |_/

px4 starting.

INFO  [px4] startup script: /bin/sh etc/init.d-posix/rcS 0
env SYS_AUTOSTART: 4027
INFO  [param] selected parameter default file parameters.bson
INFO  [param] selected parameter backup file parameters_backup.bson
  SYS_AUTOCONFIG: curr: 0 -> new: 1
  SYS_AUTOSTART: curr: 0 -> new: 4027
  CAL_ACC0_ID: curr: 0 -> new: 1310988
  CAL_GYRO0_ID: curr: 0 -> new: 1310988
  CAL_ACC1_ID: curr: 0 -> new: 1310996
  CAL_GYRO1_ID: curr: 0 -> new: 1310996
  CAL_ACC2_ID: curr: 0 -> new: 1311004
  CAL_GYRO2_ID: curr: 0 -> new: 1311004
  CAL_MAG0_ID: curr: 0 -> new: 197388
  CAL_MAG0_PRIO: curr: -1 -> new: 50
  CAL_MAG1_ID: curr: 0 -> new: 197644
  CAL_MAG1_PRIO: curr: -1 -> new: 50
  SENS_BOARD_X_OFF: curr: 0.0000 -> new: 0.0000
  SENS_DPRES_OFF: curr: 0.0000 -> new: 0.0010
  SENS_IMU_MODE: curr: 1 -> new: 0
  EKF2_MULTI_IMU: curr: 0 -> new: 1
INFO  [dataman] data manager file './dataman' size is 1208528 bytes
INFO  [init] Gazebo simulator 8.11.0
INFO  [init] Standalone PX4 launch, waiting for Gazebo
INFO  [init] Gazebo world is ready
INFO  [init] PX4_GZ_MODEL_NAME set, PX4 will attach to existing model
INFO  [lockstep_scheduler] setting initial absolute time to 20388000 us
INFO  [gz_bridge] world: flight_world, model: my_drone
INFO  [commander] LED: open /dev/led0 failed (22)
INFO  [vision_target_estimator] VTE for static target init
WARN  [mc_pos_control] Cruise speed has been constrained by max speed	
WARN  [mc_pos_control] Manual speed has been constrained by max speed	
WARN  [mc_pos_control] Ascent speed has been constrained by max speed	
WARN  [mc_pos_control] Descent speed has been constrained by max speed	
INFO  [uxrce_dds_client] init UDP agent IP:127.0.0.1, port:8888
WARN  [health_and_arming_checks] Preflight Fail: no heading reference
INFO  [mavlink] mode: Normal, data rate: 4000000 B/s on udp port 18570 remote port 14550
INFO  [mavlink] mode: Onboard, data rate: 4000000 B/s on udp port 14580 remote port 14540
INFO  [mavlink] mode: Onboard, data rate: 4000 B/s on udp port 14280 remote port 14030
INFO  [mavlink] mode: Gimbal, data rate: 400000 B/s on udp port 13030 remote port 13280
INFO  [commander] [32mReady for takeoff![0m
INFO  [tone_alarm] home set
INFO  [logger] logger started (mode=all)
INFO  [logger] Max log file size: 1024 MiB
INFO  [logger] Start file log (type: full)
INFO  [logger] [logger] ./log/2026-08-12/15_57_03.ulg	
INFO  [logger] Opened full log file: ./log/2026-08-12/15_57_03.ulg
INFO  [mavlink] MAVLink only on localhost (set param MAV_{i}_BROADCAST = 1 to enable network)
INFO  [mavlink] MAVLink only on localhost (set param MAV_{i}_BROADCAST = 1 to enable network)
INFO  [px4] Startup script returned successfully
INFO  [uxrce_dds_client] synchronized with time offset 1786550198980222us
INFO  [uxrce_dds_client] successfully created rt/fmu/out/register_ext_component_reply_v1 data writer, topic id: 222
INFO  [uxrce_dds_client] successfully created rt/fmu/out/arming_check_request_v1 data writer, topic id: 16
INFO  [uxrce_dds_client] successfully created rt/fmu/out/setpoint_config_reply data writer, topic id: 263
INFO  [uxrce_dds_client] successfully created rt/fmu/out/mode_completed data writer, topic id: 168
INFO  [uxrce_dds_client] successfully created rt/fmu/out/battery_status_v1 data writer, topic id: 20
INFO  [uxrce_dds_client] successfully created rt/fmu/out/collision_constraints data writer, topic id: 27
INFO  [uxrce_dds_client] successfully created rt/fmu/out/estimator_status_flags data writer, topic id: 92
INFO  [uxrce_dds_client] successfully created rt/fmu/out/failsafe_flags data writer, topic id: 98
INFO  [uxrce_dds_client] successfully created rt/fmu/out/manual_control_setpoint data writer, topic id: 159
INFO  [uxrce_dds_client] successfully created rt/fmu/out/message_format_response data writer, topic id: 165
INFO  [uxrce_dds_client] successfully created rt/fmu/out/position_setpoint_triplet data writer, topic id: 205
INFO  [uxrce_dds_client] successfully created rt/fmu/out/sensor_combined data writer, topic id: 244
INFO  [uxrce_dds_client] successfully created rt/fmu/out/timesync_status data writer, topic id: 272
INFO  [uxrce_dds_client] successfully created rt/fmu/out/transponder_report data writer, topic id: 275
INFO  [uxrce_dds_client] successfully created rt/fmu/out/vehicle_land_detected data writer, topic id: 299
INFO  [uxrce_dds_client] successfully created rt/fmu/out/vehicle_attitude data writer, topic id: 286
INFO  [uxrce_dds_client] successfully created rt/fmu/out/vehicle_control_mode data writer, topic id: 293
INFO  [uxrce_dds_client] successfully created rt/fmu/out/vehicle_command_ack_v1 data writer, topic id: 290
INFO  [uxrce_dds_client] successfully created rt/fmu/out/vehicle_global_position data writer, topic id: 294
INFO  [uxrce_dds_client] successfully created rt/fmu/out/vehicle_gps_position data writer, topic id: 296
INFO  [uxrce_dds_client] successfully created rt/fmu/out/vehicle_local_position_v1 data writer, topic id: 300
INFO  [uxrce_dds_client] successfully created rt/fmu/out/vehicle_odometry data writer, topic id: 305
INFO  [uxrce_dds_client] successfully created rt/fmu/out/vehicle_status_v4 data writer, topic id: 310
INFO  [uxrce_dds_client] successfully created rt/fmu/out/airspeed_validated_v1 data writer, topic id: 13
INFO  [uxrce_dds_client] successfully created rt/fmu/out/actuator_outputs data writer, topic id: 5
INFO  [uxrce_dds_client] successfully created rt/fmu/out/vtol_vehicle_status data writer, topic id: 329
INFO  [uxrce_dds_client] successfully created rt/fmu/out/home_position_v2 data writer, topic id: 138
INFO  [uxrce_dds_client] successfully created rt/fmu/out/wind data writer, topic id: 332
INFO  [uxrce_dds_client] successfully created rt/fmu/out/gimbal_device_attitude_status data writer, topic id: 121
INFO  [uxrce_dds_client] successfully created rt/fmu/out/config_overrides_confirm_v1 data writer, topic id: 29
INFO  [uxrce_dds_client] successfully created rt/fmu/out/vtx data writer, topic id: 330
INFO  [uxrce_dds_client] successfully created rt/fmu/out/input_rc data writer, topic id: 140
INFO  [commander] Armed by external command	
INFO  [tone_alarm] arming warning
INFO  [commander] Takeoff detected	
INFO  [commander] Landing at current position	
INFO  [commander] Disarmed by external command	
INFO  [tone_alarm] notify neutral
