ARM_FLIGHT_BACKEND_READY clock joint_states odometry px4_status
DDS WASD: T takeoff | W/S/A/D move | R/F up/down | Q/E yaw | L land | O exit Offboard | X twice emergency disarm | Z safe exit
[0m[INFO] [1787592914.863970505] [my_drone_dds_wasd_control]: NED target initialized: N=-0.004 E=0.005 D=0.003 yaw=90.0 deg[0m
[0m[INFO] [1787592915.172271951] [my_drone_dds_wasd_control]: STATE arm=1 nav=4 NED=(-0.004,0.005,0.003) vel=(-0.000,0.000,0.000) failsafe=False[0m
[0m[INFO] [1787592916.222107621] [my_drone_dds_wasd_control]: STATE arm=1 nav=4 NED=(-0.004,0.005,0.003) vel=(-0.000,0.000,-0.000) failsafe=False[0m
[0m[INFO] [1787592917.272011097] [my_drone_dds_wasd_control]: STATE arm=1 nav=4 NED=(-0.004,0.005,0.003) vel=(0.000,0.000,-0.000) failsafe=False[0m
[0m[INFO] [1787592918.272265905] [my_drone_dds_wasd_control]: STATE arm=1 nav=4 NED=(-0.004,0.005,0.003) vel=(0.000,-0.000,0.000) failsafe=False[0m
[0m[INFO] [1787592919.321732633] [my_drone_dds_wasd_control]: STATE arm=1 nav=4 NED=(-0.004,0.004,0.003) vel=(0.001,-0.000,0.001) failsafe=False[0m
[0m[INFO] [1787592920.322243661] [my_drone_dds_wasd_control]: STATE arm=1 nav=4 NED=(-0.005,0.004,0.003) vel=(0.000,-0.000,-0.001) failsafe=False[0m
[0m[INFO] [1787592921.321865865] [my_drone_dds_wasd_control]: STATE arm=1 nav=4 NED=(-0.005,0.004,0.003) vel=(-0.000,-0.000,-0.000) failsafe=False[0m
[0m[INFO] [1787592922.372072309] [my_drone_dds_wasd_control]: STATE arm=1 nav=4 NED=(-0.004,0.005,0.003) vel=(0.000,-0.000,0.000) failsafe=False[0m
ARM_FLIGHT_TAKEOFF_ESTIMATOR_READY
[0m[INFO] [1787592923.276148203] [my_drone_dds_wasd_control]: Prestreaming Offboard setpoints for 2 seconds[0m
[0m[INFO] [1787592923.657409269] [my_drone_dds_wasd_control]: STATE arm=1 nav=4 NED=(-0.004,0.005,0.003) vel=(0.000,-0.001,-0.000) failsafe=False[0m
[0m[INFO] [1787592924.672625563] [my_drone_dds_wasd_control]: STATE arm=1 nav=4 NED=(-0.004,0.005,0.003) vel=(-0.000,0.000,-0.000) failsafe=False[0m
[0m[INFO] [1787592925.323419026] [my_drone_dds_wasd_control]: OFFBOARD mode and ARM commands sent[0m
[0m[INFO] [1787592925.332475775] [my_drone_dds_wasd_control]: PX4 command ack: command=400 result=0[0m
[0m[INFO] [1787592925.721924962] [my_drone_dds_wasd_control]: STATE arm=2 nav=14 NED=(-0.005,0.005,0.003) vel=(0.000,-0.000,0.000) failsafe=False[0m
[0m[INFO] [1787592926.722211242] [my_drone_dds_wasd_control]: STATE arm=2 nav=14 NED=(-0.004,0.004,0.003) vel=(-0.000,-0.000,0.000) failsafe=False[0m
[0m[INFO] [1787592927.772636993] [my_drone_dds_wasd_control]: STATE arm=2 nav=14 NED=(-0.004,0.004,0.003) vel=(-0.001,0.000,-0.000) failsafe=False[0m
[0m[INFO] [1787592928.821735801] [my_drone_dds_wasd_control]: STATE arm=2 nav=14 NED=(-0.003,0.005,0.003) vel=(-0.000,-0.000,-0.001) failsafe=False[0m
[0m[INFO] [1787592929.821917720] [my_drone_dds_wasd_control]: STATE arm=2 nav=14 NED=(-0.003,0.005,0.003) vel=(0.001,0.001,-0.000) failsafe=False[0m
[0m[INFO] [1787592930.822817268] [my_drone_dds_wasd_control]: STATE arm=2 nav=14 NED=(0.010,0.016,-0.037) vel=(0.027,0.027,-0.089) failsafe=False[0m
[0m[INFO] [1787592931.872584066] [my_drone_dds_wasd_control]: STATE arm=2 nav=14 NED=(0.028,0.037,-0.174) vel=(-0.006,-0.001,-0.163) failsafe=False[0m
[0m[INFO] [1787592932.922019660] [my_drone_dds_wasd_control]: STATE arm=2 nav=14 NED=(0.006,0.016,-0.365) vel=(-0.024,-0.026,-0.202) failsafe=False[0m
[0m[INFO] [1787592933.922591761] [my_drone_dds_wasd_control]: STATE arm=2 nav=14 NED=(-0.005,0.002,-0.580) vel=(0.004,0.002,-0.223) failsafe=False[0m
[0m[INFO] [1787592934.972131194] [my_drone_dds_wasd_control]: STATE arm=2 nav=14 NED=(0.001,0.009,-0.825) vel=(0.004,0.004,-0.236) failsafe=False[0m
[0m[INFO] [1787592936.022243141] [my_drone_dds_wasd_control]: STATE arm=2 nav=14 NED=(0.000,0.007,-1.060) vel=(-0.004,-0.005,-0.171) failsafe=False[0m
[0m[INFO] [1787592937.023260205] [my_drone_dds_wasd_control]: STATE arm=2 nav=14 NED=(-0.003,0.003,-1.153) vel=(-0.002,0.001,-0.037) failsafe=False[0m
[0m[INFO] [1787592938.072361577] [my_drone_dds_wasd_control]: STATE arm=2 nav=14 NED=(-0.005,0.005,-1.172) vel=(0.000,0.002,-0.012) failsafe=False[0m
[0m[INFO] [1787592939.121920054] [my_drone_dds_wasd_control]: STATE arm=2 nav=14 NED=(-0.003,0.006,-1.181) vel=(0.002,-0.000,-0.007) failsafe=False[0m
[0m[INFO] [1787592940.171803006] [my_drone_dds_wasd_control]: STATE arm=2 nav=14 NED=(-0.003,0.006,-1.188) vel=(-0.001,-0.001,-0.004) failsafe=False[0m
[0m[INFO] [1787592941.172305664] [my_drone_dds_wasd_control]: STATE arm=2 nav=14 NED=(-0.006,0.006,-1.191) vel=(-0.001,-0.000,-0.002) failsafe=False[0m
[0m[INFO] [1787592942.221997533] [my_drone_dds_wasd_control]: STATE arm=2 nav=14 NED=(-0.004,0.007,-1.193) vel=(0.004,-0.002,-0.002) failsafe=False[0m
[0m[INFO] [1787592943.222319844] [my_drone_dds_wasd_control]: STATE arm=2 nav=14 NED=(-0.001,0.004,-1.195) vel=(-0.001,-0.003,-0.001) failsafe=False[0m
[0m[INFO] [1787592944.272149079] [my_drone_dds_wasd_control]: STATE arm=2 nav=14 NED=(-0.004,0.004,-1.195) vel=(-0.003,0.002,-0.001) failsafe=False[0m
[0m[INFO] [1787592945.321724801] [my_drone_dds_wasd_control]: STATE arm=2 nav=14 NED=(-0.004,0.005,-1.196) vel=(0.001,0.000,-0.000) failsafe=False[0m
[0m[INFO] [1787592946.322020267] [my_drone_dds_wasd_control]: STATE arm=2 nav=14 NED=(-0.003,0.005,-1.196) vel=(0.001,-0.001,-0.000) failsafe=False[0m
[0m[INFO] [1787592947.371875040] [my_drone_dds_wasd_control]: STATE arm=2 nav=14 NED=(-0.004,0.005,-1.197) vel=(-0.001,0.000,-0.000) failsafe=False[0m
[0m[INFO] [1787592948.421849641] [my_drone_dds_wasd_control]: STATE arm=2 nav=14 NED=(-0.004,0.006,-1.197) vel=(0.002,-0.001,0.000) failsafe=False[0m
[0m[INFO] [1787592949.422145122] [my_drone_dds_wasd_control]: STATE arm=2 nav=14 NED=(-0.003,0.004,-1.197) vel=(-0.001,-0.003,0.000) failsafe=False[0m
[0m[INFO] [1787592950.421943031] [my_drone_dds_wasd_control]: STATE arm=2 nav=14 NED=(-0.004,0.005,-1.197) vel=(0.000,0.001,0.000) failsafe=False[0m
[0m[INFO] [1787592951.471958406] [my_drone_dds_wasd_control]: STATE arm=2 nav=14 NED=(-0.004,0.006,-1.197) vel=(0.001,-0.001,-0.000) failsafe=False[0m
[0m[INFO] [1787592952.471978949] [my_drone_dds_wasd_control]: STATE arm=2 nav=14 NED=(-0.004,0.004,-1.197) vel=(0.001,-0.002,0.000) failsafe=False[0m
[0m[INFO] [1787592953.521703651] [my_drone_dds_wasd_control]: STATE arm=2 nav=14 NED=(-0.003,0.004,-1.197) vel=(0.000,0.002,-0.000) failsafe=False[0m
[0m[INFO] [1787592954.572281246] [my_drone_dds_wasd_control]: STATE arm=2 nav=14 NED=(-0.001,0.006,-1.197) vel=(-0.001,-0.000,0.000) failsafe=False[0m
[0m[INFO] [1787592955.621790759] [my_drone_dds_wasd_control]: STATE arm=2 nav=14 NED=(-0.003,0.005,-1.197) vel=(-0.003,-0.001,0.000) failsafe=False[0m
[0m[INFO] [1787592956.621761061] [my_drone_dds_wasd_control]: STATE arm=2 nav=14 NED=(-0.005,0.004,-1.197) vel=(-0.000,-0.001,-0.000) failsafe=False[0m
[0m[INFO] [1787592957.621881459] [my_drone_dds_wasd_control]: STATE arm=2 nav=14 NED=(-0.005,0.003,-1.197) vel=(0.001,-0.001,-0.000) failsafe=False[0m
[0m[INFO] [1787592958.622261751] [my_drone_dds_wasd_control]: STATE arm=2 nav=14 NED=(-0.004,0.002,-1.197) vel=(0.001,0.001,-0.000) failsafe=False[0m
[0m[INFO] [1787592959.671825192] [my_drone_dds_wasd_control]: STATE arm=2 nav=14 NED=(-0.005,0.004,-1.197) vel=(0.000,0.002,-0.000) failsafe=False[0m
[0m[INFO] [1787592960.671939412] [my_drone_dds_wasd_control]: STATE arm=2 nav=14 NED=(-0.004,0.004,-1.196) vel=(0.002,-0.000,0.000) failsafe=False[0m
[0m[INFO] [1787592961.722116363] [my_drone_dds_wasd_control]: STATE arm=2 nav=14 NED=(-0.002,0.003,-1.197) vel=(0.001,-0.000,-0.000) failsafe=False[0m
[0m[INFO] [1787592962.722319143] [my_drone_dds_wasd_control]: STATE arm=2 nav=14 NED=(-0.004,0.005,-1.197) vel=(-0.002,0.002,-0.000) failsafe=False[0m
[0m[INFO] [1787592963.771883189] [my_drone_dds_wasd_control]: STATE arm=2 nav=14 NED=(-0.005,0.005,-1.197) vel=(0.001,-0.001,-0.000) failsafe=False[0m
[0m[INFO] [1787592964.772270786] [my_drone_dds_wasd_control]: STATE arm=2 nav=14 NED=(-0.003,0.004,-1.197) vel=(-0.000,-0.000,-0.000) failsafe=False[0m
[0m[INFO] [1787592965.822098616] [my_drone_dds_wasd_control]: STATE arm=2 nav=14 NED=(-0.004,0.005,-1.197) vel=(-0.001,0.002,-0.001) failsafe=False[0m
[0m[INFO] [1787592966.871974221] [my_drone_dds_wasd_control]: STATE arm=2 nav=14 NED=(-0.004,0.006,-1.197) vel=(0.001,-0.000,-0.000) failsafe=False[0m
[0m[INFO] [1787592967.921917975] [my_drone_dds_wasd_control]: STATE arm=2 nav=14 NED=(-0.003,0.004,-1.197) vel=(-0.000,-0.002,-0.000) failsafe=False[0m
[0m[INFO] [1787592968.971990071] [my_drone_dds_wasd_control]: STATE arm=2 nav=14 NED=(-0.004,0.004,-1.197) vel=(-0.001,0.001,0.000) failsafe=False[0m
[0m[INFO] [1787592969.972109010] [my_drone_dds_wasd_control]: STATE arm=2 nav=14 NED=(-0.005,0.005,-1.197) vel=(0.001,0.001,0.000) failsafe=False[0m
[0m[INFO] [1787592971.021795350] [my_drone_dds_wasd_control]: STATE arm=2 nav=14 NED=(-0.004,0.004,-1.197) vel=(0.001,-0.000,-0.000) failsafe=False[0m
[0m[INFO] [1787592972.072016577] [my_drone_dds_wasd_control]: STATE arm=2 nav=14 NED=(-0.003,0.004,-1.197) vel=(-0.000,0.000,-0.000) failsafe=False[0m
[0m[INFO] [1787592973.071832971] [my_drone_dds_wasd_control]: STATE arm=2 nav=14 NED=(-0.004,0.005,-1.197) vel=(-0.001,0.002,0.001) failsafe=False[0m
[0m[INFO] [1787592974.121781449] [my_drone_dds_wasd_control]: STATE arm=2 nav=14 NED=(-0.005,0.006,-1.197) vel=(0.000,-0.001,-0.000) failsafe=False[0m
[0m[INFO] [1787592975.122103027] [my_drone_dds_wasd_control]: STATE arm=2 nav=14 NED=(-0.003,0.004,-1.197) vel=(0.002,-0.001,0.000) failsafe=False[0m
[0m[INFO] [1787592976.171718892] [my_drone_dds_wasd_control]: STATE arm=2 nav=14 NED=(-0.002,0.005,-1.197) vel=(-0.001,0.001,0.000) failsafe=False[0m
[0m[INFO] [1787592977.222057180] [my_drone_dds_wasd_control]: STATE arm=2 nav=14 NED=(-0.002,0.005,-1.197) vel=(-0.001,-0.002,0.000) failsafe=False[0m
[0m[INFO] [1787592978.271893884] [my_drone_dds_wasd_control]: STATE arm=2 nav=14 NED=(-0.002,0.003,-1.197) vel=(-0.001,0.002,-0.000) failsafe=False[0m
[0m[INFO] [1787592979.322249449] [my_drone_dds_wasd_control]: STATE arm=2 nav=14 NED=(-0.004,0.005,-1.197) vel=(-0.001,0.002,0.000) failsafe=False[0m
[0m[INFO] [1787592980.371815783] [my_drone_dds_wasd_control]: STATE arm=2 nav=14 NED=(-0.004,0.006,-1.197) vel=(0.000,-0.001,-0.000) failsafe=False[0m
[0m[INFO] [1787592981.422019649] [my_drone_dds_wasd_control]: STATE arm=2 nav=14 NED=(-0.003,0.005,-1.197) vel=(-0.000,-0.000,0.000) failsafe=False[0m
[0m[INFO] [1787592982.471843232] [my_drone_dds_wasd_control]: STATE arm=2 nav=14 NED=(-0.004,0.005,-1.197) vel=(-0.001,-0.000,0.000) failsafe=False[0m
[0m[INFO] [1787592983.521684717] [my_drone_dds_wasd_control]: STATE arm=2 nav=14 NED=(-0.005,0.005,-1.197) vel=(-0.000,0.000,0.000) failsafe=False[0m
[0m[INFO] [1787592984.522017866] [my_drone_dds_wasd_control]: STATE arm=2 nav=14 NED=(-0.005,0.005,-1.196) vel=(0.002,-0.001,-0.000) failsafe=False[0m
[0m[INFO] [1787592985.571660486] [my_drone_dds_wasd_control]: STATE arm=2 nav=14 NED=(-0.004,0.003,-1.197) vel=(0.000,0.001,-0.000) failsafe=False[0m
[0m[INFO] [1787592986.571772325] [my_drone_dds_wasd_control]: STATE arm=2 nav=14 NED=(-0.005,0.004,-1.197) vel=(0.000,0.002,0.000) failsafe=False[0m
[0m[INFO] [1787592987.572046255] [my_drone_dds_wasd_control]: STATE arm=2 nav=14 NED=(-0.004,0.005,-1.197) vel=(0.001,0.001,0.000) failsafe=False[0m
[0m[INFO] [1787592988.572217473] [my_drone_dds_wasd_control]: STATE arm=2 nav=14 NED=(-0.004,0.005,-1.197) vel=(0.000,0.000,-0.000) failsafe=False[0m
[0m[INFO] [1787592989.622187506] [my_drone_dds_wasd_control]: STATE arm=2 nav=14 NED=(-0.005,0.005,-1.197) vel=(-0.000,-0.001,-0.000) failsafe=False[0m
[0m[INFO] [1787592990.672072366] [my_drone_dds_wasd_control]: STATE arm=2 nav=14 NED=(-0.003,0.004,-1.197) vel=(0.001,-0.001,-0.000) failsafe=False[0m
[0m[INFO] [1787592991.721651255] [my_drone_dds_wasd_control]: STATE arm=2 nav=14 NED=(-0.003,0.004,-1.197) vel=(-0.001,0.001,0.000) failsafe=False[0m
[0m[INFO] [1787592992.721669756] [my_drone_dds_wasd_control]: STATE arm=2 nav=14 NED=(-0.004,0.004,-1.197) vel=(-0.001,0.000,-0.000) failsafe=False[0m
[0m[INFO] [1787592993.721740941] [my_drone_dds_wasd_control]: STATE arm=2 nav=14 NED=(-0.004,0.005,-1.197) vel=(0.001,0.001,-0.001) failsafe=False[0m
[0m[INFO] [1787592994.771981413] [my_drone_dds_wasd_control]: STATE arm=2 nav=14 NED=(-0.004,0.005,-1.197) vel=(-0.001,-0.001,-0.000) failsafe=False[0m
[0m[INFO] [1787592995.772284309] [my_drone_dds_wasd_control]: STATE arm=2 nav=14 NED=(-0.005,0.005,-1.197) vel=(0.001,-0.000,-0.000) failsafe=False[0m
[0m[INFO] [1787592996.822205741] [my_drone_dds_wasd_control]: STATE arm=2 nav=14 NED=(-0.002,0.005,-1.197) vel=(-0.000,0.001,0.000) failsafe=False[0m
[0m[INFO] [1787592997.872022560] [my_drone_dds_wasd_control]: STATE arm=2 nav=14 NED=(-0.004,0.005,-1.197) vel=(-0.001,-0.001,0.000) failsafe=False[0m
[0m[INFO] [1787592998.921700336] [my_drone_dds_wasd_control]: STATE arm=2 nav=14 NED=(-0.005,0.007,-1.197) vel=(-0.000,0.001,-0.000) failsafe=False[0m
[0m[INFO] [1787592999.921856993] [my_drone_dds_wasd_control]: STATE arm=2 nav=14 NED=(-0.004,0.006,-1.197) vel=(0.001,-0.003,-0.000) failsafe=False[0m
[0m[INFO] [1787593000.971805188] [my_drone_dds_wasd_control]: STATE arm=2 nav=14 NED=(-0.001,0.004,-1.197) vel=(-0.000,-0.000,0.000) failsafe=False[0m
[0m[INFO] [1787593001.971938256] [my_drone_dds_wasd_control]: STATE arm=2 nav=14 NED=(-0.002,0.005,-1.197) vel=(-0.003,0.001,-0.000) failsafe=False[0m
[0m[INFO] [1787593003.021768169] [my_drone_dds_wasd_control]: STATE arm=2 nav=14 NED=(-0.005,0.004,-1.197) vel=(-0.001,-0.001,0.000) failsafe=False[0m
[0m[INFO] [1787593004.021724896] [my_drone_dds_wasd_control]: STATE arm=2 nav=14 NED=(-0.004,0.004,-1.197) vel=(0.001,0.001,0.000) failsafe=False[0m
[0m[INFO] [1787593005.071721020] [my_drone_dds_wasd_control]: STATE arm=2 nav=14 NED=(-0.004,0.004,-1.197) vel=(-0.001,-0.000,0.000) failsafe=False[0m
[0m[INFO] [1787593006.071897100] [my_drone_dds_wasd_control]: STATE arm=2 nav=14 NED=(-0.004,0.005,-1.197) vel=(0.000,0.001,0.000) failsafe=False[0m
[0m[INFO] [1787593007.121783665] [my_drone_dds_wasd_control]: STATE arm=2 nav=14 NED=(-0.004,0.006,-1.197) vel=(-0.000,-0.001,0.000) failsafe=False[0m
[0m[INFO] [1787593008.121813007] [my_drone_dds_wasd_control]: STATE arm=2 nav=14 NED=(-0.006,0.005,-1.197) vel=(0.000,-0.001,-0.000) failsafe=False[0m
[0m[INFO] [1787593009.122082920] [my_drone_dds_wasd_control]: STATE arm=2 nav=14 NED=(-0.005,0.005,-1.197) vel=(0.001,-0.000,0.000) failsafe=False[0m
[0m[INFO] [1787593010.122070149] [my_drone_dds_wasd_control]: STATE arm=2 nav=14 NED=(-0.004,0.004,-1.197) vel=(0.001,-0.001,-0.000) failsafe=False[0m
[0m[INFO] [1787593011.172185322] [my_drone_dds_wasd_control]: STATE arm=2 nav=14 NED=(-0.004,0.003,-1.197) vel=(-0.001,0.001,0.000) failsafe=False[0m
[0m[INFO] [1787593012.222112679] [my_drone_dds_wasd_control]: STATE arm=2 nav=14 NED=(-0.004,0.005,-1.197) vel=(0.001,0.000,0.000) failsafe=False[0m
[0m[INFO] [1787593013.272183498] [my_drone_dds_wasd_control]: STATE arm=2 nav=14 NED=(-0.002,0.005,-1.197) vel=(0.001,-0.001,0.000) failsafe=False[0m
[0m[INFO] [1787593014.322148770] [my_drone_dds_wasd_control]: STATE arm=2 nav=14 NED=(-0.004,0.005,-1.197) vel=(-0.002,0.000,0.001) failsafe=False[0m
[0m[INFO] [1787593015.322213231] [my_drone_dds_wasd_control]: STATE arm=2 nav=14 NED=(-0.005,0.006,-1.197) vel=(0.001,-0.000,0.001) failsafe=False[0m
[0m[INFO] [1787593016.322027516] [my_drone_dds_wasd_control]: STATE arm=2 nav=14 NED=(-0.003,0.007,-1.197) vel=(0.002,0.000,-0.000) failsafe=False[0m
[0m[INFO] [1787593017.372128562] [my_drone_dds_wasd_control]: STATE arm=2 nav=14 NED=(-0.002,0.006,-1.197) vel=(-0.001,-0.002,0.000) failsafe=False[0m
[0m[INFO] [1787593018.371996140] [my_drone_dds_wasd_control]: STATE arm=2 nav=14 NED=(-0.004,0.003,-1.197) vel=(-0.000,-0.002,0.000) failsafe=False[0m
[0m[INFO] [1787593019.371865269] [my_drone_dds_wasd_control]: STATE arm=2 nav=14 NED=(-0.003,0.004,-1.197) vel=(0.000,0.002,-0.000) failsafe=False[0m
[0m[INFO] [1787593020.422256189] [my_drone_dds_wasd_control]: STATE arm=2 nav=14 NED=(-0.003,0.004,-1.197) vel=(-0.001,-0.000,0.000) failsafe=False[0m
[0m[INFO] [1787593021.472176099] [my_drone_dds_wasd_control]: STATE arm=2 nav=14 NED=(-0.004,0.003,-1.196) vel=(-0.001,-0.001,-0.000) failsafe=False[0m
[0m[INFO] [1787593022.472262436] [my_drone_dds_wasd_control]: STATE arm=2 nav=14 NED=(-0.004,0.005,-1.197) vel=(0.001,0.002,-0.000) failsafe=False[0m
[0m[INFO] [1787593023.521698289] [my_drone_dds_wasd_control]: STATE arm=2 nav=14 NED=(-0.004,0.006,-1.197) vel=(-0.001,-0.000,0.000) failsafe=False[0m
[0m[INFO] [1787593024.572232314] [my_drone_dds_wasd_control]: STATE arm=2 nav=14 NED=(-0.005,0.005,-1.197) vel=(0.000,-0.001,0.000) failsafe=False[0m
[0m[INFO] [1787593025.621729817] [my_drone_dds_wasd_control]: STATE arm=2 nav=14 NED=(-0.004,0.004,-1.197) vel=(0.001,-0.000,0.000) failsafe=False[0m
[0m[INFO] [1787593026.622185182] [my_drone_dds_wasd_control]: STATE arm=2 nav=14 NED=(-0.004,0.006,-1.197) vel=(-0.001,0.001,0.000) failsafe=False[0m
[0m[INFO] [1787593027.671931997] [my_drone_dds_wasd_control]: STATE arm=2 nav=14 NED=(-0.005,0.005,-1.197) vel=(0.000,-0.001,0.000) failsafe=False[0m
[0m[INFO] [1787593028.721673604] [my_drone_dds_wasd_control]: STATE arm=2 nav=14 NED=(-0.003,0.004,-1.197) vel=(0.002,-0.001,0.000) failsafe=False[0m
[0m[INFO] [1787593029.721755612] [my_drone_dds_wasd_control]: STATE arm=2 nav=14 NED=(-0.003,0.003,-1.197) vel=(-0.001,0.001,-0.000) failsafe=False[0m
[0m[INFO] [1787593030.721737954] [my_drone_dds_wasd_control]: STATE arm=2 nav=14 NED=(-0.003,0.004,-1.197) vel=(-0.001,0.001,-0.000) failsafe=False[0m
[0m[INFO] [1787593031.772118440] [my_drone_dds_wasd_control]: STATE arm=2 nav=14 NED=(-0.004,0.003,-1.197) vel=(-0.001,0.001,0.000) failsafe=False[0m
[0m[INFO] [1787593032.772186137] [my_drone_dds_wasd_control]: STATE arm=2 nav=14 NED=(-0.005,0.005,-1.197) vel=(-0.000,0.001,0.000) failsafe=False[0m
[0m[INFO] [1787593033.772182621] [my_drone_dds_wasd_control]: STATE arm=2 nav=14 NED=(-0.003,0.006,-1.197) vel=(0.001,-0.001,-0.000) failsafe=False[0m
[0m[INFO] [1787593034.821789272] [my_drone_dds_wasd_control]: STATE arm=2 nav=14 NED=(-0.004,0.005,-1.197) vel=(-0.001,-0.001,0.000) failsafe=False[0m
[0m[INFO] [1787593035.872118061] [my_drone_dds_wasd_control]: STATE arm=2 nav=14 NED=(-0.005,0.004,-1.197) vel=(-0.000,0.001,-0.000) failsafe=False[0m
[0m[INFO] [1787593036.921906883] [my_drone_dds_wasd_control]: STATE arm=2 nav=14 NED=(-0.004,0.006,-1.197) vel=(0.001,0.001,-0.000) failsafe=False[0m
[0m[INFO] [1787593037.972502659] [my_drone_dds_wasd_control]: STATE arm=2 nav=14 NED=(-0.005,0.006,-1.197) vel=(0.000,-0.001,0.000) failsafe=False[0m
[0m[INFO] [1787593038.971906568] [my_drone_dds_wasd_control]: STATE arm=2 nav=14 NED=(-0.004,0.005,-1.197) vel=(0.002,-0.002,-0.000) failsafe=False[0m
[0m[INFO] [1787593040.022152767] [my_drone_dds_wasd_control]: STATE arm=2 nav=14 NED=(-0.002,0.004,-1.197) vel=(0.000,0.000,0.001) failsafe=False[0m
[0m[INFO] [1787593041.071738312] [my_drone_dds_wasd_control]: STATE arm=2 nav=14 NED=(-0.001,0.004,-1.197) vel=(-0.002,0.001,-0.000) failsafe=False[0m
[0m[INFO] [1787593042.072158996] [my_drone_dds_wasd_control]: STATE arm=2 nav=14 NED=(-0.004,0.005,-1.197) vel=(-0.003,-0.001,0.000) failsafe=False[0m
[0m[INFO] [1787593043.072096686] [my_drone_dds_wasd_control]: STATE arm=2 nav=14 NED=(-0.005,0.005,-1.196) vel=(0.001,-0.002,-0.000) failsafe=False[0m
[0m[INFO] [1787593044.121955993] [my_drone_dds_wasd_control]: STATE arm=2 nav=14 NED=(-0.004,0.004,-1.197) vel=(0.001,0.000,-0.000) failsafe=False[0m
[0m[INFO] [1787593045.171819546] [my_drone_dds_wasd_control]: STATE arm=2 nav=14 NED=(-0.005,0.005,-1.197) vel=(-0.000,0.001,0.000) failsafe=False[0m
[0m[INFO] [1787593046.171877294] [my_drone_dds_wasd_control]: STATE arm=2 nav=14 NED=(-0.005,0.004,-1.197) vel=(0.003,-0.002,0.000) failsafe=False[0m
[0m[INFO] [1787593047.172215086] [my_drone_dds_wasd_control]: STATE arm=2 nav=14 NED=(-0.003,0.002,-1.197) vel=(0.001,0.002,0.000) failsafe=False[0m
[0m[INFO] [1787593048.172233264] [my_drone_dds_wasd_control]: STATE arm=2 nav=14 NED=(-0.001,0.004,-1.197) vel=(-0.000,0.002,0.000) failsafe=False[0m
[0m[INFO] [1787593049.221680802] [my_drone_dds_wasd_control]: STATE arm=2 nav=14 NED=(-0.003,0.004,-1.197) vel=(-0.003,-0.000,-0.000) failsafe=False[0m
[0m[INFO] [1787593050.221759163] [my_drone_dds_wasd_control]: STATE arm=2 nav=14 NED=(-0.005,0.004,-1.197) vel=(0.000,0.000,-0.000) failsafe=False[0m
[0m[INFO] [1787593051.221974216] [my_drone_dds_wasd_control]: STATE arm=2 nav=14 NED=(-0.004,0.004,-1.197) vel=(0.000,0.001,0.000) failsafe=False[0m
[0m[INFO] [1787593052.272017843] [my_drone_dds_wasd_control]: STATE arm=2 nav=14 NED=(-0.004,0.005,-1.197) vel=(-0.001,0.000,-0.000) failsafe=False[0m
[0m[INFO] [1787593053.321874614] [my_drone_dds_wasd_control]: STATE arm=2 nav=14 NED=(-0.004,0.003,-1.197) vel=(0.001,-0.000,-0.000) failsafe=False[0m
[0m[INFO] [1787593054.321863020] [my_drone_dds_wasd_control]: STATE arm=2 nav=14 NED=(-0.003,0.004,-1.197) vel=(-0.000,0.001,0.000) failsafe=False[0m
[0m[INFO] [1787593055.371846383] [my_drone_dds_wasd_control]: STATE arm=2 nav=14 NED=(-0.004,0.005,-1.197) vel=(-0.001,0.001,-0.000) failsafe=False[0m
[0m[INFO] [1787593056.371899813] [my_drone_dds_wasd_control]: STATE arm=2 nav=14 NED=(-0.004,0.006,-1.197) vel=(0.001,0.000,0.000) failsafe=False[0m
[0m[INFO] [1787593057.372127587] [my_drone_dds_wasd_control]: STATE arm=2 nav=14 NED=(-0.003,0.007,-1.197) vel=(-0.000,-0.000,0.000) failsafe=False[0m
[0m[INFO] [1787593058.421787193] [my_drone_dds_wasd_control]: STATE arm=2 nav=14 NED=(-0.003,0.007,-1.197) vel=(-0.000,-0.002,-0.000) failsafe=False[0m
[0m[INFO] [1787593059.471758959] [my_drone_dds_wasd_control]: STATE arm=2 nav=14 NED=(-0.003,0.004,-1.197) vel=(-0.000,-0.002,-0.000) failsafe=False[0m
[0m[INFO] [1787593060.472028221] [my_drone_dds_wasd_control]: STATE arm=2 nav=14 NED=(-0.004,0.004,-1.197) vel=(-0.000,0.002,-0.000) failsafe=False[0m
[0m[INFO] [1787593061.472683313] [my_drone_dds_wasd_control]: STATE arm=2 nav=14 NED=(-0.005,0.006,-1.197) vel=(-0.000,-0.000,0.000) failsafe=False[0m
[0m[INFO] [1787593062.521888977] [my_drone_dds_wasd_control]: STATE arm=2 nav=14 NED=(-0.003,0.004,-1.197) vel=(0.002,-0.003,-0.000) failsafe=False[0m
[0m[INFO] [1787593063.572045545] [my_drone_dds_wasd_control]: STATE arm=2 nav=14 NED=(-0.002,0.004,-1.197) vel=(-0.001,0.002,0.000) failsafe=False[0m
[0m[INFO] [1787593064.621854268] [my_drone_dds_wasd_control]: STATE arm=2 nav=14 NED=(-0.004,0.005,-1.197) vel=(-0.001,-0.001,-0.000) failsafe=False[0m
[0m[INFO] [1787593065.621834310] [my_drone_dds_wasd_control]: STATE arm=2 nav=14 NED=(-0.005,0.004,-1.197) vel=(0.000,-0.001,0.000) failsafe=False[0m
[0m[INFO] [1787593066.671880797] [my_drone_dds_wasd_control]: STATE arm=2 nav=14 NED=(-0.003,0.004,-1.197) vel=(0.001,0.002,0.000) failsafe=False[0m
[0m[INFO] [1787593067.721743590] [my_drone_dds_wasd_control]: STATE arm=2 nav=14 NED=(-0.004,0.006,-1.197) vel=(-0.002,-0.000,0.000) failsafe=False[0m
[0m[INFO] [1787593068.771863499] [my_drone_dds_wasd_control]: STATE arm=2 nav=14 NED=(-0.005,0.004,-1.197) vel=(0.000,-0.002,0.001) failsafe=False[0m
[0m[INFO] [1787593069.821767444] [my_drone_dds_wasd_control]: STATE arm=2 nav=14 NED=(-0.004,0.002,-1.197) vel=(0.001,0.002,0.000) failsafe=False[0m
[0m[INFO] [1787593070.822077951] [my_drone_dds_wasd_control]: STATE arm=2 nav=14 NED=(-0.004,0.004,-1.197) vel=(0.000,0.002,-0.000) failsafe=False[0m
[0m[INFO] [1787593071.872038047] [my_drone_dds_wasd_control]: STATE arm=2 nav=14 NED=(-0.004,0.004,-1.197) vel=(-0.000,-0.000,0.000) failsafe=False[0m
[0m[INFO] [1787593072.872226847] [my_drone_dds_wasd_control]: STATE arm=2 nav=14 NED=(-0.004,0.005,-1.197) vel=(0.001,0.001,0.001) failsafe=False[0m
[0m[INFO] [1787593073.922159775] [my_drone_dds_wasd_control]: STATE arm=2 nav=14 NED=(-0.004,0.005,-1.197) vel=(-0.001,-0.001,-0.000) failsafe=False[0m
[0m[INFO] [1787593074.972498051] [my_drone_dds_wasd_control]: STATE arm=2 nav=14 NED=(-0.004,0.003,-1.197) vel=(0.000,-0.000,-0.000) failsafe=False[0m
[0m[INFO] [1787593075.972346103] [my_drone_dds_wasd_control]: STATE arm=2 nav=14 NED=(-0.004,0.004,-1.197) vel=(-0.000,0.001,0.000) failsafe=False[0m
[0m[INFO] [1787593077.022011219] [my_drone_dds_wasd_control]: STATE arm=2 nav=14 NED=(-0.005,0.005,-1.197) vel=(0.001,0.002,-0.000) failsafe=False[0m
[0m[INFO] [1787593078.072500551] [my_drone_dds_wasd_control]: STATE arm=2 nav=14 NED=(-0.005,0.006,-1.197) vel=(0.001,-0.000,-0.000) failsafe=False[0m
[0m[INFO] [1787593079.072270898] [my_drone_dds_wasd_control]: STATE arm=2 nav=14 NED=(-0.004,0.004,-1.197) vel=(0.001,-0.002,0.000) failsafe=False[0m
[0m[INFO] [1787593080.072159996] [my_drone_dds_wasd_control]: STATE arm=2 nav=14 NED=(-0.004,0.004,-1.197) vel=(-0.001,0.001,0.000) failsafe=False[0m
[0m[INFO] [1787593081.072096833] [my_drone_dds_wasd_control]: STATE arm=2 nav=14 NED=(-0.003,0.005,-1.197) vel=(0.000,0.000,0.000) failsafe=False[0m
[0m[INFO] [1787593082.121765827] [my_drone_dds_wasd_control]: STATE arm=2 nav=14 NED=(-0.004,0.005,-1.197) vel=(-0.001,-0.001,0.000) failsafe=False[0m
[0m[INFO] [1787593083.122106567] [my_drone_dds_wasd_control]: STATE arm=2 nav=14 NED=(-0.004,0.004,-1.197) vel=(0.002,-0.001,-0.000) failsafe=False[0m
[0m[INFO] [1787593084.121825927] [my_drone_dds_wasd_control]: STATE arm=2 nav=14 NED=(-0.001,0.004,-1.197) vel=(0.000,0.002,-0.000) failsafe=False[0m
[0m[INFO] [1787593085.172056810] [my_drone_dds_wasd_control]: STATE arm=2 nav=14 NED=(-0.003,0.006,-1.197) vel=(-0.002,0.001,-0.000) failsafe=False[0m
[0m[INFO] [1787593086.221729455] [my_drone_dds_wasd_control]: STATE arm=2 nav=14 NED=(-0.004,0.004,-1.197) vel=(0.000,-0.002,0.000) failsafe=False[0m
[0m[INFO] [1787593087.271803976] [my_drone_dds_wasd_control]: STATE arm=2 nav=14 NED=(-0.004,0.003,-1.197) vel=(0.000,0.001,-0.000) failsafe=False[0m
[0m[INFO] [1787593088.272256342] [my_drone_dds_wasd_control]: STATE arm=2 nav=14 NED=(-0.004,0.004,-1.197) vel=(-0.000,0.001,-0.000) failsafe=False[0m
[0m[INFO] [1787593089.321735944] [my_drone_dds_wasd_control]: STATE arm=2 nav=14 NED=(-0.005,0.004,-1.197) vel=(0.001,0.001,0.000) failsafe=False[0m
[0m[INFO] [1787593090.322008721] [my_drone_dds_wasd_control]: STATE arm=2 nav=14 NED=(-0.005,0.004,-1.197) vel=(0.001,-0.001,-0.000) failsafe=False[0m
[0m[INFO] [1787593091.371919724] [my_drone_dds_wasd_control]: STATE arm=2 nav=14 NED=(-0.005,0.003,-1.197) vel=(0.000,0.001,0.000) failsafe=False[0m
[0m[INFO] [1787593092.421715783] [my_drone_dds_wasd_control]: STATE arm=2 nav=14 NED=(-0.004,0.005,-1.197) vel=(0.001,0.002,-0.000) failsafe=False[0m
[0m[INFO] [1787593093.422164086] [my_drone_dds_wasd_control]: STATE arm=2 nav=14 NED=(-0.003,0.006,-1.197) vel=(-0.001,-0.001,0.000) failsafe=False[0m
[0m[INFO] [1787593094.472218757] [my_drone_dds_wasd_control]: STATE arm=2 nav=14 NED=(-0.003,0.003,-1.197) vel=(-0.000,-0.001,-0.000) failsafe=False[0m
[0m[INFO] [1787593095.471999710] [my_drone_dds_wasd_control]: STATE arm=2 nav=14 NED=(-0.004,0.003,-1.197) vel=(-0.000,0.002,-0.000) failsafe=False[0m
[0m[INFO] [1787593096.521978429] [my_drone_dds_wasd_control]: STATE arm=2 nav=14 NED=(-0.004,0.005,-1.197) vel=(0.000,0.001,-0.000) failsafe=False[0m
[0m[INFO] [1787593097.522182459] [my_drone_dds_wasd_control]: STATE arm=2 nav=14 NED=(-0.003,0.005,-1.197) vel=(-0.000,-0.001,0.000) failsafe=False[0m
[0m[INFO] [1787593098.572258367] [my_drone_dds_wasd_control]: STATE arm=2 nav=14 NED=(-0.003,0.005,-1.197) vel=(-0.000,0.001,-0.000) failsafe=False[0m
[0m[INFO] [1787593099.622248274] [my_drone_dds_wasd_control]: STATE arm=2 nav=14 NED=(-0.004,0.005,-1.197) vel=(-0.001,0.001,0.000) failsafe=False[0m
[0m[INFO] [1787593100.672064146] [my_drone_dds_wasd_control]: STATE arm=2 nav=14 NED=(-0.005,0.006,-1.197) vel=(0.001,-0.001,-0.000) failsafe=False[0m
[0m[INFO] [1787593101.722147160] [my_drone_dds_wasd_control]: STATE arm=2 nav=14 NED=(-0.005,0.006,-1.197) vel=(0.000,-0.000,-0.000) failsafe=False[0m
[0m[INFO] [1787593102.772508127] [my_drone_dds_wasd_control]: STATE arm=2 nav=14 NED=(-0.005,0.005,-1.197) vel=(0.001,-0.001,-0.000) failsafe=False[0m
[0m[INFO] [1787593103.772404254] [my_drone_dds_wasd_control]: STATE arm=2 nav=14 NED=(-0.003,0.005,-1.197) vel=(0.002,-0.001,-0.000) failsafe=False[0m
[0m[INFO] [1787593104.822081215] [my_drone_dds_wasd_control]: STATE arm=2 nav=14 NED=(-0.003,0.005,-1.197) vel=(-0.002,-0.000,0.000) failsafe=False[0m
[0m[INFO] [1787593105.822352501] [my_drone_dds_wasd_control]: STATE arm=2 nav=14 NED=(-0.004,0.005,-1.197) vel=(-0.000,0.000,0.000) failsafe=False[0m
[0m[INFO] [1787593106.822157020] [my_drone_dds_wasd_control]: STATE arm=2 nav=14 NED=(-0.004,0.005,-1.197) vel=(0.001,-0.000,0.001) failsafe=False[0m
[0m[INFO] [1787593107.871895572] [my_drone_dds_wasd_control]: STATE arm=2 nav=14 NED=(-0.003,0.004,-1.197) vel=(-0.000,0.000,-0.000) failsafe=False[0m
[0m[INFO] [1787593108.872242451] [my_drone_dds_wasd_control]: STATE arm=2 nav=14 NED=(-0.003,0.005,-1.197) vel=(-0.001,0.000,0.000) failsafe=False[0m
[0m[INFO] [1787593109.921777128] [my_drone_dds_wasd_control]: STATE arm=2 nav=14 NED=(-0.004,0.005,-1.197) vel=(-0.001,-0.000,-0.000) failsafe=False[0m
[0m[INFO] [1787593110.971822781] [my_drone_dds_wasd_control]: STATE arm=2 nav=14 NED=(-0.003,0.005,-1.197) vel=(0.001,-0.001,-0.000) failsafe=False[0m
[0m[INFO] [1787593112.022157577] [my_drone_dds_wasd_control]: STATE arm=2 nav=14 NED=(-0.002,0.004,-1.197) vel=(-0.002,0.001,0.000) failsafe=False[0m
[0m[INFO] [1787593113.022051924] [my_drone_dds_wasd_control]: STATE arm=2 nav=14 NED=(-0.005,0.006,-1.197) vel=(-0.001,0.000,-0.000) failsafe=False[0m
[0m[INFO] [1787593114.071751563] [my_drone_dds_wasd_control]: STATE arm=2 nav=14 NED=(-0.004,0.006,-1.197) vel=(0.001,-0.001,0.000) failsafe=False[0m
[0m[INFO] [1787593115.072007115] [my_drone_dds_wasd_control]: STATE arm=2 nav=14 NED=(-0.004,0.004,-1.197) vel=(-0.000,-0.002,0.000) failsafe=False[0m
[0m[INFO] [1787593116.121988701] [my_drone_dds_wasd_control]: STATE arm=2 nav=14 NED=(-0.004,0.003,-1.197) vel=(-0.000,0.001,-0.000) failsafe=False[0m
[0m[INFO] [1787593117.172030059] [my_drone_dds_wasd_control]: STATE arm=2 nav=14 NED=(-0.003,0.004,-1.197) vel=(-0.000,0.001,0.000) failsafe=False[0m
[0m[INFO] [1787593118.221807315] [my_drone_dds_wasd_control]: STATE arm=2 nav=14 NED=(-0.004,0.004,-1.197) vel=(-0.001,0.000,-0.000) failsafe=False[0m
[0m[INFO] [1787593119.272107613] [my_drone_dds_wasd_control]: STATE arm=2 nav=14 NED=(-0.003,0.005,-1.197) vel=(0.001,0.000,-0.000) failsafe=False[0m
[0m[INFO] [1787593120.272345198] [my_drone_dds_wasd_control]: STATE arm=2 nav=14 NED=(-0.002,0.004,-1.197) vel=(-0.001,0.000,0.000) failsafe=False[0m
[0m[INFO] [1787593121.321849689] [my_drone_dds_wasd_control]: STATE arm=2 nav=14 NED=(-0.004,0.005,-1.197) vel=(-0.002,0.000,0.000) failsafe=False[0m
[0m[INFO] [1787593122.322041492] [my_drone_dds_wasd_control]: STATE arm=2 nav=14 NED=(-0.005,0.005,-1.197) vel=(0.001,-0.001,0.000) failsafe=False[0m
[0m[INFO] [1787593123.371924652] [my_drone_dds_wasd_control]: STATE arm=2 nav=14 NED=(-0.003,0.004,-1.197) vel=(0.001,-0.000,0.000) failsafe=False[0m
[0m[INFO] [1787593124.421820559] [my_drone_dds_wasd_control]: STATE arm=2 nav=14 NED=(-0.003,0.003,-1.197) vel=(-0.001,0.000,0.000) failsafe=False[0m
[0m[INFO] [1787593125.472079801] [my_drone_dds_wasd_control]: STATE arm=2 nav=14 NED=(-0.004,0.005,-1.197) vel=(0.000,0.002,0.000) failsafe=False[0m
[0m[INFO] [1787593126.521947312] [my_drone_dds_wasd_control]: STATE arm=2 nav=14 NED=(-0.003,0.006,-1.197) vel=(0.001,-0.001,-0.000) failsafe=False[0m
[0m[INFO] [1787593127.521787973] [my_drone_dds_wasd_control]: STATE arm=2 nav=14 NED=(-0.001,0.004,-1.197) vel=(-0.001,-0.000,-0.000) failsafe=False[0m
[0m[INFO] [1787593128.522027781] [my_drone_dds_wasd_control]: STATE arm=2 nav=14 NED=(-0.003,0.004,-1.197) vel=(-0.002,0.001,0.000) failsafe=False[0m
[0m[INFO] [1787593129.572392894] [my_drone_dds_wasd_control]: STATE arm=2 nav=14 NED=(-0.004,0.004,-1.197) vel=(-0.000,-0.001,0.000) failsafe=False[0m
[0m[INFO] [1787593130.571872379] [my_drone_dds_wasd_control]: STATE arm=2 nav=14 NED=(-0.004,0.003,-1.197) vel=(-0.000,0.001,0.000) failsafe=False[0m
[0m[INFO] [1787593131.571908417] [my_drone_dds_wasd_control]: STATE arm=2 nav=14 NED=(-0.004,0.005,-1.197) vel=(-0.000,0.002,-0.000) failsafe=False[0m
[0m[INFO] [1787593132.621952774] [my_drone_dds_wasd_control]: STATE arm=2 nav=14 NED=(-0.005,0.004,-1.197) vel=(-0.000,-0.002,-0.000) failsafe=False[0m
[0m[INFO] [1787593133.672512290] [my_drone_dds_wasd_control]: STATE arm=2 nav=14 NED=(-0.004,0.003,-1.196) vel=(0.001,0.002,-0.000) failsafe=False[0m
[0m[INFO] [1787593134.722051987] [my_drone_dds_wasd_control]: STATE arm=2 nav=14 NED=(-0.004,0.005,-1.197) vel=(-0.000,0.001,0.000) failsafe=False[0m
[0m[INFO] [1787593135.721885955] [my_drone_dds_wasd_control]: STATE arm=2 nav=14 NED=(-0.005,0.005,-1.197) vel=(0.000,-0.001,0.000) failsafe=False[0m
[0m[INFO] [1787593136.771777787] [my_drone_dds_wasd_control]: STATE arm=2 nav=14 NED=(-0.005,0.005,-1.197) vel=(0.001,0.000,0.000) failsafe=False[0m
[0m[INFO] [1787593137.772077913] [my_drone_dds_wasd_control]: STATE arm=2 nav=14 NED=(-0.004,0.004,-1.197) vel=(0.001,-0.000,-0.000) failsafe=False[0m
[0m[INFO] [1787593138.772183577] [my_drone_dds_wasd_control]: STATE arm=2 nav=14 NED=(-0.004,0.005,-1.197) vel=(-0.000,0.001,0.000) failsafe=False[0m
[0m[INFO] [1787593139.821650332] [my_drone_dds_wasd_control]: STATE arm=2 nav=14 NED=(-0.005,0.004,-1.197) vel=(-0.000,0.000,-0.000) failsafe=False[0m
[0m[INFO] [1787593140.822224097] [my_drone_dds_wasd_control]: STATE arm=2 nav=14 NED=(-0.005,0.004,-1.197) vel=(0.001,0.001,0.000) failsafe=False[0m
[0m[INFO] [1787593141.872235445] [my_drone_dds_wasd_control]: STATE arm=2 nav=14 NED=(-0.004,0.005,-1.197) vel=(0.001,0.001,0.000) failsafe=False[0m
[0m[INFO] [1787593142.922022586] [my_drone_dds_wasd_control]: STATE arm=2 nav=14 NED=(-0.004,0.006,-1.197) vel=(0.001,-0.001,0.000) failsafe=False[0m
[0m[INFO] [1787593143.971695777] [my_drone_dds_wasd_control]: STATE arm=2 nav=14 NED=(-0.002,0.005,-1.197) vel=(0.000,-0.001,-0.000) failsafe=False[0m
[0m[INFO] [1787593145.021944044] [my_drone_dds_wasd_control]: STATE arm=2 nav=14 NED=(-0.003,0.006,-1.197) vel=(-0.002,0.001,-0.000) failsafe=False[0m
[0m[INFO] [1787593146.022144057] [my_drone_dds_wasd_control]: STATE arm=2 nav=14 NED=(-0.004,0.007,-1.197) vel=(-0.001,-0.001,0.000) failsafe=False[0m
[0m[INFO] [1787593147.022306472] [my_drone_dds_wasd_control]: STATE arm=2 nav=14 NED=(-0.005,0.005,-1.197) vel=(-0.000,-0.003,-0.000) failsafe=False[0m
[0m[INFO] [1787593148.071872369] [my_drone_dds_wasd_control]: STATE arm=2 nav=14 NED=(-0.004,0.003,-1.197) vel=(0.002,-0.001,-0.000) failsafe=False[0m
[0m[INFO] [1787593149.071808011] [my_drone_dds_wasd_control]: STATE arm=2 nav=14 NED=(-0.003,0.003,-1.197) vel=(-0.001,0.002,0.000) failsafe=False[0m
[0m[INFO] [1787593150.121738824] [my_drone_dds_wasd_control]: STATE arm=2 nav=14 NED=(-0.003,0.004,-1.197) vel=(-0.001,0.002,-0.000) failsafe=False[0m
[0m[INFO] [1787593151.122048899] [my_drone_dds_wasd_control]: STATE arm=2 nav=14 NED=(-0.004,0.006,-1.197) vel=(-0.000,0.001,-0.000) failsafe=False[0m
[0m[INFO] [1787593152.172126510] [my_drone_dds_wasd_control]: STATE arm=2 nav=14 NED=(-0.005,0.006,-1.197) vel=(0.000,-0.002,-0.000) failsafe=False[0m
[0m[INFO] [1787593153.222081065] [my_drone_dds_wasd_control]: STATE arm=2 nav=14 NED=(-0.006,0.006,-1.197) vel=(0.001,-0.001,-0.000) failsafe=False[0m
[0m[INFO] [1787593154.222256514] [my_drone_dds_wasd_control]: STATE arm=2 nav=14 NED=(-0.006,0.006,-1.197) vel=(0.002,-0.001,-0.000) failsafe=False[0m
[0m[INFO] [1787593155.271849099] [my_drone_dds_wasd_control]: STATE arm=2 nav=14 NED=(-0.003,0.005,-1.196) vel=(0.001,-0.002,-0.000) failsafe=False[0m
[0m[INFO] [1787593156.321900767] [my_drone_dds_wasd_control]: STATE arm=2 nav=14 NED=(-0.003,0.003,-1.197) vel=(-0.001,-0.001,0.000) failsafe=False[0m
[0m[INFO] [1787593157.322180231] [my_drone_dds_wasd_control]: STATE arm=2 nav=14 NED=(-0.003,0.003,-1.197) vel=(0.001,0.002,0.000) failsafe=False[0m
[0m[INFO] [1787593158.372287278] [my_drone_dds_wasd_control]: STATE arm=2 nav=14 NED=(-0.002,0.004,-1.197) vel=(0.000,0.001,0.000) failsafe=False[0m
[0m[INFO] [1787593159.422116318] [my_drone_dds_wasd_control]: STATE arm=2 nav=14 NED=(-0.003,0.004,-1.197) vel=(-0.001,-0.000,0.000) failsafe=False[0m
[0m[INFO] [1787593160.471832087] [my_drone_dds_wasd_control]: STATE arm=2 nav=14 NED=(-0.004,0.005,-1.197) vel=(0.000,-0.000,-0.000) failsafe=False[0m
[0m[INFO] [1787593161.472023664] [my_drone_dds_wasd_control]: STATE arm=2 nav=14 NED=(-0.004,0.005,-1.197) vel=(-0.000,0.000,0.000) failsafe=False[0m
[0m[INFO] [1787593162.521771135] [my_drone_dds_wasd_control]: STATE arm=2 nav=14 NED=(-0.005,0.005,-1.197) vel=(-0.000,-0.001,0.000) failsafe=False[0m
[0m[INFO] [1787593163.521928675] [my_drone_dds_wasd_control]: STATE arm=2 nav=14 NED=(-0.004,0.005,-1.197) vel=(0.001,0.000,-0.001) failsafe=False[0m
[0m[INFO] [1787593164.571946314] [my_drone_dds_wasd_control]: STATE arm=2 nav=14 NED=(-0.003,0.005,-1.197) vel=(-0.000,-0.000,0.000) failsafe=False[0m
[0m[INFO] [1787593165.622018442] [my_drone_dds_wasd_control]: STATE arm=2 nav=14 NED=(-0.003,0.006,-1.197) vel=(0.001,-0.001,0.000) failsafe=False[0m
[0m[INFO] [1787593166.622109949] [my_drone_dds_wasd_control]: STATE arm=2 nav=14 NED=(-0.003,0.005,-1.197) vel=(-0.000,-0.002,0.000) failsafe=False[0m
[0m[INFO] [1787593167.672061643] [my_drone_dds_wasd_control]: STATE arm=2 nav=14 NED=(-0.004,0.004,-1.197) vel=(-0.001,0.000,-0.001) failsafe=False[0m
[0m[INFO] [1787593168.722069948] [my_drone_dds_wasd_control]: STATE arm=2 nav=14 NED=(-0.004,0.004,-1.197) vel=(-0.000,0.001,-0.000) failsafe=False[0m
[0m[INFO] [1787593169.722291495] [my_drone_dds_wasd_control]: STATE arm=2 nav=14 NED=(-0.002,0.005,-1.197) vel=(0.001,0.000,0.000) failsafe=False[0m
[0m[INFO] [1787593170.772318040] [my_drone_dds_wasd_control]: STATE arm=2 nav=14 NED=(-0.003,0.005,-1.197) vel=(-0.003,0.000,-0.000) failsafe=False[0m
[0m[INFO] [1787593171.772353793] [my_drone_dds_wasd_control]: STATE arm=2 nav=14 NED=(-0.004,0.006,-1.197) vel=(-0.001,0.000,-0.000) failsafe=False[0m
[0m[INFO] [1787593172.821979323] [my_drone_dds_wasd_control]: STATE arm=2 nav=14 NED=(-0.003,0.006,-1.197) vel=(0.001,-0.001,0.000) failsafe=False[0m
[0m[INFO] [1787593173.821884315] [my_drone_dds_wasd_control]: STATE arm=2 nav=14 NED=(-0.003,0.005,-1.197) vel=(-0.001,-0.001,0.000) failsafe=False[0m
[0m[INFO] [1787593174.872250547] [my_drone_dds_wasd_control]: STATE arm=2 nav=14 NED=(-0.005,0.005,-1.197) vel=(-0.001,-0.001,-0.000) failsafe=False[0m
[0m[INFO] [1787593175.922539938] [my_drone_dds_wasd_control]: STATE arm=2 nav=14 NED=(-0.005,0.004,-1.197) vel=(0.001,0.000,-0.000) failsafe=False[0m
[0m[INFO] [1787593176.922825813] [my_drone_dds_wasd_control]: STATE arm=2 nav=14 NED=(-0.005,0.004,-1.197) vel=(0.001,0.001,-0.000) failsafe=False[0m
[0m[INFO] [1787593177.972276339] [my_drone_dds_wasd_control]: STATE arm=2 nav=14 NED=(-0.004,0.006,-1.197) vel=(0.001,0.000,-0.000) failsafe=False[0m
[0m[INFO] [1787593179.022923621] [my_drone_dds_wasd_control]: STATE arm=2 nav=14 NED=(-0.004,0.005,-1.197) vel=(-0.000,-0.002,0.000) failsafe=False[0m
[0m[INFO] [1787593180.072617358] [my_drone_dds_wasd_control]: STATE arm=2 nav=14 NED=(-0.004,0.004,-1.197) vel=(-0.000,-0.001,-0.001) failsafe=False[0m
[0m[INFO] [1787593181.122243507] [my_drone_dds_wasd_control]: STATE arm=2 nav=14 NED=(-0.004,0.003,-1.197) vel=(-0.000,0.001,0.000) failsafe=False[0m
[0m[INFO] [1787593182.122292861] [my_drone_dds_wasd_control]: STATE arm=2 nav=14 NED=(-0.004,0.004,-1.197) vel=(0.000,0.001,0.000) failsafe=False[0m
[0m[INFO] [1787593183.172147942] [my_drone_dds_wasd_control]: STATE arm=2 nav=14 NED=(-0.004,0.004,-1.197) vel=(0.000,0.000,-0.000) failsafe=False[0m
[0m[INFO] [1787593184.222344889] [my_drone_dds_wasd_control]: STATE arm=2 nav=14 NED=(-0.004,0.004,-1.197) vel=(0.000,0.000,0.000) failsafe=False[0m
[0m[INFO] [1787593185.272355885] [my_drone_dds_wasd_control]: STATE arm=2 nav=14 NED=(-0.004,0.003,-1.197) vel=(0.000,0.000,0.000) failsafe=False[0m
[0m[INFO] [1787593186.272111333] [my_drone_dds_wasd_control]: STATE arm=2 nav=14 NED=(-0.003,0.004,-1.197) vel=(0.001,0.001,0.000) failsafe=False[0m
[0m[INFO] [1787593187.272054523] [my_drone_dds_wasd_control]: STATE arm=2 nav=14 NED=(-0.004,0.005,-1.197) vel=(-0.001,0.001,-0.000) failsafe=False[0m
[0m[INFO] [1787593188.322110811] [my_drone_dds_wasd_control]: STATE arm=2 nav=14 NED=(-0.005,0.004,-1.196) vel=(-0.000,-0.001,-0.000) failsafe=False[0m
[0m[INFO] [1787593189.372124301] [my_drone_dds_wasd_control]: STATE arm=2 nav=14 NED=(-0.008,0.003,-1.195) vel=(0.002,0.001,-0.001) failsafe=False[0m
[0m[INFO] [1787593190.422662609] [my_drone_dds_wasd_control]: STATE arm=2 nav=14 NED=(-0.005,0.005,-1.196) vel=(0.009,-0.001,-0.004) failsafe=False[0m
[0m[INFO] [1787593191.471874654] [my_drone_dds_wasd_control]: STATE arm=2 nav=14 NED=(0.006,-0.006,-1.198) vel=(-0.003,0.001,0.001) failsafe=False[0m
[0m[INFO] [1787593192.472064376] [my_drone_dds_wasd_control]: STATE arm=2 nav=14 NED=(-0.006,0.002,-1.198) vel=(-0.013,0.013,0.001) failsafe=False[0m
[0m[INFO] [1787593193.522465656] [my_drone_dds_wasd_control]: STATE arm=2 nav=14 NED=(-0.014,0.001,-1.196) vel=(0.005,-0.002,0.001) failsafe=False[0m
[0m[INFO] [1787593194.572181669] [my_drone_dds_wasd_control]: STATE arm=2 nav=14 NED=(0.017,0.018,-1.191) vel=(0.010,0.003,-0.005) failsafe=False[0m
[0m[INFO] [1787593195.622858407] [my_drone_dds_wasd_control]: STATE arm=2 nav=14 NED=(0.023,0.008,-1.198) vel=(-0.029,-0.017,-0.002) failsafe=False[0m
[0m[INFO] [1787593196.672018094] [my_drone_dds_wasd_control]: STATE arm=2 nav=14 NED=(-0.018,-0.007,-1.200) vel=(-0.024,-0.002,0.002) failsafe=False[0m
[0m[INFO] [1787593197.721899678] [my_drone_dds_wasd_control]: STATE arm=2 nav=14 NED=(-0.014,-0.008,-1.204) vel=(0.031,0.016,0.009) failsafe=False[0m
[0m[INFO] [1787593198.771893183] [my_drone_dds_wasd_control]: STATE arm=2 nav=14 NED=(0.019,0.016,-1.195) vel=(-0.009,0.004,-0.000) failsafe=False[0m
[0m[INFO] [1787593199.771786532] [my_drone_dds_wasd_control]: STATE arm=2 nav=14 NED=(-0.014,0.004,-1.198) vel=(-0.023,-0.014,0.000) failsafe=False[0m
[0m[INFO] [1787593200.771981099] [my_drone_dds_wasd_control]: STATE arm=2 nav=14 NED=(-0.015,-0.002,-1.198) vel=(0.020,0.006,0.001) failsafe=False[0m
[0m[INFO] [1787593201.822081804] [my_drone_dds_wasd_control]: STATE arm=2 nav=14 NED=(0.001,0.005,-1.198) vel=(0.005,0.005,0.000) failsafe=False[0m
[0m[INFO] [1787593202.822306851] [my_drone_dds_wasd_control]: STATE arm=2 nav=14 NED=(-0.003,0.009,-1.198) vel=(-0.005,-0.004,0.002) failsafe=False[0m
[0m[INFO] [1787593203.872091349] [my_drone_dds_wasd_control]: STATE arm=2 nav=14 NED=(-0.006,0.002,-1.198) vel=(0.003,-0.005,0.001) failsafe=False[0m
[0m[INFO] [1787593204.921906686] [my_drone_dds_wasd_control]: STATE arm=2 nav=14 NED=(-0.005,0.002,-1.197) vel=(0.001,0.005,0.001) failsafe=False[0m
[0m[INFO] [1787593205.921959252] [my_drone_dds_wasd_control]: STATE arm=2 nav=14 NED=(0.004,0.009,-1.198) vel=(0.003,0.002,-0.000) failsafe=False[0m
[0m[INFO] [1787593206.922346175] [my_drone_dds_wasd_control]: STATE arm=2 nav=14 NED=(-0.010,0.011,-1.200) vel=(-0.017,-0.001,0.005) failsafe=False[0m
[0m[INFO] [1787593207.972307114] [my_drone_dds_wasd_control]: STATE arm=2 nav=14 NED=(-0.005,0.021,-1.202) vel=(0.024,-0.005,0.003) failsafe=False[0m
[0m[INFO] [1787593209.021919545] [my_drone_dds_wasd_control]: STATE arm=2 nav=14 NED=(0.013,-0.006,-1.194) vel=(-0.007,-0.020,0.003) failsafe=False[0m
[0m[INFO] [1787593210.071979125] [my_drone_dds_wasd_control]: STATE arm=2 nav=14 NED=(-0.026,-0.010,-1.193) vel=(-0.015,0.024,-0.005) failsafe=False[0m
[0m[INFO] [1787593211.121733511] [my_drone_dds_wasd_control]: STATE arm=2 nav=14 NED=(-0.003,0.014,-1.203) vel=(0.032,0.010,0.006) failsafe=False[0m
[0m[INFO] [1787593212.121932528] [my_drone_dds_wasd_control]: STATE arm=2 nav=14 NED=(0.000,0.018,-1.201) vel=(-0.015,-0.013,0.006) failsafe=False[0m
[0m[INFO] [1787593213.122257779] [my_drone_dds_wasd_control]: STATE arm=2 nav=14 NED=(0.011,0.020,-1.186) vel=(0.006,-0.011,-0.004) failsafe=False[0m
[0m[INFO] [1787593214.172569663] [my_drone_dds_wasd_control]: STATE arm=2 nav=14 NED=(0.025,0.025,-1.180) vel=(-0.019,-0.013,-0.018) failsafe=False[0m
[0m[INFO] [1787593215.221699158] [my_drone_dds_wasd_control]: STATE arm=2 nav=14 NED=(-0.016,0.000,-1.186) vel=(-0.033,-0.023,-0.015) failsafe=False[0m
[0m[INFO] [1787593216.221761584] [my_drone_dds_wasd_control]: STATE arm=2 nav=14 NED=(-0.021,-0.019,-1.201) vel=(0.032,0.004,0.003) failsafe=False[0m
[0m[INFO] [1787593217.272316328] [my_drone_dds_wasd_control]: STATE arm=2 nav=14 NED=(-0.010,-0.007,-1.194) vel=(-0.002,0.030,-0.001) failsafe=False[0m
[0m[INFO] [1787593218.272058683] [my_drone_dds_wasd_control]: STATE arm=2 nav=14 NED=(-0.029,0.024,-1.193) vel=(0.008,0.005,-0.004) failsafe=False[0m
[0m[INFO] [1787593219.321751832] [my_drone_dds_wasd_control]: STATE arm=2 nav=14 NED=(-0.005,0.009,-1.195) vel=(0.026,-0.026,-0.002) failsafe=False[0m
[0m[INFO] [1787593220.321956710] [my_drone_dds_wasd_control]: STATE arm=2 nav=14 NED=(0.004,-0.006,-1.195) vel=(-0.007,0.004,-0.002) failsafe=False[0m
[0m[INFO] [1787593221.371716388] [my_drone_dds_wasd_control]: STATE arm=2 nav=14 NED=(-0.007,0.006,-1.195) vel=(-0.004,0.010,-0.002) failsafe=False[0m
[0m[INFO] [1787593222.371705503] [my_drone_dds_wasd_control]: STATE arm=2 nav=14 NED=(-0.002,0.006,-1.196) vel=(0.006,-0.003,-0.001) failsafe=False[0m
[0m[INFO] [1787593223.372576485] [my_drone_dds_wasd_control]: STATE arm=2 nav=14 NED=(-0.001,0.002,-1.195) vel=(-0.003,-0.003,-0.001) failsafe=False[0m
[0m[INFO] [1787593224.421642083] [my_drone_dds_wasd_control]: STATE arm=2 nav=14 NED=(-0.005,0.004,-1.195) vel=(-0.001,0.003,-0.002) failsafe=False[0m
[0m[INFO] [1787593225.421803937] [my_drone_dds_wasd_control]: STATE arm=2 nav=14 NED=(-0.001,0.006,-1.196) vel=(0.003,-0.001,-0.002) failsafe=False[0m
[0m[INFO] [1787593226.471998702] [my_drone_dds_wasd_control]: STATE arm=2 nav=14 NED=(-0.000,0.009,-1.196) vel=(-0.004,-0.002,-0.002) failsafe=False[0m
[0m[INFO] [1787593227.522051068] [my_drone_dds_wasd_control]: STATE arm=2 nav=14 NED=(-0.005,0.007,-1.196) vel=(-0.003,-0.006,-0.001) failsafe=False[0m
[0m[INFO] [1787593228.572195187] [my_drone_dds_wasd_control]: STATE arm=2 nav=14 NED=(-0.004,0.003,-1.196) vel=(0.002,-0.001,-0.001) failsafe=False[0m
[0m[INFO] [1787593229.622213475] [my_drone_dds_wasd_control]: STATE arm=2 nav=14 NED=(-0.004,0.003,-1.196) vel=(0.000,0.002,-0.001) failsafe=False[0m
ARM_FLIGHT_CONTROLLER_TIMEOUT
DDS_ARM_FLIGHT_FAIL missing=['PX4 command ack: command=21 result=0', 'LANDING_DISARMED_CONFIRMED', 'flight-controller-timeout', 'arm:directional_workspace_sequence', 'directional-stage:down:extend', 'directional-stage:down:hold', 'directional-stage:down:retract', 'directional-return:down'] climbed=True no_failsafe=True stable=False internal_land=False hover_ready=False
DIRECTIONAL_FLIGHT_DIRECTION_RESULT direction=down returned=False pass=False
ARM_FLIGHT_METRICS horizontal_drift_m=inf altitude_span_m=inf max_com_shift_m=inf max_inertia_diag_change_kg_m2=inf max_arm_force_n=inf max_arm_torque_nm=inf motor_saturation_samples=0/0 motor_saturation_rate=inf rated_motor_output=1000.000 max_truth_tilt_deg=inf rms_truth_tilt_deg=inf samples=0
ARM_FLIGHT_TRUTH_METRICS x_peak_to_peak_m=inf y_peak_to_peak_m=inf xy_peak_to_peak_m=inf altitude_peak_to_peak_m=inf
HIGH_RATE_DIRECTIONAL_ACCEPTANCE pass=false reason=missing_evidence
