[INFO] [launch]: All log files can be found below /home/asus/.ros/log/2026-08-08-04-24-49-933741-LAPTOP-FHNQ6FG2-43620
[INFO] [launch]: Default logging verbosity is set to INFO
[INFO] [gazebo-1]: process started with pid [43627]
[INFO] [parameter_bridge-2]: process started with pid [43628]
[INFO] [robot_state_publisher-3]: process started with pid [43629]
[INFO] [gazebo_sensor_delay-4]: process started with pid [43630]
[parameter_bridge-2] [INFO] [1786134300.673251229] [ros_gz_bridge]: Creating GZ->ROS Bridge: [/model/my_drone/odometry (gz.msgs.Odometry) -> /model/my_drone/odometry (nav_msgs/msg/Odometry)] (Lazy 0)
[parameter_bridge-2] [INFO] [1786134300.684914146] [ros_gz_bridge]: Creating ROS->GZ Bridge: [/world/flight_world/wrench (ros_gz_interfaces/msg/EntityWrench) -> /world/flight_world/wrench (gz.msgs.EntityWrench)] (Lazy 0)
[parameter_bridge-2] [INFO] [1786134300.693042314] [ros_gz_bridge]: Creating ROS->GZ Bridge: [/world/flight_world/wrench/persistent (ros_gz_interfaces/msg/EntityWrench) -> /world/flight_world/wrench/persistent (gz.msgs.EntityWrench)] (Lazy 0)
[parameter_bridge-2] [INFO] [1786134300.693947373] [ros_gz_bridge]: Creating ROS->GZ Bridge: [/world/flight_world/wrench/clear (ros_gz_interfaces/msg/Entity) -> /world/flight_world/wrench/clear (gz.msgs.Entity)] (Lazy 0)
[parameter_bridge-2] [INFO] [1786134300.694922384] [ros_gz_bridge]: Creating GZ->ROS Bridge: [/my_drone/command/motor_speed (gz.msgs.Actuators) -> /my_drone/command/motor_speed (actuator_msgs/msg/Actuators)] (Lazy 0)
[parameter_bridge-2] [INFO] [1786134300.702144495] [ros_gz_bridge]: Creating GZ->ROS Bridge: [/world/flight_world/model/my_drone/joint_state (gz.msgs.Model) -> /world/flight_world/model/my_drone/joint_state (sensor_msgs/msg/JointState)] (Lazy 0)
[parameter_bridge-2] [INFO] [1786134300.708961778] [ros_gz_bridge]: Creating ROS->GZ Bridge: [/world/flight_world/model/my_drone/joint_state (sensor_msgs/msg/JointState) -> /world/flight_world/model/my_drone/joint_state (gz.msgs.Model)] (Lazy 0)
[parameter_bridge-2] [INFO] [1786134300.710034115] [ros_gz_bridge]: Creating GZ->ROS Bridge: [/clock (gz.msgs.Clock) -> /clock (rosgraph_msgs/msg/Clock)] (Lazy 0)
[robot_state_publisher-3] [WARN] [1786134300.742653323] [kdl_parser]: The root link base_link has an inertia specified in the URDF, but KDL does not support a root link with an inertia.  As a workaround, you can add an extra dummy link to your URDF.
[robot_state_publisher-3] [INFO] [1786134300.742871558] [robot_state_publisher]: Robot initialized
[INFO] [gazebo_direct_motor_model-5]: process started with pid [43667]
[gazebo-1] [1;32m[Msg] [0m[1;32mGazebo Sim Server v[0m[1;32m8.11.0[0m[1;32m[0m
[gazebo-1] [1;32m[Msg] [0m[1;32mLoading SDF world file[[0m[1;32m/home/asus/clean_uav_ws/install/drone_arm_sim/share/drone_arm_sim/worlds/flight_world_250hz.sdf[0m[1;32m].[0m
[gazebo-1] [1;32m[Msg] [0m[1;32mServing entity system service on [[0m[1;32m/[0m[1;32mentity/system/add[0m[1;32m][0m[1;32m[0m
[gazebo-1] [1;32m[Msg] [0m[1;32mCreate[0m[1;32m service on [[0m[1;32m/world/flight_world/create_multiple[0m[1;32m] (async)[0m[1;32m[0m
[gazebo-1] [1;32m[Msg] [0m[1;32mCreate[0m[1;32m service on [[0m[1;32m/world/flight_world/create_multiple/blocking[0m[1;32m] (blocking)[0m[1;32m[0m
[gazebo-1] [1;32m[Msg] [0m[1;32mRemove[0m[1;32m service on [[0m[1;32m/world/flight_world/remove[0m[1;32m] (async)[0m[1;32m[0m
[gazebo-1] [1;32m[Msg] [0m[1;32mRemove[0m[1;32m service on [[0m[1;32m/world/flight_world/remove/blocking[0m[1;32m] (blocking)[0m[1;32m[0m
[gazebo-1] [1;32m[Msg] [0m[1;32mPose[0m[1;32m service on [[0m[1;32m/world/flight_world/set_pose[0m[1;32m] (async)[0m[1;32m[0m
[gazebo-1] [1;32m[Msg] [0m[1;32mPose[0m[1;32m service on [[0m[1;32m/world/flight_world/set_pose/blocking[0m[1;32m] (blocking)[0m[1;32m[0m
[gazebo-1] [1;32m[Msg] [0m[1;32mPose[0m[1;32m service on [[0m[1;32m/world/flight_world/set_pose_vector[0m[1;32m] (async)[0m[1;32m[0m
[gazebo-1] [1;32m[Msg] [0m[1;32mPose[0m[1;32m service on [[0m[1;32m/world/flight_world/set_pose_vector/blocking[0m[1;32m] (blocking)[0m[1;32m[0m
[gazebo-1] [1;32m[Msg] [0m[1;32mLight configuration[0m[1;32m service on [[0m[1;32m/world/flight_world/light_config[0m[1;32m] (async)[0m[1;32m[0m
[gazebo-1] [1;32m[Msg] [0m[1;32mLight configuration[0m[1;32m service on [[0m[1;32m/world/flight_world/light_config/blocking[0m[1;32m] (blocking)[0m[1;32m[0m
[gazebo-1] [1;32m[Msg] [0m[1;32mPhysics[0m[1;32m service on [[0m[1;32m/world/flight_world/set_physics[0m[1;32m] (async)[0m[1;32m[0m
[gazebo-1] [1;32m[Msg] [0m[1;32mPhysics[0m[1;32m service on [[0m[1;32m/world/flight_world/set_physics/blocking[0m[1;32m] (blocking)[0m[1;32m[0m
[gazebo-1] [1;32m[Msg] [0m[1;32mSphericalCoordinates[0m[1;32m service on [[0m[1;32m/world/flight_world/set_spherical_coordinates[0m[1;32m] (async)[0m[1;32m[0m
[gazebo-1] [1;32m[Msg] [0m[1;32mSphericalCoordinates[0m[1;32m service on [[0m[1;32m/world/flight_world/set_spherical_coordinates/blocking[0m[1;32m] (blocking)[0m[1;32m[0m
[gazebo-1] [1;32m[Msg] [0m[1;32mEnable collision[0m[1;32m service on [[0m[1;32m/world/flight_world/enable_collision[0m[1;32m] (async)[0m[1;32m[0m
[gazebo-1] [1;32m[Msg] [0m[1;32mEnable collision[0m[1;32m service on [[0m[1;32m/world/flight_world/enable_collision/blocking[0m[1;32m] (blocking)[0m[1;32m[0m
[gazebo-1] [1;32m[Msg] [0m[1;32mDisable collision[0m[1;32m service on [[0m[1;32m/world/flight_world/disable_collision[0m[1;32m] (async)[0m[1;32m[0m
[gazebo-1] [1;32m[Msg] [0m[1;32mDisable collision[0m[1;32m service on [[0m[1;32m/world/flight_world/disable_collision/blocking[0m[1;32m] (blocking)[0m[1;32m[0m
[gazebo-1] [1;32m[Msg] [0m[1;32mMaterial[0m[1;32m service on [[0m[1;32m/world/flight_world/visual_config[0m[1;32m] (async)[0m[1;32m[0m
[gazebo-1] [1;32m[Msg] [0m[1;32mMaterial[0m[1;32m service on [[0m[1;32m/world/flight_world/visual_config/blocking[0m[1;32m] (blocking)[0m[1;32m[0m
[gazebo-1] [1;32m[Msg] [0m[1;32mMaterial[0m[1;32m service on [[0m[1;32m/world/flight_world/wheel_slip[0m[1;32m] (async)[0m[1;32m[0m
[gazebo-1] [1;32m[Msg] [0m[1;32mMaterial[0m[1;32m service on [[0m[1;32m/world/flight_world/wheel_slip/blocking[0m[1;32m] (blocking)[0m[1;32m[0m
[gazebo-1] [1;32m[Msg] [0m[1;32mListening to instantaneous wrench commands in [[0m[1;32m/world/flight_world/wrench[0m[1;32m][0m[1;32m[0m
[gazebo-1] [1;32m[Msg] [0m[1;32mListening to persistent wrench commands in [[0m[1;32m/world/flight_world/wrench/persistent[0m[1;32m][0m[1;32m[0m
[gazebo-1] [1;32m[Msg] [0m[1;32mListening to wrench clear commands in [[0m[1;32m/world/flight_world/wrench/clear[0m[1;32m][0m[1;32m[0m
[gazebo-1] [1;32m[Msg] [0m[1;32mLoaded level [[0m[1;32mdefault[0m[1;32m][0m[1;32m[0m
[INFO] [create-6]: process started with pid [43689]
[create-6] [INFO] [1786134303.101636433] [ros_gz_sim]: Entity creation successful.
[gazebo_sensor_delay-4] [INFO] [1786134303.145281588] [my_drone_gazebo_sensor_delay]: sensor delay imu: 4.0 ms
[gazebo_sensor_delay-4] [INFO] [1786134303.175076460] [my_drone_gazebo_sensor_delay]: sensor delay magnetometer: 10.0 ms
[gazebo_sensor_delay-4] [INFO] [1786134303.203769326] [my_drone_gazebo_sensor_delay]: sensor delay air_pressure: 20.0 ms
[gazebo-1] [1;32m[Msg] [0m[1;32mServing world controls on [[0m[1;32m/world/flight_world[0m[1;32m/control], [[0m[1;32m/world/flight_world[0m[1;32m/control/state] and [[0m[1;32m/world/flight_world[0m[1;32m/playback/control][0m[1;32m[0m
[gazebo-1] [1;32m[Msg] [0m[1;32mServing GUI information on [[0m[1;32m/world/flight_world[0m[1;32m/[0m[1;32mgui/info[0m[1;32m][0m[1;32m[0m
[gazebo-1] [1;32m[Msg] [0m[1;32mWorld [[0m[1;32mflight_world[0m[1;32m] initialized with [[0m[1;32mflight_step[0m[1;32m] physics profile.[0m[1;32m[0m
[gazebo-1] [1;32m[Msg] [0m[1;32mServing world SDF generation service on [[0m[1;32m/world/flight_world[0m[1;32m/[0m[1;32mgenerate_world_sdf[0m[1;32m][0m[1;32m[0m
[gazebo-1] [1;32m[Msg] [0m[1;32mServing world names on [[0m[1;32m/gazebo/worlds[0m[1;32m][0m[1;32m[0m
[gazebo-1] [1;32m[Msg] [0m[1;32mResource path add service on [[0m[1;32m/gazebo/resource_paths/add[0m[1;32m].[0m[1;32m[0m
[gazebo-1] [1;32m[Msg] [0m[1;32mResource path get service on [[0m[1;32m/gazebo/resource_paths/get[0m[1;32m].[0m[1;32m[0m
[gazebo-1] [1;32m[Msg] [0m[1;32mResource path resolve service on [[0m[1;32m/gazebo/resource_paths/resolve[0m[1;32m].[0m[1;32m[0m
[gazebo-1] [1;32m[Msg] [0m[1;32mResource paths published on [[0m[1;32m/gazebo/resource_paths[0m[1;32m].[0m[1;32m[0m
[gazebo-1] [1;32m[Msg] [0m[1;32mServer control service on [[0m[1;32m/server_control[0m[1;32m].[0m[1;32m[0m
[gazebo-1] [1;32m[Msg] [0m[1;32mFound no publishers on /stats, adding root stats topic[0m[1;32m[0m
[gazebo-1] [1;32m[Msg] [0m[1;32mFound no publishers on /clock, adding root clock topic[0m[1;32m[0m
[gazebo-1] [1;33mWarning [Utils.cc:132][0m [/sdf/model[@name="my_drone_v3_cad_formal_dynamic"]/link[@name="base_link"]/sensor[@name="air_pressure_sensor"]/gz_frame_id:<urdf-string>:L0]: XML Element[gz_frame_id], child of element[sensor], not defined in SDF. Copying[gz_frame_id] as children of [sensor].
[gazebo-1] [1;33mWarning [Utils.cc:132][0m [/sdf/model[@name="my_drone_v3_cad_formal_dynamic"]/link[@name="base_link"]/sensor[@name="magnetometer_sensor"]/gz_frame_id:<urdf-string>:L0]: XML Element[gz_frame_id], child of element[sensor], not defined in SDF. Copying[gz_frame_id] as children of [sensor].
[gazebo-1] [1;33mWarning [Utils.cc:132][0m [/sdf/model[@name="my_drone_v3_cad_formal_dynamic"]/link[@name="base_link"]/sensor[@name="imu_sensor"]/gz_frame_id:<urdf-string>:L0]: XML Element[gz_frame_id], child of element[sensor], not defined in SDF. Copying[gz_frame_id] as children of [sensor].
[INFO] [create-6]: process has finished cleanly [pid 43689]
[gazebo-1] [1;33mWarning [Utils.cc:132][0m [/sdf/model[@name="my_drone_v3_cad_formal_dynamic"]/link[@name="base_link"]/sensor[@name="navsat_sensor"]/gz_frame_id:<urdf-string>:L0]: XML Element[gz_frame_id], child of element[sensor], not defined in SDF. Copying[gz_frame_id] as children of [sensor].
[gazebo_sensor_delay-4] [INFO] [1786134303.235933925] [my_drone_gazebo_sensor_delay]: sensor delay navsat: 50.0 ms
[gazebo_direct_motor_model-5] [INFO] [1786134303.898779324] [my_drone_gazebo_direct_motor_model]: battery dynamics override: enabled=False R=0.005 ohm capacity=10 Ah
[gazebo-1] [INFO] [1786134303.944492816] [gz_ros_control]: [gz_ros2_control] Fixed joint ['arm_mount'] (Entity='56') is skipped.
[gazebo-1] [INFO] [1786134304.206473614] [gz_ros_control]: Loading controller_manager
[gazebo-1] [INFO] [1786134304.489525876] [controller_manager]: Using ROS clock for triggering controller manager cycles.
[gazebo-1] [INFO] [1786134304.513864714] [controller_manager]: Subscribing to '/robot_description' topic for robot description.
[gazebo-1] [WARN] [1786134304.532734969] [gz_ros_control]: Waiting RM to load and initialize hardware...
[gazebo-1] [INFO] [1786134304.533143551] [controller_manager]: Received robot description from topic.
[gazebo-1] [INFO] [1786134304.533265346] [controller_manager]: Enforcing command limits is disabled. Command limits from URDF will be ignored.
[gazebo-1] [INFO] [1786134304.687850098] [gz_ros_control]: The position_proportional_gain has been set to: 0.15
[gazebo-1] [INFO] [1786134304.687993604] [gz_ros_control]: Loading joint: shoulder_pan
[gazebo-1] [INFO] [1786134304.688003083] [gz_ros_control]: 	State:
[gazebo-1] [INFO] [1786134304.688012749] [gz_ros_control]: 		 position
[gazebo-1] [INFO] [1786134304.688023712] [gz_ros_control]: 			 found initial value: 0.000000
[gazebo-1] [INFO] [1786134304.688033662] [gz_ros_control]: 		 velocity
[gazebo-1] [INFO] [1786134304.688042452] [gz_ros_control]: 	Command:
[gazebo-1] [INFO] [1786134304.688044961] [gz_ros_control]: 		 position
[gazebo-1] [INFO] [1786134304.688065719] [gz_ros_control]: Loading joint: shoulder_lift
[gazebo-1] [INFO] [1786134304.688068560] [gz_ros_control]: 	State:
[gazebo-1] [INFO] [1786134304.688071209] [gz_ros_control]: 		 position
[gazebo-1] [INFO] [1786134304.688074412] [gz_ros_control]: 			 found initial value: 0.000000
[gazebo-1] [INFO] [1786134304.688077504] [gz_ros_control]: 		 velocity
[gazebo-1] [INFO] [1786134304.688080044] [gz_ros_control]: 	Command:
[gazebo-1] [INFO] [1786134304.688082508] [gz_ros_control]: 		 position
[gazebo-1] [INFO] [1786134304.688091033] [gz_ros_control]: Loading joint: elbow_flex
[gazebo-1] [INFO] [1786134304.688093946] [gz_ros_control]: 	State:
[gazebo-1] [INFO] [1786134304.688096305] [gz_ros_control]: 		 position
[gazebo-1] [INFO] [1786134304.688099325] [gz_ros_control]: 			 found initial value: 0.000000
[gazebo-1] [INFO] [1786134304.688101966] [gz_ros_control]: 		 velocity
[gazebo-1] [INFO] [1786134304.688104455] [gz_ros_control]: 	Command:
[gazebo-1] [INFO] [1786134304.688109234] [gz_ros_control]: 		 position
[gazebo-1] [INFO] [1786134304.688116409] [gz_ros_control]: Loading joint: wrist_flex
[gazebo-1] [INFO] [1786134304.688118950] [gz_ros_control]: 	State:
[gazebo-1] [INFO] [1786134304.688121438] [gz_ros_control]: 		 position
[gazebo-1] [INFO] [1786134304.688123903] [gz_ros_control]: 			 found initial value: 0.000000
[gazebo-1] [INFO] [1786134304.688126407] [gz_ros_control]: 		 velocity
[gazebo-1] [INFO] [1786134304.688128472] [gz_ros_control]: 	Command:
[gazebo-1] [INFO] [1786134304.688130679] [gz_ros_control]: 		 position
[gazebo-1] [INFO] [1786134304.688137096] [gz_ros_control]: Loading joint: wrist_roll
[gazebo-1] [INFO] [1786134304.688139603] [gz_ros_control]: 	State:
[gazebo-1] [INFO] [1786134304.688141690] [gz_ros_control]: 		 position
[gazebo-1] [INFO] [1786134304.688145102] [gz_ros_control]: 			 found initial value: 0.000000
[gazebo-1] [INFO] [1786134304.688147649] [gz_ros_control]: 		 velocity
[gazebo-1] [INFO] [1786134304.688149867] [gz_ros_control]: 	Command:
[gazebo-1] [INFO] [1786134304.688152273] [gz_ros_control]: 		 position
[gazebo-1] [INFO] [1786134304.688159700] [gz_ros_control]: Loading joint: gripper
[gazebo-1] [INFO] [1786134304.688162166] [gz_ros_control]: 	State:
[gazebo-1] [INFO] [1786134304.688164286] [gz_ros_control]: 		 position
[gazebo-1] [INFO] [1786134304.688166381] [gz_ros_control]: 			 found initial value: 0.000000
[gazebo-1] [INFO] [1786134304.688168724] [gz_ros_control]: 		 velocity
[gazebo-1] [INFO] [1786134304.688170873] [gz_ros_control]: 	Command:
[gazebo-1] [INFO] [1786134304.688172946] [gz_ros_control]: 		 position
[gazebo-1] [INFO] [1786134304.688226796] [gz_ros_control]: Loading sensor: imu_sensor
[gazebo-1] [INFO] [1786134304.688230083] [gz_ros_control]: 	State:
[gazebo-1] [WARN] [1786134304.688233605] [gz_ros_control]: IMU sensor 'imu_sensor' not found in hardware_info, skipping.
[gazebo-1] [INFO] [1786134304.688466631] [controller_manager]: Initialize hardware 'GazeboSimSystem' 
[gazebo-1] [WARN] [1786134304.688536210] [controller_manager.hardware_component.system.GazeboSimSystem]: Executor is not available during hardware component initialization for 'GazeboSimSystem'. Skipping node creation!
[gazebo-1] [INFO] [1786134304.688647765] [controller_manager]: Successful initialization of hardware 'GazeboSimSystem'
[gazebo-1] [INFO] [1786134304.689009729] [controller_manager]: Activating component 'GazeboSimSystem'.
[gazebo-1] [INFO] [1786134304.689034011] [resource_manager]: 'configure' hardware 'GazeboSimSystem' 
[gazebo-1] [INFO] [1786134304.689040352] [gz_ros_control]: System Successfully configured!
[gazebo-1] [INFO] [1786134304.689045896] [resource_manager]: Successful 'configure' of hardware 'GazeboSimSystem'
[gazebo-1] [INFO] [1786134304.689054066] [resource_manager]: 'activate' hardware 'GazeboSimSystem' 
[gazebo-1] [INFO] [1786134304.689070607] [resource_manager]: Successful 'activate' of hardware 'GazeboSimSystem'
[gazebo-1] [WARN] [1786134304.689161633] [controller_manager]: Component 'GazeboSimSystem' does not have read or write statistics initialized, skipping registration.
[gazebo-1] [INFO] [1786134304.689170335] [controller_manager]: Resource Manager has been successfully initialized. Starting Controller Manager services...
[INFO] [spawner-7]: process started with pid [43774]
[gazebo_direct_motor_model-5] [INFO] [1786134306.621171747] [my_drone_gazebo_direct_motor_model]: MOTOR_DYNAMIC_STATE sim_s=0.012 cmd_max=0.0000 filtered_max=0.0000 voltage_v=14.8000 thrust_scale=1.000000 current_a=0.0000
[parameter_bridge-2] [INFO] [1786134306.623542679] [ros_gz_bridge]: Passing message from ROS ros_gz_interfaces/msg/EntityWrench to Gazebo gz.msgs.EntityWrench (showing msg only once per type)
[gazebo_direct_motor_model-5] [INFO] [1786134307.605561400] [my_drone_gazebo_direct_motor_model]: MOTOR_DYNAMIC_STATE sim_s=1.012 cmd_max=0.0000 filtered_max=0.0000 voltage_v=14.8000 thrust_scale=1.000000 current_a=0.0000
[gazebo-1] [INFO] [1786134308.163656997] [controller_manager]: Loading controller : 'joint_state_broadcaster' of type 'joint_state_broadcaster/JointStateBroadcaster'
[gazebo-1] [INFO] [1786134308.164308877] [controller_manager]: Loading controller 'joint_state_broadcaster'
[gazebo-1] [INFO] [1786134308.272885949] [controller_manager]: Controller 'joint_state_broadcaster' node arguments: --ros-args --params-file /home/asus/clean_uav_ws/install/drone_arm_sim/share/drone_arm_sim/config/so101_ros2_control.yaml -p use_sim_time:=true --param use_sim_time:=true 
[spawner-7] [INFO] [1786134308.331278823] [spawner_joint_state_broadcaster]: Loaded joint_state_broadcaster
[gazebo-1] [INFO] [1786134308.334455800] [controller_manager]: Configuring controller: 'joint_state_broadcaster'
[gazebo-1] [INFO] [1786134308.340110729] [joint_state_broadcaster]: 'joints' or 'interfaces' parameter is empty. All available state interfaces will be published
[gazebo-1] [INFO] [1786134308.407558632] [controller_manager]: Activating controllers: [ joint_state_broadcaster ]
[gazebo-1] [INFO] [1786134308.412531775] [controller_manager]: Successfully switched controllers!
[spawner-7] [INFO] [1786134308.417305260] [spawner_joint_state_broadcaster]: Configured and activated joint_state_broadcaster
[INFO] [spawner-8]: process started with pid [43802]
[gazebo_direct_motor_model-5] [INFO] [1786134308.605780987] [my_drone_gazebo_direct_motor_model]: MOTOR_DYNAMIC_STATE sim_s=2.012 cmd_max=0.0000 filtered_max=0.0000 voltage_v=14.8000 thrust_scale=1.000000 current_a=0.0000
[INFO] [spawner-7]: process has finished cleanly [pid 43774]
[gazebo-1] [1;32m[Msg] [0m[1;32mOdometryPublisher publishing odometry on [[0m[1;32m/model/my_drone/odometry[0m[1;32m][0m[1;32m[0m
[gazebo-1] [1;32m[Msg] [0m[1;32mOdometryPublisher publishing odometry with covariance on [[0m[1;32m/model/my_drone/odometry_with_covariance[0m[1;32m][0m[1;32m[0m
[gazebo-1] [1;32m[Msg] [0m[1;32mOdometryPublisher publishing Pose_V (TF) on [[0m[1;32m/model/my_drone/pose[0m[1;32m][0m[1;32m[0m
[gazebo-1] [1;32m[Msg] [0m[1;32mServing scene information on [[0m[1;32m/world/flight_world[0m[1;32m/[0m[1;32mscene/info[0m[1;32m][0m[1;32m[0m
[gazebo-1] [1;32m[Msg] [0m[1;32mServing graph information on [[0m[1;32m/world/flight_world[0m[1;32m/[0m[1;32mscene/graph[0m[1;32m][0m[1;32m[0m
[gazebo-1] [1;32m[Msg] [0m[1;32mServing full state on [[0m[1;32m/world/flight_world[0m[1;32m/[0m[1;32mstate[0m[1;32m][0m[1;32m[0m
[gazebo-1] [1;32m[Msg] [0m[1;32mServing full state (async) on [[0m[1;32m/world/flight_world[0m[1;32m/[0m[1;32mstate_async[0m[1;32m][0m[1;32m[0m
[gazebo-1] [1;32m[Msg] [0m[1;32mPublishing scene information on [[0m[1;32m/world/flight_world/scene/info[0m[1;32m][0m[1;32m[0m
[gazebo-1] [1;32m[Msg] [0m[1;32mPublishing entity deletions on [[0m[1;32m/world/flight_world/scene/deletion[0m[1;32m][0m[1;32m[0m
[gazebo-1] [1;32m[Msg] [0m[1;32mPublishing state changes on [[0m[1;32m/world/flight_world/state[0m[1;32m][0m[1;32m[0m
[gazebo-1] [1;32m[Msg] [0m[1;32mPublishing pose messages on [[0m[1;32m/world/flight_world[0m[1;32m/[0m[1;32mpose/info[0m[1;32m][0m[1;32m[0m
[gazebo-1] [1;32m[Msg] [0m[1;32mPublishing dynamic pose messages on [[0m[1;32m/world/flight_world[0m[1;32m/[0m[1;32mdynamic_pose/info[0m[1;32m][0m[1;32m[0m
[gazebo_direct_motor_model-5] [INFO] [1786134309.611996201] [my_drone_gazebo_direct_motor_model]: MOTOR_DYNAMIC_STATE sim_s=3.012 cmd_max=0.0000 filtered_max=0.0000 voltage_v=14.8000 thrust_scale=1.000000 current_a=0.0000
[INFO] [arm_coupling_monitor-9]: process started with pid [43805]
[gazebo_direct_motor_model-5] [INFO] [1786134310.607515322] [my_drone_gazebo_direct_motor_model]: MOTOR_DYNAMIC_STATE sim_s=4.016 cmd_max=0.0000 filtered_max=0.0000 voltage_v=14.8000 thrust_scale=1.000000 current_a=0.0000
[spawner-8] [INFO] [1786134311.252542852] [spawner_arm_controller]: waiting for service /controller_manager/list_controllers to become available...
[gazebo_direct_motor_model-5] [INFO] [1786134311.608373708] [my_drone_gazebo_direct_motor_model]: MOTOR_DYNAMIC_STATE sim_s=5.016 cmd_max=0.0000 filtered_max=0.0000 voltage_v=14.8000 thrust_scale=1.000000 current_a=0.0000
[gazebo-1] [INFO] [1786134312.010956458] [controller_manager]: Loading controller : 'arm_controller' of type 'joint_trajectory_controller/JointTrajectoryController'
[gazebo-1] [INFO] [1786134312.011031755] [controller_manager]: Loading controller 'arm_controller'
[gazebo-1] [INFO] [1786134312.054024790] [controller_manager]: Controller 'arm_controller' node arguments: --ros-args --params-file /home/asus/clean_uav_ws/install/drone_arm_sim/share/drone_arm_sim/config/so101_ros2_control.yaml -p use_sim_time:=true --param use_sim_time:=true 
[spawner-8] [INFO] [1786134312.229777264] [spawner_arm_controller]: Loaded arm_controller
[gazebo-1] [INFO] [1786134312.232260037] [controller_manager]: Configuring controller: 'arm_controller'
[gazebo-1] [INFO] [1786134312.233561388] [arm_controller]: No specific joint names are used for command interfaces. Using 'joints' parameter.
[gazebo-1] [INFO] [1786134312.234414457] [arm_controller]: Command interfaces are [position] and state interfaces are [position velocity].
[gazebo-1] [INFO] [1786134312.234498837] [arm_controller]: Using 'splines' interpolation method.
[gazebo-1] [INFO] [1786134312.239844994] [arm_controller]: Action status changes will be monitored at 20.00 Hz.
[gazebo-1] [INFO] [1786134312.261293493] [arm_controller]: Setting initial scaling factor to 1.000000
[gazebo-1] [INFO] [1786134312.261511139] [arm_controller]: No scaling interface set. This controller will not read speed scaling from the hardware.
[gazebo-1] [INFO] [1786134312.266481514] [controller_manager]: Activating controllers: [ arm_controller ]
[gazebo-1] [INFO] [1786134312.268383104] [controller_manager]: Successfully switched controllers!
[spawner-8] [INFO] [1786134312.273735311] [spawner_arm_controller]: Configured and activated arm_controller
[INFO] [spawner-8]: process has finished cleanly [pid 43802]
[gazebo_direct_motor_model-5] [INFO] [1786134312.608699491] [my_drone_gazebo_direct_motor_model]: MOTOR_DYNAMIC_STATE sim_s=6.016 cmd_max=0.0000 filtered_max=0.0000 voltage_v=14.8000 thrust_scale=1.000000 current_a=0.0000
[gazebo_direct_motor_model-5] [INFO] [1786134313.609205170] [my_drone_gazebo_direct_motor_model]: MOTOR_DYNAMIC_STATE sim_s=7.016 cmd_max=0.0000 filtered_max=0.0000 voltage_v=14.8000 thrust_scale=1.000000 current_a=0.0000
[arm_coupling_monitor-9] [INFO] [1786134313.881012575] [my_drone_arm_coupling_monitor]: ARM_COUPLING_STATE {"com_body_flu_m": [-0.0038248431409455687, -0.0006145304418527519, -0.2077188313169085], "com_shift_m": [0.00017534465930635042, 5.812607645363382e-05, -0.003237386255491276], "feedforward_acceleration_ned_m_s2": [2.662920655413735e-17, 1.7012324687959507e-17, -7.961672925198513e-16], "inertia_diag_kg_m2": [0.40505070532737875, 0.4061274387790728, 0.4119286996119129], "mass_kg": 7.735, "reaction_force_body_n": [-1.4474465625370088e-16, -1.587750729658357e-16, -6.159456635776995e-15], "reaction_torque_body_nm": [1.6262875004956556e-14, 3.095597207628406e-14, 1.3416532076901488e-15]}
[gazebo_direct_motor_model-5] [INFO] [1786134314.608528112] [my_drone_gazebo_direct_motor_model]: MOTOR_DYNAMIC_STATE sim_s=8.016 cmd_max=0.0000 filtered_max=0.0000 voltage_v=14.8000 thrust_scale=1.000000 current_a=0.0000
[arm_coupling_monitor-9] [INFO] [1786134314.733598731] [my_drone_arm_coupling_monitor]: ARM_COUPLING_STATE {"com_body_flu_m": [-0.0038248431409455687, -0.0006145304418527519, -0.2077188313169085], "com_shift_m": [0.00017534465930635042, 5.812607645363382e-05, -0.003237386255491276], "feedforward_acceleration_ned_m_s2": [-1.4400018831187244e-17, 6.491791160036044e-17, 1.3561379046115596e-16], "inertia_diag_kg_m2": [0.40505070532737875, 0.4061274387790728, 0.4119286996119129], "mass_kg": 7.735, "reaction_force_body_n": [-4.998841194368819e-16, 1.0343042846645236e-16, 1.0508628494229257e-15], "reaction_torque_body_nm": [1.3760111380335676e-14, 8.356541149037433e-14, -1.3206500051911486e-15]}
[gazebo_direct_motor_model-5] [INFO] [1786134315.607329457] [my_drone_gazebo_direct_motor_model]: MOTOR_DYNAMIC_STATE sim_s=9.016 cmd_max=0.0000 filtered_max=0.0000 voltage_v=14.8000 thrust_scale=1.000000 current_a=0.0000
[arm_coupling_monitor-9] [INFO] [1786134316.067589497] [my_drone_arm_coupling_monitor]: ARM_COUPLING_STATE {"com_body_flu_m": [-0.0038248431409455687, -0.0006145304418527519, -0.2077188313169085], "com_shift_m": [0.00017534465930635042, 5.812607645363382e-05, -0.003237386255491276], "feedforward_acceleration_ned_m_s2": [9.622612154001066e-18, 4.622413215530966e-17, 6.228423457935592e-17], "inertia_diag_kg_m2": [0.40505070532737875, 0.4061274387790728, 0.4119286996119129], "mass_kg": 7.735, "reaction_force_body_n": [-3.5653054053798356e-16, -7.805874123205653e-17, 4.819452009033423e-16], "reaction_torque_body_nm": [1.0468991847911305e-14, 6.766358201500706e-14, -6.078851753145243e-16]}
[gazebo_direct_motor_model-5] [INFO] [1786134316.613064888] [my_drone_gazebo_direct_motor_model]: MOTOR_DYNAMIC_STATE sim_s=10.016 cmd_max=0.0000 filtered_max=0.0000 voltage_v=14.8000 thrust_scale=1.000000 current_a=0.0000
[arm_coupling_monitor-9] [INFO] [1786134317.075305018] [my_drone_arm_coupling_monitor]: ARM_COUPLING_STATE {"com_body_flu_m": [-0.0038248431409455704, -0.0006145304418527519, -0.2077188313169085], "com_shift_m": [0.00017534465930634869, 5.812607645363382e-05, -0.003237386255491276], "feedforward_acceleration_ned_m_s2": [-2.205439001545566e-17, -1.3650047028981383e-16, 1.4872284876571125e-15], "inertia_diag_kg_m2": [0.40505070532737875, 0.4061274387790728, 0.4119286996119129], "mass_kg": 7.735, "reaction_force_body_n": [1.0803495899512671e-15, 8.229939407517683e-17, 1.1502406271384204e-14], "reaction_torque_body_nm": [5.58493592137609e-14, 5.95839275459435e-13, 9.09607159973107e-15]}
[gazebo_direct_motor_model-5] [INFO] [1786134317.619176401] [my_drone_gazebo_direct_motor_model]: MOTOR_DYNAMIC_STATE sim_s=11.016 cmd_max=0.0000 filtered_max=0.0000 voltage_v=14.8000 thrust_scale=1.000000 current_a=0.0000
[arm_coupling_monitor-9] [INFO] [1786134318.395199394] [my_drone_arm_coupling_monitor]: ARM_COUPLING_STATE {"com_body_flu_m": [-0.0038248431409455812, -0.000614530441852838, -0.2077188313169085], "com_shift_m": [0.00017534465930633784, 5.8126076453547735e-05, -0.003237386255491276], "feedforward_acceleration_ned_m_s2": [8.717621087716906e-18, 2.531992942145482e-16, -1.1222963842050704e-15], "inertia_diag_kg_m2": [0.40505070532737875, 0.40612743877907276, 0.4119286996119129], "mass_kg": 7.735, "reaction_force_body_n": [-1.976968783419935e-15, -1.8288536638527442e-17, -8.677017117107605e-15], "reaction_torque_body_nm": [4.891090702464427e-13, -1.493725291909366e-13, -7.257718894738344e-13]}
[gazebo_direct_motor_model-5] [INFO] [1786134318.609835670] [my_drone_gazebo_direct_motor_model]: MOTOR_DYNAMIC_STATE sim_s=12.016 cmd_max=0.0000 filtered_max=0.0000 voltage_v=14.8000 thrust_scale=1.000000 current_a=0.0000
[arm_coupling_monitor-9] [INFO] [1786134319.404642909] [my_drone_arm_coupling_monitor]: ARM_COUPLING_STATE {"com_body_flu_m": [-0.0038248431409456116, -0.0006145304418529493, -0.2077188313169085], "com_shift_m": [0.00017534465930630749, 5.8126076453436496e-05, -0.003237386255491276], "feedforward_acceleration_ned_m_s2": [3.8748825663890636e-17, -4.559049377038277e-16, -7.481667709159018e-17], "inertia_diag_kg_m2": [0.4050507053273788, 0.40612743877907276, 0.4119286996119129], "mass_kg": 7.735, "reaction_force_body_n": [3.5251349958774705e-15, -2.984360720230032e-16, -5.871673134313755e-16], "reaction_torque_body_nm": [4.704107733371877e-13, -5.713593047730506e-13, -7.805797950666208e-13]}
[gazebo_direct_motor_model-5] [INFO] [1786134319.617331676] [my_drone_gazebo_direct_motor_model]: MOTOR_DYNAMIC_STATE sim_s=13.016 cmd_max=0.0000 filtered_max=0.0000 voltage_v=14.8000 thrust_scale=1.000000 current_a=0.0000
[arm_coupling_monitor-9] [INFO] [1786134320.477865254] [my_drone_arm_coupling_monitor]: ARM_COUPLING_STATE {"com_body_flu_m": [-0.003824843140945515, -0.0006145304418530498, -0.20771883131690833], "com_shift_m": [0.0001753446593064042, 5.812607645333599e-05, -0.0032373862554911093], "feedforward_acceleration_ned_m_s2": [-2.5637097581018627e-16, 3.264820599329203e-15, -1.58553236855745e-14], "inertia_diag_kg_m2": [0.4050507053273787, 0.4061274387790727, 0.4119286996119129], "mass_kg": 7.735, "reaction_force_body_n": [-2.5339844057499912e-14, 2.0849547957515226e-15, -1.226214036736821e-13], "reaction_torque_body_nm": [5.304939873293248e-13, 6.195258480501865e-13, -4.91069994689434e-13]}
[gazebo_direct_motor_model-5] [INFO] [1786134320.614359064] [my_drone_gazebo_direct_motor_model]: MOTOR_DYNAMIC_STATE sim_s=14.016 cmd_max=0.0000 filtered_max=0.0000 voltage_v=14.8000 thrust_scale=1.000000 current_a=0.0000
[gazebo_direct_motor_model-5] [INFO] [1786134321.610822500] [my_drone_gazebo_direct_motor_model]: MOTOR_DYNAMIC_STATE sim_s=15.016 cmd_max=0.0000 filtered_max=0.0000 voltage_v=14.8000 thrust_scale=1.000000 current_a=0.0000
[arm_coupling_monitor-9] [INFO] [1786134321.742662372] [my_drone_arm_coupling_monitor]: ARM_COUPLING_STATE {"com_body_flu_m": [-0.0038248431409454377, -0.0006145304418530857, -0.20771883131690816], "com_shift_m": [0.0001753446593064814, 5.8126076453300104e-05, -0.0032373862554909427], "feedforward_acceleration_ned_m_s2": [-2.7389953630987497e-17, 7.897021765887379e-16, -1.3119597266392486e-15], "inertia_diag_kg_m2": [0.4050507053273784, 0.40612743877907265, 0.41192869961191314], "mass_kg": 7.735, "reaction_force_body_n": [-6.1085609873476104e-15, 2.1316388893800896e-16, -1.0147851999779786e-14], "reaction_torque_body_nm": [3.4756508741736815e-14, -1.5177462166446606e-13, -1.9615662159232777e-14]}
[gazebo_direct_motor_model-5] [INFO] [1786134322.615564075] [my_drone_gazebo_direct_motor_model]: MOTOR_DYNAMIC_STATE sim_s=16.020 cmd_max=0.0000 filtered_max=0.0000 voltage_v=14.8000 thrust_scale=1.000000 current_a=0.0000
[arm_coupling_monitor-9] [INFO] [1786134323.058617287] [my_drone_arm_coupling_monitor]: ARM_COUPLING_STATE {"com_body_flu_m": [-0.0038248431409454308, -0.0006145304418530857, -0.20771883131690816], "com_shift_m": [0.00017534465930648833, 5.8126076453300104e-05, -0.0032373862554909427], "feedforward_acceleration_ned_m_s2": [-4.24437475034552e-18, -9.443301926652905e-17, -1.1615928521890301e-16], "inertia_diag_kg_m2": [0.4050507053273784, 0.40612743877907265, 0.4119286996119132], "mass_kg": 7.735, "reaction_force_body_n": [7.304441296431255e-16, 3.270916274658291e-17, -8.984926452798047e-16], "reaction_torque_body_nm": [-1.0511141600029972e-14, -1.8427456466079053e-13, -4.200228087618484e-15]}
[gazebo_direct_motor_model-5] [INFO] [1786134323.613132588] [my_drone_gazebo_direct_motor_model]: MOTOR_DYNAMIC_STATE sim_s=17.020 cmd_max=0.0000 filtered_max=0.0000 voltage_v=14.8000 thrust_scale=1.000000 current_a=0.0000
[arm_coupling_monitor-9] [INFO] [1786134324.071558173] [my_drone_arm_coupling_monitor]: ARM_COUPLING_STATE {"com_body_flu_m": [-0.0038248431409454308, -0.0006145304418530857, -0.20771883131690816], "com_shift_m": [0.00017534465930648833, 5.8126076453300104e-05, -0.0032373862554909427], "feedforward_acceleration_ned_m_s2": [-3.9191956466582594e-17, -2.4745762115200307e-17, -1.620257828200131e-16], "inertia_diag_kg_m2": [0.4050507053273784, 0.40612743877907265, 0.4119286996119132], "mass_kg": 7.735, "reaction_force_body_n": [1.9145805511122536e-16, 3.031190916201119e-16, -1.253269279665221e-15], "reaction_torque_body_nm": [-1.1985219508343942e-14, -1.5525593358904858e-13, -4.4418516431396466e-15]}
[gazebo_direct_motor_model-5] [INFO] [1786134324.614250875] [my_drone_gazebo_direct_motor_model]: MOTOR_DYNAMIC_STATE sim_s=18.020 cmd_max=0.0000 filtered_max=0.0000 voltage_v=14.8000 thrust_scale=1.000000 current_a=0.0000
[arm_coupling_monitor-9] [INFO] [1786134325.388893017] [my_drone_arm_coupling_monitor]: ARM_COUPLING_STATE {"com_body_flu_m": [-0.0038248431409454308, -0.0006145304418530857, -0.20771883131690816], "com_shift_m": [0.00017534465930648833, 5.8126076453300104e-05, -0.0032373862554909427], "feedforward_acceleration_ned_m_s2": [4.245639087480635e-18, 2.2616054485384333e-17, -2.2239510424883325e-16], "inertia_diag_kg_m2": [0.4050507053273784, 0.40612743877907265, 0.4119286996119132], "mass_kg": 7.735, "reaction_force_body_n": [-1.749420944964806e-16, -3.280904378320319e-17, -1.7202260193826125e-15], "reaction_torque_body_nm": [-1.4006683111299591e-14, -1.2559067385852414e-13, 2.5714048872461744e-15]}
[gazebo_direct_motor_model-5] [INFO] [1786134325.620249689] [my_drone_gazebo_direct_motor_model]: MOTOR_DYNAMIC_STATE sim_s=19.020 cmd_max=0.0000 filtered_max=0.0000 voltage_v=14.8000 thrust_scale=1.000000 current_a=0.0000
[arm_coupling_monitor-9] [INFO] [1786134326.396787469] [my_drone_arm_coupling_monitor]: ARM_COUPLING_STATE {"com_body_flu_m": [-0.0038248431409454308, -0.0006145304418530857, -0.20771883131690816], "com_shift_m": [0.00017534465930648833, 5.8126076453300104e-05, -0.0032373862554909427], "feedforward_acceleration_ned_m_s2": [-7.506071603855322e-18, -3.992818955093354e-17, -1.7574458379410027e-16], "inertia_diag_kg_m2": [0.4050507053273784, 0.40612743877907265, 0.4119286996119132], "mass_kg": 7.735, "reaction_force_body_n": [3.088531079658577e-16, 5.80092705955676e-17, -1.3593845532629018e-15], "reaction_torque_body_nm": [-1.4000065944549968e-14, -1.324806768356379e-13, -6.323504377268258e-16]}
[gazebo_direct_motor_model-5] [INFO] [1786134326.612742867] [my_drone_gazebo_direct_motor_model]: MOTOR_DYNAMIC_STATE sim_s=20.020 cmd_max=0.0000 filtered_max=0.0000 voltage_v=14.8000 thrust_scale=1.000000 current_a=0.0000
[gazebo_direct_motor_model-5] [INFO] [1786134327.612116093] [my_drone_gazebo_direct_motor_model]: MOTOR_DYNAMIC_STATE sim_s=21.020 cmd_max=0.0000 filtered_max=0.0000 voltage_v=14.8000 thrust_scale=1.000000 current_a=0.0000
[arm_coupling_monitor-9] [INFO] [1786134327.709638121] [my_drone_arm_coupling_monitor]: ARM_COUPLING_STATE {"com_body_flu_m": [-0.0038248431409454308, -0.0006145304418530857, -0.20771883131690816], "com_shift_m": [0.00017534465930648833, 5.8126076453300104e-05, -0.0032373862554909427], "feedforward_acceleration_ned_m_s2": [-2.104923744920952e-17, -1.2028916660729898e-17, 7.106965983340084e-17], "inertia_diag_kg_m2": [0.4050507053273784, 0.40612743877907265, 0.4119286996119132], "mass_kg": 7.735, "reaction_force_body_n": [9.307131878560932e-17, 1.627997481832895e-16, 5.497239077304841e-16], "reaction_torque_body_nm": [-1.2144678466264623e-14, -1.286113243069194e-13, -1.0288880076111832e-15]}
[gazebo_direct_motor_model-5] [INFO] [1786134328.611820783] [my_drone_gazebo_direct_motor_model]: MOTOR_DYNAMIC_STATE sim_s=22.020 cmd_max=0.0000 filtered_max=0.0000 voltage_v=14.8000 thrust_scale=1.000000 current_a=0.0000
[arm_coupling_monitor-9] [INFO] [1786134328.722544490] [my_drone_arm_coupling_monitor]: ARM_COUPLING_STATE {"com_body_flu_m": [-0.0038248431409454308, -0.0006145304418530857, -0.20771883131690816], "com_shift_m": [0.00017534465930648833, 5.8126076453300104e-05, -0.0032373862554909427], "feedforward_acceleration_ned_m_s2": [-3.975669687581913e-18, 3.3513897228099006e-17, 2.2217775045316325e-17], "inertia_diag_kg_m2": [0.4050507053273784, 0.40612743877907265, 0.4119286996119132], "mass_kg": 7.735, "reaction_force_body_n": [-2.592247125324154e-16, 3.079492401016129e-17, 1.7185473704185538e-16], "reaction_torque_body_nm": [-1.601175807507258e-14, -1.2584750075382481e-13, 1.740622861737139e-15]}
[gazebo_direct_motor_model-5] [INFO] [1786134329.615824523] [my_drone_gazebo_direct_motor_model]: MOTOR_DYNAMIC_STATE sim_s=23.020 cmd_max=0.0000 filtered_max=0.0000 voltage_v=14.8000 thrust_scale=1.000000 current_a=0.0000
[arm_coupling_monitor-9] [INFO] [1786134330.058385586] [my_drone_arm_coupling_monitor]: ARM_COUPLING_STATE {"com_body_flu_m": [-0.0038248431409454308, -0.0006145304418530857, -0.20771883131690816], "com_shift_m": [0.00017534465930648833, 5.8126076453300104e-05, -0.0032373862554909427], "feedforward_acceleration_ned_m_s2": [-1.4887631260774748e-18, -2.886093877386018e-17, -2.445056955592925e-17], "inertia_diag_kg_m2": [0.4050507053273784, 0.40612743877907265, 0.4119286996119132], "mass_kg": 7.735, "reaction_force_body_n": [2.232411242632409e-16, 1.1478491791266241e-17, -1.8912532946330455e-16], "reaction_torque_body_nm": [-7.741984513283231e-15, -1.3536296364538931e-13, -1.49069535894611e-16]}
[gazebo_direct_motor_model-5] [INFO] [1786134330.620346775] [my_drone_gazebo_direct_motor_model]: MOTOR_DYNAMIC_STATE sim_s=24.020 cmd_max=0.0000 filtered_max=0.0000 voltage_v=14.8000 thrust_scale=1.000000 current_a=0.0000
[arm_coupling_monitor-9] [INFO] [1786134331.097125110] [my_drone_arm_coupling_monitor]: ARM_COUPLING_STATE {"com_body_flu_m": [-0.0038248431409454308, -0.0006145304418530857, -0.20771883131690816], "com_shift_m": [0.00017534465930648833, 5.8126076453300104e-05, -0.0032373862554909427], "feedforward_acceleration_ned_m_s2": [1.3510166814893419e-17, 5.85421049225124e-18, 1.7901713643488954e-16], "inertia_diag_kg_m2": [0.4050507053273784, 0.40612743877907265, 0.4119286996119132], "mass_kg": 7.735, "reaction_force_body_n": [-4.529861896990036e-17, -1.0449499079478869e-16, 1.3846974812411652e-15], "reaction_torque_body_nm": [-1.077985363660837e-14, -1.296378358831323e-13, 1.3635400236052644e-15]}
[gazebo_direct_motor_model-5] [INFO] [1786134331.632757587] [my_drone_gazebo_direct_motor_model]: MOTOR_DYNAMIC_STATE sim_s=25.020 cmd_max=0.0000 filtered_max=0.0000 voltage_v=14.8000 thrust_scale=1.000000 current_a=0.0000
[arm_coupling_monitor-9] [INFO] [1786134334.621066255] [my_drone_arm_coupling_monitor]: ARM_COUPLING_STATE {"com_body_flu_m": [-0.0038248431409454308, -0.0006145304418530857, -0.20771883131690816], "com_shift_m": [0.00017534465930648833, 5.8126076453300104e-05, -0.0032373862554909427], "feedforward_acceleration_ned_m_s2": [-2.0283733048886937e-17, 6.581645705975024e-17, -8.824137240941819e-17], "inertia_diag_kg_m2": [0.4050507053273784, 0.40612743877907265, 0.4119286996119132], "mass_kg": 7.735, "reaction_force_body_n": [-5.090646523733826e-16, 1.5698039538793987e-16, -6.8254643180248965e-16], "reaction_torque_body_nm": [-1.582438390311246e-14, -1.3489400088627246e-13, -1.5475175617591054e-15]}
[gazebo_direct_motor_model-5] [INFO] [1786134334.860023337] [my_drone_gazebo_direct_motor_model]: MOTOR_DYNAMIC_STATE sim_s=26.020 cmd_max=0.0000 filtered_max=0.0000 voltage_v=14.8000 thrust_scale=1.000000 current_a=0.0000
[arm_coupling_monitor-9] [INFO] [1786134335.752121374] [my_drone_arm_coupling_monitor]: ARM_COUPLING_STATE {"com_body_flu_m": [-0.0038248431409454308, -0.0006145304418530857, -0.20771883131690816], "com_shift_m": [0.00017534465930648833, 5.8126076453300104e-05, -0.0032373862554909427], "feedforward_acceleration_ned_m_s2": [6.5787486180625845e-18, 4.066816806474546e-17, -3.065743527978898e-17], "inertia_diag_kg_m2": [0.4050507053273784, 0.40612743877907265, 0.4119286996119132], "mass_kg": 7.735, "reaction_force_body_n": [-3.145769715925176e-16, -5.0833840333825607e-17, -2.3713505218337633e-16], "reaction_torque_body_nm": [-1.4395351356732306e-14, -1.286491579229531e-13, 2.192504532622881e-15]}
[gazebo_direct_motor_model-5] [INFO] [1786134335.855264363] [my_drone_gazebo_direct_motor_model]: MOTOR_DYNAMIC_STATE sim_s=27.020 cmd_max=0.0000 filtered_max=0.0000 voltage_v=14.8000 thrust_scale=1.000000 current_a=0.0000
ARM_GROUND_SENT_retracted
[arm_coupling_monitor-9] [INFO] [1786134336.764536608] [my_drone_arm_coupling_monitor]: ARM_COUPLING_STATE {"com_body_flu_m": [-0.0038248431409454308, -0.0006145304418530857, -0.20771883131690816], "com_shift_m": [0.00017534465930648833, 5.8126076453300104e-05, -0.0032373862554909427], "feedforward_acceleration_ned_m_s2": [6.3969987391203194e-18, 5.823842367712552e-17, 6.24809478742343e-17], "inertia_diag_kg_m2": [0.4050507053273784, 0.40612743877907265, 0.4119286996119132], "mass_kg": 7.735, "reaction_force_body_n": [-4.504820628687795e-16, -4.940604291587224e-17, 4.832904560080818e-16], "reaction_torque_body_nm": [-8.828126216855152e-15, -1.3847351028736065e-13, 1.0123408832831652e-16]}
[gazebo_direct_motor_model-5] [INFO] [1786134336.855681035] [my_drone_gazebo_direct_motor_model]: MOTOR_DYNAMIC_STATE sim_s=28.020 cmd_max=0.0000 filtered_max=0.0000 voltage_v=14.8000 thrust_scale=1.000000 current_a=0.0000
[arm_coupling_monitor-9] [INFO] [1786134337.783800440] [my_drone_arm_coupling_monitor]: ARM_COUPLING_STATE {"com_body_flu_m": [-0.0038248431409454308, -0.0006145304418530857, -0.20771883131690816], "com_shift_m": [0.00017534465930648833, 5.8126076453300104e-05, -0.0032373862554909427], "feedforward_acceleration_ned_m_s2": [-6.079373109238943e-18, 3.362485865716098e-17, 9.588359844121582e-17], "inertia_diag_kg_m2": [0.4050507053273784, 0.40612743877907265, 0.4119286996119132], "mass_kg": 7.735, "reaction_force_body_n": [-2.600798075799695e-16, 4.706663093976669e-17, 7.416598983452328e-16], "reaction_torque_body_nm": [-1.024668057729447e-14, -1.3705230501288493e-13, -1.3579449669937249e-15]}
[gazebo_direct_motor_model-5] [INFO] [1786134337.852294030] [my_drone_gazebo_direct_motor_model]: MOTOR_DYNAMIC_STATE sim_s=29.020 cmd_max=0.0000 filtered_max=0.0000 voltage_v=14.8000 thrust_scale=1.000000 current_a=0.0000
[gazebo_direct_motor_model-5] [INFO] [1786134338.850043920] [my_drone_gazebo_direct_motor_model]: MOTOR_DYNAMIC_STATE sim_s=30.020 cmd_max=0.0000 filtered_max=0.0000 voltage_v=14.8000 thrust_scale=1.000000 current_a=0.0000
[arm_coupling_monitor-9] [INFO] [1786134339.071708082] [my_drone_arm_coupling_monitor]: ARM_COUPLING_STATE {"com_body_flu_m": [-0.0038248431409454308, -0.0006145304418530857, -0.20771883131690816], "com_shift_m": [0.00017534465930648833, 5.8126076453300104e-05, -0.0032373862554909427], "feedforward_acceleration_ned_m_s2": [-8.600616254695012e-18, -1.9108224458602358e-18, 4.304869518202655e-17], "inertia_diag_kg_m2": [0.4050507053273784, 0.40612743877907265, 0.4119286996119132], "mass_kg": 7.735, "reaction_force_body_n": [1.4791599082665772e-17, 6.65229571039532e-17, 3.3298171289555756e-16], "reaction_torque_body_nm": [-1.5593221704670833e-14, -1.4836975961705397e-13, -1.1048199714707835e-15]}
[gazebo_direct_motor_model-5] [INFO] [1786134339.851819889] [my_drone_gazebo_direct_motor_model]: MOTOR_DYNAMIC_STATE sim_s=31.020 cmd_max=0.0000 filtered_max=0.0000 voltage_v=14.8000 thrust_scale=1.000000 current_a=0.0000
[arm_coupling_monitor-9] [INFO] [1786134340.391996230] [my_drone_arm_coupling_monitor]: ARM_COUPLING_STATE {"com_body_flu_m": [-0.0038248431409454308, -0.0006145304418530857, -0.20771883131690816], "com_shift_m": [0.00017534465930648833, 5.8126076453300104e-05, -0.0032373862554909427], "feedforward_acceleration_ned_m_s2": [9.327107555349942e-18, 5.2063948429832885e-18, 1.2420521762753295e-16], "inertia_diag_kg_m2": [0.4050507053273784, 0.40612743877907265, 0.4119286996119132], "mass_kg": 7.735, "reaction_force_body_n": [-4.028271372724526e-17, -7.213943159550077e-17, 9.607273181509041e-16], "reaction_torque_body_nm": [-1.4193684588579206e-14, -1.353071915233283e-13, 1.5965911267394594e-15]}
[gazebo_direct_motor_model-5] [INFO] [1786134340.849015521] [my_drone_gazebo_direct_motor_model]: MOTOR_DYNAMIC_STATE sim_s=32.020 cmd_max=0.0000 filtered_max=0.0000 voltage_v=14.8000 thrust_scale=1.000000 current_a=0.0000
[INFO] [1786134340.960278020] [arm_preset_control]: Sent preset retracted over /arm_controller/joint_trajectory
[arm_coupling_monitor-9] [INFO] [1786134341.392632571] [my_drone_arm_coupling_monitor]: ARM_COUPLING_STATE {"com_body_flu_m": [-0.003831546601665483, -0.0006187778178956593, -0.2074788248781319], "com_shift_m": [0.00016864119858643611, 5.387870041072642e-05, -0.0029973798167146903], "feedforward_acceleration_ned_m_s2": [-1.5115684127564785e-07, -7.376267352177106e-06, -2.4669056212365424e-06], "inertia_diag_kg_m2": [0.40478551222433484, 0.4058748271474998, 0.4119437843636739], "mass_kg": 7.735, "reaction_force_body_n": [5.7055606574971554e-05, 1.1596886025594772e-06, -1.908156125005418e-05], "reaction_torque_body_nm": [-0.030410642744030287, -0.014695423000738091, -0.03685198329370677]}
[gazebo_direct_motor_model-5] [INFO] [1786134341.848308489] [my_drone_gazebo_direct_motor_model]: MOTOR_DYNAMIC_STATE sim_s=33.020 cmd_max=0.0000 filtered_max=0.0000 voltage_v=14.8000 thrust_scale=1.000000 current_a=0.0000
[arm_coupling_monitor-9] [INFO] [1786134342.763913435] [my_drone_arm_coupling_monitor]: ARM_COUPLING_STATE {"com_body_flu_m": [-0.003863848434009874, -0.000634091002720719, -0.2066198507667442], "com_shift_m": [0.00013633936624204502, 3.856551558566678e-05, -0.0021384057053269734], "feedforward_acceleration_ned_m_s2": [-1.1125906270192624e-07, -7.400992744313262e-06, -2.0187193800160147e-06], "inertia_diag_kg_m2": [0.40389384886848345, 0.4050074894406803, 0.411977364358329], "mass_kg": 7.735, "reaction_force_body_n": [5.724680882182364e-05, 8.510438061944511e-07, -1.561484114857283e-05], "reaction_torque_body_nm": [-0.030678176176345034, -0.014610079703191276, -0.038541729270556394]}
[gazebo_direct_motor_model-5] [INFO] [1786134342.865590965] [my_drone_gazebo_direct_motor_model]: MOTOR_DYNAMIC_STATE sim_s=34.020 cmd_max=0.0000 filtered_max=0.0000 voltage_v=14.8000 thrust_scale=1.000000 current_a=0.0000
[INFO] [1786134343.605906710] [arm_preset_control]: ARM_PRESET_REACHED preset=retracted max_error=0.079906 rad
ARM_GROUND_SENT_work_a
[gazebo_direct_motor_model-5] [INFO] [1786134343.856994533] [my_drone_gazebo_direct_motor_model]: MOTOR_DYNAMIC_STATE sim_s=35.020 cmd_max=0.0000 filtered_max=0.0000 voltage_v=14.8000 thrust_scale=1.000000 current_a=0.0000
[arm_coupling_monitor-9] [INFO] [1786134344.068434839] [my_drone_arm_coupling_monitor]: ARM_COUPLING_STATE {"com_body_flu_m": [-0.0039094357304138025, -0.0006496462114495088, -0.20575470150643277], "com_shift_m": [9.075206983811656e-05, 2.3010306856876997e-05, -0.0012732564450155526], "feedforward_acceleration_ned_m_s2": [-7.066786959084042e-08, -7.4114121793747055e-06, -1.5491386597337735e-06], "inertia_diag_kg_m2": [0.4030865545119228, 0.4041921822693328, 0.41197912150012633], "mass_kg": 7.735, "reaction_force_body_n": [5.732735373409656e-05, 5.370537605594546e-07, -1.1982634664973572e-05], "reaction_torque_body_nm": [-0.030857899063856224, -0.01452810927676987, -0.04024617336205539]}
[gazebo_direct_motor_model-5] [INFO] [1786134344.850244372] [my_drone_gazebo_direct_motor_model]: MOTOR_DYNAMIC_STATE sim_s=36.020 cmd_max=0.0000 filtered_max=0.0000 voltage_v=14.8000 thrust_scale=1.000000 current_a=0.0000
[arm_coupling_monitor-9] [INFO] [1786134345.389599223] [my_drone_arm_coupling_monitor]: ARM_COUPLING_STATE {"com_body_flu_m": [-0.003968057806997806, -0.0006652791579615995, -0.2048893290908286], "com_shift_m": [3.212999325411317e-05, 7.377360344786271e-06, -0.00040788402941138724], "feedforward_acceleration_ned_m_s2": [-3.082545708177973e-08, -7.413688286132154e-06, -1.1488827027628265e-06], "inertia_diag_kg_m2": [0.402370155134081, 0.4034354396570658, 0.41194897842103767], "mass_kg": 7.735, "reaction_force_body_n": [5.7344910524136433e-05, 2.2886660062260713e-07, -8.886655167270155e-06], "reaction_torque_body_nm": [-0.030948356058806782, -0.014450466289384598, -0.04195059460971118]}
[gazebo_direct_motor_model-5] [INFO] [1786134345.848286364] [my_drone_gazebo_direct_motor_model]: MOTOR_DYNAMIC_STATE sim_s=37.020 cmd_max=0.0000 filtered_max=0.0000 voltage_v=14.8000 thrust_scale=1.000000 current_a=0.0000
[arm_coupling_monitor-9] [INFO] [1786134346.445682098] [my_drone_arm_coupling_monitor]: ARM_COUPLING_STATE {"com_body_flu_m": [-0.004000187800096938, -0.0006726565182671369, -0.20448144506408397], "com_shift_m": [1.5498106270550593e-13, 3.9248877585496e-14, -2.666755705149626e-12], "feedforward_acceleration_ned_m_s2": [3.763288496371013e-10, 1.7112077358928396e-09, 2.0792891103266327e-08], "inertia_diag_kg_m2": [0.40206406205986783, 0.403099224933409, 0.41192380609182366], "mass_kg": 7.735, "reaction_force_body_n": [-1.3236544044686477e-08, -2.9088573037915476e-09, 1.6083302072116786e-07], "reaction_torque_body_nm": [-3.079760703370375e-08, -1.032667004327497e-07, -8.795508166915843e-09]}
[gazebo_direct_motor_model-5] [INFO] [1786134346.859750283] [my_drone_gazebo_direct_motor_model]: MOTOR_DYNAMIC_STATE sim_s=38.020 cmd_max=0.0000 filtered_max=0.0000 voltage_v=14.8000 thrust_scale=1.000000 current_a=0.0000
[arm_coupling_monitor-9] [INFO] [1786134347.738525087] [my_drone_arm_coupling_monitor]: ARM_COUPLING_STATE {"com_body_flu_m": [-0.004000187800225321, -0.0006726565182964856, -0.2044814450625032], "com_shift_m": [2.6598515057152383e-14, 9.900175297616887e-15, -1.0859924071127125e-12], "feedforward_acceleration_ned_m_s2": [-5.763700561102593e-18, 1.017166526054871e-17, -3.2088852670406384e-17], "inertia_diag_kg_m2": [0.4020640620587223, 0.40309922493213896, 0.4119238060917196], "mass_kg": 7.735, "reaction_force_body_n": [-7.867059028691368e-17, 4.459561708853646e-17, -2.4820716441125276e-16], "reaction_torque_body_nm": [-2.6441855076021674e-15, 1.1606358220498446e-14, 3.9895757367979283e-16]}
[gazebo_direct_motor_model-5] [INFO] [1786134347.853524372] [my_drone_gazebo_direct_motor_model]: MOTOR_DYNAMIC_STATE sim_s=39.020 cmd_max=0.0000 filtered_max=0.0000 voltage_v=14.8000 thrust_scale=1.000000 current_a=0.0000
[INFO] [1786134348.480181272] [arm_preset_control]: Sent preset work_a over /arm_controller/joint_trajectory
[arm_coupling_monitor-9] [INFO] [1786134348.743892321] [my_drone_arm_coupling_monitor]: ARM_COUPLING_STATE {"com_body_flu_m": [-0.003949389555102171, -0.0008058904252245496, -0.2049152804538617], "com_shift_m": [5.079824514974806e-05, -0.0001332339069181638, -0.0004338353924444871], "feedforward_acceleration_ned_m_s2": [-7.033365372022077e-05, 0.00011777819929006611, -2.0120283240849354e-05], "inertia_diag_kg_m2": [0.40243571616941654, 0.4034111878089617, 0.4119608995359621], "mass_kg": 7.735, "reaction_force_body_n": [-0.0009109236275938781, 0.0005441831149086073, -0.00015562907725149352], "reaction_torque_body_nm": [0.0380605813797103, -0.10440972552585735, -0.07057170452532999]}
[gazebo_direct_motor_model-5] [INFO] [1786134348.852704699] [my_drone_gazebo_direct_motor_model]: MOTOR_DYNAMIC_STATE sim_s=40.020 cmd_max=0.0000 filtered_max=0.0000 voltage_v=14.8000 thrust_scale=1.000000 current_a=0.0000
[arm_coupling_monitor-9] [INFO] [1786134349.753690704] [my_drone_arm_coupling_monitor]: ARM_COUPLING_STATE {"com_body_flu_m": [-0.0036435664444701144, -0.0014746426345386297, -0.20692133977825475], "com_shift_m": [0.00035662135578180473, -0.000801986116232244, -0.002439894716837532], "feedforward_acceleration_ned_m_s2": [-9.662838691275239e-05, 9.953176205184972e-05, -6.0568043162445704e-05], "inertia_diag_kg_m2": [0.4044804733354438, 0.4050293533391901, 0.412175560555105], "mass_kg": 7.735, "reaction_force_body_n": [-0.0007697537288452726, 0.000747549621269896, -0.00046849240988542984], "reaction_torque_body_nm": [0.029800056499416427, -0.10693226826519239, -0.0715791698200742]}
[gazebo_direct_motor_model-5] [INFO] [1786134349.857467494] [my_drone_gazebo_direct_motor_model]: MOTOR_DYNAMIC_STATE sim_s=41.020 cmd_max=0.0000 filtered_max=0.0000 voltage_v=14.8000 thrust_scale=1.000000 current_a=0.0000
[gazebo_direct_motor_model-5] [INFO] [1786134350.851753518] [my_drone_gazebo_direct_motor_model]: MOTOR_DYNAMIC_STATE sim_s=42.020 cmd_max=0.0000 filtered_max=0.0000 voltage_v=14.8000 thrust_scale=1.000000 current_a=0.0000
[arm_coupling_monitor-9] [INFO] [1786134351.055803028] [my_drone_arm_coupling_monitor]: ARM_COUPLING_STATE {"com_body_flu_m": [-0.00308429623498341, -0.002523501642474635, -0.20950322319315037], "com_shift_m": [0.0009158915652685089, -0.0018508451241682493, -0.005021778131733157], "feedforward_acceleration_ned_m_s2": [-0.0001336676144625313, 6.814452647701291e-05, -8.865138637404978e-05], "inertia_diag_kg_m2": [0.4079268319998219, 0.40755537327316926, 0.41261030265722604], "mass_kg": 7.735, "reaction_force_body_n": [-0.0005269257965420085, 0.0010340077166509653, -0.0006857169789264635], "reaction_torque_body_nm": [0.018959874024926354, -0.10907210124684433, -0.07281831370808634]}
[gazebo_direct_motor_model-5] [INFO] [1786134351.847666883] [my_drone_gazebo_direct_motor_model]: MOTOR_DYNAMIC_STATE sim_s=43.020 cmd_max=0.0000 filtered_max=0.0000 voltage_v=14.8000 thrust_scale=1.000000 current_a=0.0000
[arm_coupling_monitor-9] [INFO] [1786134352.373350186] [my_drone_arm_coupling_monitor]: ARM_COUPLING_STATE {"com_body_flu_m": [-0.002407126220071841, -0.003805242159147012, -0.21191983700997039], "com_shift_m": [0.0015930615801800782, -0.003132585640840626, -0.007438391948553169], "feedforward_acceleration_ned_m_s2": [-0.00016080831190523997, 2.652301320221681e-05, -0.00011710181601312792], "inertia_diag_kg_m2": [0.41204728031639354, 0.41040564766328547, 0.4132921503852043], "mass_kg": 7.735, "reaction_force_body_n": [-0.000204948517128254, 0.0012438874644536539, -0.0009057811055527181], "reaction_torque_body_nm": [0.0085086015620273, -0.10993297521679207, -0.0738667252894053]}
[gazebo_direct_motor_model-5] [INFO] [1786134352.848126424] [my_drone_gazebo_direct_motor_model]: MOTOR_DYNAMIC_STATE sim_s=44.020 cmd_max=0.0000 filtered_max=0.0000 voltage_v=14.8000 thrust_scale=1.000000 current_a=0.0000
[INFO] [1786134352.875382465] [arm_preset_control]: ARM_PRESET_REACHED preset=work_a max_error=0.079787 rad
ARM_GROUND_SENT_work_b
[arm_coupling_monitor-9] [INFO] [1786134353.427851553] [my_drone_arm_coupling_monitor]: ARM_COUPLING_STATE {"com_body_flu_m": [-0.0018640482721678563, -0.004951987161409736, -0.2136003409989382], "com_shift_m": [0.002136139528084063, -0.0042793306431033505, -0.009118895937520993], "feedforward_acceleration_ned_m_s2": [-0.00017315736410933774, -1.0287890717907094e-05, -0.00013841403530611012], "inertia_diag_kg_m2": [0.41549781347866543, 0.41268197882160285, 0.41402037437915495], "mass_kg": 7.735, "reaction_force_body_n": [7.979963675689778e-05, 0.001339359996114491, -0.0010706312610744549], "reaction_torque_body_nm": [0.0009680257867348987, -0.10983260267411625, -0.07448038031183689]}
[gazebo_direct_motor_model-5] [INFO] [1786134353.851134415] [my_drone_gazebo_direct_motor_model]: MOTOR_DYNAMIC_STATE sim_s=45.020 cmd_max=0.0000 filtered_max=0.0000 voltage_v=14.8000 thrust_scale=1.000000 current_a=0.0000
[arm_coupling_monitor-9] [INFO] [1786134354.731830121] [my_drone_arm_coupling_monitor]: ARM_COUPLING_STATE {"com_body_flu_m": [-0.0017995502157124499, -0.00509935625321812, -0.2137909882874578], "com_shift_m": [0.002200637584539469, -0.004426699734911735, -0.009309543226040579], "feedforward_acceleration_ned_m_s2": [5.611849784931707e-17, -1.0311276691357503e-16, 1.1103261474785247e-16], "inertia_diag_kg_m2": [0.4159242244116922, 0.41295572301814937, 0.4141209650287141], "mass_kg": 7.735, "reaction_force_body_n": [7.97505458492228e-16, -4.342106586659023e-16, 8.588361681476551e-16], "reaction_torque_body_nm": [-3.2663730775590416e-14, -6.243199617616217e-13, -3.5003761408989377e-13]}
[gazebo_direct_motor_model-5] [INFO] [1786134354.850650296] [my_drone_gazebo_direct_motor_model]: MOTOR_DYNAMIC_STATE sim_s=46.020 cmd_max=0.0000 filtered_max=0.0000 voltage_v=14.8000 thrust_scale=1.000000 current_a=0.0000
[gazebo_direct_motor_model-5] [INFO] [1786134355.852775384] [my_drone_gazebo_direct_motor_model]: MOTOR_DYNAMIC_STATE sim_s=47.020 cmd_max=0.0000 filtered_max=0.0000 voltage_v=14.8000 thrust_scale=1.000000 current_a=0.0000
[arm_coupling_monitor-9] [INFO] [1786134356.092049223] [my_drone_arm_coupling_monitor]: ARM_COUPLING_STATE {"com_body_flu_m": [-0.0017995502157124499, -0.00509935625321812, -0.2137909882874578], "com_shift_m": [0.002200637584539469, -0.004426699734911735, -0.009309543226040579], "feedforward_acceleration_ned_m_s2": [2.1762711045105804e-17, 1.46353977621167e-17, 1.177970608418543e-17], "inertia_diag_kg_m2": [0.4159242244116922, 0.41295572301814937, 0.4141209650287141], "mass_kg": 7.735, "reaction_force_body_n": [-1.1323283852294364e-16, -1.6831575391358588e-16, 9.111594877588493e-17], "reaction_torque_body_nm": [-3.5124405903212354e-14, -6.237591893968391e-13, -3.5012790294559116e-13]}
[gazebo_direct_motor_model-5] [INFO] [1786134356.848063690] [my_drone_gazebo_direct_motor_model]: MOTOR_DYNAMIC_STATE sim_s=48.020 cmd_max=0.0000 filtered_max=0.0000 voltage_v=14.8000 thrust_scale=1.000000 current_a=0.0000
[arm_coupling_monitor-9] [INFO] [1786134357.412140517] [my_drone_arm_coupling_monitor]: ARM_COUPLING_STATE {"com_body_flu_m": [-0.0017995502157124499, -0.00509935625321812, -0.2137909882874578], "com_shift_m": [0.002200637584539469, -0.004426699734911735, -0.009309543226040579], "feedforward_acceleration_ned_m_s2": [2.3192985655393602e-17, -8.425712268824155e-17, -9.490231483492948e-17], "inertia_diag_kg_m2": [0.4159242244116922, 0.41295572301814937, 0.4141209650287141], "mass_kg": 7.735, "reaction_force_body_n": [6.51698262461547e-16, -1.795058392690452e-16, -7.340701306794495e-16], "reaction_torque_body_nm": [-3.948803212779009e-14, -6.335301751578201e-13, -3.5351604413464336e-13]}
[gazebo_direct_motor_model-5] [INFO] [1786134357.842629216] [my_drone_gazebo_direct_motor_model]: MOTOR_DYNAMIC_STATE sim_s=49.020 cmd_max=0.0000 filtered_max=0.0000 voltage_v=14.8000 thrust_scale=1.000000 current_a=0.0000
[INFO] [1786134357.936039757] [arm_preset_control]: Sent preset work_b over /arm_controller/joint_trajectory
[arm_coupling_monitor-9] [INFO] [1786134358.413735491] [my_drone_arm_coupling_monitor]: ARM_COUPLING_STATE {"com_body_flu_m": [-0.001566511138302961, -0.004356623526882367, -0.2137376489918176], "com_shift_m": [0.0024336766619489584, -0.0036839670085759813, -0.009256203930400386], "feedforward_acceleration_ned_m_s2": [3.33336228244665e-05, -0.0003427726701090005, 2.2390823751529144e-05], "inertia_diag_kg_m2": [0.4150988972371801, 0.4136259656464513, 0.4141448610830966], "mass_kg": 7.735, "reaction_force_body_n": [0.002651303648265947, -0.00025827855735418003, 0.00017319055268486759], "reaction_torque_body_nm": [-0.010792783785605168, 0.12064318239603994, 0.09034913266250028]}
[gazebo_direct_motor_model-5] [INFO] [1786134358.851456562] [my_drone_gazebo_direct_motor_model]: MOTOR_DYNAMIC_STATE sim_s=50.020 cmd_max=0.0000 filtered_max=0.0000 voltage_v=14.8000 thrust_scale=1.000000 current_a=0.0000
[arm_coupling_monitor-9] [INFO] [1786134359.427361701] [my_drone_arm_coupling_monitor]: ARM_COUPLING_STATE {"com_body_flu_m": [-0.001246167117348831, -0.002545605934246639, -0.2136238257660616], "com_shift_m": [0.002754020682903088, -0.0018729494159402532, -0.009142380704644376], "feedforward_acceleration_ned_m_s2": [-3.647130287022403e-05, -0.0003490183589191222, 1.73021001608261e-05], "inertia_diag_kg_m2": [0.41347328344748824, 0.41487647932186794, 0.41409810160985394], "mass_kg": 7.735, "reaction_force_body_n": [0.0026997041954129504, 0.000281654507074252, 0.000133829787090893], "reaction_torque_body_nm": [-0.02882056265451217, 0.11829145134718252, 0.09183728978876311]}
[gazebo_direct_motor_model-5] [INFO] [1786134359.851635696] [my_drone_gazebo_direct_motor_model]: MOTOR_DYNAMIC_STATE sim_s=51.020 cmd_max=0.0000 filtered_max=0.0000 voltage_v=14.8000 thrust_scale=1.000000 current_a=0.0000
[arm_coupling_monitor-9] [INFO] [1786134360.451832660] [my_drone_arm_coupling_monitor]: ARM_COUPLING_STATE {"com_body_flu_m": [-0.0012734641157480064, -0.0007713979759796406, -0.21352695411259182], "com_shift_m": [0.0027267236845039127, -9.874145767325483e-05, -0.0090455090511746], "feedforward_acceleration_ned_m_s2": [-0.00011087980799907658, -0.0003386883526341326, 8.016365574520921e-06], "inertia_diag_kg_m2": [0.4125173113874214, 0.41544205925554745, 0.41387545826783406], "mass_kg": 7.735, "reaction_force_body_n": [0.002619897662928381, 0.0008572177044366778, 6.200528448140972e-05], "reaction_torque_body_nm": [-0.04690502715261982, 0.11263822973397043, 0.0930775559994278]}
[gazebo_direct_motor_model-5] [INFO] [1786134360.862831758] [my_drone_gazebo_direct_motor_model]: MOTOR_DYNAMIC_STATE sim_s=52.020 cmd_max=0.0000 filtered_max=0.0000 voltage_v=14.8000 thrust_scale=1.000000 current_a=0.0000
[arm_coupling_monitor-9] [INFO] [1786134361.746724956] [my_drone_arm_coupling_monitor]: ARM_COUPLING_STATE {"com_body_flu_m": [-0.0018287180103512205, 0.0014070377914317544, -0.21340769944095703], "com_shift_m": [0.0021714697899006983, 0.00207969430973814, -0.00892625437953981], "feedforward_acceleration_ned_m_s2": [-0.00020805003122226004, -0.0002939853354841769, -1.0336487295548165e-05], "inertia_diag_kg_m2": [0.41242310817575073, 0.4149501871236534, 0.4132568220087445], "mass_kg": 7.735, "reaction_force_body_n": [0.002274245241543468, 0.0016088872652899456, -7.995297701879852e-05], "reaction_torque_body_nm": [-0.0698898519067699, 0.09974188908897798, 0.09479777538320083]}
[gazebo_direct_motor_model-5] [INFO] [1786134361.852948198] [my_drone_gazebo_direct_motor_model]: MOTOR_DYNAMIC_STATE sim_s=53.020 cmd_max=0.0000 filtered_max=0.0000 voltage_v=14.8000 thrust_scale=1.000000 current_a=0.0000
[INFO] [1786134362.351968127] [arm_preset_control]: ARM_PRESET_REACHED preset=work_b max_error=0.079787 rad
ARM_GROUND_SENT_flight_work_a
[arm_coupling_monitor-9] [INFO] [1786134362.763985071] [my_drone_arm_coupling_monitor]: ARM_COUPLING_STATE {"com_body_flu_m": [-0.0025916112304106742, 0.002810061003982533, -0.2133077499751981], "com_shift_m": [0.0014085765698412449, 0.003482717522288919, -0.008826304913780891], "feedforward_acceleration_ned_m_s2": [-0.00027056714634821804, -0.00023636992399993524, -2.7607988337929738e-05], "inertia_diag_kg_m2": [0.4131533955396532, 0.4136901930090743, 0.41253197840646155], "mass_kg": 7.735, "reaction_force_body_n": [0.0018286706916558417, 0.002092531711102641, -0.00021354717285862208], "reaction_torque_body_nm": [-0.08524660064170007, 0.0861157994339474, 0.09647280987624275]}
[gazebo_direct_motor_model-5] [INFO] [1786134362.852649360] [my_drone_gazebo_direct_motor_model]: MOTOR_DYNAMIC_STATE sim_s=54.020 cmd_max=0.0000 filtered_max=0.0000 voltage_v=14.8000 thrust_scale=1.000000 current_a=0.0000
[gazebo_direct_motor_model-5] [INFO] [1786134363.851613338] [my_drone_gazebo_direct_motor_model]: MOTOR_DYNAMIC_STATE sim_s=55.020 cmd_max=0.0000 filtered_max=0.0000 voltage_v=14.8000 thrust_scale=1.000000 current_a=0.0000
[arm_coupling_monitor-9] [INFO] [1786134364.062069268] [my_drone_arm_coupling_monitor]: ARM_COUPLING_STATE {"com_body_flu_m": [-0.0028261304014124003, 0.003126503712981883, -0.21327859139724806], "com_shift_m": [0.0011740573988395188, 0.0037991602312882687, -0.008797146335830841], "feedforward_acceleration_ned_m_s2": [2.2828372870591125e-17, 6.113701852447066e-17, -3.123940605422241e-16], "inertia_diag_kg_m2": [0.41342308726635607, 0.413268293681778, 0.4123119954911872], "mass_kg": 7.735, "reaction_force_body_n": [-4.729263323183774e-16, -1.764960129871875e-16, -2.4163678452729157e-15], "reaction_torque_body_nm": [-1.5523563746271635e-13, -1.5485696117992548e-13, 3.2812159833144936e-13]}
[gazebo_direct_motor_model-5] [INFO] [1786134364.854373638] [my_drone_gazebo_direct_motor_model]: MOTOR_DYNAMIC_STATE sim_s=56.020 cmd_max=0.0000 filtered_max=0.0000 voltage_v=14.8000 thrust_scale=1.000000 current_a=0.0000
[arm_coupling_monitor-9] [INFO] [1786134365.084406659] [my_drone_arm_coupling_monitor]: ARM_COUPLING_STATE {"com_body_flu_m": [-0.0028261304014124003, 0.003126503712981883, -0.21327859139724806], "com_shift_m": [0.0011740573988395188, 0.0037991602312882687, -0.008797146335830841], "feedforward_acceleration_ned_m_s2": [1.6608519845286345e-17, 6.808498149306895e-17, 8.423915097434067e-17], "inertia_diag_kg_m2": [0.41342308726635607, 0.413268293681778, 0.4123119954911872], "mass_kg": 7.735, "reaction_force_body_n": [-5.266582383046575e-16, -1.2837960922557946e-16, 6.515901396598931e-16], "reaction_torque_body_nm": [-1.4218244336641663e-13, -1.7356942882967042e-13, 3.200363720707721e-13]}
[gazebo_direct_motor_model-5] [INFO] [1786134365.850459852] [my_drone_gazebo_direct_motor_model]: MOTOR_DYNAMIC_STATE sim_s=57.020 cmd_max=0.0000 filtered_max=0.0000 voltage_v=14.8000 thrust_scale=1.000000 current_a=0.0000
[arm_coupling_monitor-9] [INFO] [1786134366.419873655] [my_drone_arm_coupling_monitor]: ARM_COUPLING_STATE {"com_body_flu_m": [-0.0028261304014124003, 0.003126503712981883, -0.21327859139724806], "com_shift_m": [0.0011740573988395188, 0.0037991602312882687, -0.008797146335830841], "feedforward_acceleration_ned_m_s2": [4.954654986395705e-17, 1.054830329914671e-16, 1.1963458386312161e-16], "inertia_diag_kg_m2": [0.41342308726635607, 0.413268293681778, 0.4123119954911872], "mass_kg": 7.735, "reaction_force_body_n": [-8.159744859476225e-16, -3.831072348481447e-16, 9.253737934376797e-16], "reaction_torque_body_nm": [-1.2315874827523264e-13, -2.1423004475908718e-13, 3.170744395344072e-13]}
[gazebo_direct_motor_model-5] [INFO] [1786134369.090342257] [my_drone_gazebo_direct_motor_model]: MOTOR_DYNAMIC_STATE sim_s=58.020 cmd_max=0.0000 filtered_max=0.0000 voltage_v=14.8000 thrust_scale=1.000000 current_a=0.0000
[arm_coupling_monitor-9] [INFO] [1786134369.805954319] [my_drone_arm_coupling_monitor]: ARM_COUPLING_STATE {"com_body_flu_m": [-0.0028261304014124003, 0.003126503712981883, -0.21327859139724806], "com_shift_m": [0.0011740573988395188, 0.0037991602312882687, -0.008797146335830841], "feedforward_acceleration_ned_m_s2": [1.0135869276841048e-17, -8.598967394685538e-18, -2.465079370005331e-16], "inertia_diag_kg_m2": [0.41342308726635607, 0.413268293681778, 0.4123119954911872], "mass_kg": 7.735, "reaction_force_body_n": [6.64983319470295e-17, -7.84101082860612e-17, -1.906739028118778e-15], "reaction_torque_body_nm": [-1.3338282179878674e-13, -1.9768411567938283e-13, 3.132334209095314e-13]}
[gazebo_direct_motor_model-5] [INFO] [1786134370.087760381] [my_drone_gazebo_direct_motor_model]: MOTOR_DYNAMIC_STATE sim_s=59.020 cmd_max=0.0000 filtered_max=0.0000 voltage_v=14.8000 thrust_scale=1.000000 current_a=0.0000
[arm_coupling_monitor-9] [INFO] [1786134371.068184167] [my_drone_arm_coupling_monitor]: ARM_COUPLING_STATE {"com_body_flu_m": [-0.0028261304014124003, 0.003126503712981883, -0.21327859139724806], "com_shift_m": [0.0011740573988395188, 0.0037991602312882687, -0.008797146335830841], "feedforward_acceleration_ned_m_s2": [6.421209080515181e-18, 5.955725612011151e-17, -1.300112661650458e-16], "inertia_diag_kg_m2": [0.41342308726635607, 0.413268293681778, 0.4123119954911872], "mass_kg": 7.735, "reaction_force_body_n": [-4.6068450132781975e-16, -4.959008496824666e-17, -1.0056368112894457e-15], "reaction_torque_body_nm": [-1.1160386580389329e-13, -2.4148341782057973e-13, 3.299448916918187e-13]}
[gazebo_direct_motor_model-5] [INFO] [1786134371.083023736] [my_drone_gazebo_direct_motor_model]: MOTOR_DYNAMIC_STATE sim_s=60.020 cmd_max=0.0000 filtered_max=0.0000 voltage_v=14.8000 thrust_scale=1.000000 current_a=0.0000
[gazebo_direct_motor_model-5] [INFO] [1786134372.078249063] [my_drone_gazebo_direct_motor_model]: MOTOR_DYNAMIC_STATE sim_s=61.020 cmd_max=0.0000 filtered_max=0.0000 voltage_v=14.8000 thrust_scale=1.000000 current_a=0.0000
[INFO] [1786134372.112169876] [arm_preset_control]: Sent preset flight_work_a over /arm_controller/joint_trajectory
[arm_coupling_monitor-9] [INFO] [1786134372.380660092] [my_drone_arm_coupling_monitor]: ARM_COUPLING_STATE {"com_body_flu_m": [-0.0027993452060759553, 0.002921721646650031, -0.2129859370129428], "com_shift_m": [0.0012008425941759638, 0.0035943781649564167, -0.008504491951525583], "feedforward_acceleration_ned_m_s2": [-4.33427188671333e-06, -0.00012874871771129898, -5.388367533648928e-06], "inertia_diag_kg_m2": [0.4127904709119918, 0.4129451025462337, 0.4123595501221753], "mass_kg": 7.735, "reaction_force_body_n": [0.0009958768821783555, 3.335931090890013e-05, -4.167981708654566e-05], "reaction_torque_body_nm": [0.0427064931194328, -0.012505087555189405, -0.0988371662230282]}
[gazebo_direct_motor_model-5] [INFO] [1786134373.084557088] [my_drone_gazebo_direct_motor_model]: MOTOR_DYNAMIC_STATE sim_s=62.020 cmd_max=0.0000 filtered_max=0.0000 voltage_v=14.8000 thrust_scale=1.000000 current_a=0.0000
[arm_coupling_monitor-9] [INFO] [1786134373.428273441] [my_drone_arm_coupling_monitor]: ARM_COUPLING_STATE {"com_body_flu_m": [-0.002756426316809529, 0.0019906487421466348, -0.2116520503928205], "com_shift_m": [0.0012437614834423902, 0.0026633052604530206, -0.00717060533140329], "feedforward_acceleration_ned_m_s2": [2.7262711939821082e-05, -0.00012779156556636038, 1.6175075260126764e-05], "inertia_diag_kg_m2": [0.41015500768053703, 0.41142487542722367, 0.41250903967443864], "mass_kg": 7.735, "reaction_force_body_n": [0.0009884326305492515, -0.00021104228949042874, 0.00012511316941602268], "reaction_torque_body_nm": [0.04371170685899088, -0.015196591167292077, -0.09332249261624569]}
[gazebo_direct_motor_model-5] [INFO] [1786134374.093537426] [my_drone_gazebo_direct_motor_model]: MOTOR_DYNAMIC_STATE sim_s=63.020 cmd_max=0.0000 filtered_max=0.0000 voltage_v=14.8000 thrust_scale=1.000000 current_a=0.0000
[arm_coupling_monitor-9] [INFO] [1786134374.747514875] [my_drone_arm_coupling_monitor]: ARM_COUPLING_STATE {"com_body_flu_m": [-0.0028976245507039895, 0.0007613314741726324, -0.20985094726995435], "com_shift_m": [0.0011025632495479296, 0.001433987992479018, -0.00536950220853713], "feedforward_acceleration_ned_m_s2": [3.0511405038593912e-05, -0.00012425024396226213, -1.1005569294333504e-05], "inertia_diag_kg_m2": [0.40727338373797783, 0.40922233386501683, 0.41254171770122977], "mass_kg": 7.735, "reaction_force_body_n": [0.0009610361366300236, -0.00023616614059734337, -8.512911909496032e-05], "reaction_torque_body_nm": [0.043805012273183064, -0.019695043427699805, -0.08543294046757105]}
[gazebo_direct_motor_model-5] [INFO] [1786134375.090849752] [my_drone_gazebo_direct_motor_model]: MOTOR_DYNAMIC_STATE sim_s=64.024 cmd_max=0.0000 filtered_max=0.0000 voltage_v=14.8000 thrust_scale=1.000000 current_a=0.0000
[gazebo_direct_motor_model-5] [INFO] [1786134376.083119651] [my_drone_gazebo_direct_motor_model]: MOTOR_DYNAMIC_STATE sim_s=65.024 cmd_max=0.0000 filtered_max=0.0000 voltage_v=14.8000 thrust_scale=1.000000 current_a=0.0000
[arm_coupling_monitor-9] [INFO] [1786134376.084604579] [my_drone_arm_coupling_monitor]: ARM_COUPLING_STATE {"com_body_flu_m": [-0.003259886194195573, -0.0004174287718585055, -0.20802478813961664], "com_shift_m": [0.0007403016060563462, 0.00025522774644788025, -0.0035433430781994235], "feedforward_acceleration_ned_m_s2": [5.477241967470075e-05, -0.0001150269563267503, -6.25116888600001e-06], "inertia_diag_kg_m2": [0.4051627057044279, 0.4068034507424719, 0.4123874172688755], "mass_kg": 7.735, "reaction_force_body_n": [0.0008896626967181758, -0.00042381320864288334, -4.835396428768309e-05], "reaction_torque_body_nm": [0.04199178685239977, -0.024882436773365393, -0.07724987797900286]}
[INFO] [1786134376.209348409] [arm_preset_control]: ARM_PRESET_REACHED preset=flight_work_a max_error=0.079744 rad
ARM_GROUND_SENT_flight_work_b
[gazebo_direct_motor_model-5] [INFO] [1786134377.092070891] [my_drone_gazebo_direct_motor_model]: MOTOR_DYNAMIC_STATE sim_s=66.024 cmd_max=0.0000 filtered_max=0.0000 voltage_v=14.8000 thrust_scale=1.000000 current_a=0.0000
[arm_coupling_monitor-9] [INFO] [1786134377.441193391] [my_drone_arm_coupling_monitor]: ARM_COUPLING_STATE {"com_body_flu_m": [-0.0037177515054928932, -0.0013249392839579156, -0.2064977623910241], "com_shift_m": [0.00028243629475902584, -0.0006522827656515298, -0.002016317329606887], "feedforward_acceleration_ned_m_s2": [5.61931261236709e-06, 3.4005495597113097e-06, 9.921530854390992e-06], "inertia_diag_kg_m2": [0.40400357467207926, 0.40466328243546434, 0.41212328995650976], "mass_kg": 7.735, "reaction_force_body_n": [-2.6310445966953606e-05, -4.3461067851155585e-05, 7.674301863876098e-05], "reaction_torque_body_nm": [8.300535251935042e-05, -0.0001658443302383389, -0.0002417500540549596]}
[gazebo_direct_motor_model-5] [INFO] [1786134378.104256779] [my_drone_gazebo_direct_motor_model]: MOTOR_DYNAMIC_STATE sim_s=67.024 cmd_max=0.0000 filtered_max=0.0000 voltage_v=14.8000 thrust_scale=1.000000 current_a=0.0000
[arm_coupling_monitor-9] [INFO] [1786134378.721123896] [my_drone_arm_coupling_monitor]: ARM_COUPLING_STATE {"com_body_flu_m": [-0.0037177520351039032, -0.0013249401587952833, -0.20649776084620872], "com_shift_m": [0.00028243576514801584, -0.0006522836404888975, -0.0020163157847915003], "feedforward_acceleration_ned_m_s2": [-2.7399811404704273e-18, 2.1596102026649247e-17, -1.3197246830147008e-16], "inertia_diag_kg_m2": [0.40400357376465845, 0.40466328023146764, 0.41212328963020317], "mass_kg": 7.735, "reaction_force_body_n": [-1.6704315622816697e-16, 2.1222695720058988e-17, -1.0208068816960214e-15], "reaction_torque_body_nm": [1.5099294083801326e-14, -2.972525658671511e-14, -7.068993050297542e-14]}
[gazebo_direct_motor_model-5] [INFO] [1786134379.092233532] [my_drone_gazebo_direct_motor_model]: MOTOR_DYNAMIC_STATE sim_s=68.024 cmd_max=0.0000 filtered_max=0.0000 voltage_v=14.8000 thrust_scale=1.000000 current_a=0.0000
[arm_coupling_monitor-9] [INFO] [1786134380.075467800] [my_drone_arm_coupling_monitor]: ARM_COUPLING_STATE {"com_body_flu_m": [-0.0037177520351039032, -0.0013249401587952833, -0.20649776084620872], "com_shift_m": [0.00028243576514801584, -0.0006522836404888975, -0.0020163157847915003], "feedforward_acceleration_ned_m_s2": [-4.756622584688789e-18, -3.128536173191037e-17, -6.995956384725383e-17], "inertia_diag_kg_m2": [0.40400357376465845, 0.40466328023146764, 0.41212328963020317], "mass_kg": 7.735, "reaction_force_body_n": [2.419979643946386e-16, 3.675261199809536e-17, -5.411373900856095e-16], "reaction_torque_body_nm": [1.3383851877656761e-14, 1.8183458992836697e-15, -6.85425678447804e-14]}
[gazebo_direct_motor_model-5] [INFO] [1786134380.082773552] [my_drone_gazebo_direct_motor_model]: MOTOR_DYNAMIC_STATE sim_s=69.024 cmd_max=0.0000 filtered_max=0.0000 voltage_v=14.8000 thrust_scale=1.000000 current_a=0.0000
[gazebo_direct_motor_model-5] [INFO] [1786134381.091230844] [my_drone_gazebo_direct_motor_model]: MOTOR_DYNAMIC_STATE sim_s=70.024 cmd_max=0.0000 filtered_max=0.0000 voltage_v=14.8000 thrust_scale=1.000000 current_a=0.0000
[INFO] [1786134381.156424854] [arm_preset_control]: Sent preset flight_work_b over /arm_controller/joint_trajectory
[arm_coupling_monitor-9] [INFO] [1786134381.366691113] [my_drone_arm_coupling_monitor]: ARM_COUPLING_STATE {"com_body_flu_m": [-0.0037107374077169778, -0.0012776499537053352, -0.20649009988357117], "com_shift_m": [0.0002894503925349413, -0.0006049934353989495, -0.0020086548221539546], "feedforward_acceleration_ned_m_s2": [9.697475009345665e-06, -9.470587079112518e-06, -7.218400712679795e-07], "inertia_diag_kg_m2": [0.40397067637765677, 0.40468457099784555, 0.4121267705223269], "mass_kg": 7.735, "reaction_force_body_n": [7.324245769172851e-05, -7.502219704065002e-05, -5.5835705171789e-06], "reaction_torque_body_nm": [-0.028237294055103335, 0.08078952018210835, 0.05837018363371423]}
[gazebo_direct_motor_model-5] [INFO] [1786134382.090645492] [my_drone_gazebo_direct_motor_model]: MOTOR_DYNAMIC_STATE sim_s=71.024 cmd_max=0.0000 filtered_max=0.0000 voltage_v=14.8000 thrust_scale=1.000000 current_a=0.0000
[arm_coupling_monitor-9] [INFO] [1786134382.379312939] [my_drone_arm_coupling_monitor]: ARM_COUPLING_STATE {"com_body_flu_m": [-0.0036775921044597407, -0.001011079720464656, -0.20644738323797074], "com_shift_m": [0.0003225956957921784, -0.0003384232021582703, -0.001965938176553522], "feedforward_acceleration_ned_m_s2": [-5.276506936429723e-07, -1.0899780383303951e-05, 7.389996130367813e-07], "inertia_diag_kg_m2": [0.40380090835428223, 0.4047883183152122, 0.4121410310564606], "mass_kg": 7.735, "reaction_force_body_n": [8.431048648970007e-05, 4.0672913185431904e-06, 5.716096039120302e-06], "reaction_torque_body_nm": [-0.030760076730784614, 0.07989225386690882, 0.05851741374255153]}
[gazebo_direct_motor_model-5] [INFO] [1786134383.091920394] [my_drone_gazebo_direct_motor_model]: MOTOR_DYNAMIC_STATE sim_s=72.024 cmd_max=0.0000 filtered_max=0.0000 voltage_v=14.8000 thrust_scale=1.000000 current_a=0.0000
[arm_coupling_monitor-9] [INFO] [1786134383.398602592] [my_drone_arm_coupling_monitor]: ARM_COUPLING_STATE {"com_body_flu_m": [-0.003655344303804512, -0.0007450342448161976, -0.20640540427066814], "com_shift_m": [0.0003448434964474071, -7.237772650981183e-05, -0.001923959209250925], "feedforward_acceleration_ned_m_s2": [-1.0364936500334652e-06, -1.0889949124367088e-05, 6.220103303324702e-07], "inertia_diag_kg_m2": [0.40365841753820747, 0.40486369960033536, 0.4121460061869457], "mass_kg": 7.735, "reaction_force_body_n": [8.423509829988647e-05, 8.003205156382996e-06, 4.8111880213287075e-06], "reaction_torque_body_nm": [-0.033290604989037714, 0.07889306567022514, 0.05864505950858446]}
[INFO] [1786134383.580449425] [arm_preset_control]: ARM_PRESET_REACHED preset=flight_work_b max_error=0.079957 rad
ARM_GROUND_SENT_retracted
[gazebo_direct_motor_model-5] [INFO] [1786134384.091215330] [my_drone_gazebo_direct_motor_model]: MOTOR_DYNAMIC_STATE sim_s=73.024 cmd_max=0.0000 filtered_max=0.0000 voltage_v=14.8000 thrust_scale=1.000000 current_a=0.0000
[arm_coupling_monitor-9] [INFO] [1786134384.394592434] [my_drone_arm_coupling_monitor]: ARM_COUPLING_STATE {"com_body_flu_m": [-0.0036439837269636047, -0.00048002378462166435, -0.2063640463295705], "com_shift_m": [0.0003562040732883144, 0.0001926327336847214, -0.0018826012681532889], "feedforward_acceleration_ned_m_s2": [-1.547929263478892e-06, -1.084801320278355e-05, 4.99207973838321e-07], "inertia_diag_kg_m2": [0.40354378438681465, 0.4049099712191524, 0.4121414884438347], "mass_kg": 7.735, "reaction_force_body_n": [8.391138385989495e-05, 1.1959214716664704e-05, 3.8613161048432244e-06], "reaction_torque_body_nm": [-0.03580573710590888, 0.07779445105638394, 0.05877253428615906]}
[gazebo_direct_motor_model-5] [INFO] [1786134385.102507455] [my_drone_gazebo_direct_motor_model]: MOTOR_DYNAMIC_STATE sim_s=74.024 cmd_max=0.0000 filtered_max=0.0000 voltage_v=14.8000 thrust_scale=1.000000 current_a=0.0000
[arm_coupling_monitor-9] [INFO] [1786134385.408056185] [my_drone_arm_coupling_monitor]: ARM_COUPLING_STATE {"com_body_flu_m": [-0.0036434693079778814, -0.00021655953204135993, -0.20632318784505904], "com_shift_m": [0.00035671849227403773, 0.00045609698626502583, -0.0018417427836418254], "feedforward_acceleration_ned_m_s2": [-2.059497817473201e-06, -1.0776622026154066e-05, 3.739167873731838e-07], "inertia_diag_kg_m2": [0.40345736453775244, 0.4049266095463916, 0.41212730044354207], "mass_kg": 7.735, "reaction_force_body_n": [8.335983318102856e-05, 1.59162906435673e-05, 2.8921932791188026e-06], "reaction_torque_body_nm": [-0.038301020751394486, 0.07659581628001795, 0.05890145538419725]}
[gazebo_direct_motor_model-5] [INFO] [1786134386.093007832] [my_drone_gazebo_direct_motor_model]: MOTOR_DYNAMIC_STATE sim_s=75.024 cmd_max=0.0000 filtered_max=0.0000 voltage_v=14.8000 thrust_scale=1.000000 current_a=0.0000
[arm_coupling_monitor-9] [INFO] [1786134386.715973645] [my_drone_arm_coupling_monitor]: ARM_COUPLING_STATE {"com_body_flu_m": [-0.003651127825068154, -1.3363214659277733e-06, -0.20628986068506774], "com_shift_m": [0.000349059975183765, 0.000671320196840458, -0.0018084156236505278], "feedforward_acceleration_ned_m_s2": [-2.8879188394174537e-11, 1.1021938896163586e-12, 7.702834284348634e-13], "inertia_diag_kg_m2": [0.4034075178629687, 0.40491786302806043, 0.41210827467807326], "mass_kg": 7.735, "reaction_force_body_n": [-8.48815703297099e-12, 2.2338193689714245e-10, 5.958377602504695e-12], "reaction_torque_body_nm": [-1.9672344794950845e-09, 4.49948365349242e-09, 8.613641759503233e-10]}
[gazebo_direct_motor_model-5] [INFO] [1786134387.097525034] [my_drone_gazebo_direct_motor_model]: MOTOR_DYNAMIC_STATE sim_s=76.024 cmd_max=0.0000 filtered_max=0.0000 voltage_v=14.8000 thrust_scale=1.000000 current_a=0.0000
[arm_coupling_monitor-9] [INFO] [1786134387.742861114] [my_drone_arm_coupling_monitor]: ARM_COUPLING_STATE {"com_body_flu_m": [-0.003651127825069471, -1.3363214588839214e-06, -0.20628986068507307], "com_shift_m": [0.0003490599751824479, 0.0006713201968475018, -0.0018084156236558568], "feedforward_acceleration_ned_m_s2": [8.008300005895932e-18, -3.588228190657987e-17, -2.721481814239974e-16], "inertia_diag_kg_m2": [0.4034075178629741, 0.4049178630280682, 0.4121082746780737], "mass_kg": 7.735, "reaction_force_body_n": [2.7753735030331835e-16, -6.198840357498606e-17, -2.1050664774833155e-15], "reaction_torque_body_nm": [-9.798491605095672e-15, -5.6240491873390685e-14, 7.452939407211329e-14]}
[gazebo_direct_motor_model-5] [INFO] [1786134388.096882445] [my_drone_gazebo_direct_motor_model]: MOTOR_DYNAMIC_STATE sim_s=77.024 cmd_max=0.0000 filtered_max=0.0000 voltage_v=14.8000 thrust_scale=1.000000 current_a=0.0000
[arm_coupling_monitor-9] [INFO] [1786134389.059639462] [my_drone_arm_coupling_monitor]: ARM_COUPLING_STATE {"com_body_flu_m": [-0.003651127825069471, -1.3363214588839214e-06, -0.20628986068507307], "com_shift_m": [0.0003490599751824479, 0.0006713201968475018, -0.0018084156236558568], "feedforward_acceleration_ned_m_s2": [1.1007375587581593e-18, 4.8793838028066515e-17, 2.070569606684301e-16], "inertia_diag_kg_m2": [0.4034075178629741, 0.4049178630280682, 0.4121082746780737], "mass_kg": 7.735, "reaction_force_body_n": [-3.7742042179341517e-16, -8.452806795668164e-18, 1.6015858960458308e-15], "reaction_torque_body_nm": [-1.3813042974678842e-14, -1.8635855820218525e-14, 7.293268449419336e-14]}
[gazebo_direct_motor_model-5] [INFO] [1786134389.095420873] [my_drone_gazebo_direct_motor_model]: MOTOR_DYNAMIC_STATE sim_s=78.024 cmd_max=0.0000 filtered_max=0.0000 voltage_v=14.8000 thrust_scale=1.000000 current_a=0.0000
[arm_coupling_monitor-9] [INFO] [1786134390.061778457] [my_drone_arm_coupling_monitor]: ARM_COUPLING_STATE {"com_body_flu_m": [-0.003651127825069471, -1.3363214588839214e-06, -0.20628986068507307], "com_shift_m": [0.0003490599751824479, 0.0006713201968475018, -0.0018084156236558568], "feedforward_acceleration_ned_m_s2": [-1.1017143468772806e-17, 9.728824177362262e-17, 1.3323926869706732e-16], "inertia_diag_kg_m2": [0.4034075178629741, 0.4049178630280682, 0.4121082746780737], "mass_kg": 7.735, "reaction_force_body_n": [-7.525094499268382e-16, 8.534223257865512e-17, 1.0306064564459667e-15], "reaction_torque_body_nm": [-6.5907979057472454e-15, -3.494672734244955e-14, 7.148699282613973e-14]}
[gazebo_direct_motor_model-5] [INFO] [1786134390.088658745] [my_drone_gazebo_direct_motor_model]: MOTOR_DYNAMIC_STATE sim_s=79.024 cmd_max=0.0000 filtered_max=0.0000 voltage_v=14.8000 thrust_scale=1.000000 current_a=0.0000
[INFO] [1786134390.148259120] [arm_preset_control]: Sent preset retracted over /arm_controller/joint_trajectory
[INFO] [1786134391.071501614] [arm_preset_control]: ARM_PRESET_REACHED preset=retracted max_error=0.079973 rad
[gazebo_direct_motor_model-5] [INFO] [1786134391.079351369] [my_drone_gazebo_direct_motor_model]: MOTOR_DYNAMIC_STATE sim_s=80.024 cmd_max=0.0000 filtered_max=0.0000 voltage_v=14.8000 thrust_scale=1.000000 current_a=0.0000
ARM_GROUND_PRESETS_PASS
